2024-11-24T19:25:51.939Z - [TIME START] Spawn
2024-11-24T19:25:51.941Z - Starting connection...
2024-11-24T19:25:51.948Z - [LOG] <21:25:51>: <DEBUG> setupClientProfile execution time: 0.04ms
2024-11-24T19:25:51.950Z - [LOG] <21:25:51>: <DEBUG> createOfflineSession execution time: 7.72ms
2024-11-24T19:25:51.950Z - [LOG] <21:25:51>: <DEBUG> initializeSession execution time: 8.46ms
2024-11-24T19:25:51.951Z - [LOG] <21:25:51>: <DEBUG> connect execution time: 9.11ms
2024-11-24T19:25:51.961Z - [LOG] <21:25:51>: <DEBUG> setupClientChains execution time: 10.02ms
2024-11-24T19:25:52.381Z - [LOG] <21:25:52>: <DEBUG> handleSessionStart execution time: 0.93ms
2024-11-24T19:25:52.756Z - [LOG] handle
2024-11-24T19:25:52.759Z - [LOG] <21:25:52>: <DEBUG> Sending Game PACKET --> 193 | 0xc1 2024-11-24T19:25:52.759Z
2024-11-24T19:25:52.760Z - [LOG] <21:25:52>: <DEBUG> sendPacket execution time: 1.90ms
2024-11-24T19:25:52.761Z - [TIME END] Spawn: 822ms
2024-11-24T19:25:52.766Z - [LOG] {  type: 'MCPE',  message: 'PocketMine-MP Server',  protocol: 748,  version: '1.21.40',  playerCount: 0,  maxPlayers: 20,  serverGUID: 2446291095431307000,  serverName: 'PocketMine-MP',  gamemode: 'Survival'}
2024-11-24T19:25:52.768Z - Connected successfully: {"type":"MCPE","message":"PocketMine-MP Server","protocol":748,"version":"1.21.40","playerCount":0,"maxPlayers":20,"serverGUID":2446291095431307000,"serverName":"PocketMine-MP","gamemode":"Survival"}
2024-11-24T19:25:53.081Z - [LOG] Header  254
2024-11-24T19:25:53.084Z - [LOG] Payload:  Buffer(14) [Uint8Array] [  254, 12, 143, 1, 1, 0,    0,  0,   0, 0, 0, 0,    0,  0]
2024-11-24T19:25:53.087Z - [LOG] id  143
2024-11-24T19:25:53.088Z - [LOG] 143
2024-11-24T19:25:53.089Z - [LOG] <21:25:53>: <DEBUG> S -> C NetworkSettingsPacket
2024-11-24T19:25:53.090Z - [LOG] test
2024-11-24T19:25:53.090Z - [LOG] <21:25:53>: <DEBUG> Sending Game PACKET --> 1 | 0x01 2024-11-24T19:25:53.090Z
2024-11-24T19:25:53.124Z - [LOG] <21:25:53>: <DEBUG> sendPacket execution time: 34.14ms
2024-11-24T19:25:53.125Z - [LOG] <21:25:53>: <DEBUG> sendLoginPacket execution time: 35.44ms
2024-11-24T19:25:53.126Z - [LOG] <21:25:53>: <DEBUG> onNetworkSettings execution time: 36.91ms
2024-11-24T19:25:53.269Z - [LOG] Header  254
2024-11-24T19:25:53.271Z - [LOG] Payload:  Buffer(359) [Uint8Array] [  254,   0,  21, 207,  75, 110, 163,  48,   0,   0,  208,  69, 206,  51, 149,  73, 104, 154,  44, 193,   96, 192, 173, 161,  24, 108, 192, 155,  10, 112,   34,   3, 134,  68,   3,   9, 159,  27, 141,  52,  135, 108, 251, 110, 240, 254, 239, 118, 255, 118,  ... 309 more items]
2024-11-24T19:25:53.274Z - [LOG] id  3
2024-11-24T19:25:53.275Z - [LOG] 3
2024-11-24T19:25:53.276Z - [LOG] <21:25:53>: <DEBUG> validateKeys execution time: 0.07ms
2024-11-24T19:25:53.350Z - [LOG] <21:25:53>: <DEBUG> createSharedSecret execution time: 73.65ms
2024-11-24T19:25:53.353Z - [LOG] <21:25:53>: <DEBUG> setupEncryption execution time: 2.87ms
2024-11-24T19:25:53.355Z - [LOG] <21:25:53>: <DEBUG> Sending Game PACKET --> 4 | 0x04 2024-11-24T19:25:53.354Z
2024-11-24T19:25:53.357Z - [LOG] <21:25:53>: <DEBUG> sendPacket execution time: 2.66ms
2024-11-24T19:25:53.358Z - [LOG] <21:25:53>: <DEBUG> sendClientToServerHandshake execution time: 3.56ms
2024-11-24T19:25:53.358Z - [LOG] <21:25:53>: <DEBUG> onServerToClientHandshake execution time: 82.88ms
2024-11-24T19:25:53.442Z - [LOG] Header  254
2024-11-24T19:25:53.442Z - [LOG] Payload:  Buffer(23) [Uint8Array] [  254, 101, 115, 203, 182,  24,  164, 157, 187, 182,   0,  62,    4, 253,  37, 233, 128, 185,  147, 125, 228, 215,  44]
2024-11-24T19:25:53.443Z - [LOG] Receive Counter: 0
2024-11-24T19:25:53.444Z - [LOG] Packet Length: 14 Checksum Length: 8
2024-11-24T19:25:53.445Z - [LOG] <21:25:53>: <DEBUG> Checksum matched e10f8d16246fa793 == e10f8d16246fa793
2024-11-24T19:25:53.446Z - [LOG] id  2
2024-11-24T19:25:53.446Z - [LOG] 2
2024-11-24T19:25:53.447Z - [LOG] <21:25:53>: <DEBUG> onPlayStatus execution time: 0.11ms
2024-11-24T19:25:53.447Z - [LOG] id  6
2024-11-24T19:25:53.447Z - [LOG] 6
2024-11-24T19:25:53.448Z - [LOG] <21:25:53>: <DEBUG> Sending Game PACKET --> 8 | 0x08 2024-11-24T19:25:53.448Z
2024-11-24T19:25:53.449Z - [LOG] <21:25:53>: <DEBUG> sendPacket execution time: 1.37ms
2024-11-24T19:25:53.450Z - [LOG] <21:25:53>: <DEBUG> onResourcePack execution time: 2.02ms
2024-11-24T19:25:55.858Z - [LOG] Header  254
2024-11-24T19:25:56.000Z - [LOG] Payload:  Buffer(53350) [Uint8Array] [  254,  80,  10,  49,  96,  41, 132,   7,  10, 165,  217,  12,  84, 223, 241, 224, 157, 108,   2,  30,   67, 100,  48,  66,  70,   5, 136, 130,  75, 244,    4, 142, 133, 151,  34, 161, 172, 178, 112, 110,   97, 199, 152,   4, 230, 144, 251,  56, 252, 192,  ... 53300 more items]
2024-11-24T19:25:56.008Z - [LOG] Receive Counter: 1
2024-11-24T19:25:56.091Z - [LOG] Packet Length: 53341 Checksum Length: 8
2024-11-24T19:25:56.092Z - [LOG] <21:25:56>: <DEBUG> Checksum matched 2ba1138f9e92664b == 2ba1138f9e92664b
2024-11-24T19:25:56.095Z - [LOG] id  11
2024-11-24T19:25:56.096Z - [LOG] 11
2024-11-24T19:25:56.111Z - [LOG] <21:25:56>: <DEBUG> Sending Game PACKET --> 69 | 0x45 2024-11-24T19:25:56.110Z
2024-11-24T19:25:56.112Z - [LOG] <21:25:56>: <DEBUG> sendPacket execution time: 1.50ms
2024-11-24T19:25:56.112Z - [LOG] <21:25:56>: <DEBUG> onStartGame execution time: 3.03ms
2024-11-24T19:25:56.113Z - [LOG] id  119
2024-11-24T19:25:56.113Z - [LOG] 119
2024-11-24T19:25:56.128Z - [LOG] id  122
2024-11-24T19:25:56.129Z - [LOG] 122
2024-11-24T19:25:56.130Z - [LOG] id  29
2024-11-24T19:25:56.130Z - [LOG] 29
2024-11-24T19:25:56.131Z - [LOG] id  76
2024-11-24T19:25:56.132Z - [LOG] 76
2024-11-24T19:25:56.133Z - [LOG] id  187
2024-11-24T19:25:56.134Z - [LOG] 187
2024-11-24T19:25:56.135Z - [LOG] id  188
2024-11-24T19:25:56.135Z - [LOG] 188
2024-11-24T19:25:56.135Z - [LOG] id  39
2024-11-24T19:25:56.136Z - [LOG] 39
2024-11-24T19:25:56.137Z - [LOG] id  49
2024-11-24T19:25:56.138Z - [LOG] 49
2024-11-24T19:25:56.140Z - [LOG] id  49
2024-11-24T19:25:56.140Z - [LOG] 49
2024-11-24T19:25:56.141Z - [LOG] id  49
2024-11-24T19:25:56.141Z - [LOG] 49
2024-11-24T19:25:56.141Z - [LOG] id  49
2024-11-24T19:25:56.141Z - [LOG] 49
2024-11-24T19:25:56.142Z - [LOG] id  49
2024-11-24T19:25:56.142Z - [LOG] 49
2024-11-24T19:25:56.142Z - [LOG] id  49
2024-11-24T19:25:56.142Z - [LOG] 49
2024-11-24T19:25:56.143Z - [LOG] id  50
2024-11-24T19:25:56.143Z - [LOG] 50
2024-11-24T19:25:56.143Z - [LOG] id  50
2024-11-24T19:25:56.144Z - [LOG] 50
2024-11-24T19:25:56.144Z - [LOG] id  50
2024-11-24T19:25:56.144Z - [LOG] 50
2024-11-24T19:25:56.144Z - [LOG] id  50
2024-11-24T19:25:56.145Z - [LOG] 50
2024-11-24T19:25:56.145Z - [LOG] id  50
2024-11-24T19:25:56.145Z - [LOG] 50
2024-11-24T19:25:56.145Z - [LOG] id  31
2024-11-24T19:25:56.146Z - [LOG] 31
2024-11-24T19:25:56.146Z - [LOG] id  145
2024-11-24T19:25:56.146Z - [LOG] 145
2024-11-24T19:25:56.166Z - [LOG] id  52
2024-11-24T19:25:56.167Z - [LOG] 52
2024-11-24T19:25:56.269Z - [LOG] id  63
2024-11-24T19:25:56.276Z - [LOG] 63
2024-11-24T19:25:56.280Z - [LOG] id  29
2024-11-24T19:25:56.281Z - [LOG] 29
2024-11-24T19:25:56.754Z - [LOG] Header  254
2024-11-24T19:25:56.756Z - [LOG] Payload:  Buffer(27) [Uint8Array] [  254, 130, 177, 172,  60,  37, 178,   65, 155,   9, 149,  47,  37, 236,  193,  71,  86,  49, 164, 221, 144,   32, 244, 138, 194, 209,  94]
2024-11-24T19:25:56.786Z - [LOG] Receive Counter: 2
2024-11-24T19:25:56.787Z - [LOG] Packet Length: 18 Checksum Length: 8
2024-11-24T19:25:56.789Z - [LOG] <21:25:56>: <DEBUG> Checksum matched 9a1ef11e7bfe2a43 == 9a1ef11e7bfe2a43
2024-11-24T19:25:56.789Z - [LOG] id  70
2024-11-24T19:25:56.789Z - [LOG] 70
2024-11-24T19:25:56.790Z - [LOG] id  121
2024-11-24T19:25:56.791Z - [LOG] 121
2024-11-24T19:25:56.934Z - [LOG] Header  254
2024-11-24T19:25:56.939Z - [LOG] Payload:  Buffer(1840) [Uint8Array] [  254, 186, 189, 166, 156, 235, 178, 230, 186, 132,   26, 135,  28, 186,  55, 136, 215, 175,  50,  94,   53, 183,  88, 123, 227, 238, 122, 106, 128, 242,  107, 122, 103,  16, 183, 201,  81,  86,  19, 196,  185,  59,  50,   0,   5, 107, 174, 207, 132, 129,  ... 1790 more items]
2024-11-24T19:25:56.944Z - [LOG] Receive Counter: 3
2024-11-24T19:25:56.946Z - [LOG] Packet Length: 1831 Checksum Length: 8
2024-11-24T19:25:56.947Z - [LOG] <21:25:56>: <DEBUG> Checksum matched 1b325fef3af2b732 == 1b325fef3af2b732
2024-11-24T19:25:56.947Z - [LOG] id  58
2024-11-24T19:25:56.948Z - [LOG] 58
2024-11-24T19:25:57.040Z - [LOG] Header  254
2024-11-24T19:25:57.044Z - [LOG] Payload:  Buffer(1753) [Uint8Array] [  254, 186, 149, 148,  28, 125,  39,  12, 148,   2,   73, 138, 190, 233, 218, 121, 229, 134,  41,  88,   10, 210, 201,  69,  37, 244,  44, 203,  30, 193,   67, 161, 130,  47, 239,  88, 229, 249,  28,  49,   17, 112,  74, 199, 224, 144, 135, 120,  52, 172,  ... 1703 more items]
2024-11-24T19:25:57.047Z - [LOG] Receive Counter: 4
2024-11-24T19:25:57.048Z - [LOG] Packet Length: 1744 Checksum Length: 8
2024-11-24T19:25:57.049Z - [LOG] <21:25:57>: <DEBUG> Checksum matched f90727fc3e1ee450 == f90727fc3e1ee450
2024-11-24T19:25:57.049Z - [LOG] id  58
2024-11-24T19:25:57.049Z - [LOG] 58
2024-11-24T19:25:57.168Z - [LOG] Header  254
2024-11-24T19:25:57.174Z - [LOG] Payload:  Buffer(2012) [Uint8Array] [  254, 241, 112, 205, 162,   2, 119, 252,  12,  85,  158, 223, 168, 198, 192,  86, 176,  46, 221, 189,   34, 175,  55, 213,   7, 142, 133, 148, 210, 184,  200,  17, 244,  98, 125,  23, 155,  90,  89,  97,    9, 225, 133, 225,   4, 216, 205,  77, 108, 215,  ... 1962 more items]
2024-11-24T19:25:57.180Z - [LOG] Receive Counter: 5
2024-11-24T19:25:57.182Z - [LOG] Packet Length: 2003 Checksum Length: 8
2024-11-24T19:25:57.182Z - [LOG] <21:25:57>: <DEBUG> Checksum matched 4d009d1e7f574eb4 == 4d009d1e7f574eb4
2024-11-24T19:25:57.183Z - [LOG] id  58
2024-11-24T19:25:57.183Z - [LOG] 58
2024-11-24T19:25:57.302Z - [LOG] Header  254
2024-11-24T19:25:57.307Z - [LOG] Payload:  Buffer(2129) [Uint8Array] [  254,   4, 202, 238, 248, 148,  45, 175, 213,  43,   20, 152,  21,  55,  85, 181, 121, 129,   7,   6,   70, 242, 208,  76,  99,  80, 182,  67, 168, 255,   46,   0, 127,  57,  18,   6, 184, 230,   0, 127,  220,  63,  55, 103, 197, 224,  41, 167,  68,  51,  ... 2079 more items]
2024-11-24T19:25:57.330Z - [LOG] Receive Counter: 6
2024-11-24T19:25:57.334Z - [LOG] Packet Length: 2120 Checksum Length: 8
2024-11-24T19:25:57.335Z - [LOG] <21:25:57>: <DEBUG> Checksum matched 7e3207904b6dbdfd == 7e3207904b6dbdfd
2024-11-24T19:25:57.342Z - [LOG] id  58
2024-11-24T19:25:57.344Z - [LOG] 58
2024-11-24T19:25:57.450Z - [LOG] Header  254
2024-11-24T19:25:57.454Z - [LOG] Payload:  Buffer(1750) [Uint8Array] [  254, 181, 128,  94, 141,  57, 36,  90,  45,  16,  151, 129, 171, 251, 167,   6, 11, 138, 149, 251,   12, 121, 143,  25, 118, 132, 35, 106, 215,  57,  125,  33, 211, 151, 202,  16, 71, 252, 152, 216,  241, 132, 146, 140, 165, 106, 19, 175,  31, 153,  ... 1700 more items]
2024-11-24T19:25:57.461Z - [LOG] Receive Counter: 7
2024-11-24T19:25:57.466Z - [LOG] Packet Length: 1741 Checksum Length: 8
2024-11-24T19:25:57.486Z - [LOG] <21:25:57>: <DEBUG> Checksum matched 427801cb4cf156c7 == 427801cb4cf156c7
2024-11-24T19:25:57.492Z - [LOG] id  58
2024-11-24T19:25:57.493Z - [LOG] 58
2024-11-24T19:25:57.631Z - [LOG] Header  254
2024-11-24T19:25:57.635Z - [LOG] Payload:  Buffer(1609) [Uint8Array] [  254,  26,  17, 160, 246, 151,  21, 139, 240, 116,   16, 162,  44, 168, 104, 180, 208,  31,  45, 159,   67, 131,  68, 217, 185, 249, 202,  88, 110,  23,  250,  79,  62, 122,  18, 199, 115, 208,  64, 215,  181, 125, 186, 183,  32, 187, 125, 212, 116, 157,  ... 1559 more items]
2024-11-24T19:25:57.642Z - [LOG] Receive Counter: 8
2024-11-24T19:25:57.644Z - [LOG] Packet Length: 1600 Checksum Length: 8
2024-11-24T19:25:57.644Z - [LOG] <21:25:57>: <DEBUG> Checksum matched aa0f66e12532c163 == aa0f66e12532c163
2024-11-24T19:25:57.645Z - [LOG] id  58
2024-11-24T19:25:57.645Z - [LOG] 58
2024-11-24T19:25:57.713Z - [LOG] Header  254
2024-11-24T19:25:57.717Z - [LOG] Payload:  Buffer(1757) [Uint8Array] [  254, 120,  32, 224, 131,  74, 179, 134, 108, 146,  128,  13, 128, 122, 104, 143,  11, 177,  61, 171,  221, 104, 206, 130, 226,  52, 252, 232, 113,  85,  192, 195,   7, 152,  41,  23,  20,  90,  55, 218,  210, 213, 242, 216, 124, 248, 194, 122, 203,  82,  ... 1707 more items]
2024-11-24T19:25:57.724Z - [LOG] Receive Counter: 9
2024-11-24T19:25:57.726Z - [LOG] Packet Length: 1748 Checksum Length: 8
2024-11-24T19:25:57.727Z - [LOG] <21:25:57>: <DEBUG> Checksum matched 5d904084cf35e6b8 == 5d904084cf35e6b8
2024-11-24T19:25:57.727Z - [LOG] id  58
2024-11-24T19:25:57.728Z - [LOG] 58
2024-11-24T19:25:57.838Z - [LOG] Header  254
2024-11-24T19:25:57.841Z - [LOG] Payload:  Buffer(1902) [Uint8Array] [  254, 198, 248,  10,  62, 250,  58, 159, 124, 186,   82, 200,  60, 139, 127, 106,  58,  86,  49, 131,   87,  70,   7, 126,  16, 124,  83,  86,  41, 152,   14, 115, 125, 156,  38, 146,   5, 203, 252, 220,  238, 168, 153,   4, 147, 202, 252,  16, 201,  45,  ... 1852 more items]
2024-11-24T19:25:57.845Z - [LOG] Receive Counter: 10
2024-11-24T19:25:57.846Z - [LOG] Packet Length: 1893 Checksum Length: 8
2024-11-24T19:25:57.846Z - [LOG] <21:25:57>: <DEBUG> Checksum matched 6c7008441e6ad194 == 6c7008441e6ad194
2024-11-24T19:25:57.847Z - [LOG] id  58
2024-11-24T19:25:57.847Z - [LOG] 58
2024-11-24T19:25:57.976Z - [LOG] Header  254
2024-11-24T19:25:57.979Z - [LOG] Payload:  Buffer(1742) [Uint8Array] [  254,  79,  92,  48, 115,  42, 228,  59,  17, 174,  108, 212, 238,  12, 169,   1, 158, 121,  29,  22,  150, 157,  87, 123,  47,  58,  13,  82,  40, 168,  128, 101, 229, 241, 171, 203, 225,  75, 145, 112,  243,  69,   0,  84, 126,  82, 161,  85, 130, 234,  ... 1692 more items]
2024-11-24T19:25:57.982Z - [LOG] Receive Counter: 11
2024-11-24T19:25:57.983Z - [LOG] Packet Length: 1733 Checksum Length: 8
2024-11-24T19:25:57.983Z - [LOG] <21:25:57>: <DEBUG> Checksum matched 421aa2693df173e9 == 421aa2693df173e9
2024-11-24T19:25:57.984Z - [LOG] id  58
2024-11-24T19:25:57.985Z - [LOG] 58
2024-11-24T19:25:58.093Z - [LOG] Header  254
2024-11-24T19:25:58.096Z - [LOG] Payload:  Buffer(1661) [Uint8Array] [  254,  76, 190, 218, 119, 232, 184, 100, 11, 228,   25, 243, 188,  55, 117,  83, 100,   0, 25,  69,   39, 218, 166, 151,   8, 204, 167,  13, 75, 221,  175,  77, 250, 193, 210, 221,   7, 193, 30, 134,   23, 204,  70,  78, 187, 157, 195, 243, 60, 238,  ... 1611 more items]
2024-11-24T19:25:58.099Z - [LOG] Receive Counter: 12
2024-11-24T19:25:58.100Z - [LOG] Packet Length: 1652 Checksum Length: 8
2024-11-24T19:25:58.100Z - [LOG] <21:25:58>: <DEBUG> Checksum matched f36043f09b0dc30e == f36043f09b0dc30e
2024-11-24T19:25:58.101Z - [LOG] id  58
2024-11-24T19:25:58.101Z - [LOG] 58
2024-11-24T19:25:58.154Z - [LOG] Header  254
2024-11-24T19:25:58.156Z - [LOG] Payload:  Buffer(1246) [Uint8Array] [  254,  55, 228,  16, 115, 187, 204,  82, 217, 163,  126,  92,  75, 138, 254, 155,  43, 245,  92, 247,   42, 194, 248, 105,  26, 107, 167, 195,  75,  97,  105, 190, 234, 255, 104,  40,  91, 120, 219, 242,  114, 130,  29, 227, 237, 211, 232, 109,  34, 255,  ... 1196 more items]
2024-11-24T19:25:58.160Z - [LOG] Receive Counter: 13
2024-11-24T19:25:58.161Z - [LOG] Packet Length: 1237 Checksum Length: 8
2024-11-24T19:25:58.161Z - [LOG] <21:25:58>: <DEBUG> Checksum matched bed774ea6a78eac2 == bed774ea6a78eac2
2024-11-24T19:25:58.162Z - [LOG] id  58
2024-11-24T19:25:58.162Z - [LOG] 58
2024-11-24T19:25:58.288Z - [LOG] Header  254
2024-11-24T19:25:58.291Z - [LOG] Payload:  Buffer(1802) [Uint8Array] [  254, 114,   9, 219, 149, 124,  28, 173, 216, 101,   34,  54, 141, 183, 248, 253,  93, 192, 218, 140,  116, 232,   5, 127,  54,  41,  70,  68,   3,   3,  203, 100, 107, 240, 230,  68, 240, 156, 136,  96,  142,  93,  61, 173, 225, 129,  89,  10, 171, 161,  ... 1752 more items]
2024-11-24T19:25:58.296Z - [LOG] Receive Counter: 14
2024-11-24T19:25:58.299Z - [LOG] Packet Length: 1793 Checksum Length: 8
2024-11-24T19:25:58.300Z - [LOG] <21:25:58>: <DEBUG> Checksum matched 6fe8e431c2b1cf1b == 6fe8e431c2b1cf1b
2024-11-24T19:25:58.300Z - [LOG] id  58
2024-11-24T19:25:58.301Z - [LOG] 58
2024-11-24T19:25:58.408Z - [LOG] Header  254
2024-11-24T19:25:58.412Z - [LOG] Payload:  Buffer(1511) [Uint8Array] [  254, 120, 135, 207,  97, 255,  82, 125, 230, 234,   46, 246,  38, 130,  85, 120,  78, 201,  37, 254,   63, 125, 166, 235, 130, 118,  29,  22, 195, 224,  231,  55, 187, 178, 226,  56, 210, 126,  22,   2,   92, 209, 191, 156, 253, 228,  96, 105, 248,   6,  ... 1461 more items]
2024-11-24T19:25:58.418Z - [LOG] Receive Counter: 15
2024-11-24T19:25:58.423Z - [LOG] Packet Length: 1502 Checksum Length: 8
2024-11-24T19:25:58.423Z - [LOG] <21:25:58>: <DEBUG> Checksum matched 2f8b8f7496588dcb == 2f8b8f7496588dcb
2024-11-24T19:25:58.424Z - [LOG] id  58
2024-11-24T19:25:58.425Z - [LOG] 58
2024-11-24T19:25:58.544Z - [LOG] Header  254
2024-11-24T19:25:58.547Z - [LOG] Payload:  Buffer(1560) [Uint8Array] [  254, 186, 161,  71, 138, 132,  89, 193,   4, 119,  234,   0, 162, 114, 245,  49, 232,  39,  35, 132,  122,  40, 160,  41, 242, 199, 155,  35,   3,  65,   87,  80,  37, 182,  63,  54, 187, 221,  29, 148,  191, 156,  15,  51, 171,  61,   8, 166, 212,  95,  ... 1510 more items]
2024-11-24T19:25:58.551Z - [LOG] Receive Counter: 16
2024-11-24T19:25:58.552Z - [LOG] Packet Length: 1551 Checksum Length: 8
2024-11-24T19:25:58.553Z - [LOG] <21:25:58>: <DEBUG> Checksum matched 695f7cf66d6983db == 695f7cf66d6983db
2024-11-24T19:25:58.554Z - [LOG] id  58
2024-11-24T19:25:58.555Z - [LOG] 58
2024-11-24T19:25:58.668Z - [LOG] Header  254
2024-11-24T19:25:58.674Z - [LOG] Payload:  Buffer(1494) [Uint8Array] [  254, 251, 201, 246,  61,  32,   8, 143, 224,  91,  106,  84, 117, 133, 137,  32, 111, 150,  81, 128,   41,  37, 165,  94, 255,  11, 136, 228, 249, 104,   61, 149, 123, 250, 105, 108, 214, 250,  92,  13,  232, 248, 253,  82, 213,  61, 226, 201, 125, 253,  ... 1444 more items]
2024-11-24T19:25:58.681Z - [LOG] Receive Counter: 17
2024-11-24T19:25:58.683Z - [LOG] Packet Length: 1485 Checksum Length: 8
2024-11-24T19:25:58.683Z - [LOG] <21:25:58>: <DEBUG> Checksum matched 3410cccd036bfdb7 == 3410cccd036bfdb7
2024-11-24T19:25:58.684Z - [LOG] id  58
2024-11-24T19:25:58.684Z - [LOG] 58
2024-11-24T19:25:58.790Z - [LOG] Header  254
2024-11-24T19:25:58.794Z - [LOG] Payload:  Buffer(1514) [Uint8Array] [  254, 191, 167,   8,  14, 106, 255, 113, 177, 211,  249, 191, 241,  12,  64,   8,  51, 221,   4,  94,  237,  61,  52,   2,  74, 118, 122,  28, 211,  76,  200, 109, 197, 173, 189,  58, 164, 100,  88,  90,  173,  26, 154,   1,  75, 196, 245, 111, 147, 118,  ... 1464 more items]
2024-11-24T19:25:58.797Z - [LOG] Receive Counter: 18
2024-11-24T19:25:58.799Z - [LOG] Packet Length: 1505 Checksum Length: 8
2024-11-24T19:25:58.799Z - [LOG] <21:25:58>: <DEBUG> Checksum matched 0b931e82cb2bf46d == 0b931e82cb2bf46d
2024-11-24T19:25:58.799Z - [LOG] id  58
2024-11-24T19:25:58.800Z - [LOG] 58
2024-11-24T19:25:58.941Z - [LOG] Header  254
2024-11-24T19:25:58.944Z - [LOG] Payload:  Buffer(1995) [Uint8Array] [  254, 138,  32,  28,  94,  88, 202, 185, 132,  26,  149, 199,  42, 196,  35,  35,  89, 142,  47, 101,   82,  64,  86, 189, 193,  74, 247,  68, 209, 196,  138, 246, 140,  53, 106, 225, 132, 253, 137, 222,    5,  21, 144,  64, 136,  74,  63, 101, 107, 221,  ... 1945 more items]
2024-11-24T19:25:58.947Z - [LOG] Receive Counter: 19
2024-11-24T19:25:58.948Z - [LOG] Packet Length: 1986 Checksum Length: 8
2024-11-24T19:25:58.948Z - [LOG] <21:25:58>: <DEBUG> Checksum matched f3e0278310aa11b5 == f3e0278310aa11b5
2024-11-24T19:25:58.949Z - [LOG] id  58
2024-11-24T19:25:58.949Z - [LOG] 58
2024-11-24T19:25:59.001Z - [LOG] Header  254
2024-11-24T19:25:59.004Z - [LOG] Payload:  Buffer(1362) [Uint8Array] [  254, 240,  25, 158, 248, 225,  76,  34, 157, 115,   89, 224, 196,  45, 152, 127, 226,   9, 105, 232,  148, 244,  93, 160, 251,  23, 110, 129,  38,  19,  244,  11,  95, 159, 226,  72,  54, 142,  76,  71,   65, 124, 226, 128, 223, 203, 209,  14,  95, 153,  ... 1312 more items]
2024-11-24T19:25:59.007Z - [LOG] Receive Counter: 20
2024-11-24T19:25:59.008Z - [LOG] Packet Length: 1353 Checksum Length: 8
2024-11-24T19:25:59.008Z - [LOG] <21:25:59>: <DEBUG> Checksum matched ae3ebd2afaf790fa == ae3ebd2afaf790fa
2024-11-24T19:25:59.009Z - [LOG] id  58
2024-11-24T19:25:59.009Z - [LOG] 58
2024-11-24T19:25:59.121Z - [LOG] Header  254
2024-11-24T19:25:59.126Z - [LOG] Payload:  Buffer(1889) [Uint8Array] [  254,  16, 200, 188, 124,  60, 207, 186, 200,  50,   77,  68, 222, 219, 238, 224, 199,  57,  45, 138,  214,  44, 123,   1,  33, 244, 113,  28,  66,  37,  236, 208, 234, 142, 116, 163, 227, 220,  58, 255,  198,  21,  95,  60,  20, 189, 239, 181,  99,  86,  ... 1839 more items]
2024-11-24T19:25:59.132Z - [LOG] Receive Counter: 21
2024-11-24T19:25:59.133Z - [LOG] Packet Length: 1880 Checksum Length: 8
2024-11-24T19:25:59.134Z - [LOG] <21:25:59>: <DEBUG> Checksum matched c47b0d7e57df7fc3 == c47b0d7e57df7fc3
2024-11-24T19:25:59.134Z - [LOG] id  58
2024-11-24T19:25:59.135Z - [LOG] 58
2024-11-24T19:25:59.259Z - [LOG] Header  254
2024-11-24T19:25:59.261Z - [LOG] Payload:  Buffer(1493) [Uint8Array] [  254, 126, 132,  79, 251,  23,   8, 114, 219, 174,  128, 172, 254, 101, 156, 140, 187, 127, 146,  70,   23, 150, 132,  79, 218, 205,  34, 239, 191, 173,  177, 108,  96,  51,  20, 253, 216, 134, 158, 111,   80, 251, 241, 190,  61,  54,  46, 250,  83, 207,  ... 1443 more items]
2024-11-24T19:25:59.264Z - [LOG] Receive Counter: 22
2024-11-24T19:25:59.265Z - [LOG] Packet Length: 1484 Checksum Length: 8
2024-11-24T19:25:59.266Z - [LOG] <21:25:59>: <DEBUG> Checksum matched dfc08fcfb34ccf98 == dfc08fcfb34ccf98
2024-11-24T19:25:59.266Z - [LOG] id  58
2024-11-24T19:25:59.267Z - [LOG] 58
2024-11-24T19:25:59.320Z - [LOG] Header  254
2024-11-24T19:25:59.325Z - [LOG] Payload:  Buffer(1384) [Uint8Array] [  254,  69, 168,  98,  21, 126, 150, 170,  99, 178,   91, 196, 149, 166, 248,   2,  66, 249, 239, 146,  143, 251,   5, 190, 192, 163, 132, 213, 196,  18,  178, 218, 151, 133, 195,   4,  83, 172, 239,  28,   18, 251, 238, 144,  22, 119, 114, 175,  91,  76,  ... 1334 more items]
2024-11-24T19:25:59.332Z - [LOG] Receive Counter: 23
2024-11-24T19:25:59.333Z - [LOG] Packet Length: 1375 Checksum Length: 8
2024-11-24T19:25:59.334Z - [LOG] <21:25:59>: <DEBUG> Checksum matched 4b32aafbdba7b50a == 4b32aafbdba7b50a
2024-11-24T19:25:59.334Z - [LOG] id  58
2024-11-24T19:25:59.335Z - [LOG] 58
2024-11-24T19:25:59.458Z - [LOG] Header  254
2024-11-24T19:25:59.461Z - [LOG] Payload:  Buffer(1494) [Uint8Array] [  254, 153,  19, 139,   0, 253, 126, 121, 236,  69,  241,  12,  23,  11,  15,  72, 191, 170, 176, 157,   72, 121,  75, 178, 142,  33, 196, 130,  38, 154,  193, 244,  18,  96,  93, 239,  48,  92, 193, 174,   39,  12, 115, 172,  29,  19,  19, 179,  56, 239,  ... 1444 more items]
2024-11-24T19:25:59.464Z - [LOG] Receive Counter: 24
2024-11-24T19:25:59.465Z - [LOG] Packet Length: 1485 Checksum Length: 8
2024-11-24T19:25:59.466Z - [LOG] <21:25:59>: <DEBUG> Checksum matched 568f28a394e9a036 == 568f28a394e9a036
2024-11-24T19:25:59.466Z - [LOG] id  58
2024-11-24T19:25:59.467Z - [LOG] 58
2024-11-24T19:25:59.582Z - [LOG] Header  254
2024-11-24T19:25:59.585Z - [LOG] Payload:  Buffer(1706) [Uint8Array] [  254,  70, 155, 154, 134, 153, 190,   9, 228, 174,   47, 152, 112, 218,  75, 241,  28, 250, 179, 185,  160,  59, 182, 204,  12,  55,  59, 119, 137, 165,  162,  59, 202, 203, 200, 134,  61, 218,  43,   4,   31,  17, 131,  97,  52,  61,  68, 200,  61, 236,  ... 1656 more items]
2024-11-24T19:25:59.589Z - [LOG] Receive Counter: 25
2024-11-24T19:25:59.590Z - [LOG] Packet Length: 1697 Checksum Length: 8
2024-11-24T19:25:59.591Z - [LOG] <21:25:59>: <DEBUG> Checksum matched 97f3fe2231637db2 == 97f3fe2231637db2
2024-11-24T19:25:59.592Z - [LOG] id  58
2024-11-24T19:25:59.593Z - [LOG] 58
2024-11-24T19:25:59.640Z - [LOG] Header  254
2024-11-24T19:25:59.642Z - [LOG] Payload:  Buffer(1374) [Uint8Array] [  254,  32,  42, 146, 112, 129, 152,   1, 159,   1,  149, 140, 199,   2,  60, 124,  13,  91,  77,  53,  235, 120, 172, 144,  89,  52, 132,  67,   5, 221,  205, 159,  55, 114, 134,  28, 235,  13, 238, 236,   51, 242, 229, 252,  17, 112,  96, 104,  39, 128,  ... 1324 more items]
2024-11-24T19:25:59.646Z - [LOG] Receive Counter: 26
2024-11-24T19:25:59.647Z - [LOG] Packet Length: 1365 Checksum Length: 8
2024-11-24T19:25:59.647Z - [LOG] <21:25:59>: <DEBUG> Checksum matched ecc9ab64eed1fce5 == ecc9ab64eed1fce5
2024-11-24T19:25:59.648Z - [LOG] id  58
2024-11-24T19:25:59.648Z - [LOG] 58
2024-11-24T19:25:59.765Z - [LOG] Header  254
2024-11-24T19:25:59.769Z - [LOG] Payload:  Buffer(1992) [Uint8Array] [  254, 129, 101, 155,  79,  84,  71,   0, 199,  80,  212,  80, 230, 126, 140,  41, 109,  49,  15, 228,  142, 144,  22, 245, 156, 202, 252, 166,  47,  62,  147, 219,  55, 168, 188, 147,  10, 180, 117,  85,  233, 135,  58, 186, 221, 214, 216, 143, 240, 133,  ... 1942 more items]
2024-11-24T19:25:59.777Z - [LOG] Receive Counter: 27
2024-11-24T19:25:59.778Z - [LOG] Packet Length: 1983 Checksum Length: 8
2024-11-24T19:25:59.779Z - [LOG] <21:25:59>: <DEBUG> Checksum matched b6b3383db81bb705 == b6b3383db81bb705
2024-11-24T19:25:59.780Z - [LOG] id  58
2024-11-24T19:25:59.780Z - [LOG] 58
2024-11-24T19:25:59.887Z - [LOG] Header  254
2024-11-24T19:25:59.891Z - [LOG] Payload:  Buffer(1603) [Uint8Array] [  254, 188, 117,  57, 220, 235, 186, 186,  49, 166,  250, 157, 182,  90, 159, 102, 147,  37,  92, 200,    4, 205,  80, 219, 195,  76,  37,  74, 158,  20,  126,  16,  58,   1,  46,  24,  46, 145, 173,  68,  210, 192,  71,  67, 220, 202,   5, 219, 144, 251,  ... 1553 more items]
2024-11-24T19:25:59.894Z - [LOG] Receive Counter: 28
2024-11-24T19:25:59.895Z - [LOG] Packet Length: 1594 Checksum Length: 8
2024-11-24T19:25:59.895Z - [LOG] <21:25:59>: <DEBUG> Checksum matched d067e1c08a56608a == d067e1c08a56608a
2024-11-24T19:25:59.896Z - [LOG] id  58
2024-11-24T19:25:59.896Z - [LOG] 58
2024-11-24T19:26:00.022Z - [LOG] Header  254
2024-11-24T19:26:00.026Z - [LOG] Payload:  Buffer(1773) [Uint8Array] [  254, 106,  82,   8,  98, 218, 116,  46,  34,  31,  205, 193, 219, 237, 214, 198, 208, 105, 159, 208,  167,  60, 253,  66,  38,  65, 231,  48,  90, 170,  192, 221,  67, 172, 144,  21, 112,  10, 208, 185,   90, 187, 110, 219, 175, 172,  51, 115,  83,  51,  ... 1723 more items]
2024-11-24T19:26:00.035Z - [LOG] Receive Counter: 29
2024-11-24T19:26:00.036Z - [LOG] Packet Length: 1764 Checksum Length: 8
2024-11-24T19:26:00.037Z - [LOG] <21:26:0>: <DEBUG> Checksum matched 3b1446b771446087 == 3b1446b771446087
2024-11-24T19:26:00.038Z - [LOG] id  58
2024-11-24T19:26:00.038Z - [LOG] 58
2024-11-24T19:26:00.143Z - [LOG] Header  254
2024-11-24T19:26:00.146Z - [LOG] Payload:  Buffer(1725) [Uint8Array] [  254, 115, 202, 170, 182,  24,  58, 142, 233, 140,   33,  25, 228, 193,  78, 187, 130, 244,  88,   6,  243, 173,  10, 249, 145, 235, 224,   8,  76,  50,  203, 135,  22, 157,  44, 199,  83, 122, 174,  88,  240,  12, 165,  86, 152,  70, 124, 184, 251, 179,  ... 1675 more items]
2024-11-24T19:26:00.151Z - [LOG] Receive Counter: 30
2024-11-24T19:26:00.152Z - [LOG] Packet Length: 1716 Checksum Length: 8
2024-11-24T19:26:00.153Z - [LOG] <21:26:0>: <DEBUG> Checksum matched 66547eba406391a7 == 66547eba406391a7
2024-11-24T19:26:00.155Z - [LOG] id  58
2024-11-24T19:26:00.156Z - [LOG] 58
2024-11-24T19:26:00.260Z - [LOG] Header  254
2024-11-24T19:26:00.264Z - [LOG] Payload:  Buffer(1937) [Uint8Array] [  254, 176, 164,  37,   2, 237, 124, 200, 191,  22,  180,  16,  15, 193, 227,  33,  74,  30, 213, 152,   44, 234, 213, 185, 150, 152,  46,  77, 222, 196,   95, 123,   2, 243, 164, 115, 218, 151, 125, 174,  188, 140,  42, 213,  80,  37, 166,  54,   4,  41,  ... 1887 more items]
2024-11-24T19:26:00.270Z - [LOG] Receive Counter: 31
2024-11-24T19:26:00.272Z - [LOG] Packet Length: 1928 Checksum Length: 8
2024-11-24T19:26:00.273Z - [LOG] <21:26:0>: <DEBUG> Checksum matched c4b057f56346f17f == c4b057f56346f17f
2024-11-24T19:26:00.273Z - [LOG] id  58
2024-11-24T19:26:00.274Z - [LOG] 58
2024-11-24T19:26:00.334Z - [LOG] Header  254
2024-11-24T19:26:00.337Z - [LOG] Payload:  Buffer(1441) [Uint8Array] [  254, 207, 216, 210,  93, 146, 243,  76, 205, 140,  112,  14, 107, 255, 140,  49,  91,   6, 180,  49,  179, 166,  28, 164, 211,  66, 116, 251, 191, 249,  232, 129,  28, 196, 242,  97,  81, 185,  95, 126,    6, 149, 132, 196, 173, 150, 172,  58, 155, 241,  ... 1391 more items]
2024-11-24T19:26:00.340Z - [LOG] Receive Counter: 32
2024-11-24T19:26:00.342Z - [LOG] Packet Length: 1432 Checksum Length: 8
2024-11-24T19:26:00.342Z - [LOG] <21:26:0>: <DEBUG> Checksum matched 8aab195cdcf3f837 == 8aab195cdcf3f837
2024-11-24T19:26:00.343Z - [LOG] id  58
2024-11-24T19:26:00.343Z - [LOG] 58
2024-11-24T19:26:00.460Z - [LOG] Header  254
2024-11-24T19:26:00.464Z - [LOG] Payload:  Buffer(1833) [Uint8Array] [  254,  10,  91, 136,   1,   0, 236,  36, 223, 101,  225, 164,  36, 179,  42, 177, 141, 126, 228,  15,  187,  31, 180, 223, 249, 119,  89, 130, 111, 197,  142,  54, 180, 125,  50, 175,  32, 243, 216,  92,  117, 139,  32, 183, 110, 224, 118, 190, 104, 108,  ... 1783 more items]
2024-11-24T19:26:00.468Z - [LOG] Receive Counter: 33
2024-11-24T19:26:00.469Z - [LOG] Packet Length: 1824 Checksum Length: 8
2024-11-24T19:26:00.469Z - [LOG] <21:26:0>: <DEBUG> Checksum matched 50e7006bab6b34af == 50e7006bab6b34af
2024-11-24T19:26:00.470Z - [LOG] id  58
2024-11-24T19:26:00.473Z - [LOG] 58
2024-11-24T19:26:00.607Z - [LOG] Header  254
2024-11-24T19:26:00.610Z - [LOG] Payload:  Buffer(1775) [Uint8Array] [  254,  34,  36, 106,  29, 221, 250, 204, 223, 134,   76,  64, 197, 203,  72,  34, 147, 202,  83,  54,  128, 198, 114, 212, 121, 244,  70,   3,  68,  70,  160,   8, 180, 218,  32, 155, 145, 250, 234,  47,  228,  61, 238, 150, 181,  68, 101, 149, 160, 113,  ... 1725 more items]
2024-11-24T19:26:00.613Z - [LOG] Receive Counter: 34
2024-11-24T19:26:00.614Z - [LOG] Packet Length: 1766 Checksum Length: 8
2024-11-24T19:26:00.614Z - [LOG] <21:26:0>: <DEBUG> Checksum matched cfa62c264cdd4719 == cfa62c264cdd4719
2024-11-24T19:26:00.616Z - [LOG] id  58
2024-11-24T19:26:00.616Z - [LOG] 58
2024-11-24T19:26:00.727Z - [LOG] Header  254
2024-11-24T19:26:00.729Z - [LOG] Payload:  Buffer(1571) [Uint8Array] [  254, 128,  66, 107,  39, 176,  37, 170,  98, 184,    5,  62, 131, 104, 255, 163, 176, 219, 113, 237,  120, 197, 253, 210, 119, 147,   8,  90, 226, 146,  197, 185, 122,  68,  32,   9, 167,  40,  59, 145,  154, 252, 169, 230,  56,  11, 102, 139,  21, 160,  ... 1521 more items]
2024-11-24T19:26:00.733Z - [LOG] Receive Counter: 35
2024-11-24T19:26:00.734Z - [LOG] Packet Length: 1562 Checksum Length: 8
2024-11-24T19:26:00.734Z - [LOG] <21:26:0>: <DEBUG> Checksum matched 832b13b9adae8edb == 832b13b9adae8edb
2024-11-24T19:26:00.735Z - [LOG] id  58
2024-11-24T19:26:00.735Z - [LOG] 58
2024-11-24T19:26:00.851Z - [LOG] Header  254
2024-11-24T19:26:00.855Z - [LOG] Payload:  Buffer(1507) [Uint8Array] [  254, 135, 250, 198, 218, 237,  37, 126,  27, 251,  114, 154,  21,  82, 203,   5,  43,  74,  62,  99,   99, 175,  97,   5, 162, 179, 125, 211,  53, 153,  145,  92, 193, 211, 117, 179,  47, 211, 140, 219,  196, 202, 155,  50,  63, 196, 110,  64,  38, 106,  ... 1457 more items]
2024-11-24T19:26:00.858Z - [LOG] Receive Counter: 36
2024-11-24T19:26:00.859Z - [LOG] Packet Length: 1498 Checksum Length: 8
2024-11-24T19:26:00.859Z - [LOG] <21:26:0>: <DEBUG> Checksum matched 844b488ea834e38f == 844b488ea834e38f
2024-11-24T19:26:00.860Z - [LOG] id  58
2024-11-24T19:26:00.860Z - [LOG] 58
2024-11-24T19:26:00.991Z - [LOG] Header  254
2024-11-24T19:26:00.995Z - [LOG] Payload:  Buffer(2502) [Uint8Array] [  254, 79,  60, 178, 108, 119, 226, 142, 215,  35,  254, 24,  91, 120, 171,  48,  96,  41, 101,  43,  135, 60, 101,  51,  70, 126, 243,   0,  19,  27,    4,  5, 216,   3, 194,  32,  54,  23, 106, 196,  111, 51, 137,  53,  27, 130,  99,  90, 159,  20,  ... 2452 more items]
2024-11-24T19:26:00.998Z - [LOG] Receive Counter: 37
2024-11-24T19:26:01.000Z - [LOG] Packet Length: 2493 Checksum Length: 8
2024-11-24T19:26:01.000Z - [LOG] <21:26:1>: <DEBUG> Checksum matched cca906e1f86a5ad6 == cca906e1f86a5ad6
2024-11-24T19:26:01.001Z - [LOG] id  58
2024-11-24T19:26:01.001Z - [LOG] 58
2024-11-24T19:26:01.117Z - [LOG] Header  254
2024-11-24T19:26:01.120Z - [LOG] Payload:  Buffer(1628) [Uint8Array] [  254, 183,  51, 201, 136, 122,  82, 101, 221, 158,  254, 250, 228, 228,  51,  39, 157,  37, 253, 125,   53, 126,  60, 166, 141, 238,  18, 123, 124, 128,  208, 220,  31, 200, 197, 172, 218,  11, 173, 170,   49,  76, 129, 244,   1, 236,   4, 191, 186,  89,  ... 1578 more items]
2024-11-24T19:26:01.124Z - [LOG] Receive Counter: 38
2024-11-24T19:26:01.126Z - [LOG] Packet Length: 1619 Checksum Length: 8
2024-11-24T19:26:01.126Z - [LOG] <21:26:1>: <DEBUG> Checksum matched 54d4b1ce1404d52f == 54d4b1ce1404d52f
2024-11-24T19:26:01.127Z - [LOG] id  58
2024-11-24T19:26:01.127Z - [LOG] 58
2024-11-24T19:26:01.238Z - [LOG] Header  254
2024-11-24T19:26:01.241Z - [LOG] Payload:  Buffer(1852) [Uint8Array] [  254, 135, 131,  43, 128, 215,  86, 178, 180, 229,   43, 121,  36,  58, 180, 203,  80, 145,  12, 159,   65, 196, 146, 155, 200,  63, 217, 231, 241, 138,  183, 182, 155, 186, 185, 150,   2, 107, 184,  29,  247, 200,  28, 129, 188,  16,  85,   8,  45, 204,  ... 1802 more items]
2024-11-24T19:26:01.245Z - [LOG] Receive Counter: 39
2024-11-24T19:26:01.247Z - [LOG] Packet Length: 1843 Checksum Length: 8
2024-11-24T19:26:01.247Z - [LOG] <21:26:1>: <DEBUG> Checksum matched 16c48718e5374b05 == 16c48718e5374b05
2024-11-24T19:26:01.248Z - [LOG] id  58
2024-11-24T19:26:01.248Z - [LOG] 58
2024-11-24T19:26:01.299Z - [LOG] Header  254
2024-11-24T19:26:01.301Z - [LOG] Payload:  Buffer(1100) [Uint8Array] [  254, 104, 247, 218, 121,  54, 223, 236,  19, 145,  152, 188, 178, 142, 143, 110,  47,  10,  61,   1,  193, 166, 183,  80, 250, 246, 235,  42, 230, 157,  127,  95, 224,  18,  88, 189, 242, 177, 129,  45,  116, 215, 107, 194,  66,  96, 102, 194, 165, 121,  ... 1050 more items]
2024-11-24T19:26:01.305Z - [LOG] Receive Counter: 40
2024-11-24T19:26:01.306Z - [LOG] Packet Length: 1091 Checksum Length: 8
2024-11-24T19:26:01.307Z - [LOG] <21:26:1>: <DEBUG> Checksum matched 9345d1b6b227885d == 9345d1b6b227885d
2024-11-24T19:26:01.307Z - [LOG] id  58
2024-11-24T19:26:01.307Z - [LOG] 58
