2024-11-24T13:30:39.180Z - [TIME START] Spawn
2024-11-24T13:30:39.183Z - Starting connection...
2024-11-24T13:30:39.235Z - [LOG] <15:30:39>: <DEBUG> setupClientProfile execution time: 0.08ms
2024-11-24T13:30:39.240Z - [LOG] <15:30:39>: <DEBUG> createOfflineSession execution time: 53.06ms
2024-11-24T13:30:39.241Z - [LOG] <15:30:39>: <DEBUG> initializeSession execution time: 54.83ms
2024-11-24T13:30:39.242Z - [LOG] <15:30:39>: <DEBUG> connect execution time: 56.55ms
2024-11-24T13:30:39.263Z - [LOG] <15:30:39>: <DEBUG> setupClientChains execution time: 19.08ms
2024-11-24T13:30:40.199Z - [LOG] <15:30:40>: <DEBUG> handleSessionStart execution time: 3.44ms
2024-11-24T13:30:40.663Z - [LOG] handle
2024-11-24T13:30:40.673Z - [LOG] <15:30:40>: <DEBUG> Sending Game PACKET --> 193 | 0xc1 2024-11-24T13:30:40.673Z
2024-11-24T13:30:40.677Z - [LOG] <15:30:40>: <DEBUG> sendPacket execution time: 3.40ms
2024-11-24T13:30:40.686Z - [TIME END] Spawn: 1507ms
2024-11-24T13:30:40.701Z - [LOG] {  type: 'MCPE',  message: 'PocketMine-MP Server',  protocol: 748,  version: '1.21.40',  playerCount: 0,  maxPlayers: 20,  serverGUID: 4427475791328971300,  serverName: 'PocketMine-MP',  gamemode: 'Survival'}
2024-11-24T13:30:40.717Z - Connected successfully: {"type":"MCPE","message":"PocketMine-MP Server","protocol":748,"version":"1.21.40","playerCount":0,"maxPlayers":20,"serverGUID":4427475791328971300,"serverName":"PocketMine-MP","gamemode":"Survival"}
2024-11-24T13:30:41.007Z - [LOG] Header  254
2024-11-24T13:30:41.019Z - [LOG] Payload:  Buffer(14) [Uint8Array] [  254, 12, 143, 1, 1, 0,    0,  0,   0, 0, 0, 0,    0,  0]
2024-11-24T13:30:41.022Z - [LOG] id  143
2024-11-24T13:30:41.026Z - [LOG] 143
2024-11-24T13:30:41.031Z - [LOG] <15:30:41>: <DEBUG> S -> C NetworkSettingsPacket
2024-11-24T13:30:41.032Z - [LOG] test
2024-11-24T13:30:41.034Z - [LOG] <15:30:41>: <DEBUG> Sending Game PACKET --> 1 | 0x01 2024-11-24T13:30:41.034Z
2024-11-24T13:30:41.092Z - [LOG] <15:30:41>: <DEBUG> sendPacket execution time: 57.87ms
2024-11-24T13:30:41.115Z - [LOG] <15:30:41>: <DEBUG> sendLoginPacket execution time: 80.63ms
2024-11-24T13:30:41.172Z - [LOG] <15:30:41>: <DEBUG> onNetworkSettings execution time: 141.51ms
2024-11-24T13:30:41.574Z - [LOG] Header  254
2024-11-24T13:30:41.583Z - [LOG] Payload:  Buffer(357) [Uint8Array] [  254,   0,  21, 208, 205, 118, 162,  48,   0,  64,  225, 133, 207,  51,  61, 136, 226,  12, 203,  34,  191, 169,   9,  18,  72,   2, 217, 244,  96, 208,  146,   4,  34,  88,  91, 218, 188, 208, 156,  51,   79,  57, 118, 251, 237, 238, 253, 183,  90, 253,  ... 307 more items]
2024-11-24T13:30:41.609Z - [LOG] id  3
2024-11-24T13:30:41.616Z - [LOG] 3
2024-11-24T13:30:41.635Z - [LOG] <15:30:41>: <DEBUG> validateKeys execution time: 0.10ms
2024-11-24T13:30:41.806Z - [LOG] <15:30:41>: <DEBUG> createSharedSecret execution time: 171.90ms
2024-11-24T13:30:41.826Z - [LOG] <15:30:41>: <DEBUG> setupEncryption execution time: 5.26ms
2024-11-24T13:30:41.831Z - [LOG] <15:30:41>: <DEBUG> Sending Game PACKET --> 4 | 0x04 2024-11-24T13:30:41.831Z
2024-11-24T13:30:41.841Z - [LOG] <15:30:41>: <DEBUG> sendPacket execution time: 10.40ms
2024-11-24T13:30:41.843Z - [LOG] <15:30:41>: <DEBUG> sendClientToServerHandshake execution time: 12.06ms
2024-11-24T13:30:41.844Z - [LOG] <15:30:41>: <DEBUG> onServerToClientHandshake execution time: 213.45ms
2024-11-24T13:30:41.905Z - [LOG] Header  254
2024-11-24T13:30:41.908Z - [LOG] Payload:  Buffer(23) [Uint8Array] [  254,  95, 117, 244,  90,  16,  205, 201, 231, 109, 246, 202,   93, 131, 111,  36,  19, 213,    4, 231, 190, 107, 188]
2024-11-24T13:30:41.910Z - [LOG] Receive Counter: 0
2024-11-24T13:30:41.912Z - [LOG] Packet Length: 14 Checksum Length: 8
2024-11-24T13:30:41.918Z - [LOG] <15:30:41>: <DEBUG> Checksum matched 3444a1a1788b4e59 == 3444a1a1788b4e59
2024-11-24T13:30:41.923Z - [LOG] id  2
2024-11-24T13:30:41.924Z - [LOG] 2
2024-11-24T13:30:41.925Z - [LOG] <15:30:41>: <DEBUG> onPlayStatus execution time: 0.32ms
2024-11-24T13:30:41.926Z - [LOG] id  6
2024-11-24T13:30:41.927Z - [LOG] 6
2024-11-24T13:30:41.929Z - [LOG] <15:30:41>: <DEBUG> Sending Game PACKET --> 8 | 0x08 2024-11-24T13:30:41.929Z
2024-11-24T13:30:41.934Z - [LOG] <15:30:41>: <DEBUG> sendPacket execution time: 4.95ms
2024-11-24T13:30:41.936Z - [LOG] <15:30:41>: <DEBUG> onResourcePack execution time: 7.24ms
2024-11-24T13:30:44.697Z - [LOG] Header  254
2024-11-24T13:30:44.974Z - [LOG] Payload:  Buffer(53351) [Uint8Array] [  254,  42, 250, 232,   2, 137, 118, 133, 184,  96,    7,  80,  70, 161, 243, 105, 228,   2,   9,  38,  199, 218, 131,  38, 155,  38,  82,  44, 173, 249,  134, 115,  60, 157,  32, 234,  43, 190,  41,  19,  242,  45, 113,  77, 193, 195, 146,  69, 166,   3,  ... 53301 more items]
2024-11-24T13:30:44.989Z - [LOG] Receive Counter: 1
2024-11-24T13:30:45.226Z - [LOG] Packet Length: 53342 Checksum Length: 8
2024-11-24T13:30:45.230Z - [LOG] <15:30:45>: <DEBUG> Checksum matched d409807a61e67eba == d409807a61e67eba
2024-11-24T13:30:45.239Z - [LOG] id  11
2024-11-24T13:30:45.243Z - [LOG] 11
2024-11-24T13:30:45.277Z - [LOG] <15:30:45>: <DEBUG> Sending Game PACKET --> 69 | 0x45 2024-11-24T13:30:45.276Z
2024-11-24T13:30:45.285Z - [LOG] <15:30:45>: <DEBUG> sendPacket execution time: 8.03ms
2024-11-24T13:30:45.291Z - [LOG] <15:30:45>: <DEBUG> onStartGame execution time: 17.69ms
2024-11-24T13:30:45.302Z - [LOG] id  119
2024-11-24T13:30:45.304Z - [LOG] 119
2024-11-24T13:30:45.347Z - [LOG] id  122
2024-11-24T13:30:45.351Z - [LOG] 122
2024-11-24T13:30:45.351Z - [LOG] id  29
2024-11-24T13:30:45.357Z - [LOG] 29
2024-11-24T13:30:45.360Z - [LOG] id  76
2024-11-24T13:30:45.361Z - [LOG] 76
2024-11-24T13:30:45.364Z - [LOG] id  187
2024-11-24T13:30:45.366Z - [LOG] 187
2024-11-24T13:30:45.369Z - [LOG] id  188
2024-11-24T13:30:45.373Z - [LOG] 188
2024-11-24T13:30:45.373Z - [LOG] id  39
2024-11-24T13:30:45.375Z - [LOG] 39
2024-11-24T13:30:45.382Z - [LOG] id  49
2024-11-24T13:30:45.384Z - [LOG] 49
2024-11-24T13:30:45.394Z - [LOG] id  49
2024-11-24T13:30:45.395Z - [LOG] 49
2024-11-24T13:30:45.399Z - [LOG] id  49
2024-11-24T13:30:45.400Z - [LOG] 49
2024-11-24T13:30:45.402Z - [LOG] id  49
2024-11-24T13:30:45.406Z - [LOG] 49
2024-11-24T13:30:45.427Z - [LOG] id  49
2024-11-24T13:30:45.430Z - [LOG] 49
2024-11-24T13:30:45.432Z - [LOG] id  49
2024-11-24T13:30:45.434Z - [LOG] 49
2024-11-24T13:30:45.435Z - [LOG] id  50
2024-11-24T13:30:45.442Z - [LOG] 50
2024-11-24T13:30:45.445Z - [LOG] id  50
2024-11-24T13:30:45.449Z - [LOG] 50
2024-11-24T13:30:45.451Z - [LOG] id  50
2024-11-24T13:30:45.482Z - [LOG] 50
2024-11-24T13:30:45.484Z - [LOG] id  50
2024-11-24T13:30:45.485Z - [LOG] 50
2024-11-24T13:30:45.493Z - [LOG] id  50
2024-11-24T13:30:45.494Z - [LOG] 50
2024-11-24T13:30:45.515Z - [LOG] id  31
2024-11-24T13:30:45.519Z - [LOG] 31
2024-11-24T13:30:45.681Z - [LOG] id  145
2024-11-24T13:30:45.927Z - [LOG] 145
2024-11-24T13:30:46.046Z - [LOG] id  52
2024-11-24T13:30:46.084Z - [LOG] 52
2024-11-24T13:30:46.673Z - [LOG] id  63
2024-11-24T13:30:46.692Z - [LOG] 63
2024-11-24T13:30:46.708Z - [LOG] id  29
2024-11-24T13:30:46.715Z - [LOG] 29
2024-11-24T13:30:47.694Z - [LOG] Header  254
2024-11-24T13:30:47.704Z - [LOG] Payload:  Buffer(1840) [Uint8Array] [  254, 151, 136, 217,  72,   4,  18, 225, 138, 147,   69, 247,  91, 173, 198, 247,   0,  70, 209, 177,   44, 162,  74,  63, 106,  30, 134, 175, 197,  13,  185, 231, 188, 211, 118, 239,  80, 128, 102,  76,  136, 246, 251, 203,  35,  36, 159,  41, 135, 233,  ... 1790 more items]
2024-11-24T13:30:47.715Z - [LOG] Receive Counter: 2
2024-11-24T13:30:47.725Z - [LOG] Packet Length: 1831 Checksum Length: 8
2024-11-24T13:30:47.733Z - [LOG] <15:30:47>: <ERROR> Decryption error: Checksum mismatch 9e392041b952d3fa != 1aec45757ae9eec1
2024-11-24T13:30:47.835Z - [LOG] Header  254
2024-11-24T13:30:47.851Z - [LOG] Payload:  Buffer(1753) [Uint8Array] [  254, 213,  65,  69, 170,  39,   8, 132, 228,   5,  165,  21, 135,  56,   7,  87,  45, 140, 115, 171,   41, 204, 120,  15, 193, 171,  28,  75,  36,  84,   30, 241,  15, 153,  56, 155, 101, 250, 193, 255,   43,  43,  21, 145,  68, 148, 214, 215,  92, 121,  ... 1703 more items]
2024-11-24T13:30:47.880Z - [LOG] Receive Counter: 3
2024-11-24T13:30:47.895Z - [LOG] Packet Length: 1744 Checksum Length: 8
2024-11-24T13:30:47.897Z - [LOG] <15:30:47>: <ERROR> Decryption error: Checksum mismatch 0b20b4a9e8878b6b != 87be275f906a506b
2024-11-24T13:30:47.970Z - [LOG] Header  254
2024-11-24T13:30:47.980Z - [LOG] Payload:  Buffer(2012) [Uint8Array] [  254,   7, 196, 197,  53,  99, 231,  13,  33, 181,  125,   2, 188, 219,  31, 170, 205,  50,  45, 137,  145,  54, 240, 239,  36, 102, 155, 117,  65, 234,    4,  85,  80,  39, 239,  24,  77, 116, 214, 252,  117, 124, 194, 116, 221, 214, 106,  58, 224, 247,  ... 1962 more items]
2024-11-24T13:30:47.994Z - [LOG] Receive Counter: 4
2024-11-24T13:30:48.000Z - [LOG] Packet Length: 2003 Checksum Length: 8
2024-11-24T13:30:48.009Z - [LOG] <15:30:48>: <ERROR> Decryption error: Checksum mismatch 7328fa3a78fcc031 != 2fd081cee5dbea00
2024-11-24T13:30:48.130Z - [LOG] Header  254
2024-11-24T13:30:48.140Z - [LOG] Payload:  Buffer(2129) [Uint8Array] [  254,  55,  55,  90,  55, 245, 211,  40, 178,  70,   89, 211,  84,  30,  40, 116, 153,  12, 197,  40,   70, 198,  90,  59, 156,  71, 102, 194, 133, 163,  202, 213, 228, 180,  89,  39, 107,  92, 165, 103,   74, 215, 118, 127,  73, 192, 180,  22, 227,  61,  ... 2079 more items]
2024-11-24T13:30:48.151Z - [LOG] Receive Counter: 5
2024-11-24T13:30:48.157Z - [LOG] Packet Length: 2120 Checksum Length: 8
2024-11-24T13:30:48.176Z - [LOG] <15:30:48>: <ERROR> Decryption error: Checksum mismatch 770dd35e6586dbfd != d8401daeca6ada31
2024-11-24T13:30:48.275Z - [LOG] Header  254
2024-11-24T13:30:48.284Z - [LOG] Payload:  Buffer(1750) [Uint8Array] [  254, 159,  15,  66,  98, 192,  57, 205,  76, 203,  247,  96, 166, 132, 100,   1, 103, 157, 201, 199,   67,   3,  16, 138, 189, 114,   4,  71,  35, 199,  210,  40,  68, 226,  71, 122, 219, 189, 183,  72,   60,  26,  92, 147,  58, 185, 224,  74, 252,  11,  ... 1700 more items]
2024-11-24T13:30:48.334Z - [LOG] Receive Counter: 6
2024-11-24T13:30:48.344Z - [LOG] Packet Length: 1741 Checksum Length: 8
2024-11-24T13:30:48.346Z - [LOG] <15:30:48>: <ERROR> Decryption error: Checksum mismatch 09b0fd15dc839af2 != 0ff57d2a58185fb9
2024-11-24T13:30:48.418Z - [LOG] Header  254
2024-11-24T13:30:48.430Z - [LOG] Payload:  Buffer(1609) [Uint8Array] [  254,  47, 119,  63, 232, 211, 247,  37,  42, 170,  166,   0, 108, 135,  38,  91,  45, 208, 200, 130,  212,  42, 244, 161, 141,  19, 225,  56, 172, 231,   74, 126,  37, 101, 157,  83,  81, 172, 246,  37,   29,  20, 214,  12, 192,  64,  55, 207,  72,  24,  ... 1559 more items]
2024-11-24T13:30:48.441Z - [LOG] Receive Counter: 7
2024-11-24T13:30:48.444Z - [LOG] Packet Length: 1600 Checksum Length: 8
2024-11-24T13:30:48.451Z - [LOG] <15:30:48>: <ERROR> Decryption error: Checksum mismatch 3475efb3d97cb860 != ce1c349a47925729
2024-11-24T13:30:48.546Z - [LOG] Header  254
2024-11-24T13:30:48.555Z - [LOG] Payload:  Buffer(1757) [Uint8Array] [  254,  59, 154,  69, 189, 104, 114, 36, 127,  50,  118,  88, 199, 211, 192,   3,  16, 35, 126,  97,  255, 193,   9, 233, 158, 108, 158, 13, 127, 110,   58, 210, 214, 151,  17, 245, 206, 91, 251, 161,   17,  89, 228,  11, 232,  70, 143, 54, 252, 198,  ... 1707 more items]
2024-11-24T13:30:48.578Z - [LOG] Receive Counter: 8
2024-11-24T13:30:48.585Z - [LOG] Packet Length: 1748 Checksum Length: 8
2024-11-24T13:30:48.599Z - [LOG] <15:30:48>: <ERROR> Decryption error: Checksum mismatch 683f49073e9a8a49 != 16fbd41dc409f3a5
