2024-11-23T20:48:49.769Z - [TIME START] Spawn
2024-11-23T20:48:49.774Z - Starting connection...
2024-11-23T20:48:49.825Z - [LOG] <22:48:49>: <DEBUG> setupClientProfile execution time: 0.11ms
2024-11-23T20:48:49.831Z - [LOG] <22:48:49>: <DEBUG> createOfflineSession execution time: 52.99ms
2024-11-23T20:48:49.832Z - [LOG] <22:48:49>: <DEBUG> initializeSession execution time: 55.26ms
2024-11-23T20:48:49.833Z - [LOG] <22:48:49>: <DEBUG> connect execution time: 56.12ms
2024-11-23T20:48:49.858Z - [LOG] <22:48:49>: <DEBUG> setupClientChains execution time: 24.23ms
2024-11-23T20:48:50.596Z - [LOG] <22:48:50>: <DEBUG> handleSessionStart execution time: 29.35ms
2024-11-23T20:48:50.920Z - [LOG] handle
2024-11-23T20:48:50.927Z - [LOG] <22:48:50>: <DEBUG> Sending Game PACKET --> 193 | 0xc1 2024-11-23T20:48:50.926Z
2024-11-23T20:48:50.933Z - [LOG] <22:48:50>: <DEBUG> sendPacket execution time: 5.86ms
2024-11-23T20:48:50.935Z - [TIME END] Spawn: 1166ms
2024-11-23T20:48:50.951Z - [LOG] {  type: 'MCPE',  message: 'PocketMine-MP Server',  protocol: 748,  version: '1.21.40',  playerCount: 0,  maxPlayers: 20,  serverGUID: 959315177832208500,  serverName: 'PocketMine-MP',  gamemode: 'Survival'}
2024-11-23T20:48:50.975Z - Connected successfully: {"type":"MCPE","message":"PocketMine-MP Server","protocol":748,"version":"1.21.40","playerCount":0,"maxPlayers":20,"serverGUID":959315177832208500,"serverName":"PocketMine-MP","gamemode":"Survival"}
2024-11-23T20:48:51.528Z - [LOG] Header  254
2024-11-23T20:48:51.542Z - [LOG] Payload:  Buffer(14) [Uint8Array] [  254, 12, 143, 1, 1, 0,    0,  0,   0, 0, 0, 0,    0,  0]
2024-11-23T20:48:51.549Z - [LOG] id  143
2024-11-23T20:48:51.553Z - [LOG] 143
2024-11-23T20:48:51.555Z - [LOG] <22:48:51>: <DEBUG> S -> C NetworkSettingsPacket
2024-11-23T20:48:51.557Z - [LOG] test
2024-11-23T20:48:51.558Z - [LOG] <22:48:51>: <DEBUG> Sending Game PACKET --> 1 | 0x01 2024-11-23T20:48:51.558Z
2024-11-23T20:48:51.613Z - [LOG] <22:48:51>: <DEBUG> sendPacket execution time: 54.05ms
2024-11-23T20:48:51.626Z - [LOG] <22:48:51>: <DEBUG> sendLoginPacket execution time: 70.00ms
2024-11-23T20:48:51.635Z - [LOG] <22:48:51>: <DEBUG> onNetworkSettings execution time: 79.95ms
