2024-11-22T18:27:08.673Z - [TIME START] Spawn
2024-11-22T18:27:08.676Z - Starting connection...
2024-11-22T18:27:08.761Z - [LOG] <20:27:8>: <DEBUG> setupClientProfile execution time: 0.10ms
2024-11-22T18:27:08.767Z - [LOG] <20:27:8>: <DEBUG> createOfflineSession execution time: 87.25ms
2024-11-22T18:27:08.768Z - [LOG] <20:27:8>: <DEBUG> initializeSession execution time: 89.50ms
2024-11-22T18:27:08.769Z - [LOG] <20:27:8>: <DEBUG> connect execution time: 90.23ms
2024-11-22T18:27:08.793Z - [LOG] <20:27:8>: <DEBUG> setupClientChains execution time: 22.55ms
2024-11-22T18:27:09.641Z - [LOG] <20:27:9>: <DEBUG> handleSessionStart execution time: 0.97ms
2024-11-22T18:27:10.091Z - [LOG] handle
2024-11-22T18:27:10.095Z - [LOG] <20:27:10>: <DEBUG> Sending Game PACKET --> 193 | 0xc1 2024-11-22T18:27:10.095Z
2024-11-22T18:27:10.105Z - [LOG] <20:27:10>: <DEBUG> sendPacket execution time: 9.40ms
2024-11-22T18:27:10.107Z - [TIME END] Spawn: 1434ms
2024-11-22T18:27:10.118Z - [LOG] {  type: 'MCPE',  message: 'PocketMine-MP Server',  protocol: 748,  version: '1.21.40',  playerCount: 0,  maxPlayers: 20,  serverGUID: 959315177832208500,  serverName: 'PocketMine-MP',  gamemode: 'Survival'}
2024-11-22T18:27:10.138Z - Connected successfully: {"type":"MCPE","message":"PocketMine-MP Server","protocol":748,"version":"1.21.40","playerCount":0,"maxPlayers":20,"serverGUID":959315177832208500,"serverName":"PocketMine-MP","gamemode":"Survival"}
2024-11-22T18:27:10.490Z - [LOG] Header  254
2024-11-22T18:27:10.505Z - [LOG] Payload:  Buffer(14) [Uint8Array] [  254, 12, 143, 1, 1, 0,    0,  0,   0, 0, 0, 0,    0,  0]
2024-11-22T18:27:10.522Z - [LOG] id  143
2024-11-22T18:27:10.525Z - [LOG] 143
2024-11-22T18:27:10.529Z - [LOG] <20:27:10>: <DEBUG> S -> C NetworkSettingsPacket
2024-11-22T18:27:10.539Z - [LOG] test
2024-11-22T18:27:10.543Z - [LOG] <20:27:10>: <DEBUG> Sending Game PACKET --> 1 | 0x01 2024-11-22T18:27:10.543Z
2024-11-22T18:27:10.686Z - [LOG] <20:27:10>: <DEBUG> sendPacket execution time: 142.72ms
2024-11-22T18:27:10.707Z - [LOG] <20:27:10>: <DEBUG> sendLoginPacket execution time: 167.77ms
2024-11-22T18:27:10.720Z - [LOG] <20:27:10>: <DEBUG> onNetworkSettings execution time: 190.40ms
2024-11-22T18:27:11.186Z - [LOG] Header  254
2024-11-22T18:27:11.193Z - [LOG] Payload:  Buffer(362) [Uint8Array] [  254,   0,  21, 207, 203, 114, 162,  64,  24,  64,  225, 133, 207, 147, 169,  22, 132, 145, 165,   8,  141, 160,  52, 161, 161, 127, 164,  55,  22, 151,   68,  46,  45, 130,  96, 132, 126, 162, 169, 154,  151,  76, 178,  63,  85, 167, 190, 255, 171, 213,  ... 312 more items]
2024-11-22T18:27:11.222Z - [LOG] id  3
2024-11-22T18:27:11.226Z - [LOG] 3
2024-11-22T18:27:11.242Z - [LOG] <20:27:11>: <DEBUG> validateKeys execution time: 0.11ms
2024-11-22T18:27:11.409Z - [LOG] <20:27:11>: <DEBUG> createSharedSecret execution time: 166.68ms
2024-11-22T18:27:11.416Z - [LOG] <20:27:11>: <DEBUG> setupEncryption execution time: 6.09ms
2024-11-22T18:27:11.419Z - [LOG] <20:27:11>: <DEBUG> Sending Game PACKET --> 4 | 0x04 2024-11-22T18:27:11.419Z
2024-11-22T18:27:11.426Z - [LOG] <20:27:11>: <DEBUG> sendPacket execution time: 6.63ms
2024-11-22T18:27:11.433Z - [LOG] <20:27:11>: <DEBUG> sendClientToServerHandshake execution time: 13.88ms
2024-11-22T18:27:11.434Z - [LOG] <20:27:11>: <DEBUG> onServerToClientHandshake execution time: 195.68ms
2024-11-22T18:27:11.565Z - [LOG] Header  254
2024-11-22T18:27:11.568Z - [LOG] Payload:  Buffer(23) [Uint8Array] [  254,  87,  99, 213, 111, 127,  152, 219, 192,  76,  15, 125,  182, 204, 211, 166,   7, 192,  194,  38,  96,  78, 191]
2024-11-22T18:27:11.571Z - [LOG] Receive Counter: 0
2024-11-22T18:27:11.577Z - [LOG] Packet Length: 14 Checksum Length: 8
2024-11-22T18:27:11.589Z - [LOG] <20:27:11>: <DEBUG> Checksum matched 1abd0634f0830a7e == 1abd0634f0830a7e
2024-11-22T18:27:11.590Z - [LOG] id  2
2024-11-22T18:27:11.591Z - [LOG] 2
2024-11-22T18:27:11.593Z - [LOG] <20:27:11>: <DEBUG> onPlayStatus execution time: 0.16ms
2024-11-22T18:27:11.593Z - [LOG] id  6
2024-11-22T18:27:11.594Z - [LOG] 6
2024-11-22T18:27:11.596Z - [LOG] <20:27:11>: <DEBUG> Sending Game PACKET --> 8 | 0x08 2024-11-22T18:27:11.595Z
2024-11-22T18:27:11.601Z - [LOG] <20:27:11>: <DEBUG> sendPacket execution time: 5.75ms
2024-11-22T18:27:11.602Z - [LOG] <20:27:11>: <DEBUG> onResourcePack execution time: 7.63ms
2024-11-22T18:27:12.107Z - [LOG] Header  254
2024-11-22T18:27:12.122Z - [LOG] Payload:  Buffer(1432) [Uint8Array] [  254, 128, 220,  81, 248, 160,  67, 132,  22, 137,  231, 137, 141, 244,  40, 131, 129,  80,  35,  82,  118, 236, 146,  23, 241,   7, 218, 220, 244, 134,  249, 104,   5, 234, 148, 133, 215, 177, 173,  63,  134, 192, 252,  57,  52,  62,  61, 119, 181,   9,  ... 1382 more items]
2024-11-22T18:27:12.133Z - [LOG] Receive Counter: 1
2024-11-22T18:27:12.187Z - [LOG] Packet Length: 1423 Checksum Length: 8
2024-11-22T18:27:12.189Z - [LOG] <20:27:12>: <ERROR> Decryption error: Checksum mismatch c698a143f9692712 != d8b4d6b659f7dfd0
