2024-11-22T19:14:19.707Z - [TIME START] Spawn
2024-11-22T19:14:19.710Z - Starting connection...
2024-11-22T19:14:19.754Z - [LOG] <21:14:19>: <DEBUG> setupClientProfile execution time: 0.21ms
2024-11-22T19:14:19.756Z - [LOG] <21:14:19>: <DEBUG> createOfflineSession execution time: 41.47ms
2024-11-22T19:14:19.757Z - [LOG] <21:14:19>: <DEBUG> initializeSession execution time: 42.78ms
2024-11-22T19:14:19.760Z - [LOG] <21:14:19>: <DEBUG> connect execution time: 45.73ms
2024-11-22T19:14:19.780Z - [LOG] <21:14:19>: <DEBUG> setupClientChains execution time: 18.82ms
2024-11-22T19:14:20.589Z - [LOG] <21:14:20>: <DEBUG> handleSessionStart execution time: 1.26ms
2024-11-22T19:14:21.002Z - [LOG] handle
2024-11-22T19:14:21.015Z - [LOG] <21:14:21>: <DEBUG> Sending Game PACKET --> 193 | 0xc1 2024-11-22T19:14:21.015Z
2024-11-22T19:14:21.022Z - [LOG] <21:14:21>: <DEBUG> sendPacket execution time: 7.91ms
2024-11-22T19:14:21.029Z - [TIME END] Spawn: 1323ms
2024-11-22T19:14:21.049Z - [LOG] {  type: 'MCPE',  message: 'PocketMine-MP Server',  protocol: 748,  version: '1.21.40',  playerCount: 0,  maxPlayers: 20,  serverGUID: 959315177832208500,  serverName: 'PocketMine-MP',  gamemode: 'Survival'}
2024-11-22T19:14:21.071Z - Connected successfully: {"type":"MCPE","message":"PocketMine-MP Server","protocol":748,"version":"1.21.40","playerCount":0,"maxPlayers":20,"serverGUID":959315177832208500,"serverName":"PocketMine-MP","gamemode":"Survival"}
2024-11-22T19:14:21.565Z - [LOG] Header  254
2024-11-22T19:14:21.581Z - [LOG] Payload:  Buffer(14) [Uint8Array] [  254, 12, 143, 1, 1, 0,    0,  0,   0, 0, 0, 0,    0,  0]
2024-11-22T19:14:21.588Z - [LOG] id  143
2024-11-22T19:14:21.593Z - [LOG] 143
2024-11-22T19:14:21.598Z - [LOG] <21:14:21>: <DEBUG> S -> C NetworkSettingsPacket
2024-11-22T19:14:21.599Z - [LOG] test
2024-11-22T19:14:21.603Z - [LOG] <21:14:21>: <DEBUG> Sending Game PACKET --> 1 | 0x01 2024-11-22T19:14:21.603Z
2024-11-22T19:14:21.674Z - [LOG] <21:14:21>: <DEBUG> sendPacket execution time: 71.02ms
2024-11-22T19:14:21.693Z - [LOG] <21:14:21>: <DEBUG> sendLoginPacket execution time: 93.83ms
2024-11-22T19:14:21.701Z - [LOG] <21:14:21>: <DEBUG> onNetworkSettings execution time: 104.00ms
2024-11-22T19:14:22.114Z - [LOG] Header  254
2024-11-22T19:14:22.126Z - [LOG] Payload:  Buffer(358) [Uint8Array] [  254,   0,  21, 143, 203,  82, 131,  48,   0,   0,   15, 253,  30, 157,   0, 130, 246,   8, 133, 148,   96,   9,  18,  72,  32, 185, 116,   2,  56, 188,    2, 173, 150, 182, 192,  23,  57, 227,  79,  90,  239, 187, 179, 179, 191, 155, 205, 207, 230, 115,  ... 308 more items]
2024-11-22T19:14:22.151Z - [LOG] id  3
2024-11-22T19:14:22.153Z - [LOG] 3
2024-11-22T19:14:22.162Z - [LOG] <21:14:22>: <DEBUG> validateKeys execution time: 0.11ms
2024-11-22T19:14:22.473Z - [LOG] <21:14:22>: <DEBUG> createSharedSecret execution time: 312.01ms
2024-11-22T19:14:22.488Z - [LOG] <21:14:22>: <DEBUG> setupEncryption execution time: 11.17ms
2024-11-22T19:14:22.490Z - [LOG] <21:14:22>: <DEBUG> Sending Game PACKET --> 4 | 0x04 2024-11-22T19:14:22.490Z
2024-11-22T19:14:22.565Z - [LOG] <21:14:22>: <DEBUG> sendPacket execution time: 74.63ms
2024-11-22T19:14:22.582Z - [LOG] <21:14:22>: <DEBUG> sendClientToServerHandshake execution time: 91.89ms
2024-11-22T19:14:22.596Z - [LOG] <21:14:22>: <DEBUG> onServerToClientHandshake execution time: 439.80ms
2024-11-22T19:14:22.706Z - [LOG] Header  254
2024-11-22T19:14:22.739Z - [LOG] Payload:  Buffer(23) [Uint8Array] [  254,  45, 223,  45,  28, 198,  149, 200,  35, 241, 105, 228,  180, 215, 218,  90,  36, 188,  243, 130, 169,  57, 236]
2024-11-22T19:14:22.750Z - [LOG] Receive Counter: 0
2024-11-22T19:14:22.755Z - [LOG] Packet Length: 14 Checksum Length: 8
2024-11-22T19:14:22.758Z - [LOG] <21:14:22>: <DEBUG> Checksum matched 37b3b574fe9e0813 == 37b3b574fe9e0813
2024-11-22T19:14:22.760Z - [LOG] id  2
2024-11-22T19:14:22.762Z - [LOG] 2
2024-11-22T19:14:22.764Z - [LOG] <21:14:22>: <DEBUG> onPlayStatus execution time: 0.16ms
2024-11-22T19:14:22.765Z - [LOG] id  6
2024-11-22T19:14:22.767Z - [LOG] 6
2024-11-22T19:14:22.775Z - [LOG] <21:14:22>: <DEBUG> Sending Game PACKET --> 8 | 0x08 2024-11-22T19:14:22.775Z
2024-11-22T19:14:22.783Z - [LOG] <21:14:22>: <DEBUG> sendPacket execution time: 7.61ms
2024-11-22T19:14:22.786Z - [LOG] <21:14:22>: <DEBUG> onResourcePack execution time: 10.96ms
2024-11-22T19:14:26.576Z - [LOG] Header  254
2024-11-22T19:14:26.581Z - [LOG] Payload:  Buffer(16) [Uint8Array] [  254, 223, 226,  47, 244, 93,   36,   7, 208,  42,  66, 98,   47, 225, 230, 157]
2024-11-22T19:14:26.588Z - [LOG] Receive Counter: 1
2024-11-22T19:14:26.590Z - [LOG] Packet Length: 7 Checksum Length: 8
2024-11-22T19:14:26.595Z - [LOG] <21:14:26>: <ERROR> Decryption error: Checksum mismatch d6b4b1c5de822739 != 2fa3b68d3fb7fe7e
