2024-11-23T15:11:37.965Z - [TIME START] Spawn
2024-11-23T15:11:37.968Z - Starting connection...
2024-11-23T15:11:37.978Z - [LOG] <17:11:37>: <DEBUG> setupClientProfile execution time: 0.20ms
2024-11-23T15:11:37.980Z - [LOG] <17:11:37>: <DEBUG> createOfflineSession execution time: 8.81ms
2024-11-23T15:11:37.981Z - [LOG] <17:11:37>: <DEBUG> initializeSession execution time: 10.46ms
2024-11-23T15:11:37.981Z - [LOG] <17:11:37>: <DEBUG> connect execution time: 11.57ms
2024-11-23T15:11:38.007Z - [LOG] <17:11:38>: <DEBUG> setupClientChains execution time: 24.70ms
2024-11-23T15:11:38.819Z - [LOG] <17:11:38>: <DEBUG> handleSessionStart execution time: 0.99ms
2024-11-23T15:11:39.202Z - [LOG] handle
2024-11-23T15:11:39.208Z - [LOG] <17:11:39>: <DEBUG> Sending Game PACKET --> 193 | 0xc1 2024-11-23T15:11:39.207Z
2024-11-23T15:11:39.217Z - [LOG] <17:11:39>: <DEBUG> sendPacket execution time: 9.46ms
2024-11-23T15:11:39.223Z - [TIME END] Spawn: 1258ms
2024-11-23T15:11:39.233Z - [LOG] {  type: 'MCPE',  message: 'PocketMine-MP Server',  protocol: 748,  version: '1.21.40',  playerCount: 0,  maxPlayers: 20,  serverGUID: 959315177832208500,  serverName: 'PocketMine-MP',  gamemode: 'Survival'}
2024-11-23T15:11:39.236Z - Connected successfully: {"type":"MCPE","message":"PocketMine-MP Server","protocol":748,"version":"1.21.40","playerCount":0,"maxPlayers":20,"serverGUID":959315177832208500,"serverName":"PocketMine-MP","gamemode":"Survival"}
2024-11-23T15:11:39.513Z - [LOG] Header  254
2024-11-23T15:11:39.518Z - [LOG] Payload:  Buffer(14) [Uint8Array] [  254, 12, 143, 1, 1, 0,    0,  0,   0, 0, 0, 0,    0,  0]
2024-11-23T15:11:39.529Z - [LOG] id  143
2024-11-23T15:11:39.531Z - [LOG] 143
2024-11-23T15:11:39.533Z - [LOG] <17:11:39>: <DEBUG> S -> C NetworkSettingsPacket
2024-11-23T15:11:39.537Z - [LOG] test
2024-11-23T15:11:39.548Z - [LOG] <17:11:39>: <DEBUG> Sending Game PACKET --> 1 | 0x01 2024-11-23T15:11:39.547Z
2024-11-23T15:11:39.832Z - [LOG] <17:11:39>: <DEBUG> sendPacket execution time: 284.73ms
2024-11-23T15:11:39.833Z - [LOG] <17:11:39>: <DEBUG> sendLoginPacket execution time: 297.56ms
2024-11-23T15:11:39.834Z - [LOG] <17:11:39>: <DEBUG> onNetworkSettings execution time: 300.62ms
2024-11-23T15:11:40.017Z - [LOG] Header  254
2024-11-23T15:11:40.024Z - [LOG] Payload:  Buffer(361) [Uint8Array] [  254,   0,  21, 207, 203, 110, 163,  48,   0,  64,  209,  69, 190, 167,  35,   3,  33,  51,  93, 134,  225,  77,  48, 193,  96,  59, 120,  51, 194,  56,   60,  13,  37, 129,  36, 192,  23, 141, 212, 159,  108, 187, 191, 210, 213, 249, 220, 237, 254, 239,  ... 311 more items]
2024-11-23T15:11:40.033Z - [LOG] id  3
2024-11-23T15:11:40.035Z - [LOG] 3
2024-11-23T15:11:40.045Z - [LOG] <17:11:40>: <DEBUG> validateKeys execution time: 1.28ms
2024-11-23T15:11:40.180Z - [LOG] <17:11:40>: <DEBUG> createSharedSecret execution time: 136.63ms
2024-11-23T15:11:40.194Z - [LOG] <17:11:40>: <DEBUG> setupEncryption execution time: 4.76ms
2024-11-23T15:11:40.198Z - [LOG] <17:11:40>: <DEBUG> Sending Game PACKET --> 4 | 0x04 2024-11-23T15:11:40.197Z
2024-11-23T15:11:40.234Z - [LOG] <17:11:40>: <DEBUG> sendPacket execution time: 36.50ms
2024-11-23T15:11:40.244Z - [LOG] <17:11:40>: <DEBUG> sendClientToServerHandshake execution time: 46.49ms
2024-11-23T15:11:40.248Z - [LOG] <17:11:40>: <DEBUG> onServerToClientHandshake execution time: 206.20ms
2024-11-23T15:11:40.399Z - [LOG] Header  254
2024-11-23T15:11:40.413Z - [LOG] Payload:  Buffer(23) [Uint8Array] [  254, 254,  75, 170, 245,  33, 33,   36, 171, 120, 123,  64, 180, 93,  159,  52, 138, 100, 186,  43, 77,   73, 221]
2024-11-23T15:11:40.425Z - [LOG] Receive Counter: 0
2024-11-23T15:11:40.429Z - [LOG] Packet Length: 14 Checksum Length: 8
2024-11-23T15:11:40.442Z - [LOG] <17:11:40>: <DEBUG> Checksum matched a1fcbcc58290e3c1 == a1fcbcc58290e3c1
2024-11-23T15:11:40.445Z - [LOG] id  2
2024-11-23T15:11:40.447Z - [LOG] 2
2024-11-23T15:11:40.450Z - [LOG] <17:11:40>: <DEBUG> onPlayStatus execution time: 0.16ms
2024-11-23T15:11:40.457Z - [LOG] id  6
2024-11-23T15:11:40.486Z - [LOG] 6
2024-11-23T15:11:40.496Z - [LOG] <17:11:40>: <DEBUG> Sending Game PACKET --> 8 | 0x08 2024-11-23T15:11:40.496Z
2024-11-23T15:11:40.508Z - [LOG] <17:11:40>: <DEBUG> sendPacket execution time: 11.43ms
2024-11-23T15:11:40.513Z - [LOG] <17:11:40>: <DEBUG> onResourcePack execution time: 16.45ms
2024-11-23T15:11:43.768Z - [LOG] Header  254
2024-11-23T15:11:44.225Z - [LOG] Payload:  Buffer(53353) [Uint8Array] [  254, 186, 186,  91,  39,  12,  14,  99, 189, 148,  114,  60,  15, 218, 185,  40,  13,  89,  18,  67,   25,  45, 139,  93,  88, 122,  25, 183, 123, 108,   14, 225, 158, 253,   0,  45, 228, 167,  37, 191,   56, 135,   5,  61,  42, 227,  91, 103, 207, 187,  ... 53303 more items]
2024-11-23T15:11:44.233Z - [LOG] Receive Counter: 1
2024-11-23T15:11:44.502Z - [LOG] Packet Length: 53344 Checksum Length: 8
2024-11-23T15:11:44.783Z - [LOG] <17:11:44>: <DEBUG> Checksum matched 8b77df08aaa5627a == 8b77df08aaa5627a
2024-11-23T15:11:44.798Z - [LOG] id  11
2024-11-23T15:11:45.067Z - [LOG] 11
2024-11-23T15:11:45.315Z - [LOG] <17:11:45>: <DEBUG> Sending Game PACKET --> 69 | 0x45 2024-11-23T15:11:45.315Z
2024-11-23T15:11:45.334Z - [LOG] <17:11:45>: <DEBUG> sendPacket execution time: 18.55ms
2024-11-23T15:11:45.345Z - [LOG] <17:11:45>: <DEBUG> onStartGame execution time: 31.64ms
2024-11-23T15:11:45.350Z - [LOG] id  119
2024-11-23T15:11:45.359Z - [LOG] 119
2024-11-23T15:11:45.465Z - [LOG] id  122
2024-11-23T15:11:45.474Z - [LOG] 122
2024-11-23T15:11:45.484Z - [LOG] id  29
2024-11-23T15:11:45.497Z - [LOG] 29
2024-11-23T15:11:45.503Z - [LOG] id  76
2024-11-23T15:11:45.547Z - [LOG] 76
2024-11-23T15:11:45.585Z - [LOG] id  187
2024-11-23T15:11:45.588Z - [LOG] 187
2024-11-23T15:11:45.619Z - [LOG] id  188
2024-11-23T15:11:45.693Z - [LOG] 188
2024-11-23T15:11:45.703Z - [LOG] id  39
2024-11-23T15:11:45.707Z - [LOG] 39
2024-11-23T15:11:45.714Z - [LOG] id  49
2024-11-23T15:11:45.717Z - [LOG] 49
2024-11-23T15:11:45.726Z - [LOG] id  49
2024-11-23T15:11:45.739Z - [LOG] 49
2024-11-23T15:11:45.748Z - [LOG] id  49
2024-11-23T15:11:45.756Z - [LOG] 49
2024-11-23T15:11:45.760Z - [LOG] id  49
2024-11-23T15:11:45.763Z - [LOG] 49
2024-11-23T15:11:45.764Z - [LOG] id  49
2024-11-23T15:11:45.768Z - [LOG] 49
2024-11-23T15:11:45.769Z - [LOG] id  49
2024-11-23T15:11:45.774Z - [LOG] 49
2024-11-23T15:11:45.776Z - [LOG] id  50
2024-11-23T15:11:45.779Z - [LOG] 50
2024-11-23T15:11:45.782Z - [LOG] id  50
2024-11-23T15:11:45.785Z - [LOG] 50
2024-11-23T15:11:45.787Z - [LOG] id  50
2024-11-23T15:11:45.792Z - [LOG] 50
2024-11-23T15:11:45.793Z - [LOG] id  50
2024-11-23T15:11:45.795Z - [LOG] 50
2024-11-23T15:11:45.799Z - [LOG] id  50
2024-11-23T15:11:45.808Z - [LOG] 50
2024-11-23T15:11:45.820Z - [LOG] id  31
2024-11-23T15:11:45.824Z - [LOG] 31
2024-11-23T15:11:45.826Z - [LOG] id  145
2024-11-23T15:11:45.828Z - [LOG] 145
2024-11-23T15:11:45.918Z - [LOG] id  52
2024-11-23T15:11:45.951Z - [LOG] 52
2024-11-23T15:11:46.168Z - [LOG] id  63
2024-11-23T15:11:46.175Z - [LOG] 63
2024-11-23T15:11:46.184Z - [LOG] id  29
2024-11-23T15:11:46.191Z - [LOG] 29
