2024-11-24T19:26:58.272Z - [TIME START] Spawn
2024-11-24T19:26:58.273Z - Starting connection...
2024-11-24T19:26:58.278Z - [LOG] <21:26:58>: <DEBUG> setupClientProfile execution time: 0.04ms
2024-11-24T19:26:58.278Z - [LOG] <21:26:58>: <DEBUG> createOfflineSession execution time: 4.70ms
2024-11-24T19:26:58.279Z - [LOG] <21:26:58>: <DEBUG> initializeSession execution time: 5.43ms
2024-11-24T19:26:58.279Z - [LOG] <21:26:58>: <DEBUG> connect execution time: 6.13ms
2024-11-24T19:26:58.290Z - [LOG] <21:26:58>: <DEBUG> setupClientChains execution time: 9.76ms
2024-11-24T19:26:58.732Z - [LOG] <21:26:58>: <DEBUG> handleSessionStart execution time: 0.76ms
2024-11-24T19:26:59.104Z - [LOG] handle
2024-11-24T19:26:59.107Z - [LOG] <21:26:59>: <DEBUG> Sending Game PACKET --> 193 | 0xc1 2024-11-24T19:26:59.107Z
2024-11-24T19:26:59.108Z - [LOG] <21:26:59>: <DEBUG> sendPacket execution time: 1.84ms
2024-11-24T19:26:59.109Z - [TIME END] Spawn: 837ms
2024-11-24T19:26:59.113Z - [LOG] {  type: 'MCPE',  message: 'PocketMine-MP Server',  protocol: 748,  version: '1.21.40',  playerCount: 0,  maxPlayers: 20,  serverGUID: 2446291095431307000,  serverName: 'PocketMine-MP',  gamemode: 'Survival'}
2024-11-24T19:26:59.114Z - Connected successfully: {"type":"MCPE","message":"PocketMine-MP Server","protocol":748,"version":"1.21.40","playerCount":0,"maxPlayers":20,"serverGUID":2446291095431307000,"serverName":"PocketMine-MP","gamemode":"Survival"}
2024-11-24T19:26:59.423Z - [LOG] Header  254
2024-11-24T19:26:59.425Z - [LOG] Payload:  Buffer(14) [Uint8Array] [  254, 12, 143, 1, 1, 0,    0,  0,   0, 0, 0, 0,    0,  0]
2024-11-24T19:26:59.426Z - [LOG] id  143
2024-11-24T19:26:59.427Z - [LOG] 143
2024-11-24T19:26:59.428Z - [LOG] <21:26:59>: <DEBUG> S -> C NetworkSettingsPacket
2024-11-24T19:26:59.428Z - [LOG] test
2024-11-24T19:26:59.429Z - [LOG] <21:26:59>: <DEBUG> Sending Game PACKET --> 1 | 0x01 2024-11-24T19:26:59.429Z
2024-11-24T19:26:59.460Z - [LOG] <21:26:59>: <DEBUG> sendPacket execution time: 31.55ms
2024-11-24T19:26:59.461Z - [LOG] <21:26:59>: <DEBUG> sendLoginPacket execution time: 32.89ms
2024-11-24T19:26:59.461Z - [LOG] <21:26:59>: <DEBUG> onNetworkSettings execution time: 34.00ms
2024-11-24T19:26:59.601Z - [LOG] Header  254
2024-11-24T19:26:59.604Z - [LOG] Payload:  Buffer(361) [Uint8Array] [  254,   0,  21, 207,  75, 114, 155,  48,   0,   0,  208, 133, 207, 147, 142, 192, 152, 218, 203,  34,  126,  81,  13,  88,   2,  73, 192,  38,   3,  22,  137,  16, 130,  66,  33,  24, 115, 164, 206, 244,  142,  77,  15, 240,  22, 239, 239, 225, 240, 231,  ... 311 more items]
2024-11-24T19:26:59.606Z - [LOG] id  3
2024-11-24T19:26:59.607Z - [LOG] 3
2024-11-24T19:26:59.608Z - [LOG] <21:26:59>: <DEBUG> validateKeys execution time: 0.07ms
2024-11-24T19:26:59.682Z - [LOG] <21:26:59>: <DEBUG> createSharedSecret execution time: 73.34ms
2024-11-24T19:26:59.686Z - [LOG] <21:26:59>: <DEBUG> setupEncryption execution time: 3.35ms
2024-11-24T19:26:59.686Z - [LOG] <21:26:59>: <DEBUG> Sending Game PACKET --> 4 | 0x04 2024-11-24T19:26:59.686Z
2024-11-24T19:26:59.689Z - [LOG] <21:26:59>: <DEBUG> sendPacket execution time: 2.67ms
2024-11-24T19:26:59.690Z - [LOG] <21:26:59>: <DEBUG> sendClientToServerHandshake execution time: 3.45ms
2024-11-24T19:26:59.693Z - [LOG] <21:26:59>: <DEBUG> onServerToClientHandshake execution time: 84.98ms
2024-11-24T19:26:59.758Z - [LOG] Header  254
2024-11-24T19:26:59.759Z - [LOG] Payload:  Buffer(23) [Uint8Array] [  254, 155, 120, 164, 204,  77,  243,  83,  28, 195, 143,  55,   32, 191,  51,  69, 189, 149,  242, 150, 168,  92, 130]
2024-11-24T19:26:59.760Z - [LOG] Receive Counter: 0
2024-11-24T19:26:59.761Z - [LOG] Packet Length: 14 Checksum Length: 8
2024-11-24T19:26:59.761Z - [LOG] <21:26:59>: <DEBUG> Checksum matched 490e630733abae59 == 490e630733abae59
2024-11-24T19:26:59.762Z - [LOG] id  2
2024-11-24T19:26:59.762Z - [LOG] 2
2024-11-24T19:26:59.763Z - [LOG] <21:26:59>: <DEBUG> onPlayStatus execution time: 0.11ms
2024-11-24T19:26:59.763Z - [LOG] id  6
2024-11-24T19:26:59.763Z - [LOG] 6
2024-11-24T19:26:59.764Z - [LOG] <21:26:59>: <DEBUG> Sending Game PACKET --> 8 | 0x08 2024-11-24T19:26:59.764Z
2024-11-24T19:26:59.765Z - [LOG] <21:26:59>: <DEBUG> sendPacket execution time: 1.31ms
2024-11-24T19:26:59.766Z - [LOG] <21:26:59>: <DEBUG> onResourcePack execution time: 1.91ms
2024-11-24T19:27:02.205Z - [LOG] Header  254
2024-11-24T19:27:02.333Z - [LOG] Payload:  Buffer(53352) [Uint8Array] [  254, 237,   3, 106, 120, 255, 171, 216, 146,  36,  135, 164,   7, 116, 153,  50,  15, 174,  93, 161,   22, 196,  32, 218,   7, 171, 173,  44,   6, 134,  201, 142,  79, 103, 255, 197,  79, 133, 141,  16,  235,  58, 189,  97, 124,  75, 146,  68, 180, 251,  ... 53302 more items]
2024-11-24T19:27:02.346Z - [LOG] Receive Counter: 1
2024-11-24T19:27:02.529Z - [LOG] Packet Length: 53343 Checksum Length: 8
2024-11-24T19:27:02.533Z - [LOG] <21:27:2>: <DEBUG> Checksum matched 871451e96492c351 == 871451e96492c351
2024-11-24T19:27:02.539Z - [LOG] id  11
2024-11-24T19:27:02.542Z - [LOG] 11
2024-11-24T19:27:02.562Z - [LOG] <21:27:2>: <DEBUG> Sending Game PACKET --> 69 | 0x45 2024-11-24T19:27:02.562Z
2024-11-24T19:27:02.567Z - [LOG] <21:27:2>: <DEBUG> sendPacket execution time: 4.17ms
2024-11-24T19:27:02.570Z - [LOG] <21:27:2>: <DEBUG> onStartGame execution time: 9.16ms
2024-11-24T19:27:02.571Z - [LOG] id  119
2024-11-24T19:27:02.573Z - [LOG] 119
2024-11-24T19:27:02.589Z - [LOG] id  122
2024-11-24T19:27:02.590Z - [LOG] 122
2024-11-24T19:27:02.591Z - [LOG] id  29
2024-11-24T19:27:02.591Z - [LOG] 29
2024-11-24T19:27:02.592Z - [LOG] id  76
2024-11-24T19:27:02.593Z - [LOG] 76
2024-11-24T19:27:02.594Z - [LOG] id  187
2024-11-24T19:27:02.595Z - [LOG] 187
2024-11-24T19:27:02.596Z - [LOG] id  188
2024-11-24T19:27:02.596Z - [LOG] 188
2024-11-24T19:27:02.597Z - [LOG] id  39
2024-11-24T19:27:02.597Z - [LOG] 39
2024-11-24T19:27:02.599Z - [LOG] id  49
2024-11-24T19:27:02.599Z - [LOG] 49
2024-11-24T19:27:02.601Z - [LOG] id  49
2024-11-24T19:27:02.601Z - [LOG] 49
2024-11-24T19:27:02.604Z - [LOG] id  49
2024-11-24T19:27:02.604Z - [LOG] 49
2024-11-24T19:27:02.605Z - [LOG] id  49
2024-11-24T19:27:02.605Z - [LOG] 49
2024-11-24T19:27:02.606Z - [LOG] id  49
2024-11-24T19:27:02.606Z - [LOG] 49
2024-11-24T19:27:02.606Z - [LOG] id  49
2024-11-24T19:27:02.606Z - [LOG] 49
2024-11-24T19:27:02.607Z - [LOG] id  50
2024-11-24T19:27:02.607Z - [LOG] 50
2024-11-24T19:27:02.608Z - [LOG] id  50
2024-11-24T19:27:02.608Z - [LOG] 50
2024-11-24T19:27:02.608Z - [LOG] id  50
2024-11-24T19:27:02.609Z - [LOG] 50
2024-11-24T19:27:02.609Z - [LOG] id  50
2024-11-24T19:27:02.609Z - [LOG] 50
2024-11-24T19:27:02.609Z - [LOG] id  50
2024-11-24T19:27:02.610Z - [LOG] 50
2024-11-24T19:27:02.610Z - [LOG] id  31
2024-11-24T19:27:02.611Z - [LOG] 31
2024-11-24T19:27:02.611Z - [LOG] id  145
2024-11-24T19:27:02.612Z - [LOG] 145
2024-11-24T19:27:02.634Z - [LOG] id  52
2024-11-24T19:27:02.640Z - [LOG] 52
2024-11-24T19:27:02.784Z - [LOG] id  63
2024-11-24T19:27:02.794Z - [LOG] 63
2024-11-24T19:27:02.798Z - [LOG] id  29
2024-11-24T19:27:02.799Z - [LOG] 29
2024-11-24T19:27:03.303Z - [LOG] Header  254
2024-11-24T19:27:03.304Z - [LOG] Payload:  Buffer(27) [Uint8Array] [  254, 68, 184,  63, 180,  72, 150,   71, 60, 134,  94,  99, 236, 110,  123, 46, 232, 152, 243, 186,  40,   63, 52,  60, 119,  58, 142]
2024-11-24T19:27:03.305Z - [LOG] Receive Counter: 2
2024-11-24T19:27:03.306Z - [LOG] Packet Length: 18 Checksum Length: 8
2024-11-24T19:27:03.306Z - [LOG] <21:27:3>: <DEBUG> Checksum matched 5272fd8a60042ac7 == 5272fd8a60042ac7
2024-11-24T19:27:03.307Z - [LOG] id  70
2024-11-24T19:27:03.307Z - [LOG] 70
2024-11-24T19:27:03.307Z - [LOG] id  121
2024-11-24T19:27:03.308Z - [LOG] 121
2024-11-24T19:27:03.434Z - [LOG] Header  254
2024-11-24T19:27:03.438Z - [LOG] Payload:  Buffer(1840) [Uint8Array] [  254,  83,  96, 195,  70,  31,  41, 147,  48, 151,   42, 228,  15, 173, 122,  64,  75, 255,  60,  47,   71, 133,  91,  56, 131, 116, 151, 119, 126, 135,  240, 198,  57, 136, 129,  28, 173,  60, 204,  55,  177,  90, 224,   8, 116, 132,  12,  47, 108,  58,  ... 1790 more items]
2024-11-24T19:27:03.441Z - [LOG] Receive Counter: 3
2024-11-24T19:27:03.443Z - [LOG] Packet Length: 1831 Checksum Length: 8
2024-11-24T19:27:03.443Z - [LOG] <21:27:3>: <DEBUG> Checksum matched 47f57a8236d7170b == 47f57a8236d7170b
2024-11-24T19:27:03.444Z - [LOG] id  58
2024-11-24T19:27:03.444Z - [LOG] 58
2024-11-24T19:27:03.559Z - [LOG] Header  254
2024-11-24T19:27:03.564Z - [LOG] Payload:  Buffer(1753) [Uint8Array] [  254,   9, 182, 115,  58, 144, 142,  81, 106,  72,  118,  37, 107,  45, 172, 133, 227, 124,  77, 198,  162,   9,  74,  16, 230, 113, 117, 209, 253,   3,  174, 203, 128, 175, 196, 160,  31, 137,  93, 107,   35,   8, 235, 217,  22,  92, 113,  97, 219,   2,  ... 1703 more items]
2024-11-24T19:27:03.570Z - [LOG] Receive Counter: 4
2024-11-24T19:27:03.572Z - [LOG] Packet Length: 1744 Checksum Length: 8
2024-11-24T19:27:03.572Z - [LOG] <21:27:3>: <DEBUG> Checksum matched cef847eba34fc02e == cef847eba34fc02e
2024-11-24T19:27:03.573Z - [LOG] id  58
2024-11-24T19:27:03.573Z - [LOG] 58
2024-11-24T19:27:03.679Z - [LOG] Header  254
2024-11-24T19:27:03.683Z - [LOG] Payload:  Buffer(2012) [Uint8Array] [  254, 216,  77,  90, 198,   6, 167,  64,  68, 154,  247, 231, 151, 148, 190, 247,  93,  18, 163, 177,  127, 223, 122,  56, 211, 187, 213,  75, 193,  34,   13, 185,  13, 159, 170, 173, 245, 153,  92, 179,  137, 230, 253,  83,  71,  36, 101, 199,  43, 201,  ... 1962 more items]
2024-11-24T19:27:03.688Z - [LOG] Receive Counter: 5
2024-11-24T19:27:03.689Z - [LOG] Packet Length: 2003 Checksum Length: 8
2024-11-24T19:27:03.690Z - [LOG] <21:27:3>: <DEBUG> Checksum matched f145bb7eebc0139b == f145bb7eebc0139b
2024-11-24T19:27:03.690Z - [LOG] id  58
2024-11-24T19:27:03.691Z - [LOG] 58
2024-11-24T19:27:03.823Z - [LOG] Header  254
2024-11-24T19:27:03.828Z - [LOG] Payload:  Buffer(2129) [Uint8Array] [  254, 116,  88, 121,  27,  10,  70,  87, 127, 155,  186,   7,  88, 204,  64, 152, 120, 213, 190,  27,   94,   9,  98, 151, 182,  80,  25,  42, 163,  25,  102, 109, 227, 208, 148, 176, 172, 213, 104,  96,  173, 143, 186, 105, 237, 241, 239,  52,  75, 255,  ... 2079 more items]
2024-11-24T19:27:03.831Z - [LOG] Receive Counter: 6
2024-11-24T19:27:03.833Z - [LOG] Packet Length: 2120 Checksum Length: 8
2024-11-24T19:27:03.834Z - [LOG] <21:27:3>: <DEBUG> Checksum matched e80ff57c5320c6ff == e80ff57c5320c6ff
2024-11-24T19:27:03.835Z - [LOG] id  58
2024-11-24T19:27:03.836Z - [LOG] 58
2024-11-24T19:27:03.939Z - [LOG] Header  254
2024-11-24T19:27:03.942Z - [LOG] Payload:  Buffer(1750) [Uint8Array] [  254,  56, 200, 216, 125, 249, 254, 180, 234,  82,  180, 250, 183,  47, 229, 151,  96,  22,   5,  35,  191, 255, 212, 104, 164, 160, 190,   0,  85,  45,  194, 233, 157, 150, 156, 241, 111, 220, 104, 221,   46, 234, 238,  32,   6,  52, 185,   5,  39, 201,  ... 1700 more items]
2024-11-24T19:27:03.945Z - [LOG] Receive Counter: 7
2024-11-24T19:27:03.947Z - [LOG] Packet Length: 1741 Checksum Length: 8
2024-11-24T19:27:03.947Z - [LOG] <21:27:3>: <DEBUG> Checksum matched 1c60951bddcd41a6 == 1c60951bddcd41a6
2024-11-24T19:27:03.948Z - [LOG] id  58
2024-11-24T19:27:03.948Z - [LOG] 58
2024-11-24T19:27:04.067Z - [LOG] Header  254
2024-11-24T19:27:04.074Z - [LOG] Payload:  Buffer(1757) [Uint8Array] [  254,  23, 134,  84, 184,  21,  56, 209,  48, 149,  147, 114, 198, 140,  10,  43, 205,  15, 139, 146,  174, 115,  34, 233, 167,  93, 147, 112, 209, 151,   60,  36, 107,  56,  53, 138, 115,  60,  14, 157,   18, 164, 231,  34, 242, 126, 227, 190,  92,  75,  ... 1707 more items]
2024-11-24T19:27:04.079Z - [LOG] Receive Counter: 8
2024-11-24T19:27:04.081Z - [LOG] Packet Length: 1748 Checksum Length: 8
2024-11-24T19:27:04.081Z - [LOG] <21:27:4>: <DEBUG> Checksum matched 1eecd4b70921a670 == 1eecd4b70921a670
2024-11-24T19:27:04.082Z - [LOG] id  58
2024-11-24T19:27:04.082Z - [LOG] 58
2024-11-24T19:27:04.188Z - [LOG] Header  254
2024-11-24T19:27:04.192Z - [LOG] Payload:  Buffer(1609) [Uint8Array] [  254, 205,  69, 155, 234, 185,  74, 128,  52, 175,  231,  41,  95, 226, 210,  78, 197,  42, 253,  20,  131,   9, 250, 166, 192, 183,  14, 128,  98, 137,  238, 240, 236,  65,  68, 120,   1, 226,  65,  45,   98,  23, 119,  16,  26, 242, 217,  19, 101,   9,  ... 1559 more items]
2024-11-24T19:27:04.195Z - [LOG] Receive Counter: 9
2024-11-24T19:27:04.196Z - [LOG] Packet Length: 1600 Checksum Length: 8
2024-11-24T19:27:04.196Z - [LOG] <21:27:4>: <DEBUG> Checksum matched 370a80515f33a26e == 370a80515f33a26e
2024-11-24T19:27:04.197Z - [LOG] id  58
2024-11-24T19:27:04.197Z - [LOG] 58
2024-11-24T19:27:04.314Z - [LOG] Header  254
2024-11-24T19:27:04.323Z - [LOG] Payload:  Buffer(1902) [Uint8Array] [  254, 204, 253,  39, 243,  33,  48,  49,  32,  77,  172,  58,  37,  97,  14,  89, 163, 131, 104, 227,  119,  69,  26, 251, 249, 147,  77,  16,  52, 216,   56, 172,   8,  87,  65, 108,  81, 211, 180, 148,    7, 247, 164, 162,  30, 124, 248, 191, 186, 143,  ... 1852 more items]
2024-11-24T19:27:04.326Z - [LOG] Receive Counter: 10
2024-11-24T19:27:04.328Z - [LOG] Packet Length: 1893 Checksum Length: 8
2024-11-24T19:27:04.329Z - [LOG] <21:27:4>: <DEBUG> Checksum matched e16239bf2fb77056 == e16239bf2fb77056
2024-11-24T19:27:04.330Z - [LOG] id  58
2024-11-24T19:27:04.330Z - [LOG] 58
2024-11-24T19:27:04.439Z - [LOG] Header  254
2024-11-24T19:27:04.442Z - [LOG] Payload:  Buffer(1742) [Uint8Array] [  254, 148,  67,  82, 154,  26, 159, 185, 157,  85,   24, 132, 243, 232,  85,  91,  75,  21,  43, 222,    2, 107, 100, 243, 215, 148,  14,  22, 119, 171,  207,  24, 212,  59,   3, 230, 158, 153, 115,  15,  152, 105,   0, 122,  12,   0, 249, 244,  62,  50,  ... 1692 more items]
2024-11-24T19:27:04.445Z - [LOG] Receive Counter: 11
2024-11-24T19:27:04.446Z - [LOG] Packet Length: 1733 Checksum Length: 8
2024-11-24T19:27:04.447Z - [LOG] <21:27:4>: <DEBUG> Checksum matched de0fe4f2de86bf87 == de0fe4f2de86bf87
2024-11-24T19:27:04.448Z - [LOG] id  58
2024-11-24T19:27:04.448Z - [LOG] 58
2024-11-24T19:27:04.565Z - [LOG] Header  254
2024-11-24T19:27:04.569Z - [LOG] Payload:  Buffer(1661) [Uint8Array] [  254,   0, 149, 207, 198, 150,   7, 149,  31,  83,   71,  96,  62, 237, 171, 122, 216, 236,  24, 212,   21, 251,  75,  91,  62,   8, 235, 201, 201,  41,  254, 145,  78,  76, 215, 150,  16,  61, 115,  57,    8,  61, 207, 135, 175,  14, 232, 243, 112, 173,  ... 1611 more items]
2024-11-24T19:27:04.575Z - [LOG] Receive Counter: 12
2024-11-24T19:27:04.576Z - [LOG] Packet Length: 1652 Checksum Length: 8
2024-11-24T19:27:04.577Z - [LOG] <21:27:4>: <DEBUG> Checksum matched 73d3b93dcb2ed696 == 73d3b93dcb2ed696
2024-11-24T19:27:04.578Z - [LOG] id  58
2024-11-24T19:27:04.578Z - [LOG] 58
2024-11-24T19:27:04.623Z - [LOG] Header  254
2024-11-24T19:27:04.626Z - [LOG] Payload:  Buffer(1246) [Uint8Array] [  254, 213,  64, 249,  98,   3, 192,   9, 206, 243,   76,  62,  50, 243, 227, 128, 186,   4, 230, 213,  165,  58,  91, 200, 128, 141, 152, 231, 119,  83,   76,   8,  78, 161, 211,  42,  25, 151, 114, 112,  240,  76, 222, 218,  25, 144,  36, 182, 141,  36,  ... 1196 more items]
2024-11-24T19:27:04.632Z - [LOG] Receive Counter: 13
2024-11-24T19:27:04.634Z - [LOG] Packet Length: 1237 Checksum Length: 8
2024-11-24T19:27:04.634Z - [LOG] <21:27:4>: <DEBUG> Checksum matched d18224445e0631c4 == d18224445e0631c4
2024-11-24T19:27:04.636Z - [LOG] id  58
2024-11-24T19:27:04.637Z - [LOG] 58
2024-11-24T19:27:04.742Z - [LOG] Header  254
2024-11-24T19:27:04.746Z - [LOG] Payload:  Buffer(1802) [Uint8Array] [  254, 159,  91, 173, 120, 206, 210,  75, 136,  248, 234, 130, 220,  51, 233, 106, 193,   8,   21, 200, 162, 157, 226, 188, 246, 224, 235,  191, 158, 117,   7, 100, 155,  42, 249,  33,  131,  99,  51, 245, 236, 129, 252, 148, 222,   15, 159, 109, 104,  21,  ... 1752 more items]
2024-11-24T19:27:04.750Z - [LOG] Receive Counter: 14
2024-11-24T19:27:04.754Z - [LOG] Packet Length: 1793 Checksum Length: 8
2024-11-24T19:27:04.754Z - [LOG] <21:27:4>: <DEBUG> Checksum matched e502983caad9cfb6 == e502983caad9cfb6
2024-11-24T19:27:04.756Z - [LOG] id  58
2024-11-24T19:27:04.756Z - [LOG] 58
2024-11-24T19:27:04.884Z - [LOG] Header  254
2024-11-24T19:27:04.887Z - [LOG] Payload:  Buffer(1511) [Uint8Array] [  254, 118,  65, 185, 104, 187,  21, 206, 218, 155,   29, 239,  42, 114, 216, 234,  69,  55, 151,  62,   82, 208, 121,  10, 245, 238, 200, 144,  14,  37,  230, 220,  90,  57, 229,  35, 134, 201, 114, 222,  236, 201, 151, 146,  84, 108,  63, 142, 252,  65,  ... 1461 more items]
2024-11-24T19:27:04.891Z - [LOG] Receive Counter: 15
2024-11-24T19:27:04.892Z - [LOG] Packet Length: 1502 Checksum Length: 8
2024-11-24T19:27:04.893Z - [LOG] <21:27:4>: <DEBUG> Checksum matched 2cab8608c149a305 == 2cab8608c149a305
2024-11-24T19:27:04.894Z - [LOG] id  58
2024-11-24T19:27:04.894Z - [LOG] 58
2024-11-24T19:27:05.004Z - [LOG] Header  254
2024-11-24T19:27:05.007Z - [LOG] Payload:  Buffer(1560) [Uint8Array] [  254, 181,  33,  28,  71,   0, 194,  35,  30, 183,  245,  95,  97, 200,  37, 117, 140, 132, 103, 217,  239, 109, 152, 104,  63, 186, 198, 124, 186,  32,  151,   4, 252, 241, 195, 188, 134, 177, 122, 167,  238, 218, 232,  12,  88, 109, 240, 212, 175,  86,  ... 1510 more items]
2024-11-24T19:27:05.010Z - [LOG] Receive Counter: 16
2024-11-24T19:27:05.012Z - [LOG] Packet Length: 1551 Checksum Length: 8
2024-11-24T19:27:05.012Z - [LOG] <21:27:5>: <DEBUG> Checksum matched 350545c4bdaf60bd == 350545c4bdaf60bd
2024-11-24T19:27:05.013Z - [LOG] id  58
2024-11-24T19:27:05.013Z - [LOG] 58
2024-11-24T19:27:05.130Z - [LOG] Header  254
2024-11-24T19:27:05.133Z - [LOG] Payload:  Buffer(1514) [Uint8Array] [  254,  77,  85, 230,  96,  59, 164, 247,  52,  72,  150, 170,  10,  85,  32,  40,  54,  81,  32, 100,  147, 130, 248,  72, 253, 138,  68,   8, 134, 212,   10,  15,  47,  26,  35, 170, 170,  35, 251, 148,  125, 165, 158,   0,  59, 103, 181,  94, 170,  41,  ... 1464 more items]
2024-11-24T19:27:05.137Z - [LOG] Receive Counter: 17
2024-11-24T19:27:05.138Z - [LOG] Packet Length: 1505 Checksum Length: 8
2024-11-24T19:27:05.139Z - [LOG] <21:27:5>: <DEBUG> Checksum matched 28fbffc5e5d0f729 == 28fbffc5e5d0f729
2024-11-24T19:27:05.139Z - [LOG] id  58
2024-11-24T19:27:05.140Z - [LOG] 58
2024-11-24T19:27:05.256Z - [LOG] Header  254
2024-11-24T19:27:05.259Z - [LOG] Payload:  Buffer(1494) [Uint8Array] [  254,  21, 139, 210, 230, 163, 191,  97,  89, 219,   59, 195,  44,   0,  59,  65, 116, 234,  80, 157,  130, 239, 170, 128,   5, 252, 142,  52, 240, 148,  175,  71, 165,  19,  16, 143,  23,  86, 243, 135,  138, 134, 248, 159,   0, 131, 249, 101,  57,  40,  ... 1444 more items]
2024-11-24T19:27:05.262Z - [LOG] Receive Counter: 18
2024-11-24T19:27:05.263Z - [LOG] Packet Length: 1485 Checksum Length: 8
2024-11-24T19:27:05.263Z - [LOG] <21:27:5>: <DEBUG> Checksum matched fea23a42646002b0 == fea23a42646002b0
2024-11-24T19:27:05.264Z - [LOG] id  58
2024-11-24T19:27:05.264Z - [LOG] 58
2024-11-24T19:27:05.371Z - [LOG] Header  254
2024-11-24T19:27:05.375Z - [LOG] Payload:  Buffer(1995) [Uint8Array] [  254, 142, 218,  96,  59,  95,  11,  69,  28, 134,   93, 173, 204, 112,  76, 144, 134, 223,  59, 250,  255,  43, 167, 222, 156, 142, 232, 191,   9,  94,  132, 229,  83,  70,  55,  73, 203,  50, 172, 243,  248, 175,  24,  32, 220,  90, 171, 119, 165,  65,  ... 1945 more items]
2024-11-24T19:27:05.380Z - [LOG] Receive Counter: 19
2024-11-24T19:27:05.382Z - [LOG] Packet Length: 1986 Checksum Length: 8
2024-11-24T19:27:05.382Z - [LOG] <21:27:5>: <DEBUG> Checksum matched 4f55a2a66ec57e80 == 4f55a2a66ec57e80
2024-11-24T19:27:05.383Z - [LOG] id  58
2024-11-24T19:27:05.383Z - [LOG] 58
2024-11-24T19:27:05.505Z - [LOG] Header  254
2024-11-24T19:27:05.508Z - [LOG] Payload:  Buffer(1889) [Uint8Array] [  254, 125, 175, 116, 155, 175,  54, 103,  28,  228, 245, 130,  95, 235, 120, 153, 143, 250,  210,  41,  37, 196,  48, 206, 176, 148, 216,  214, 172,  36, 128, 240, 201, 146, 109, 112,  222,  85, 231, 223, 207, 201, 107, 142, 121,   29, 228, 106, 119, 237,  ... 1839 more items]
2024-11-24T19:27:05.511Z - [LOG] Receive Counter: 20
2024-11-24T19:27:05.512Z - [LOG] Packet Length: 1880 Checksum Length: 8
2024-11-24T19:27:05.513Z - [LOG] <21:27:5>: <DEBUG> Checksum matched d3c868057163cfed == d3c868057163cfed
2024-11-24T19:27:05.513Z - [LOG] id  58
2024-11-24T19:27:05.514Z - [LOG] 58
2024-11-24T19:27:05.560Z - [LOG] Header  254
2024-11-24T19:27:05.563Z - [LOG] Payload:  Buffer(1362) [Uint8Array] [  254,  42,  85, 122, 238, 165,  44, 207, 185, 159,  230, 119, 185, 175, 146, 236,  88,  37, 237, 139,   15, 179,   5, 119, 213, 113,  30,  84,  86, 118,  204, 195,  11, 254,   8, 228, 171,  87,  34,  42,   86,   7,  53, 239,  63, 110, 195,  58,  85, 213,  ... 1312 more items]
2024-11-24T19:27:05.571Z - [LOG] Receive Counter: 21
2024-11-24T19:27:05.573Z - [LOG] Packet Length: 1353 Checksum Length: 8
2024-11-24T19:27:05.573Z - [LOG] <21:27:5>: <DEBUG> Checksum matched 1764b2da2c1a2780 == 1764b2da2c1a2780
2024-11-24T19:27:05.574Z - [LOG] id  58
2024-11-24T19:27:05.574Z - [LOG] 58
2024-11-24T19:27:05.688Z - [LOG] Header  254
2024-11-24T19:27:05.691Z - [LOG] Payload:  Buffer(1493) [Uint8Array] [  254, 157,  97, 195, 200, 174, 162,   8, 155,  17,  128, 166, 210,  92, 207,  88, 248,   0, 117,  35,   50,  46,  38,  41,  91,  35, 136,  97,  31, 186,   57, 142, 248, 243, 114, 157, 195,  65, 103,  84,  149,  21, 149, 109,  12,  58,  15, 195,  98, 179,  ... 1443 more items]
2024-11-24T19:27:05.694Z - [LOG] Receive Counter: 22
2024-11-24T19:27:05.695Z - [LOG] Packet Length: 1484 Checksum Length: 8
2024-11-24T19:27:05.695Z - [LOG] <21:27:5>: <DEBUG> Checksum matched 7024df190b09eeeb == 7024df190b09eeeb
2024-11-24T19:27:05.696Z - [LOG] id  58
2024-11-24T19:27:05.696Z - [LOG] 58
2024-11-24T19:27:05.750Z - [LOG] Header  254
2024-11-24T19:27:05.753Z - [LOG] Payload:  Buffer(1384) [Uint8Array] [  254,  80, 237, 128, 115,  69,  55, 180, 240, 230,  146, 106, 171,  57, 107, 221, 133,  38, 129, 187,    2, 174,   7, 144,  92,  98, 103,  13, 205,  38,   96, 168,  47, 233, 179, 208, 169,  37,  62,  59,  192, 211, 178,  70, 216, 221, 134, 159,   2, 152,  ... 1334 more items]
2024-11-24T19:27:05.756Z - [LOG] Receive Counter: 23
2024-11-24T19:27:05.758Z - [LOG] Packet Length: 1375 Checksum Length: 8
2024-11-24T19:27:05.758Z - [LOG] <21:27:5>: <DEBUG> Checksum matched 1d613269b93478be == 1d613269b93478be
2024-11-24T19:27:05.758Z - [LOG] id  58
2024-11-24T19:27:05.759Z - [LOG] 58
2024-11-24T19:27:05.880Z - [LOG] Header  254
2024-11-24T19:27:05.883Z - [LOG] Payload:  Buffer(1706) [Uint8Array] [  254,  44, 246, 107, 180, 204, 169,  57, 102, 250,  189,  45,  98, 132, 109, 221,  13, 121, 164, 104,   41, 165, 219, 182, 160,  93,  53,  65,   6, 108,  247,  18,  48,   3, 253, 111, 105,  47,  32, 165,  208, 206, 163, 245, 147,  18,  47, 198,  35, 237,  ... 1656 more items]
2024-11-24T19:27:05.887Z - [LOG] Receive Counter: 24
2024-11-24T19:27:05.889Z - [LOG] Packet Length: 1697 Checksum Length: 8
2024-11-24T19:27:05.889Z - [LOG] <21:27:5>: <DEBUG> Checksum matched 3180f4bb5d4d14dc == 3180f4bb5d4d14dc
2024-11-24T19:27:05.890Z - [LOG] id  58
2024-11-24T19:27:05.891Z - [LOG] 58
