2024-11-24T19:20:56.823Z - [TIME START] Spawn
2024-11-24T19:20:56.830Z - Starting connection...
2024-11-24T19:20:56.867Z - [LOG] <21:20:56>: <DEBUG> setupClientProfile execution time: 0.06ms
2024-11-24T19:20:56.871Z - [LOG] <21:20:56>: <DEBUG> createOfflineSession execution time: 37.44ms
2024-11-24T19:20:56.871Z - [LOG] <21:20:56>: <DEBUG> initializeSession execution time: 39.07ms
2024-11-24T19:20:56.871Z - [LOG] <21:20:56>: <DEBUG> connect execution time: 39.81ms
2024-11-24T19:20:56.886Z - [LOG] <21:20:56>: <DEBUG> setupClientChains execution time: 14.15ms
2024-11-24T19:20:57.292Z - [LOG] <21:20:57>: <DEBUG> handleSessionStart execution time: 0.87ms
2024-11-24T19:20:57.669Z - [LOG] handle
2024-11-24T19:20:57.673Z - [LOG] <21:20:57>: <DEBUG> Sending Game PACKET --> 193 | 0xc1 2024-11-24T19:20:57.672Z
2024-11-24T19:20:57.674Z - [LOG] <21:20:57>: <DEBUG> sendPacket execution time: 1.88ms
2024-11-24T19:20:57.675Z - [TIME END] Spawn: 852ms
2024-11-24T19:20:57.680Z - [LOG] {  type: 'MCPE',  message: 'PocketMine-MP Server',  protocol: 748,  version: '1.21.40',  playerCount: 0,  maxPlayers: 20,  serverGUID: 2446291095431307000,  serverName: 'PocketMine-MP',  gamemode: 'Survival'}
2024-11-24T19:20:57.685Z - Connected successfully: {"type":"MCPE","message":"PocketMine-MP Server","protocol":748,"version":"1.21.40","playerCount":0,"maxPlayers":20,"serverGUID":2446291095431307000,"serverName":"PocketMine-MP","gamemode":"Survival"}
2024-11-24T19:20:57.988Z - [LOG] Header  254
2024-11-24T19:20:57.992Z - [LOG] Payload:  Buffer(14) [Uint8Array] [  254, 12, 143, 1, 1, 0,    0,  0,   0, 0, 0, 0,    0,  0]
2024-11-24T19:20:57.994Z - [LOG] id  143
2024-11-24T19:20:57.995Z - [LOG] 143
2024-11-24T19:20:57.995Z - [LOG] <21:20:57>: <DEBUG> S -> C NetworkSettingsPacket
2024-11-24T19:20:57.996Z - [LOG] test
2024-11-24T19:20:57.997Z - [LOG] <21:20:57>: <DEBUG> Sending Game PACKET --> 1 | 0x01 2024-11-24T19:20:57.996Z
2024-11-24T19:20:58.035Z - [LOG] <21:20:58>: <DEBUG> sendPacket execution time: 38.59ms
2024-11-24T19:20:58.036Z - [LOG] <21:20:58>: <DEBUG> sendLoginPacket execution time: 40.07ms
2024-11-24T19:20:58.037Z - [LOG] <21:20:58>: <DEBUG> onNetworkSettings execution time: 41.28ms
2024-11-24T19:20:58.175Z - [LOG] Header  254
2024-11-24T19:20:58.177Z - [LOG] Payload:  Buffer(358) [Uint8Array] [  254,   0,  21, 207,  77, 110, 163,  48,  24,   0,  208,  69, 206,  51, 149, 129,  52,  45, 203,  96,  236,  16,  39,  56, 194, 240, 217,  41, 155,  10,  112,  53, 128, 129, 252,  64, 128, 112, 163, 145,  230, 144, 109, 223,  13, 222, 255, 213, 234, 223,  ... 308 more items]
2024-11-24T19:20:58.180Z - [LOG] id  3
2024-11-24T19:20:58.180Z - [LOG] 3
2024-11-24T19:20:58.185Z - [LOG] <21:20:58>: <DEBUG> validateKeys execution time: 0.08ms
2024-11-24T19:20:58.263Z - [LOG] <21:20:58>: <DEBUG> createSharedSecret execution time: 77.40ms
2024-11-24T19:20:58.267Z - [LOG] <21:20:58>: <DEBUG> setupEncryption execution time: 3.38ms
2024-11-24T19:20:58.268Z - [LOG] <21:20:58>: <DEBUG> Sending Game PACKET --> 4 | 0x04 2024-11-24T19:20:58.267Z
2024-11-24T19:20:58.271Z - [LOG] <21:20:58>: <DEBUG> sendPacket execution time: 2.94ms
2024-11-24T19:20:58.271Z - [LOG] <21:20:58>: <DEBUG> sendClientToServerHandshake execution time: 3.72ms
2024-11-24T19:20:58.272Z - [LOG] <21:20:58>: <DEBUG> onServerToClientHandshake execution time: 89.63ms
2024-11-24T19:20:58.338Z - [LOG] Header  254
2024-11-24T19:20:58.338Z - [LOG] Payload:  Buffer(23) [Uint8Array] [  254,  29, 128,  23,  56, 186,   63, 122,  89, 119, 237, 157,  163, 237, 228,  73, 217, 240,  136,  98, 208, 194,  59]
2024-11-24T19:20:58.339Z - [LOG] Receive Counter: 0
2024-11-24T19:20:58.341Z - [LOG] Packet Length: 14 Checksum Length: 8
2024-11-24T19:20:58.343Z - [LOG] <21:20:58>: <DEBUG> Checksum matched 362f76dacc23e328 == 362f76dacc23e328
2024-11-24T19:20:58.343Z - [LOG] id  2
2024-11-24T19:20:58.343Z - [LOG] 2
2024-11-24T19:20:58.344Z - [LOG] <21:20:58>: <DEBUG> onPlayStatus execution time: 0.12ms
2024-11-24T19:20:58.344Z - [LOG] id  6
2024-11-24T19:20:58.344Z - [LOG] 6
2024-11-24T19:20:58.345Z - [LOG] <21:20:58>: <DEBUG> Sending Game PACKET --> 8 | 0x08 2024-11-24T19:20:58.345Z
2024-11-24T19:20:58.346Z - [LOG] <21:20:58>: <DEBUG> sendPacket execution time: 1.25ms
2024-11-24T19:20:58.347Z - [LOG] <21:20:58>: <DEBUG> onResourcePack execution time: 1.87ms
2024-11-24T19:21:00.785Z - [LOG] Header  254
2024-11-24T19:21:00.903Z - [LOG] Payload:  Buffer(53353) [Uint8Array] [  254,  89, 210, 204,  57, 236,  73, 128, 175, 103,  138, 108, 192, 142, 107, 228,  46, 151, 167,  88,  121, 175,  19,  54, 151, 139, 130, 181,  80, 122,    3, 100,  29,  72, 152,  59, 138,  76, 248,   4,   18, 229, 252, 201, 133,  25, 137, 106,  59, 248,  ... 53303 more items]
2024-11-24T19:21:00.913Z - [LOG] Receive Counter: 1
2024-11-24T19:21:01.004Z - [LOG] Packet Length: 53344 Checksum Length: 8
2024-11-24T19:21:01.005Z - [LOG] <21:21:1>: <DEBUG> Checksum matched 0c4d4dfcca180607 == 0c4d4dfcca180607
2024-11-24T19:21:01.008Z - [LOG] id  11
2024-11-24T19:21:01.009Z - [LOG] 11
2024-11-24T19:21:01.024Z - [LOG] <21:21:1>: <DEBUG> Sending Game PACKET --> 69 | 0x45 2024-11-24T19:21:01.024Z
2024-11-24T19:21:01.026Z - [LOG] <21:21:1>: <DEBUG> sendPacket execution time: 2.32ms
2024-11-24T19:21:01.027Z - [LOG] <21:21:1>: <DEBUG> onStartGame execution time: 4.13ms
2024-11-24T19:21:01.027Z - [LOG] id  119
2024-11-24T19:21:01.028Z - [LOG] 119
2024-11-24T19:21:01.043Z - [LOG] id  122
2024-11-24T19:21:01.044Z - [LOG] 122
2024-11-24T19:21:01.045Z - [LOG] id  29
2024-11-24T19:21:01.045Z - [LOG] 29
2024-11-24T19:21:01.046Z - [LOG] id  76
2024-11-24T19:21:01.046Z - [LOG] 76
2024-11-24T19:21:01.050Z - [LOG] id  187
2024-11-24T19:21:01.050Z - [LOG] 187
2024-11-24T19:21:01.051Z - [LOG] id  188
2024-11-24T19:21:01.051Z - [LOG] 188
2024-11-24T19:21:01.052Z - [LOG] id  39
2024-11-24T19:21:01.052Z - [LOG] 39
2024-11-24T19:21:01.053Z - [LOG] id  49
2024-11-24T19:21:01.053Z - [LOG] 49
2024-11-24T19:21:01.055Z - [LOG] id  49
2024-11-24T19:21:01.055Z - [LOG] 49
2024-11-24T19:21:01.055Z - [LOG] id  49
2024-11-24T19:21:01.056Z - [LOG] 49
2024-11-24T19:21:01.056Z - [LOG] id  49
2024-11-24T19:21:01.056Z - [LOG] 49
2024-11-24T19:21:01.056Z - [LOG] id  49
2024-11-24T19:21:01.056Z - [LOG] 49
2024-11-24T19:21:01.057Z - [LOG] id  49
2024-11-24T19:21:01.057Z - [LOG] 49
2024-11-24T19:21:01.058Z - [LOG] id  50
2024-11-24T19:21:01.058Z - [LOG] 50
2024-11-24T19:21:01.059Z - [LOG] id  50
2024-11-24T19:21:01.059Z - [LOG] 50
2024-11-24T19:21:01.059Z - [LOG] id  50
2024-11-24T19:21:01.059Z - [LOG] 50
2024-11-24T19:21:01.060Z - [LOG] id  50
2024-11-24T19:21:01.060Z - [LOG] 50
2024-11-24T19:21:01.060Z - [LOG] id  50
2024-11-24T19:21:01.060Z - [LOG] 50
2024-11-24T19:21:01.060Z - [LOG] id  31
2024-11-24T19:21:01.061Z - [LOG] 31
2024-11-24T19:21:01.061Z - [LOG] id  145
2024-11-24T19:21:01.061Z - [LOG] 145
2024-11-24T19:21:01.087Z - [LOG] id  52
2024-11-24T19:21:01.087Z - [LOG] 52
2024-11-24T19:21:01.193Z - [LOG] id  63
2024-11-24T19:21:01.193Z - [LOG] 63
2024-11-24T19:21:01.196Z - [LOG] id  29
2024-11-24T19:21:01.197Z - [LOG] 29
2024-11-24T19:21:02.153Z - [LOG] Header  254
2024-11-24T19:21:02.158Z - [LOG] Payload:  Buffer(1840) [Uint8Array] [  254, 148,  89,  39,  88, 233,  67,  80, 125, 108,  113, 135, 212, 237, 237,  91, 197,  85, 252,  21,  124, 189, 140, 234, 135,   9, 114, 125, 106,  46,   60,   2, 115, 239, 147,  44,  16, 253, 137, 109,   59,  56,  38,  37, 233,  28, 188, 135,  75, 235,  ... 1790 more items]
2024-11-24T19:21:02.161Z - [LOG] Receive Counter: 2
2024-11-24T19:21:02.163Z - [LOG] Packet Length: 1831 Checksum Length: 8
2024-11-24T19:21:02.163Z - [LOG] <21:21:2>: <ERROR> Decryption error: Checksum mismatch b96bbc46128e849c != c392b8f3eba03175
2024-11-24T19:21:02.279Z - [LOG] Header  254
2024-11-24T19:21:02.283Z - [LOG] Payload:  Buffer(1753) [Uint8Array] [  254, 230,  52, 223,  10, 134, 227,  49,  87,   8,  167, 164,   7, 232, 108, 165,  46,  55,   9, 213,   23, 198, 161, 154, 240, 114, 253,  96, 191,  44,  133, 158, 163,  35,  57, 179, 159,  45, 127, 144,   76, 204,  72, 205,  45, 127,  50, 139, 189,  58,  ... 1703 more items]
2024-11-24T19:21:02.286Z - [LOG] Receive Counter: 3
2024-11-24T19:21:02.288Z - [LOG] Packet Length: 1744 Checksum Length: 8
2024-11-24T19:21:02.288Z - [LOG] <21:21:2>: <ERROR> Decryption error: Checksum mismatch 30090cfa69632d62 != 3cb14fc1a035a7d5
2024-11-24T19:21:02.401Z - [LOG] Header  254
2024-11-24T19:21:02.405Z - [LOG] Payload:  Buffer(2012) [Uint8Array] [  254,   5, 187, 105,  89, 246,  49, 166, 116, 169,  214,  75, 143, 212,  91, 224, 122, 154,  92, 247,   83, 158,  87, 185,  34,  19, 167, 195,  63, 101,  234, 109,  59, 104, 118, 149,  21,  86, 202,  98,  200,  50, 164, 218,  38, 108, 172,  19,  27, 125,  ... 1962 more items]
2024-11-24T19:21:02.408Z - [LOG] Receive Counter: 4
2024-11-24T19:21:02.409Z - [LOG] Packet Length: 2003 Checksum Length: 8
2024-11-24T19:21:02.409Z - [LOG] <21:21:2>: <ERROR> Decryption error: Checksum mismatch 06f8f87a73d01203 != 5a4a0675bf614fe9
2024-11-24T19:21:02.524Z - [LOG] Header  254
2024-11-24T19:21:02.528Z - [LOG] Payload:  Buffer(2129) [Uint8Array] [  254,  71,  84, 248, 182, 228, 104, 238, 125, 195,  103,  52, 119, 179,  57, 205, 181, 157, 119,  65,    6,  45,  13, 150,  79,  48, 107, 130, 211, 158,  105, 140, 237, 182, 114, 108,   8, 110,  88, 149,  140, 207,  80,  29, 148,  97,  84, 133, 113, 174,  ... 2079 more items]
2024-11-24T19:21:02.532Z - [LOG] Receive Counter: 5
2024-11-24T19:21:02.534Z - [LOG] Packet Length: 2120 Checksum Length: 8
2024-11-24T19:21:02.535Z - [LOG] <21:21:2>: <ERROR> Decryption error: Checksum mismatch 7bdd21b0812f8792 != 5b2268a519b0710c
2024-11-24T19:21:02.649Z - [LOG] Header  254
2024-11-24T19:21:02.653Z - [LOG] Payload:  Buffer(1750) [Uint8Array] [  254, 192, 170,  29, 225, 182,  52,  93, 217,  67,  160, 226, 125, 112, 246,  16,  48, 149,  30, 127,    5, 221, 110, 169, 113, 166, 190,  59, 182, 104,   75,  19,  68, 237, 165,  78, 202, 246, 233,  73,   29, 200,  95, 250,  11, 156,  13, 121,  31, 247,  ... 1700 more items]
2024-11-24T19:21:02.656Z - [LOG] Receive Counter: 6
2024-11-24T19:21:02.657Z - [LOG] Packet Length: 1741 Checksum Length: 8
2024-11-24T19:21:02.657Z - [LOG] <21:21:2>: <ERROR> Decryption error: Checksum mismatch b1a36957a8aaef0e != a4337f1ad0095ed1
