2024-11-22T17:42:26.249Z - [TIME START] Spawn
2024-11-22T17:42:26.255Z - Starting connection...
2024-11-22T17:42:26.387Z - [LOG] <19:42:26>: <DEBUG> setupClientProfile execution time: 0.07ms
2024-11-22T17:42:26.393Z - [LOG] <19:42:26>: <DEBUG> createOfflineSession execution time: 132.83ms
2024-11-22T17:42:26.398Z - [LOG] <19:42:26>: <DEBUG> initializeSession execution time: 137.49ms
2024-11-22T17:42:26.399Z - [LOG] <19:42:26>: <DEBUG> connect execution time: 139.21ms
2024-11-22T17:42:26.427Z - [LOG] <19:42:26>: <DEBUG> setupClientChains execution time: 25.16ms
2024-11-22T17:42:27.635Z - [LOG] <19:42:27>: <DEBUG> handleSessionStart execution time: 8.33ms
2024-11-22T17:42:28.088Z - [LOG] handle
2024-11-22T17:42:28.106Z - [LOG] <19:42:28>: <DEBUG> Sending Game PACKET --> 193 | 0xc1 2024-11-22T17:42:28.106Z
2024-11-22T17:42:28.117Z - [LOG] <19:42:28>: <DEBUG> sendPacket execution time: 10.50ms
2024-11-22T17:42:28.119Z - [TIME END] Spawn: 1870ms
2024-11-22T17:42:28.169Z - [LOG] {  type: 'MCPE',  message: 'PocketMine-MP Server',  protocol: 748,  version: '1.21.40',  playerCount: 0,  maxPlayers: 20,  serverGUID: 959315177832208500,  serverName: 'PocketMine-MP',  gamemode: 'Survival'}
2024-11-22T17:42:28.286Z - Connected successfully: {"type":"MCPE","message":"PocketMine-MP Server","protocol":748,"version":"1.21.40","playerCount":0,"maxPlayers":20,"serverGUID":959315177832208500,"serverName":"PocketMine-MP","gamemode":"Survival"}
2024-11-22T17:42:28.729Z - [LOG] Header  254
2024-11-22T17:42:28.741Z - [LOG] Payload:  Buffer(14) [Uint8Array] [  254, 12, 143, 1, 1, 0,    0,  0,   0, 0, 0, 0,    0,  0]
2024-11-22T17:42:28.752Z - [LOG] id  143
2024-11-22T17:42:28.757Z - [LOG] 143
2024-11-22T17:42:28.759Z - [LOG] <19:42:28>: <DEBUG> S -> C NetworkSettingsPacket
2024-11-22T17:42:28.762Z - [LOG] test
2024-11-22T17:42:28.764Z - [LOG] <19:42:28>: <DEBUG> Sending Game PACKET --> 1 | 0x01 2024-11-22T17:42:28.764Z
2024-11-22T17:42:29.226Z - [LOG] <19:42:29>: <DEBUG> sendPacket execution time: 461.70ms
2024-11-22T17:42:29.271Z - [LOG] <19:42:29>: <DEBUG> sendLoginPacket execution time: 471.93ms
2024-11-22T17:42:29.329Z - [LOG] <19:42:29>: <DEBUG> onNetworkSettings execution time: 569.24ms
2024-11-22T17:42:31.464Z - [LOG] Header  254
2024-11-22T17:42:31.469Z - [LOG] Payload:  Buffer(359) [Uint8Array] [  254,   0,  21, 207,  73, 142, 163,  48,  24,  64,  225,  69, 206, 147, 150, 129, 144,  97,  89,  52,  152,  64, 130, 105,  12, 254,  29, 188,  99, 136,  152, 204, 144,   0,  85, 192, 137,  90, 234,  75,  118, 213, 254,  73,  79, 223, 191, 221, 238, 239,  ... 309 more items]
2024-11-22T17:42:31.485Z - [LOG] id  3
2024-11-22T17:42:31.487Z - [LOG] 3
2024-11-22T17:42:31.498Z - [LOG] <19:42:31>: <DEBUG> validateKeys execution time: 0.12ms
2024-11-22T17:42:31.704Z - [LOG] <19:42:31>: <DEBUG> createSharedSecret execution time: 207.16ms
2024-11-22T17:42:31.747Z - [LOG] <19:42:31>: <DEBUG> setupEncryption execution time: 11.73ms
2024-11-22T17:42:31.754Z - [LOG] <19:42:31>: <DEBUG> Sending Game PACKET --> 4 | 0x04 2024-11-22T17:42:31.754Z
2024-11-22T17:42:31.772Z - [LOG] <19:42:31>: <DEBUG> sendPacket execution time: 17.72ms
2024-11-22T17:42:31.789Z - [LOG] <19:42:31>: <DEBUG> sendClientToServerHandshake execution time: 35.89ms
2024-11-22T17:42:31.800Z - [LOG] <19:42:31>: <DEBUG> onServerToClientHandshake execution time: 310.96ms
2024-11-22T17:42:31.953Z - [LOG] Header  254
2024-11-22T17:42:31.956Z - [LOG] Payload:  Buffer(23) [Uint8Array] [  254,   0, 133, 198, 242,  53, 16,    9, 124,  37, 185, 255, 244, 73,  171,  18,  11, 240,  65, 195, 46,  106,  35]
2024-11-22T17:42:31.961Z - [LOG] Receive Counter: 0
2024-11-22T17:42:31.981Z - [LOG] Packet Length: 14 Checksum Length: 8
2024-11-22T17:42:32.004Z - [LOG] <19:42:32>: <DEBUG> Checksum matched 21c0776c42339259 == 21c0776c42339259
2024-11-22T17:42:32.008Z - [LOG] id  2
2024-11-22T17:42:32.014Z - [LOG] 2
2024-11-22T17:42:32.018Z - [LOG] <19:42:32>: <DEBUG> onPlayStatus execution time: 0.17ms
2024-11-22T17:42:32.019Z - [LOG] id  6
2024-11-22T17:42:32.020Z - [LOG] 6
2024-11-22T17:42:32.024Z - [LOG] <19:42:32>: <DEBUG> Sending Game PACKET --> 8 | 0x08 2024-11-22T17:42:32.024Z
2024-11-22T17:42:32.033Z - [LOG] <19:42:32>: <DEBUG> sendPacket execution time: 9.77ms
2024-11-22T17:42:32.039Z - [LOG] <19:42:32>: <DEBUG> onResourcePack execution time: 15.18ms
2024-11-22T17:42:32.838Z - [LOG] Header  254
2024-11-22T17:42:32.847Z - [LOG] Payload:  Buffer(1432) [Uint8Array] [  254, 254,  42,  11, 168, 165, 179, 190, 195,  10,  140, 232, 142,   6, 145,  12, 237, 193, 117, 105,  252,  67, 208, 147, 162, 114,  75,  38, 229,  81,   99,  73,  25,  90, 195, 134, 168,  78, 127,  65,   86,  23, 131, 194, 126, 195, 113,  17,  72, 173,  ... 1382 more items]
2024-11-22T17:42:32.862Z - [LOG] Receive Counter: 1
2024-11-22T17:42:32.939Z - [LOG] Packet Length: 1423 Checksum Length: 8
2024-11-22T17:42:33.029Z - [LOG] <19:42:33>: <ERROR> Decryption error: Checksum mismatch 314387f2d34e2410 != 5ddaaad0b7c383b6
