2024-11-23T11:52:41.303Z - [TIME START] Spawn
2024-11-23T11:52:41.305Z - Starting connection...
2024-11-23T11:52:41.351Z - [LOG] <13:52:41>: <DEBUG> setupClientProfile execution time: 0.15ms
2024-11-23T11:52:41.354Z - [LOG] <13:52:41>: <DEBUG> createOfflineSession execution time: 43.13ms
2024-11-23T11:52:41.356Z - [LOG] <13:52:41>: <DEBUG> initializeSession execution time: 45.34ms
2024-11-23T11:52:41.359Z - [LOG] <13:52:41>: <DEBUG> connect execution time: 49.23ms
2024-11-23T11:52:41.383Z - [LOG] <13:52:41>: <DEBUG> setupClientChains execution time: 22.28ms
2024-11-23T11:52:42.225Z - [LOG] <13:52:42>: <DEBUG> handleSessionStart execution time: 2.51ms
2024-11-23T11:52:42.613Z - [LOG] handle
2024-11-23T11:52:42.617Z - [LOG] <13:52:42>: <DEBUG> Sending Game PACKET --> 193 | 0xc1 2024-11-23T11:52:42.617Z
2024-11-23T11:52:42.622Z - [LOG] <13:52:42>: <DEBUG> sendPacket execution time: 5.07ms
2024-11-23T11:52:42.630Z - [TIME END] Spawn: 1328ms
2024-11-23T11:52:42.638Z - [LOG] {  type: 'MCPE',  message: 'PocketMine-MP Server',  protocol: 748,  version: '1.21.40',  playerCount: 0,  maxPlayers: 20,  serverGUID: 959315177832208500,  serverName: 'PocketMine-MP',  gamemode: 'Survival'}
2024-11-23T11:52:42.653Z - Connected successfully: {"type":"MCPE","message":"PocketMine-MP Server","protocol":748,"version":"1.21.40","playerCount":0,"maxPlayers":20,"serverGUID":959315177832208500,"serverName":"PocketMine-MP","gamemode":"Survival"}
2024-11-23T11:52:43.093Z - [LOG] Header  254
2024-11-23T11:52:43.134Z - [LOG] Payload:  Buffer(14) [Uint8Array] [  254, 12, 143, 1, 1, 0,    0,  0,   0, 0, 0, 0,    0,  0]
2024-11-23T11:52:43.164Z - [LOG] id  143
2024-11-23T11:52:43.166Z - [LOG] 143
2024-11-23T11:52:43.170Z - [LOG] <13:52:43>: <DEBUG> S -> C NetworkSettingsPacket
2024-11-23T11:52:43.178Z - [LOG] test
2024-11-23T11:52:43.180Z - [LOG] <13:52:43>: <DEBUG> Sending Game PACKET --> 1 | 0x01 2024-11-23T11:52:43.180Z
2024-11-23T11:52:43.246Z - [LOG] <13:52:43>: <DEBUG> sendPacket execution time: 65.74ms
2024-11-23T11:52:43.251Z - [LOG] <13:52:43>: <DEBUG> sendLoginPacket execution time: 73.88ms
2024-11-23T11:52:43.255Z - [LOG] <13:52:43>: <DEBUG> onNetworkSettings execution time: 84.48ms
2024-11-23T11:52:43.780Z - [LOG] Header  254
2024-11-23T11:52:43.793Z - [LOG] Payload:  Buffer(360) [Uint8Array] [  254,   0,  13, 207,  75, 146, 162,  48,   0,   0,  208, 133, 231, 177,  43, 138, 159, 114, 217,  52,  196,   4,  33,  12, 129,   4, 201, 134,  10, 196,   65,  36, 124,  20, 108,  13,  55, 154, 170,  57,  100, 247,   9,  94, 189, 255, 139, 197, 191, 197,  ... 310 more items]
2024-11-23T11:52:43.819Z - [LOG] id  3
2024-11-23T11:52:43.920Z - [LOG] 3
2024-11-23T11:52:43.930Z - [LOG] <13:52:43>: <DEBUG> validateKeys execution time: 0.12ms
2024-11-23T11:52:44.095Z - [LOG] <13:52:44>: <DEBUG> createSharedSecret execution time: 165.93ms
2024-11-23T11:52:44.104Z - [LOG] <13:52:44>: <DEBUG> setupEncryption execution time: 4.57ms
2024-11-23T11:52:44.108Z - [LOG] <13:52:44>: <DEBUG> Sending Game PACKET --> 4 | 0x04 2024-11-23T11:52:44.108Z
2024-11-23T11:52:44.112Z - [LOG] <13:52:44>: <DEBUG> sendPacket execution time: 4.30ms
2024-11-23T11:52:44.114Z - [LOG] <13:52:44>: <DEBUG> sendClientToServerHandshake execution time: 6.90ms
2024-11-23T11:52:44.117Z - [LOG] <13:52:44>: <DEBUG> onServerToClientHandshake execution time: 191.88ms
2024-11-23T11:52:44.276Z - [LOG] Header  254
2024-11-23T11:52:44.280Z - [LOG] Payload:  Buffer(23) [Uint8Array] [  254, 29,  38, 222,   7, 52,   5,  171, 41, 198, 147,  71, 40, 182,   52, 98, 159, 137, 119, 87, 151,  185, 97]
2024-11-23T11:52:44.282Z - [LOG] Receive Counter: 0
2024-11-23T11:52:44.284Z - [LOG] Packet Length: 14 Checksum Length: 8
2024-11-23T11:52:44.286Z - [LOG] <13:52:44>: <DEBUG> Checksum matched 95b86faf7d2f2b94 == 95b86faf7d2f2b94
2024-11-23T11:52:44.287Z - [LOG] id  2
2024-11-23T11:52:44.289Z - [LOG] 2
2024-11-23T11:52:44.296Z - [LOG] <13:52:44>: <DEBUG> onPlayStatus execution time: 0.25ms
2024-11-23T11:52:44.297Z - [LOG] id  6
2024-11-23T11:52:44.299Z - [LOG] 6
2024-11-23T11:52:44.303Z - [LOG] <13:52:44>: <DEBUG> Sending Game PACKET --> 8 | 0x08 2024-11-23T11:52:44.302Z
2024-11-23T11:52:44.312Z - [LOG] <13:52:44>: <DEBUG> sendPacket execution time: 9.87ms
2024-11-23T11:52:44.314Z - [LOG] <13:52:44>: <DEBUG> onResourcePack execution time: 11.39ms
2024-11-23T11:52:46.998Z - [LOG] Header  254
2024-11-23T11:52:47.346Z - [LOG] Payload:  Buffer(53356) [Uint8Array] [  254, 112,  76,  30,  19,  21, 201, 222, 253, 211,  225, 138, 205, 190,  93, 144, 129, 141,  25, 101,   64, 142, 130,  85, 202, 108, 166,   6,  37, 249,  217,  30,  10,  32, 198, 195,  98,  86, 184, 145,  154, 247, 193,  40, 163, 158, 113, 226,  81,  34,  ... 53306 more items]
2024-11-23T11:52:47.361Z - [LOG] Receive Counter: 1
2024-11-23T11:52:47.590Z - [LOG] Packet Length: 53347 Checksum Length: 8
2024-11-23T11:52:47.604Z - [LOG] <13:52:47>: <DEBUG> Checksum matched 39c2ec3fca21aa7f == 39c2ec3fca21aa7f
2024-11-23T11:52:47.637Z - [LOG] id  11
2024-11-23T11:52:47.646Z - [LOG] 11
2024-11-23T11:52:47.694Z - [LOG] <13:52:47>: <DEBUG> Sending Game PACKET --> 69 | 0x45 2024-11-23T11:52:47.694Z
2024-11-23T11:52:47.701Z - [LOG] <13:52:47>: <DEBUG> sendPacket execution time: 6.85ms
2024-11-23T11:52:47.703Z - [LOG] <13:52:47>: <DEBUG> onStartGame execution time: 11.92ms
2024-11-23T11:52:47.714Z - [LOG] id  119
2024-11-23T11:52:47.724Z - [LOG] 119
2024-11-23T11:52:47.786Z - [LOG] id  122
2024-11-23T11:52:47.827Z - [LOG] 122
2024-11-23T11:52:47.835Z - [LOG] id  29
2024-11-23T11:52:47.871Z - [LOG] 29
2024-11-23T11:52:47.888Z - [LOG] id  76
2024-11-23T11:52:47.893Z - [LOG] 76
2024-11-23T11:52:47.898Z - [LOG] id  187
2024-11-23T11:52:47.900Z - [LOG] 187
2024-11-23T11:52:47.903Z - [LOG] id  188
2024-11-23T11:52:47.904Z - [LOG] 188
2024-11-23T11:52:47.906Z - [LOG] id  39
2024-11-23T11:52:47.909Z - [LOG] 39
2024-11-23T11:52:47.912Z - [LOG] id  49
2024-11-23T11:52:47.913Z - [LOG] 49
2024-11-23T11:52:47.920Z - [LOG] id  49
2024-11-23T11:52:47.926Z - [LOG] 49
2024-11-23T11:52:47.932Z - [LOG] id  49
2024-11-23T11:52:47.934Z - [LOG] 49
2024-11-23T11:52:47.937Z - [LOG] id  49
2024-11-23T11:52:47.947Z - [LOG] 49
2024-11-23T11:52:47.954Z - [LOG] id  49
2024-11-23T11:52:47.964Z - [LOG] 49
2024-11-23T11:52:47.969Z - [LOG] id  49
2024-11-23T11:52:47.999Z - [LOG] 49
2024-11-23T11:52:48.005Z - [LOG] id  50
2024-11-23T11:52:48.011Z - [LOG] 50
2024-11-23T11:52:48.014Z - [LOG] id  50
2024-11-23T11:52:48.016Z - [LOG] 50
2024-11-23T11:52:48.017Z - [LOG] id  50
2024-11-23T11:52:48.018Z - [LOG] 50
2024-11-23T11:52:48.020Z - [LOG] id  50
2024-11-23T11:52:48.029Z - [LOG] 50
2024-11-23T11:52:48.032Z - [LOG] id  50
2024-11-23T11:52:48.034Z - [LOG] 50
2024-11-23T11:52:48.044Z - [LOG] id  31
2024-11-23T11:52:48.046Z - [LOG] 31
2024-11-23T11:52:48.049Z - [LOG] id  145
2024-11-23T11:52:48.052Z - [LOG] 145
2024-11-23T11:52:48.124Z - [LOG] id  52
