2024-11-24T09:14:26.580Z - [TIME START] Spawn
2024-11-24T09:14:26.581Z - Starting connection...
2024-11-24T09:14:26.595Z - [LOG] <11:14:26>: <DEBUG> setupClientProfile execution time: 0.19ms
2024-11-24T09:14:26.599Z - [LOG] <11:14:26>: <DEBUG> createOfflineSession execution time: 15.50ms
2024-11-24T09:14:26.601Z - [LOG] <11:14:26>: <DEBUG> initializeSession execution time: 18.05ms
2024-11-24T09:14:26.602Z - [LOG] <11:14:26>: <DEBUG> connect execution time: 18.93ms
2024-11-24T09:14:26.620Z - [LOG] <11:14:26>: <DEBUG> setupClientChains execution time: 17.24ms
2024-11-24T09:14:27.654Z - [LOG] <11:14:27>: <DEBUG> handleSessionStart execution time: 1.03ms
2024-11-24T09:14:28.056Z - [LOG] handle
2024-11-24T09:14:28.061Z - [LOG] <11:14:28>: <DEBUG> Sending Game PACKET --> 193 | 0xc1 2024-11-24T09:14:28.060Z
2024-11-24T09:14:28.064Z - [LOG] <11:14:28>: <DEBUG> sendPacket execution time: 3.92ms
2024-11-24T09:14:28.074Z - [TIME END] Spawn: 1495ms
2024-11-24T09:14:28.082Z - [LOG] {  type: 'MCPE',  message: 'PocketMine-MP Server',  protocol: 748,  version: '1.21.40',  playerCount: 1,  maxPlayers: 20,  serverGUID: 959315177832208500,  serverName: 'PocketMine-MP',  gamemode: 'Survival'}
2024-11-24T09:14:28.084Z - Connected successfully: {"type":"MCPE","message":"PocketMine-MP Server","protocol":748,"version":"1.21.40","playerCount":1,"maxPlayers":20,"serverGUID":959315177832208500,"serverName":"PocketMine-MP","gamemode":"Survival"}
2024-11-24T09:14:28.617Z - [LOG] Header  254
2024-11-24T09:14:28.675Z - [LOG] Payload:  Buffer(14) [Uint8Array] [  254, 12, 143, 1, 1, 0,    0,  0,   0, 0, 0, 0,    0,  0]
2024-11-24T09:14:28.681Z - [LOG] id  143
2024-11-24T09:14:28.685Z - [LOG] 143
2024-11-24T09:14:28.687Z - [LOG] <11:14:28>: <DEBUG> S -> C NetworkSettingsPacket
2024-11-24T09:14:28.692Z - [LOG] test
2024-11-24T09:14:28.693Z - [LOG] <11:14:28>: <DEBUG> Sending Game PACKET --> 1 | 0x01 2024-11-24T09:14:28.693Z
2024-11-24T09:14:28.759Z - [LOG] <11:14:28>: <DEBUG> sendPacket execution time: 65.78ms
2024-11-24T09:14:28.784Z - [LOG] <11:14:28>: <DEBUG> sendLoginPacket execution time: 93.00ms
2024-11-24T09:14:28.789Z - [LOG] <11:14:28>: <DEBUG> onNetworkSettings execution time: 101.35ms
2024-11-24T09:14:28.952Z - [LOG] Header  254
2024-11-24T09:14:28.957Z - [LOG] Payload:  Buffer(359) [Uint8Array] [  254,   0,  21, 207, 209, 146,  99,  64,  24,  64,  225, 139, 188, 207,  86,   7,  49, 227, 114, 132,  166, 101, 180, 209, 244,  47, 250,  38,  69, 236,   70, 104,  29,   9,  34,  60, 209,  86, 237,  75,  238, 204, 253, 169,  58, 245, 253, 219, 108, 254,  ... 309 more items]
2024-11-24T09:14:28.974Z - [LOG] id  3
2024-11-24T09:14:28.984Z - [LOG] 3
2024-11-24T09:14:28.997Z - [LOG] <11:14:28>: <DEBUG> validateKeys execution time: 0.22ms
2024-11-24T09:14:29.150Z - [LOG] <11:14:29>: <DEBUG> createSharedSecret execution time: 154.55ms
2024-11-24T09:14:29.175Z - [LOG] <11:14:29>: <DEBUG> setupEncryption execution time: 7.69ms
2024-11-24T09:14:29.192Z - [LOG] <11:14:29>: <DEBUG> Sending Game PACKET --> 4 | 0x04 2024-11-24T09:14:29.191Z
2024-11-24T09:14:29.213Z - [LOG] <11:14:29>: <DEBUG> sendPacket execution time: 6.99ms
2024-11-24T09:14:29.247Z - [LOG] <11:14:29>: <DEBUG> sendClientToServerHandshake execution time: 52.04ms
2024-11-24T09:14:29.291Z - [LOG] <11:14:29>: <DEBUG> onServerToClientHandshake execution time: 297.44ms
2024-11-24T09:14:29.389Z - [LOG] Header  254
2024-11-24T09:14:29.458Z - [LOG] Payload:  Buffer(23) [Uint8Array] [  254,  34,  29, 140,  69, 128,  175,  96, 103, 190,  25, 181,  105,  53,  76, 185, 114, 203,  160, 217,  57, 109, 226]
2024-11-24T09:14:29.472Z - [LOG] Receive Counter: 0
2024-11-24T09:14:29.478Z - [LOG] Packet Length: 14 Checksum Length: 8
2024-11-24T09:14:29.481Z - [LOG] <11:14:29>: <DEBUG> Checksum matched 3f16c9b73a1176f2 == 3f16c9b73a1176f2
2024-11-24T09:14:29.484Z - [LOG] id  2
2024-11-24T09:14:29.485Z - [LOG] 2
2024-11-24T09:14:29.488Z - [LOG] <11:14:29>: <DEBUG> onPlayStatus execution time: 0.16ms
2024-11-24T09:14:29.489Z - [LOG] id  6
2024-11-24T09:14:29.492Z - [LOG] 6
2024-11-24T09:14:29.494Z - [LOG] <11:14:29>: <DEBUG> Sending Game PACKET --> 8 | 0x08 2024-11-24T09:14:29.494Z
2024-11-24T09:14:29.498Z - [LOG] <11:14:29>: <DEBUG> sendPacket execution time: 3.66ms
2024-11-24T09:14:29.507Z - [LOG] <11:14:29>: <DEBUG> onResourcePack execution time: 13.43ms
2024-11-24T09:14:32.190Z - [LOG] Header  254
2024-11-24T09:14:32.454Z - [LOG] Payload:  Buffer(53356) [Uint8Array] [  254,  29, 131,  18,  41, 220, 230,  33, 115,  44,   19, 142, 195,  70, 198,   9, 156, 236, 241, 229,   21,  30, 221,  73,  10, 155, 224, 197,  70, 242,  209, 211,  94,  90, 159,  37, 195,  57, 198,  66,  123, 159, 112, 229, 160, 119, 215, 253,  31,  74,  ... 53306 more items]
2024-11-24T09:14:32.473Z - [LOG] Receive Counter: 1
2024-11-24T09:14:32.761Z - [LOG] Packet Length: 53347 Checksum Length: 8
2024-11-24T09:14:32.768Z - [LOG] <11:14:32>: <DEBUG> Checksum matched e2dae0b8bc956cee == e2dae0b8bc956cee
2024-11-24T09:14:32.778Z - [LOG] id  11
2024-11-24T09:14:32.814Z - [LOG] 11
2024-11-24T09:14:32.855Z - [LOG] <11:14:32>: <DEBUG> Sending Game PACKET --> 69 | 0x45 2024-11-24T09:14:32.855Z
2024-11-24T09:14:32.863Z - [LOG] <11:14:32>: <DEBUG> sendPacket execution time: 7.93ms
2024-11-24T09:14:32.864Z - [LOG] <11:14:32>: <DEBUG> onStartGame execution time: 11.55ms
2024-11-24T09:14:32.875Z - [LOG] id  119
2024-11-24T09:14:32.881Z - [LOG] 119
2024-11-24T09:14:32.931Z - [LOG] id  122
2024-11-24T09:14:32.936Z - [LOG] 122
2024-11-24T09:14:32.938Z - [LOG] id  29
2024-11-24T09:14:32.940Z - [LOG] 29
2024-11-24T09:14:32.942Z - [LOG] id  76
2024-11-24T09:14:32.943Z - [LOG] 76
2024-11-24T09:14:32.947Z - [LOG] id  187
2024-11-24T09:14:32.954Z - [LOG] 187
2024-11-24T09:14:32.962Z - [LOG] id  188
2024-11-24T09:14:32.963Z - [LOG] 188
2024-11-24T09:14:32.972Z - [LOG] id  39
2024-11-24T09:14:32.973Z - [LOG] 39
2024-11-24T09:14:32.976Z - [LOG] id  49
2024-11-24T09:14:32.977Z - [LOG] 49
2024-11-24T09:14:32.979Z - [LOG] id  49
2024-11-24T09:14:32.986Z - [LOG] 49
2024-11-24T09:14:32.992Z - [LOG] id  49
2024-11-24T09:14:32.995Z - [LOG] 49
2024-11-24T09:14:33.007Z - [LOG] id  49
2024-11-24T09:14:33.011Z - [LOG] 49
2024-11-24T09:14:33.015Z - [LOG] id  49
2024-11-24T09:14:33.024Z - [LOG] 49
2024-11-24T09:14:33.027Z - [LOG] id  49
2024-11-24T09:14:33.038Z - [LOG] 49
2024-11-24T09:14:33.054Z - [LOG] id  50
2024-11-24T09:14:33.055Z - [LOG] 50
2024-11-24T09:14:33.058Z - [LOG] id  50
2024-11-24T09:14:33.061Z - [LOG] 50
2024-11-24T09:14:33.063Z - [LOG] id  50
2024-11-24T09:14:33.065Z - [LOG] 50
2024-11-24T09:14:33.070Z - [LOG] id  50
2024-11-24T09:14:33.072Z - [LOG] 50
2024-11-24T09:14:33.085Z - [LOG] id  50
2024-11-24T09:14:33.087Z - [LOG] 50
2024-11-24T09:14:33.088Z - [LOG] id  31
2024-11-24T09:14:33.091Z - [LOG] 31
2024-11-24T09:14:33.094Z - [LOG] id  145
2024-11-24T09:14:33.095Z - [LOG] 145
2024-11-24T09:14:33.134Z - [LOG] id  52
2024-11-24T09:14:33.142Z - [LOG] 52
2024-11-24T09:14:33.373Z - [LOG] id  63
2024-11-24T09:14:33.394Z - [LOG] 63
2024-11-24T09:14:33.405Z - [LOG] id  29
2024-11-24T09:14:33.409Z - [LOG] 29
2024-11-24T09:14:34.401Z - [LOG] Header  254
2024-11-24T09:14:34.427Z - [LOG] Payload:  Buffer(1840) [Uint8Array] [  254,  70,   0, 188,  69,  11, 110,  50, 180, 209,  172,  30, 214,  15, 237,  60, 203, 244,  92,  15,  203, 245,  32,   4, 243, 193, 184,  39,  56,  96,  142,  65,  50,  21,  29,  25, 129,  24,  39, 159,   94, 111,   2, 195, 240,  10, 228,  81,   7, 120,  ... 1790 more items]
2024-11-24T09:14:34.457Z - [LOG] Receive Counter: 2
2024-11-24T09:14:34.475Z - [LOG] Packet Length: 1831 Checksum Length: 8
2024-11-24T09:14:34.498Z - [LOG] <11:14:34>: <ERROR> Decryption error: Checksum mismatch c9ffa7d17e7c1554 != c7ed3e69e88794f3
2024-11-24T09:14:34.899Z - [LOG] Header  254
2024-11-24T09:14:34.954Z - [LOG] Payload:  Buffer(1753) [Uint8Array] [  254,  69, 241,  47, 129,   1, 208, 255, 226, 108,  193, 100, 183, 195,  44, 136, 116, 113, 235,  87,   49, 214, 243,   9, 237, 123, 152,  83,  61, 165,   61, 248,  12, 228, 171,   9, 223,  99, 102,  61,  204, 219, 197, 186, 134,  70, 178,  39, 254,  90,  ... 1703 more items]
2024-11-24T09:14:34.995Z - [LOG] Receive Counter: 3
2024-11-24T09:14:35.003Z - [LOG] Packet Length: 1744 Checksum Length: 8
2024-11-24T09:14:35.018Z - [LOG] <11:14:35>: <ERROR> Decryption error: Checksum mismatch b10af9ce1b3e0399 != 7c66fe989e16482a
2024-11-24T09:14:35.146Z - [LOG] Header  254
2024-11-24T09:14:35.163Z - [LOG] Payload:  Buffer(2012) [Uint8Array] [  254,   2, 132, 117,  29, 158, 164,  72,  16,  20,  115, 137,  65,  34, 228, 173, 124, 174, 184,  66,  186, 115,  16, 134,  89, 120, 182,   0, 239,  11,   34, 136,  24,  29, 230,  31, 228,  51,  99,  57,    6, 174, 235, 222,  37,   0, 143,  38, 251, 154,  ... 1962 more items]
2024-11-24T09:14:35.206Z - [LOG] Receive Counter: 4
2024-11-24T09:14:35.211Z - [LOG] Packet Length: 2003 Checksum Length: 8
2024-11-24T09:14:35.228Z - [LOG] <11:14:35>: <ERROR> Decryption error: Checksum mismatch c3f32ead274a74e6 != 27e4d254dcc1222f
2024-11-24T09:14:35.297Z - [LOG] Header  254
2024-11-24T09:14:35.306Z - [LOG] Payload:  Buffer(2129) [Uint8Array] [  254, 195, 212, 176, 236, 175, 119, 207,  29, 102,  235, 124, 145,  19, 255,  33,  74, 242, 219,  43,  120,   3, 247, 137, 124, 192,  49, 205, 228, 197,   16, 230, 238, 143, 236,  35, 152, 237,  67, 193,  224,  74,  82, 161, 198,  45, 230,  51, 220,  27,  ... 2079 more items]
2024-11-24T09:14:35.319Z - [LOG] Receive Counter: 5
2024-11-24T09:14:35.325Z - [LOG] Packet Length: 2120 Checksum Length: 8
2024-11-24T09:14:35.331Z - [LOG] <11:14:35>: <ERROR> Decryption error: Checksum mismatch ba20ecbbebd3bd68 != 4d728a445f9ccc0a
2024-11-24T09:14:35.427Z - [LOG] Header  254
2024-11-24T09:14:35.437Z - [LOG] Payload:  Buffer(1750) [Uint8Array] [  254,  53, 187,  95,  38, 145, 235, 194, 157, 251,   26, 222, 150,   7,  58,  57, 221,   1, 253, 117,  227, 182, 208, 116,  75, 138,  95, 124, 103, 144,  139, 202, 163, 225, 166,  13, 238, 242,  44, 221,  133,  16,  38, 168, 202,  68, 203,  98,  47, 202,  ... 1700 more items]
2024-11-24T09:14:35.448Z - [LOG] Receive Counter: 6
2024-11-24T09:14:35.455Z - [LOG] Packet Length: 1741 Checksum Length: 8
2024-11-24T09:14:35.459Z - [LOG] <11:14:35>: <ERROR> Decryption error: Checksum mismatch c53a8100d890a3c0 != cc5d609b122851cb
2024-11-24T09:14:35.578Z - [LOG] Header  254
2024-11-24T09:14:35.587Z - [LOG] Payload:  Buffer(1757) [Uint8Array] [  254, 108,  22,  29, 107, 241, 217, 163,  23,  67,  221, 189,  10, 107,  25,  90,  94, 249, 172, 164,  172, 203,  15,  86, 145,  87, 202, 167, 250, 223,   67,  80, 102,  78, 135,  49, 158, 151,  34, 132,  223,  38, 162, 250,  76,  79, 128, 209,  83,  85,  ... 1707 more items]
2024-11-24T09:14:35.606Z - [LOG] Receive Counter: 7
2024-11-24T09:14:35.613Z - [LOG] Packet Length: 1748 Checksum Length: 8
2024-11-24T09:14:35.619Z - [LOG] <11:14:35>: <ERROR> Decryption error: Checksum mismatch 44b727cfa07b0fa9 != bed769ab8e3c451c
2024-11-24T09:14:35.712Z - [LOG] Header  254
2024-11-24T09:14:35.720Z - [LOG] Payload:  Buffer(1609) [Uint8Array] [  254, 134,  63,  24, 113, 207,  99, 148,  51,  38,  223, 226, 249, 165,  88,  42,  61, 105, 193, 250,  244,  94,  42, 249, 133, 130, 212,  53,   7,  50,  138,  53, 230, 215, 224, 170, 242, 255, 146, 185,  100, 127, 211, 189, 108,  32, 134, 132, 246, 234,  ... 1559 more items]
2024-11-24T09:14:35.742Z - [LOG] Receive Counter: 8
2024-11-24T09:14:35.752Z - [LOG] Packet Length: 1600 Checksum Length: 8
2024-11-24T09:14:35.754Z - [LOG] <11:14:35>: <ERROR> Decryption error: Checksum mismatch 9e406ebcf604f62a != 764e0b7372ab9df0
2024-11-24T09:14:35.838Z - [LOG] Header  254
2024-11-24T09:14:35.844Z - [LOG] Payload:  Buffer(1902) [Uint8Array] [  254,  58, 100, 160, 203, 190,   2,  31, 179,   1,   20, 135, 157,  11, 184,  14, 233, 164,   2,  87,   80, 203,   0, 252, 228, 122,  35, 204, 160, 138,  196,  79,  86,  35,  31, 251, 184, 220,  64, 220,   57, 147,  64,  91, 250, 236, 241, 102, 249,  15,  ... 1852 more items]
2024-11-24T09:14:35.856Z - [LOG] Receive Counter: 9
2024-11-24T09:14:35.859Z - [LOG] Packet Length: 1893 Checksum Length: 8
2024-11-24T09:14:35.861Z - [LOG] <11:14:35>: <ERROR> Decryption error: Checksum mismatch aa0e2fcc5b0760be != 327867a54ef864fc
2024-11-24T09:14:35.970Z - [LOG] Header  254
2024-11-24T09:14:35.976Z - [LOG] Payload:  Buffer(1742) [Uint8Array] [  254, 205,  94, 166, 218, 117,  86,  86, 220,  87,   97,  50,  45, 116,  78, 155, 158, 196,  67, 112,   42, 254, 183, 163, 249, 108, 207, 161, 108, 217,  190, 246, 166,  21, 181,   1, 213, 151, 222, 147,  187,  78, 105, 255, 241,  25,  64, 199, 215, 156,  ... 1692 more items]
2024-11-24T09:14:35.989Z - [LOG] Receive Counter: 10
2024-11-24T09:14:35.994Z - [LOG] Packet Length: 1733 Checksum Length: 8
2024-11-24T09:14:35.995Z - [LOG] <11:14:35>: <ERROR> Decryption error: Checksum mismatch abd708503c8bc443 != 232802e88f7d4ebb
2024-11-24T09:14:36.095Z - [LOG] Header  254
2024-11-24T09:14:36.105Z - [LOG] Payload:  Buffer(1661) [Uint8Array] [  254, 171,  60, 207,  67, 227,  57,  77, 220, 141,  157, 251, 224, 254,  90, 255, 124,  67, 107,  29,  210, 232,  74, 232, 193, 111, 241,  38, 152,   5,  214,  71, 108, 110,  73, 132, 188, 145, 197, 180,   42, 124,  42, 219, 206,  54, 157, 112, 135,  13,  ... 1611 more items]
2024-11-24T09:14:36.118Z - [LOG] Receive Counter: 11
2024-11-24T09:14:36.121Z - [LOG] Packet Length: 1652 Checksum Length: 8
2024-11-24T09:14:36.125Z - [LOG] <11:14:36>: <ERROR> Decryption error: Checksum mismatch 38138ee69453f55f != 508d9f19fa225a1c
2024-11-24T09:14:36.303Z - [LOG] Header  254
2024-11-24T09:14:36.317Z - [LOG] Payload:  Buffer(1802) [Uint8Array] [  254, 193, 101, 210, 152,   5, 200,  44,  79, 164,   68, 137, 217, 221, 115, 233, 186,  23, 100,   4,  214,  36, 139,  37, 193, 138,  41, 161, 199,  85,  176,  47,   4,  73,   8, 174, 231,  68, 214, 143,    4,  19, 250, 125, 243,  77, 101, 152,  37, 174,  ... 1752 more items]
2024-11-24T09:14:36.331Z - [LOG] Receive Counter: 12
2024-11-24T09:14:36.339Z - [LOG] Packet Length: 1793 Checksum Length: 8
2024-11-24T09:14:36.341Z - [LOG] <11:14:36>: <ERROR> Decryption error: Checksum mismatch a60bbd4c80686135 != ea1216a27b6eb54a
2024-11-24T09:14:36.452Z - [LOG] Header  254
2024-11-24T09:14:36.460Z - [LOG] Payload:  Buffer(1511) [Uint8Array] [  254,   0, 231, 250,  35,  97, 175,  99,  54, 128,   98,  35,  51,  59,  65, 157, 226, 203, 169, 223,   14,  66, 145,   5,  82, 203,  84, 181,  92,  39,   12, 115,  93,  39,  44,  66,  60,  90, 168,  49,  236, 194,  70, 219, 162, 162, 159,  28, 227, 249,  ... 1461 more items]
2024-11-24T09:14:36.561Z - [LOG] Receive Counter: 13
2024-11-24T09:14:36.573Z - [LOG] Packet Length: 1502 Checksum Length: 8
2024-11-24T09:14:36.577Z - [LOG] <11:14:36>: <ERROR> Decryption error: Checksum mismatch 4265645ae08c8091 != e5a946ca33bb9e84
2024-11-24T09:14:36.668Z - [LOG] Header  254
2024-11-24T09:14:36.693Z - [LOG] Payload:  Buffer(1560) [Uint8Array] [  254, 174, 144, 178,  78,  81,  76, 119, 106, 136,   74,   8, 217,  12, 169,   5, 233, 197, 117, 184,  137,  14,  50, 231, 122,  71,  91,  76,  25, 136,  226,  15,  49,  53, 241, 182, 175, 214, 247, 241,  110,  24,  56, 129,  79, 159, 134, 184,  99, 148,  ... 1510 more items]
2024-11-24T09:14:36.738Z - [LOG] Receive Counter: 14
2024-11-24T09:14:36.754Z - [LOG] Packet Length: 1551 Checksum Length: 8
2024-11-24T09:14:36.756Z - [LOG] <11:14:36>: <ERROR> Decryption error: Checksum mismatch 96955313ea95bf4d != d339a0eb377196fd
2024-11-24T09:14:36.843Z - [LOG] Header  254
2024-11-24T09:14:36.859Z - [LOG] Payload:  Buffer(1514) [Uint8Array] [  254,  17,  32,  36, 116, 119, 186, 225,  41, 119,   83, 240, 162, 158,  74, 224, 212,  54, 217, 178,  234, 255, 211, 118, 138, 156,  33,  62,  26, 107,  171, 206, 175,  97,  93, 232, 139,  65, 227,  14,  183,  48,  75, 184, 165,   7, 221, 168,  24, 242,  ... 1464 more items]
2024-11-24T09:14:36.922Z - [LOG] Receive Counter: 15
2024-11-24T09:14:36.929Z - [LOG] Packet Length: 1505 Checksum Length: 8
2024-11-24T09:14:36.945Z - [LOG] <11:14:36>: <ERROR> Decryption error: Checksum mismatch f5ce21dbffdbe9ff != d6a243d3624c3c79
2024-11-24T09:14:37.031Z - [LOG] Header  254
2024-11-24T09:14:37.045Z - [LOG] Payload:  Buffer(1494) [Uint8Array] [  254,  79,  34,  56,  92, 221,  93, 105, 122, 204,  189, 125,  81,  52,  83, 111, 243,  22, 110, 169,  136,  29, 116, 132, 127, 250,  28,  54, 127, 246,  161, 233, 177, 255, 215,  57,  97, 165,  40, 119,  217,  70,  70,  97,  64, 193,  62, 134, 117, 195,  ... 1444 more items]
2024-11-24T09:14:37.061Z - [LOG] Receive Counter: 16
2024-11-24T09:14:37.064Z - [LOG] Packet Length: 1485 Checksum Length: 8
2024-11-24T09:14:37.067Z - [LOG] <11:14:37>: <ERROR> Decryption error: Checksum mismatch 3209a6e8e92c7eb2 != 9ae0b90df66c502b
2024-11-24T09:14:37.254Z - [LOG] Header  254
2024-11-24T09:14:37.264Z - [LOG] Payload:  Buffer(1995) [Uint8Array] [  254,  90,  56,  11,   6, 113, 234,  56,  42, 117,  150,  11,   7, 121, 246,  44, 214, 229, 233, 127,  178, 180,  54,  14,  53,  61,  72, 133, 117,  21,  130,   5, 154, 182, 176, 186,  89, 226,  90,  12,  206,   8,  23,  69, 233,  74, 220, 233, 136,  91,  ... 1945 more items]
2024-11-24T09:14:37.274Z - [LOG] Receive Counter: 17
2024-11-24T09:14:37.277Z - [LOG] Packet Length: 1986 Checksum Length: 8
2024-11-24T09:14:37.279Z - [LOG] <11:14:37>: <ERROR> Decryption error: Checksum mismatch 5ea738e059245d36 != c07493b5e79f05d2
2024-11-24T09:14:37.375Z - [LOG] Header  254
2024-11-24T09:14:37.389Z - [LOG] Payload:  Buffer(1889) [Uint8Array] [  254, 233,  12, 240, 114,  65, 178, 164, 231, 165,  223, 103, 173,  53, 155, 243, 172, 182, 239,  31,  199, 138, 100,  14,  43,  52, 157,  44, 235, 226,  125, 239,  15,  46,  93, 208, 200,  16, 139,  70,   64, 114,  81, 154, 200, 229, 173, 228, 250, 103,  ... 1839 more items]
2024-11-24T09:14:37.709Z - [LOG] Receive Counter: 18
2024-11-24T09:14:37.862Z - [LOG] Packet Length: 1880 Checksum Length: 8
2024-11-24T09:14:37.864Z - [LOG] <11:14:37>: <ERROR> Decryption error: Checksum mismatch 02b68035044942b1 != d4100e1047240150
2024-11-24T09:14:38.045Z - [LOG] Header  254
2024-11-24T09:14:38.069Z - [LOG] Payload:  Buffer(1493) [Uint8Array] [  254, 138,  12,  96,  66, 123,   6,  98, 136, 219,  240,  49, 146, 200,  36,  67, 172, 192,  66,  79,  217,  19, 146, 207, 187,  82, 245, 240,  31,  17,   83,  53,  48, 184,  66,  20,   4, 163,  69,  59,  113,  95, 227, 103,  36, 179, 231, 248, 142, 245,  ... 1443 more items]
2024-11-24T09:14:38.101Z - [LOG] Receive Counter: 19
2024-11-24T09:14:38.126Z - [LOG] Packet Length: 1484 Checksum Length: 8
2024-11-24T09:14:38.131Z - [LOG] <11:14:38>: <ERROR> Decryption error: Checksum mismatch 398058278e0d0878 != c575cff84267825c
2024-11-24T09:14:38.318Z - [LOG] Header  254
2024-11-24T09:14:38.344Z - [LOG] Payload:  Buffer(1706) [Uint8Array] [  254,  32, 236, 239,   6, 201, 103,  21, 149,  64,  215, 110, 111, 235, 144, 251, 126,   9, 110, 161,  224, 162, 190, 165, 187, 118, 102, 186, 141, 153,  117, 236,  77,   4,  72,  23,  43, 175,   6,  11,  163, 109, 200, 176, 226, 224, 227,  91,  57, 116,  ... 1656 more items]
2024-11-24T09:14:38.461Z - [LOG] Receive Counter: 20
2024-11-24T09:14:38.524Z - [LOG] Packet Length: 1697 Checksum Length: 8
2024-11-24T09:14:38.559Z - [LOG] <11:14:38>: <ERROR> Decryption error: Checksum mismatch 7e352350082a3f5e != 32cf7ae63a61c3f6
2024-11-24T09:14:38.736Z - [LOG] Header  254
2024-11-24T09:14:38.748Z - [LOG] Payload:  Buffer(1494) [Uint8Array] [  254,  43, 131,  93, 139, 233, 231, 239, 151, 208,  186,  16, 142,  80,  26, 184, 195, 240,  52, 253,  139, 186, 134,  23, 120, 208, 255, 173, 178, 127,   24,  41,  73, 211,  42, 146,  40, 176,   9, 124,  201,  86, 189, 153, 123, 160, 149, 245,  54,  34,  ... 1444 more items]
2024-11-24T09:14:38.774Z - [LOG] Receive Counter: 21
2024-11-24T09:14:38.783Z - [LOG] Packet Length: 1485 Checksum Length: 8
2024-11-24T09:14:38.784Z - [LOG] <11:14:38>: <ERROR> Decryption error: Checksum mismatch 5dcbe218858a3393 != 061ca9d76ce98413
2024-11-24T09:14:39.049Z - [LOG] Header  254
2024-11-24T09:14:39.063Z - [LOG] Payload:  Buffer(1992) [Uint8Array] [  254,  79,  42,  24,  80, 153, 125, 187, 203, 240,  148,  18, 151,  99, 205, 118,  66, 208, 237, 229,   45,  39, 140, 202, 248, 104,  35,  51, 176, 237,  238,  30, 120, 239, 224,  79,  90, 157,  24,  70,   27, 217, 163,  91,  42,  13, 246, 218, 119, 202,  ... 1942 more items]
2024-11-24T09:14:39.084Z - [LOG] Receive Counter: 22
2024-11-24T09:14:39.094Z - [LOG] Packet Length: 1983 Checksum Length: 8
2024-11-24T09:14:39.103Z - [LOG] <11:14:39>: <ERROR> Decryption error: Checksum mismatch ffef9566c0be7421 != 132900508a51ada7
2024-11-24T09:14:39.191Z - [LOG] Header  254
2024-11-24T09:14:39.228Z - [LOG] Payload:  Buffer(1773) [Uint8Array] [  254, 216, 105, 187, 139, 158, 245, 118, 135, 133,   41, 174,  83, 118, 115, 245, 158,  21, 229, 243,   28, 144,  96,  92,   9,   5,  74,  73,  63,  41,  223, 146, 156, 244, 110,  24,  96,  17, 157,  31,  123,  71,  72, 224,  87,  18, 183,  37,  65, 116,  ... 1723 more items]
2024-11-24T09:14:39.291Z - [LOG] Receive Counter: 23
2024-11-24T09:14:39.307Z - [LOG] Packet Length: 1764 Checksum Length: 8
2024-11-24T09:14:39.317Z - [LOG] <11:14:39>: <ERROR> Decryption error: Checksum mismatch c01edfeda7ca679d != e4db1c96e15ec110
2024-11-24T09:14:39.428Z - [LOG] Header  254
2024-11-24T09:14:39.493Z - [LOG] Payload:  Buffer(1603) [Uint8Array] [  254,  64, 225,  99, 101, 216, 216,   4,   2,  43,   30, 101, 106, 198, 161, 152, 122, 136,  11, 227,    7, 133,  65, 170, 192, 181, 176, 253,  66,   0,   95,   2, 102, 209, 185,  35, 140, 161, 191, 117,  203,  97, 233,   3, 226, 201, 119, 251,  11,  14,  ... 1553 more items]
2024-11-24T09:14:39.523Z - [LOG] Receive Counter: 24
2024-11-24T09:14:39.528Z - [LOG] Packet Length: 1594 Checksum Length: 8
2024-11-24T09:14:39.563Z - [LOG] <11:14:39>: <ERROR> Decryption error: Checksum mismatch 6e64733846707397 != 5365f120998aa7db
2024-11-24T09:14:39.658Z - [LOG] Header  254
2024-11-24T09:14:39.665Z - [LOG] Payload:  Buffer(1725) [Uint8Array] [  254, 130, 176, 226, 236,  85,  81,  28, 112,   3,  132,  91, 117,  85, 120,  98, 183,  69,  49, 117,  233, 176,   7, 163,  39,  38, 213, 126, 230,  39,   36, 218, 244, 191, 114,  48, 190, 146,  67, 146,   11,  90, 254,  98,  68, 216, 231, 131, 186,  85,  ... 1675 more items]
2024-11-24T09:14:39.748Z - [LOG] Receive Counter: 25
2024-11-24T09:14:39.755Z - [LOG] Packet Length: 1716 Checksum Length: 8
2024-11-24T09:14:39.777Z - [LOG] <11:14:39>: <ERROR> Decryption error: Checksum mismatch b98a809d7b940271 != 391ee318ccf77586
2024-11-24T09:14:39.877Z - [LOG] Header  254
2024-11-24T09:14:39.892Z - [LOG] Payload:  Buffer(1937) [Uint8Array] [  254, 244, 145, 112,  50,  57, 208, 164,  75,  92,  179, 104, 159, 176, 229,  30, 138,  26,  20, 130,   71, 253, 228, 189,  54,  95, 114, 155, 102,  87,  178,  27, 206, 198, 247,  71, 117,  89,  26,  77,  190,   3, 122, 106,  80, 254, 154, 245, 220,  30,  ... 1887 more items]
2024-11-24T09:14:39.912Z - [LOG] Receive Counter: 26
2024-11-24T09:14:39.928Z - [LOG] Packet Length: 1928 Checksum Length: 8
2024-11-24T09:14:39.934Z - [LOG] <11:14:39>: <ERROR> Decryption error: Checksum mismatch 99a8348d845ad33d != 9f47670b27ad4e60
2024-11-24T09:14:40.005Z - [LOG] Header  254
2024-11-24T09:14:40.011Z - [LOG] Payload:  Buffer(1833) [Uint8Array] [  254,  44,  71, 221, 221,  84,  87, 245, 226, 132,  197,   8, 231, 230, 198,  23, 106, 112,  72, 200,   34,  26, 207, 248, 116, 216, 144, 135, 228, 226,   79, 206, 147,  69,  66, 213, 152,  62, 183,   0,  147,  55,  78, 116, 169, 222, 239, 101, 149, 233,  ... 1783 more items]
2024-11-24T09:14:40.068Z - [LOG] Receive Counter: 27
2024-11-24T09:14:40.077Z - [LOG] Packet Length: 1824 Checksum Length: 8
2024-11-24T09:14:40.086Z - [LOG] <11:14:40>: <ERROR> Decryption error: Checksum mismatch 33794157d26647ce != 00059ead120160ad
2024-11-24T09:14:40.218Z - [LOG] Header  254
2024-11-24T09:14:40.225Z - [LOG] Payload:  Buffer(1775) [Uint8Array] [  254, 161,  32,  26,  99,  25, 134,   8, 132,  80,  189,  43, 145, 141,  22, 172,  96, 144, 193, 141,  227, 164, 149,   6,  78,  79, 196, 132,  10, 220,  126, 121, 235,  93,  80, 136, 238,  29,  87,  67,  209, 184,  52,  53, 182,  13,  67, 190, 155, 127,  ... 1725 more items]
2024-11-24T09:14:40.237Z - [LOG] Receive Counter: 28
2024-11-24T09:14:40.239Z - [LOG] Packet Length: 1766 Checksum Length: 8
2024-11-24T09:14:40.242Z - [LOG] <11:14:40>: <ERROR> Decryption error: Checksum mismatch cac7bc049cd2b2f7 != cd029f1933e22c7b
2024-11-24T09:14:40.484Z - [LOG] Header  254
2024-11-24T09:14:40.492Z - [LOG] Payload:  Buffer(1524) [Uint8Array] [  254, 133, 204,  57,  12, 133, 110,  28, 102, 166,  222,  78, 183, 147, 170, 193,  96,  72, 174,  12,  185,  12, 187,  79, 246, 202, 128, 183,  91, 148,  214, 249,  88,  96,  81, 182, 120,  27,  37, 179,    0, 178, 129, 128, 216, 160,   4,  22,  68,  53,  ... 1474 more items]
2024-11-24T09:14:40.512Z - [LOG] Receive Counter: 29
2024-11-24T09:14:40.519Z - [LOG] Packet Length: 1515 Checksum Length: 8
2024-11-24T09:14:40.523Z - [LOG] <11:14:40>: <ERROR> Decryption error: Checksum mismatch 000e460f3431d195 != d19b72d12b03908a
2024-11-24T09:14:42.993Z - [LOG] Header  254
2024-11-24T09:14:43.007Z - [LOG] Payload:  Buffer(1660) [Uint8Array] [  254,  20,  64, 108,  78,  48, 141, 173, 113, 227,   75, 169,  16,  80, 238, 113,  63, 247, 156,  24,  138,  39, 223, 111, 121,  34, 141, 244, 201, 229,   84, 154, 240,  31,  67,  10, 174,  90, 208, 145,  106, 199, 154,  51, 208, 115, 150,  18, 215, 210,  ... 1610 more items]
2024-11-24T09:14:43.023Z - [LOG] Receive Counter: 30
2024-11-24T09:14:43.025Z - [LOG] Packet Length: 1651 Checksum Length: 8
2024-11-24T09:14:43.027Z - [LOG] <11:14:43>: <ERROR> Decryption error: Checksum mismatch f81a3071db32860f != 573eb3c4d5bc30e0
2024-11-24T09:14:44.242Z - [LOG] Header  254
2024-11-24T09:14:44.252Z - [LOG] Payload:  Buffer(1761) [Uint8Array] [  254, 231,   3, 141, 134, 205, 168, 249, 142, 158,  120,  68,  35,  81,   8,  61,  36, 165,  79, 248,  104, 246,   3,  42, 153, 251,  51,  31, 219,  39,  147, 216,  18, 244,  60, 240,  55, 230, 170, 168,   51, 121, 251, 227,  90,  41, 132, 104, 121, 208,  ... 1711 more items]
2024-11-24T09:14:44.278Z - [LOG] Receive Counter: 31
2024-11-24T09:14:44.282Z - [LOG] Packet Length: 1752 Checksum Length: 8
2024-11-24T09:14:44.284Z - [LOG] <11:14:44>: <ERROR> Decryption error: Checksum mismatch 119c759710b725aa != 9fad0877cb5f865c
2024-11-24T09:14:44.356Z - [LOG] Header  254
2024-11-24T09:14:44.362Z - [LOG] Payload:  Buffer(1988) [Uint8Array] [  254,   6, 164, 104,  39,  12, 182,  66,  18, 103,  127,  78, 100, 164, 140, 223, 104, 132, 178, 116,   78,  73,  84, 231, 149,   8, 195, 117,  57, 213,  181, 239, 172, 159, 132,  55, 214, 120,  66, 182,   40, 206,  70,   3, 153,   6,  77, 123,  25, 151,  ... 1938 more items]
2024-11-24T09:14:44.401Z - [LOG] Receive Counter: 32
2024-11-24T09:14:44.406Z - [LOG] Packet Length: 1979 Checksum Length: 8
2024-11-24T09:14:44.411Z - [LOG] <11:14:44>: <ERROR> Decryption error: Checksum mismatch 41e9800ffe021d42 != 6727ac4b00c2cd2f
2024-11-24T09:14:45.898Z - [LOG] Header  254
2024-11-24T09:14:45.904Z - [LOG] Payload:  Buffer(1660) [Uint8Array] [  254,  20,  64, 108,  78,  48, 141, 173, 113, 227,   75, 169,  16,  80, 238, 113,  63, 247, 156,  24,  138,  39, 223, 111, 121,  34, 141, 244, 201, 229,   84, 154, 240,  31,  67,  10, 174,  90, 208, 145,  106, 199, 154,  51, 208, 115, 150,  18, 215, 210,  ... 1610 more items]
2024-11-24T09:14:45.927Z - [LOG] Receive Counter: 33
2024-11-24T09:14:45.932Z - [LOG] Packet Length: 1651 Checksum Length: 8
2024-11-24T09:14:45.934Z - [LOG] <11:14:45>: <ERROR> Decryption error: Checksum mismatch ee9f89d2750d6782 != b13868f7a06b862b
2024-11-24T09:14:46.020Z - [LOG] Header  254
2024-11-24T09:14:46.025Z - [LOG] Payload:  Buffer(1534) [Uint8Array] [  254, 153, 201,  14,  35, 230,  43,  41,  81, 240,  139,   2, 111,  76,  87,  32, 184,  38, 233,  60,  241, 209,  62,  95, 190,  16, 169,  37, 145, 174,  190, 219, 223, 197,  38, 157,  10, 122,  69, 109,   62,   2,  16,  97, 173, 243, 230, 128, 219,  33,  ... 1484 more items]
2024-11-24T09:14:46.039Z - [LOG] Receive Counter: 34
2024-11-24T09:14:46.044Z - [LOG] Packet Length: 1525 Checksum Length: 8
2024-11-24T09:14:46.046Z - [LOG] <11:14:46>: <ERROR> Decryption error: Checksum mismatch ac4b7472f0d9334f != be7094f054a0d9cc
2024-11-24T09:14:46.235Z - [LOG] Header  254
2024-11-24T09:14:46.241Z - [LOG] Payload:  Buffer(1801) [Uint8Array] [  254,  67, 235, 162, 172, 253, 122,  78,  40,  47,  186,  54, 234,   6, 203,   2,  16,  82, 250,  32,  107, 118, 207,  38, 169, 191, 154,  34, 184, 199,  124,  34, 127, 239, 158, 210,  78,  47, 140, 255,   67, 236, 201, 180,  65, 235, 117, 161, 112,   4,  ... 1751 more items]
2024-11-24T09:14:46.253Z - [LOG] Receive Counter: 35
2024-11-24T09:14:46.256Z - [LOG] Packet Length: 1792 Checksum Length: 8
2024-11-24T09:14:46.259Z - [LOG] <11:14:46>: <ERROR> Decryption error: Checksum mismatch 22204d0aebc27bae != 53a86e9d05887a9c
2024-11-24T09:14:47.459Z - [LOG] Header  254
2024-11-24T09:14:47.464Z - [LOG] Payload:  Buffer(1679) [Uint8Array] [  254, 190, 134, 184,  83, 135,  83, 155,  62, 217,   87, 132, 116, 236, 196, 180,  70, 201, 213, 120,  255,   7,  33, 110,  85, 191, 243,  80, 252, 209,   24,  31, 127,  26,  85, 223,  30, 113, 227, 158,  155, 130, 121,  18,  16,  85, 122, 232,  93, 145,  ... 1629 more items]
2024-11-24T09:14:47.486Z - [LOG] Receive Counter: 36
2024-11-24T09:14:47.489Z - [LOG] Packet Length: 1670 Checksum Length: 8
2024-11-24T09:14:47.491Z - [LOG] <11:14:47>: <ERROR> Decryption error: Checksum mismatch 0352eab5a5eb1840 != dd5e6e681c12537d
2024-11-24T09:14:48.159Z - [LOG] Header  254
2024-11-24T09:14:48.167Z - [LOG] Payload:  Buffer(2171) [Uint8Array] [  254, 149, 181, 153, 241,  36, 106,  17, 195, 110,   16, 164,  14,  66, 222, 121, 175,  78, 220, 116,   47, 204,  26, 132,  55, 138, 169, 132,  41, 170,   71, 227,  87,  68, 107,  84, 251, 218, 148, 241,   24,   1,   6, 229,  28, 136, 128, 231, 140,  73,  ... 2121 more items]
2024-11-24T09:14:48.183Z - [LOG] Receive Counter: 37
2024-11-24T09:14:48.187Z - [LOG] Packet Length: 2162 Checksum Length: 8
2024-11-24T09:14:48.194Z - [LOG] <11:14:48>: <ERROR> Decryption error: Checksum mismatch 83003fa4b26c2a3b != 94422edcd47b1b3c
2024-11-24T09:14:48.605Z - [LOG] Header  254
2024-11-24T09:14:48.611Z - [LOG] Payload:  Buffer(1761) [Uint8Array] [  254, 231,   3, 141, 134, 205, 168, 249, 142, 158,  120,  68,  35,  81,   8,  61,  36, 165,  79, 248,  104, 246,   3,  42, 153, 251,  51,  31, 219,  39,  147, 216,  18, 244,  60, 240,  55, 230, 170, 168,   51, 121, 251, 227,  90,  41, 132, 104, 121, 208,  ... 1711 more items]
2024-11-24T09:14:48.624Z - [LOG] Receive Counter: 38
2024-11-24T09:14:48.635Z - [LOG] Packet Length: 1752 Checksum Length: 8
2024-11-24T09:14:48.640Z - [LOG] <11:14:48>: <ERROR> Decryption error: Checksum mismatch 6101e653a0dab825 != 6117cddbab245ae4
2024-11-24T09:14:49.944Z - [LOG] Header  254
2024-11-24T09:14:49.950Z - [LOG] Payload:  Buffer(1660) [Uint8Array] [  254,  20,  64, 108,  78,  48, 141, 173, 113, 227,   75, 169,  16,  80, 238, 113,  63, 247, 156,  24,  138,  39, 223, 111, 121,  34, 141, 244, 201, 229,   84, 154, 240,  31,  67,  10, 174,  90, 208, 145,  106, 199, 154,  51, 208, 115, 150,  18, 215, 210,  ... 1610 more items]
2024-11-24T09:14:49.963Z - [LOG] Receive Counter: 39
2024-11-24T09:14:49.968Z - [LOG] Packet Length: 1651 Checksum Length: 8
2024-11-24T09:14:49.972Z - [LOG] <11:14:49>: <ERROR> Decryption error: Checksum mismatch d28de42aa9472c6b != 7a657ff5287511d1
2024-11-24T09:14:53.429Z - [LOG] Header  254
2024-11-24T09:14:53.437Z - [LOG] Payload:  Buffer(1761) [Uint8Array] [  254, 231,   3, 141, 134, 205, 168, 249, 142, 158,  120,  68,  35,  81,   8,  61,  36, 165,  79, 248,  104, 246,   3,  42, 153, 251,  51,  31, 219,  39,  147, 216,  18, 244,  60, 240,  55, 230, 170, 168,   51, 121, 251, 227,  90,  41, 132, 104, 121, 208,  ... 1711 more items]
2024-11-24T09:14:53.452Z - [LOG] Receive Counter: 40
2024-11-24T09:14:53.456Z - [LOG] Packet Length: 1752 Checksum Length: 8
2024-11-24T09:14:53.465Z - [LOG] <11:14:53>: <ERROR> Decryption error: Checksum mismatch a2be7694988154a7 != c8c303ec1920c1c7
2024-11-24T09:14:53.885Z - [LOG] Header  254
2024-11-24T09:14:53.890Z - [LOG] Payload:  Buffer(1660) [Uint8Array] [  254,  20,  64, 108,  78,  48, 141, 173, 113, 227,   75, 169,  16,  80, 238, 113,  63, 247, 156,  24,  138,  39, 223, 111, 121,  34, 141, 244, 201, 229,   84, 154, 240,  31,  67,  10, 174,  90, 208, 145,  106, 199, 154,  51, 208, 115, 150,  18, 215, 210,  ... 1610 more items]
2024-11-24T09:14:53.936Z - [LOG] Receive Counter: 41
2024-11-24T09:14:53.942Z - [LOG] Packet Length: 1651 Checksum Length: 8
2024-11-24T09:14:53.944Z - [LOG] <11:14:53>: <ERROR> Decryption error: Checksum mismatch cf131a9ce6d0738a != c52a77a8a63e538e
2024-11-24T09:14:54.018Z - [LOG] Header  254
2024-11-24T09:14:54.027Z - [LOG] Payload:  Buffer(1719) [Uint8Array] [  254,  42,  15, 169, 122, 161, 107,  31, 208, 191,  119,  26, 234,   8,  59, 102,  79,  39,  70, 125,  126, 191,  45, 208, 197, 222,  61, 147, 251,  64,   88, 141, 178, 255,  39,  44,  21, 206,   3,  17,  125,  97,  18, 174,  99, 215, 203, 162,  99, 242,  ... 1669 more items]
2024-11-24T09:14:54.042Z - [LOG] Receive Counter: 42
2024-11-24T09:14:54.063Z - [LOG] Packet Length: 1710 Checksum Length: 8
2024-11-24T09:14:54.073Z - [LOG] <11:14:54>: <ERROR> Decryption error: Checksum mismatch 4c2cc6cac268f8bd != b37270a169b49a88
2024-11-24T09:14:55.487Z - [LOG] Header  254
2024-11-24T09:14:55.493Z - [LOG] Payload:  Buffer(1761) [Uint8Array] [  254, 231,   3, 141, 134, 205, 168, 249, 142, 158,  120,  68,  35,  81,   8,  61,  36, 165,  79, 248,  104, 246,   3,  42, 153, 251,  51,  31, 219,  39,  147, 216,  18, 244,  60, 240,  55, 230, 170, 168,   51, 121, 251, 227,  90,  41, 132, 104, 121, 208,  ... 1711 more items]
2024-11-24T09:14:55.508Z - [LOG] Receive Counter: 43
2024-11-24T09:14:55.512Z - [LOG] Packet Length: 1752 Checksum Length: 8
2024-11-24T09:14:55.513Z - [LOG] <11:14:55>: <ERROR> Decryption error: Checksum mismatch 6973e295d1531564 != 3547339296a6bb29
2024-11-24T09:14:56.059Z - [LOG] Header  254
2024-11-24T09:14:56.068Z - [LOG] Payload:  Buffer(1992) [Uint8Array] [  254,  79,  42,  24,  80, 153, 125, 187, 203, 240,  148,  18, 151,  99, 205, 118,  66, 208, 237, 229,   45,  39, 140, 202, 248, 104,  35,  51, 176, 237,  238,  30, 120, 239, 224,  79,  90, 157,  24,  70,   27, 217, 163,  91,  42,  13, 246, 218, 119, 202,  ... 1942 more items]
2024-11-24T09:14:56.085Z - [LOG] Receive Counter: 44
2024-11-24T09:14:56.090Z - [LOG] Packet Length: 1983 Checksum Length: 8
2024-11-24T09:14:56.095Z - [LOG] <11:14:56>: <ERROR> Decryption error: Checksum mismatch 96a4bde36f6801a9 != a1236241344acde4
2024-11-24T09:14:56.444Z - [LOG] Header  254
2024-11-24T09:14:56.450Z - [LOG] Payload:  Buffer(1675) [Uint8Array] [  254,  99, 209, 100, 182, 226,  72, 236, 85, 244,   13, 251, 155,  69,  72, 254, 243,  29, 63, 151,  189, 193, 145, 150, 177,  43, 244, 214, 17,  24,   58,  82,  97,   8,  19,  31, 120, 229,  2, 171,   38, 105,  62, 255, 101, 227, 182,   2, 92,  40,  ... 1625 more items]
2024-11-24T09:14:56.461Z - [LOG] Receive Counter: 45
2024-11-24T09:14:56.468Z - [LOG] Packet Length: 1666 Checksum Length: 8
2024-11-24T09:14:56.476Z - [LOG] <11:14:56>: <ERROR> Decryption error: Checksum mismatch 6965cebb21ea31ab != 9328be00118f5ae6
2024-11-24T09:14:56.875Z - [LOG] Header  254
2024-11-24T09:14:56.882Z - [LOG] Payload:  Buffer(1660) [Uint8Array] [  254,  20,  64, 108,  78,  48, 141, 173, 113, 227,   75, 169,  16,  80, 238, 113,  63, 247, 156,  24,  138,  39, 223, 111, 121,  34, 141, 244, 201, 229,   84, 154, 240,  31,  67,  10, 174,  90, 208, 145,  106, 199, 154,  51, 208, 115, 150,  18, 215, 210,  ... 1610 more items]
2024-11-24T09:14:56.896Z - [LOG] Receive Counter: 46
2024-11-24T09:14:56.901Z - [LOG] Packet Length: 1651 Checksum Length: 8
2024-11-24T09:14:56.903Z - [LOG] <11:14:56>: <ERROR> Decryption error: Checksum mismatch e7090e02b3a1359e != 56ce210b3c29569d
2024-11-24T09:14:57.003Z - [LOG] Header  254
2024-11-24T09:14:57.009Z - [LOG] Payload:  Buffer(1534) [Uint8Array] [  254, 153, 201,  14,  35, 230,  43,  41,  81, 240,  139,   2, 111,  76,  87,  32, 184,  38, 233,  60,  241, 209,  62,  95, 190,  16, 169,  37, 145, 174,  190, 219, 223, 197,  38, 157,  10, 122,  69, 109,   62,   2,  16,  97, 173, 243, 230, 128, 219,  33,  ... 1484 more items]
2024-11-24T09:14:57.024Z - [LOG] Receive Counter: 47
2024-11-24T09:14:57.027Z - [LOG] Packet Length: 1525 Checksum Length: 8
2024-11-24T09:14:57.038Z - [LOG] <11:14:57>: <ERROR> Decryption error: Checksum mismatch 0dd81f061294090d != a2e6b77f3ea4b3f9
2024-11-24T09:14:59.168Z - [LOG] Header  254
2024-11-24T09:14:59.179Z - [LOG] Payload:  Buffer(1660) [Uint8Array] [  254,  20,  64, 108,  78,  48, 141, 173, 113, 227,   75, 169,  16,  80, 238, 113,  63, 247, 156,  24,  138,  39, 223, 111, 121,  34, 141, 244, 201, 229,   84, 154, 240,  31,  67,  10, 174,  90, 208, 145,  106, 199, 154,  51, 208, 115, 150,  18, 215, 210,  ... 1610 more items]
2024-11-24T09:14:59.211Z - [LOG] Receive Counter: 48
2024-11-24T09:14:59.222Z - [LOG] Packet Length: 1651 Checksum Length: 8
2024-11-24T09:14:59.224Z - [LOG] <11:14:59>: <ERROR> Decryption error: Checksum mismatch fed443851c501573 != 3388902c41dccacb
2024-11-24T09:14:59.319Z - [LOG] Header  254
2024-11-24T09:14:59.327Z - [LOG] Payload:  Buffer(1534) [Uint8Array] [  254, 153, 201,  14,  35, 230,  43,  41,  81, 240,  139,   2, 111,  76,  87,  32, 184,  38, 233,  60,  241, 209,  62,  95, 190,  16, 169,  37, 145, 174,  190, 219, 223, 197,  38, 157,  10, 122,  69, 109,   62,   2,  16,  97, 173, 243, 230, 128, 219,  33,  ... 1484 more items]
2024-11-24T09:14:59.357Z - [LOG] Receive Counter: 49
2024-11-24T09:14:59.376Z - [LOG] Packet Length: 1525 Checksum Length: 8
2024-11-24T09:14:59.388Z - [LOG] <11:14:59>: <ERROR> Decryption error: Checksum mismatch f580312f4980f717 != 0922cefa9f6f8fe0
2024-11-24T09:14:59.812Z - [LOG] Header  254
2024-11-24T09:14:59.819Z - [LOG] Payload:  Buffer(1702) [Uint8Array] [  254,  58,  13,  80, 172, 236,  16, 105,  89, 186,  149, 214, 220, 166, 226,  71, 145,  37, 255,  43,  225,   6, 202, 190,  63, 201,  62,  62, 172, 240,   48,  25,  96,  27, 189, 207,  44, 131, 123, 183,   25,  63,  34, 169,  51, 149, 169,   7,  23, 151,  ... 1652 more items]
2024-11-24T09:14:59.837Z - [LOG] Receive Counter: 50
2024-11-24T09:14:59.842Z - [LOG] Packet Length: 1693 Checksum Length: 8
2024-11-24T09:14:59.846Z - [LOG] <11:14:59>: <ERROR> Decryption error: Checksum mismatch f501e097de6b6b7e != 72e73fffa6987f2a
2024-11-24T09:15:00.330Z - [LOG] Header  254
2024-11-24T09:15:00.340Z - [LOG] Payload:  Buffer(1761) [Uint8Array] [  254, 231,   3, 141, 134, 205, 168, 249, 142, 158,  120,  68,  35,  81,   8,  61,  36, 165,  79, 248,  104, 246,   3,  42, 153, 251,  51,  31, 219,  39,  147, 216,  18, 244,  60, 240,  55, 230, 170, 168,   51, 121, 251, 227,  90,  41, 132, 104, 121, 208,  ... 1711 more items]
2024-11-24T09:15:00.350Z - [LOG] Receive Counter: 51
2024-11-24T09:15:00.358Z - [LOG] Packet Length: 1752 Checksum Length: 8
2024-11-24T09:15:00.361Z - [LOG] <11:15:0>: <ERROR> Decryption error: Checksum mismatch 89d5ee06f2430b0c != b8eee8fb17f5760e
2024-11-24T09:15:01.024Z - [LOG] Header  254
2024-11-24T09:15:01.029Z - [LOG] Payload:  Buffer(1660) [Uint8Array] [  254,  20,  64, 108,  78,  48, 141, 173, 113, 227,   75, 169,  16,  80, 238, 113,  63, 247, 156,  24,  138,  39, 223, 111, 121,  34, 141, 244, 201, 229,   84, 154, 240,  31,  67,  10, 174,  90, 208, 145,  106, 199, 154,  51, 208, 115, 150,  18, 215, 210,  ... 1610 more items]
2024-11-24T09:15:01.045Z - [LOG] Receive Counter: 52
2024-11-24T09:15:01.053Z - [LOG] Packet Length: 1651 Checksum Length: 8
2024-11-24T09:15:01.057Z - [LOG] <11:15:1>: <ERROR> Decryption error: Checksum mismatch 5607cc0802d78f28 != 4dc0c4518f7d4b0e
2024-11-24T09:15:01.533Z - [LOG] Header  254
2024-11-24T09:15:01.538Z - [LOG] Payload:  Buffer(1716) [Uint8Array] [  254, 155, 154,  73, 180, 193, 246, 204, 217, 210,  181,  69, 175, 218, 145, 120, 248,  44,  68, 209,  141,  76,  70, 180, 165,  48, 217, 103, 110, 236,  146,  33,  96, 195,  79, 213, 130, 116,  73, 225,  220,  91, 255, 231,  18, 165, 164,  94,  52, 223,  ... 1666 more items]
2024-11-24T09:15:01.545Z - [LOG] Receive Counter: 53
2024-11-24T09:15:01.554Z - [LOG] Packet Length: 1707 Checksum Length: 8
2024-11-24T09:15:01.556Z - [LOG] <11:15:1>: <ERROR> Decryption error: Checksum mismatch f9d887fcf073e9c1 != ff4043f8a5b95523
2024-11-24T09:15:01.918Z - [LOG] Header  254
2024-11-24T09:15:01.926Z - [LOG] Payload:  Buffer(1761) [Uint8Array] [  254, 231,   3, 141, 134, 205, 168, 249, 142, 158,  120,  68,  35,  81,   8,  61,  36, 165,  79, 248,  104, 246,   3,  42, 153, 251,  51,  31, 219,  39,  147, 216,  18, 244,  60, 240,  55, 230, 170, 168,   51, 121, 251, 227,  90,  41, 132, 104, 121, 208,  ... 1711 more items]
2024-11-24T09:15:01.943Z - [LOG] Receive Counter: 54
2024-11-24T09:15:01.949Z - [LOG] Packet Length: 1752 Checksum Length: 8
2024-11-24T09:15:01.954Z - [LOG] <11:15:1>: <ERROR> Decryption error: Checksum mismatch 2b9282029461a672 != 7d83ed8d75e2f244
2024-11-24T09:15:02.636Z - [LOG] Header  254
2024-11-24T09:15:02.644Z - [LOG] Payload:  Buffer(1660) [Uint8Array] [  254,  20,  64, 108,  78,  48, 141, 173, 113, 227,   75, 169,  16,  80, 238, 113,  63, 247, 156,  24,  138,  39, 223, 111, 121,  34, 141, 244, 201, 229,   84, 154, 240,  31,  67,  10, 174,  90, 208, 145,  106, 199, 154,  51, 208, 115, 150,  18, 215, 210,  ... 1610 more items]
2024-11-24T09:15:02.663Z - [LOG] Receive Counter: 55
2024-11-24T09:15:02.675Z - [LOG] Packet Length: 1651 Checksum Length: 8
2024-11-24T09:15:02.684Z - [LOG] <11:15:2>: <ERROR> Decryption error: Checksum mismatch ca9c270db8a75de4 != 88a987fee65b35ce
2024-11-24T09:15:02.856Z - [LOG] Header  254
2024-11-24T09:15:02.866Z - [LOG] Payload:  Buffer(1534) [Uint8Array] [  254, 153, 201,  14,  35, 230,  43,  41,  81, 240,  139,   2, 111,  76,  87,  32, 184,  38, 233,  60,  241, 209,  62,  95, 190,  16, 169,  37, 145, 174,  190, 219, 223, 197,  38, 157,  10, 122,  69, 109,   62,   2,  16,  97, 173, 243, 230, 128, 219,  33,  ... 1484 more items]
2024-11-24T09:15:02.984Z - [LOG] Receive Counter: 56
2024-11-24T09:15:03.278Z - [LOG] Packet Length: 1525 Checksum Length: 8
2024-11-24T09:15:03.329Z - [LOG] <11:15:3>: <ERROR> Decryption error: Checksum mismatch 47553c79ccd5aed8 != 593647ce7be0279a
