2024-11-23T21:49:16.591Z - [TIME START] Spawn
2024-11-23T21:49:16.607Z - Starting connection...
2024-11-23T21:49:16.649Z - [LOG] <23:49:16>: <DEBUG> setupClientProfile execution time: 0.08ms
2024-11-23T21:49:16.652Z - [LOG] <23:49:16>: <DEBUG> createOfflineSession execution time: 41.26ms
2024-11-23T21:49:16.653Z - [LOG] <23:49:16>: <DEBUG> initializeSession execution time: 43.59ms
2024-11-23T21:49:16.653Z - [LOG] <23:49:16>: <DEBUG> connect execution time: 44.22ms
2024-11-23T21:49:16.678Z - [LOG] <23:49:16>: <DEBUG> setupClientChains execution time: 21.63ms
2024-11-23T21:49:17.425Z - [LOG] <23:49:17>: <DEBUG> handleSessionStart execution time: 2.26ms
2024-11-23T21:49:17.863Z - [LOG] handle
2024-11-23T21:49:17.867Z - [LOG] <23:49:17>: <DEBUG> Sending Game PACKET --> 193 | 0xc1 2024-11-23T21:49:17.867Z
2024-11-23T21:49:17.870Z - [LOG] <23:49:17>: <DEBUG> sendPacket execution time: 3.91ms
2024-11-23T21:49:17.872Z - [TIME END] Spawn: 1281ms
2024-11-23T21:49:17.883Z - [LOG] {  type: 'MCPE',  message: 'PocketMine-MP Server',  protocol: 748,  version: '1.21.40',  playerCount: 0,  maxPlayers: 20,  serverGUID: 959315177832208500,  serverName: 'PocketMine-MP',  gamemode: 'Survival'}
2024-11-23T21:49:17.888Z - Connected successfully: {"type":"MCPE","message":"PocketMine-MP Server","protocol":748,"version":"1.21.40","playerCount":0,"maxPlayers":20,"serverGUID":959315177832208500,"serverName":"PocketMine-MP","gamemode":"Survival"}
2024-11-23T21:49:18.180Z - [LOG] Header  254
2024-11-23T21:49:18.187Z - [LOG] Payload:  Buffer(14) [Uint8Array] [  254, 12, 143, 1, 1, 0,    0,  0,   0, 0, 0, 0,    0,  0]
2024-11-23T21:49:18.191Z - [LOG] id  143
2024-11-23T21:49:18.191Z - [LOG] 143
2024-11-23T21:49:18.195Z - [LOG] <23:49:18>: <DEBUG> S -> C NetworkSettingsPacket
2024-11-23T21:49:18.197Z - [LOG] test
2024-11-23T21:49:18.199Z - [LOG] <23:49:18>: <DEBUG> Sending Game PACKET --> 1 | 0x01 2024-11-23T21:49:18.199Z
2024-11-23T21:49:18.254Z - [LOG] <23:49:18>: <DEBUG> sendPacket execution time: 54.96ms
2024-11-23T21:49:18.264Z - [LOG] <23:49:18>: <DEBUG> sendLoginPacket execution time: 67.28ms
2024-11-23T21:49:18.267Z - [LOG] <23:49:18>: <DEBUG> onNetworkSettings execution time: 73.90ms
2024-11-23T21:49:18.889Z - [LOG] Header  254
2024-11-23T21:49:18.896Z - [LOG] Payload:  Buffer(361) [Uint8Array] [  254,   0,  13, 207,  91, 114, 170,  48,  24,   0,  224,   7, 215,  99,  39,   1, 105, 143, 143, 165,   92,  12,  28,  66,   9, 228,   7, 242, 194,   4,  177, 114,   9, 136,  74,  21, 216, 209, 153,  57,  139, 108,  87, 240, 205, 247, 127, 179, 249, 183,  ... 311 more items]
2024-11-23T21:49:18.912Z - [LOG] id  3
2024-11-23T21:49:18.914Z - [LOG] 3
2024-11-23T21:49:18.919Z - [LOG] <23:49:18>: <DEBUG> validateKeys execution time: 0.14ms
2024-11-23T21:49:19.086Z - [LOG] <23:49:19>: <DEBUG> createSharedSecret execution time: 167.22ms
2024-11-23T21:49:19.092Z - [LOG] <23:49:19>: <DEBUG> setupEncryption execution time: 4.78ms
2024-11-23T21:49:19.095Z - [LOG] <23:49:19>: <DEBUG> Sending Game PACKET --> 4 | 0x04 2024-11-23T21:49:19.095Z
2024-11-23T21:49:19.103Z - [LOG] <23:49:19>: <DEBUG> sendPacket execution time: 7.58ms
2024-11-23T21:49:19.104Z - [LOG] <23:49:19>: <DEBUG> sendClientToServerHandshake execution time: 9.47ms
2024-11-23T21:49:19.107Z - [LOG] <23:49:19>: <DEBUG> onServerToClientHandshake execution time: 191.07ms
2024-11-23T21:49:19.167Z - [LOG] Header  254
2024-11-23T21:49:19.169Z - [LOG] Payload:  Buffer(23) [Uint8Array] [  254, 235, 146, 123,  24, 190,  180,  36, 241, 237,  59, 228,  169,  54,  48, 161,  67,  49,   39, 166,  78, 222, 135]
2024-11-23T21:49:19.178Z - [LOG] Receive Counter: 0
2024-11-23T21:49:19.183Z - [LOG] Packet Length: 14 Checksum Length: 8
2024-11-23T21:49:19.184Z - [LOG] <23:49:19>: <DEBUG> Checksum matched 1f70f7848d1dd71b == 1f70f7848d1dd71b
2024-11-23T21:49:19.184Z - [LOG] id  2
2024-11-23T21:49:19.185Z - [LOG] 2
2024-11-23T21:49:19.185Z - [LOG] <23:49:19>: <DEBUG> onPlayStatus execution time: 0.15ms
2024-11-23T21:49:19.186Z - [LOG] id  6
2024-11-23T21:49:19.186Z - [LOG] 6
2024-11-23T21:49:19.187Z - [LOG] <23:49:19>: <DEBUG> Sending Game PACKET --> 8 | 0x08 2024-11-23T21:49:19.187Z
2024-11-23T21:49:19.190Z - [LOG] <23:49:19>: <DEBUG> sendPacket execution time: 2.24ms
2024-11-23T21:49:19.191Z - [LOG] <23:49:19>: <DEBUG> onResourcePack execution time: 3.33ms
2024-11-23T21:49:21.996Z - [LOG] Header  254
2024-11-23T21:49:22.249Z - [LOG] Payload:  Buffer(53361) [Uint8Array] [  254,  16,  72, 184,  69, 251,  79, 136,  71,  53,   19, 111,  89, 104, 149, 127, 117, 191,  90,   7,  180,  92,  35,  18, 249, 252, 195,   3,  47, 104,   11, 187, 163, 250,  54,  52, 241, 161, 126, 103,   74, 226, 216, 134, 135, 107, 228, 204, 207, 252,  ... 53311 more items]
2024-11-23T21:49:22.273Z - [LOG] Receive Counter: 1
2024-11-23T21:49:22.431Z - [LOG] Packet Length: 53352 Checksum Length: 8
2024-11-23T21:49:22.440Z - [LOG] <23:49:22>: <DEBUG> Checksum matched 331fb9d29f227614 == 331fb9d29f227614
2024-11-23T21:49:22.466Z - [LOG] id  11
2024-11-23T21:49:22.467Z - [LOG] 11
2024-11-23T21:49:22.514Z - [LOG] <23:49:22>: <DEBUG> Sending Game PACKET --> 69 | 0x45 2024-11-23T21:49:22.514Z
2024-11-23T21:49:22.518Z - [LOG] <23:49:22>: <DEBUG> sendPacket execution time: 3.85ms
2024-11-23T21:49:22.520Z - [LOG] <23:49:22>: <DEBUG> onStartGame execution time: 12.73ms
2024-11-23T21:49:22.523Z - [LOG] id  119
2024-11-23T21:49:22.531Z - [LOG] 119
2024-11-23T21:49:22.588Z - [LOG] id  122
2024-11-23T21:49:22.592Z - [LOG] 122
2024-11-23T21:49:22.596Z - [LOG] id  29
2024-11-23T21:49:22.597Z - [LOG] 29
2024-11-23T21:49:22.599Z - [LOG] id  76
2024-11-23T21:49:22.601Z - [LOG] 76
2024-11-23T21:49:22.609Z - [LOG] id  187
2024-11-23T21:49:22.612Z - [LOG] 187
2024-11-23T21:49:22.615Z - [LOG] id  188
2024-11-23T21:49:22.618Z - [LOG] 188
2024-11-23T21:49:22.620Z - [LOG] id  39
2024-11-23T21:49:22.622Z - [LOG] 39
2024-11-23T21:49:22.624Z - [LOG] id  49
2024-11-23T21:49:22.625Z - [LOG] 49
2024-11-23T21:49:22.629Z - [LOG] id  49
2024-11-23T21:49:22.631Z - [LOG] 49
2024-11-23T21:49:22.633Z - [LOG] id  49
2024-11-23T21:49:22.634Z - [LOG] 49
2024-11-23T21:49:22.635Z - [LOG] id  49
2024-11-23T21:49:22.635Z - [LOG] 49
2024-11-23T21:49:22.635Z - [LOG] id  49
2024-11-23T21:49:22.636Z - [LOG] 49
2024-11-23T21:49:22.636Z - [LOG] id  49
2024-11-23T21:49:22.637Z - [LOG] 49
2024-11-23T21:49:22.637Z - [LOG] id  50
2024-11-23T21:49:22.638Z - [LOG] 50
2024-11-23T21:49:22.639Z - [LOG] id  50
2024-11-23T21:49:22.640Z - [LOG] 50
2024-11-23T21:49:22.642Z - [LOG] id  50
2024-11-23T21:49:22.646Z - [LOG] 50
2024-11-23T21:49:22.647Z - [LOG] id  50
2024-11-23T21:49:22.647Z - [LOG] 50
2024-11-23T21:49:22.647Z - [LOG] id  50
2024-11-23T21:49:22.649Z - [LOG] 50
2024-11-23T21:49:22.651Z - [LOG] id  31
2024-11-23T21:49:22.652Z - [LOG] 31
2024-11-23T21:49:22.653Z - [LOG] id  145
2024-11-23T21:49:22.654Z - [LOG] 145
2024-11-23T21:49:22.715Z - [LOG] id  52
2024-11-23T21:49:22.719Z - [LOG] 52
2024-11-23T21:49:23.171Z - [LOG] id  63
2024-11-23T21:49:23.228Z - [LOG] 63
2024-11-23T21:49:23.282Z - [LOG] id  29
2024-11-23T21:49:23.391Z - [LOG] 29
2024-11-23T21:49:28.298Z - [LOG] Header  254
2024-11-23T21:49:28.489Z - [LOG] Payload:  Buffer(53361) [Uint8Array] [  254,  16,  72, 184,  69, 251,  79, 136,  71,  53,   19, 111,  89, 104, 149, 127, 117, 191,  90,   7,  180,  92,  35,  18, 249, 252, 195,   3,  47, 104,   11, 187, 163, 250,  54,  52, 241, 161, 126, 103,   74, 226, 216, 134, 135, 107, 228, 204, 207, 252,  ... 53311 more items]
2024-11-23T21:49:28.508Z - [LOG] Receive Counter: 2
2024-11-23T21:49:28.596Z - [LOG] Packet Length: 53352 Checksum Length: 8
2024-11-23T21:49:28.601Z - [LOG] <23:49:28>: <ERROR> Decryption error: Checksum mismatch 265d2dfe7499c187 != 85bdb9235354f6e9
2024-11-23T21:49:29.165Z - [LOG] Header  254
2024-11-23T21:49:29.174Z - [LOG] Payload:  Buffer(1840) [Uint8Array] [  254, 144,  93,  70,  30, 200, 141, 210,   4, 100,  243, 230,  75,  40,  25, 183, 190, 231, 220,  20,  126, 141,  79, 219, 116, 170,  60,  72, 254, 135,  158, 209, 211, 160, 204, 208, 140, 199,  20,  94,  189, 195, 125, 131, 223,  67,  61, 128, 225,  26,  ... 1790 more items]
2024-11-23T21:49:29.196Z - [LOG] Receive Counter: 3
2024-11-23T21:49:29.200Z - [LOG] Packet Length: 1831 Checksum Length: 8
2024-11-23T21:49:29.216Z - [LOG] <23:49:29>: <ERROR> Decryption error: Checksum mismatch 8a622d82511ac7aa != d0909c656c25c790
2024-11-23T21:49:29.285Z - [LOG] Header  254
2024-11-23T21:49:29.290Z - [LOG] Payload:  Buffer(1753) [Uint8Array] [  254,  69,  87,  35,  27, 114, 237,  48,  96, 225,  208, 212, 218,   5, 170, 147, 129, 149, 130, 123,  229, 198,  77, 209,  68, 164, 219, 242, 127, 190,   52, 247, 158,  56, 199, 125, 238, 124, 111,   6,  210, 160, 239, 112,  58, 182, 130, 148,  49, 122,  ... 1703 more items]
2024-11-23T21:49:29.307Z - [LOG] Receive Counter: 4
