2024-11-23T21:33:01.046Z - [TIME START] Spawn
2024-11-23T21:33:01.047Z - Starting connection...
2024-11-23T21:33:01.054Z - [LOG] <23:33:1>: <DEBUG> setupClientProfile execution time: 0.05ms
2024-11-23T21:33:01.056Z - [LOG] <23:33:1>: <DEBUG> createOfflineSession execution time: 6.76ms
2024-11-23T21:33:01.058Z - [LOG] <23:33:1>: <DEBUG> initializeSession execution time: 9.97ms
2024-11-23T21:33:01.061Z - [LOG] <23:33:1>: <DEBUG> connect execution time: 12.76ms
2024-11-23T21:33:01.083Z - [LOG] <23:33:1>: <DEBUG> setupClientChains execution time: 20.03ms
2024-11-23T21:33:01.712Z - [LOG] <23:33:1>: <DEBUG> handleSessionStart execution time: 5.59ms
2024-11-23T21:33:02.150Z - [LOG] handle
2024-11-23T21:33:02.155Z - [LOG] <23:33:2>: <DEBUG> Sending Game PACKET --> 193 | 0xc1 2024-11-23T21:33:02.155Z
2024-11-23T21:33:02.162Z - [LOG] <23:33:2>: <DEBUG> sendPacket execution time: 6.60ms
2024-11-23T21:33:02.163Z - [TIME END] Spawn: 1117ms
2024-11-23T21:33:02.175Z - [LOG] {  type: 'MCPE',  message: 'PocketMine-MP Server',  protocol: 748,  version: '1.21.40',  playerCount: 0,  maxPlayers: 20,  serverGUID: 959315177832208500,  serverName: 'PocketMine-MP',  gamemode: 'Survival'}
2024-11-23T21:33:02.191Z - Connected successfully: {"type":"MCPE","message":"PocketMine-MP Server","protocol":748,"version":"1.21.40","playerCount":0,"maxPlayers":20,"serverGUID":959315177832208500,"serverName":"PocketMine-MP","gamemode":"Survival"}
2024-11-23T21:33:02.468Z - [LOG] Header  254
2024-11-23T21:33:02.477Z - [LOG] Payload:  Buffer(14) [Uint8Array] [  254, 12, 143, 1, 1, 0,    0,  0,   0, 0, 0, 0,    0,  0]
2024-11-23T21:33:02.480Z - [LOG] id  143
2024-11-23T21:33:02.480Z - [LOG] 143
2024-11-23T21:33:02.482Z - [LOG] <23:33:2>: <DEBUG> S -> C NetworkSettingsPacket
2024-11-23T21:33:02.484Z - [LOG] test
2024-11-23T21:33:02.486Z - [LOG] <23:33:2>: <DEBUG> Sending Game PACKET --> 1 | 0x01 2024-11-23T21:33:02.486Z
2024-11-23T21:33:02.534Z - [LOG] <23:33:2>: <DEBUG> sendPacket execution time: 47.85ms
2024-11-23T21:33:02.541Z - [LOG] <23:33:2>: <DEBUG> sendLoginPacket execution time: 55.79ms
2024-11-23T21:33:02.544Z - [LOG] <23:33:2>: <DEBUG> onNetworkSettings execution time: 62.90ms
2024-11-23T21:33:03.097Z - [LOG] Header  254
2024-11-23T21:33:03.106Z - [LOG] Payload:  Buffer(357) [Uint8Array] [  254,   0,  21, 207, 203, 110, 163,  48,  24,  64,  225,  69, 222, 103, 228,  92, 136, 148, 229, 120,  192,  14, 164, 152,  98, 236, 223, 132,  77, 132,   33,   3,  24,  23, 104,  96, 146, 192,  19, 141,  212, 151, 108, 186,  63, 210, 209, 247, 181,  90,  ... 307 more items]
2024-11-23T21:33:03.122Z - [LOG] id  3
2024-11-23T21:33:03.125Z - [LOG] 3
2024-11-23T21:33:03.133Z - [LOG] <23:33:3>: <DEBUG> validateKeys execution time: 0.12ms
2024-11-23T21:33:03.245Z - [LOG] <23:33:3>: <DEBUG> createSharedSecret execution time: 113.35ms
2024-11-23T21:33:03.258Z - [LOG] <23:33:3>: <DEBUG> setupEncryption execution time: 5.23ms
2024-11-23T21:33:03.261Z - [LOG] <23:33:3>: <DEBUG> Sending Game PACKET --> 4 | 0x04 2024-11-23T21:33:03.261Z
2024-11-23T21:33:03.268Z - [LOG] <23:33:3>: <DEBUG> sendPacket execution time: 6.82ms
2024-11-23T21:33:03.271Z - [LOG] <23:33:3>: <DEBUG> sendClientToServerHandshake execution time: 10.34ms
2024-11-23T21:33:03.301Z - [LOG] <23:33:3>: <DEBUG> onServerToClientHandshake execution time: 169.60ms
2024-11-23T21:33:03.492Z - [LOG] Header  254
2024-11-23T21:33:03.503Z - [LOG] Payload:  Buffer(23) [Uint8Array] [  254, 237, 243, 247,   0, 37, 161,  216,  39, 153, 122, 137,  5,  12,   97,  48,  30,  17,  47, 88,  28,  243,  63]
2024-11-23T21:33:03.515Z - [LOG] Receive Counter: 0
2024-11-23T21:33:03.524Z - [LOG] Packet Length: 14 Checksum Length: 8
2024-11-23T21:33:03.531Z - [LOG] <23:33:3>: <DEBUG> Checksum matched 88821b6ea8ba7fd2 == 88821b6ea8ba7fd2
2024-11-23T21:33:03.538Z - [LOG] id  2
2024-11-23T21:33:03.539Z - [LOG] 2
2024-11-23T21:33:03.540Z - [LOG] <23:33:3>: <DEBUG> onPlayStatus execution time: 0.15ms
2024-11-23T21:33:03.542Z - [LOG] id  6
2024-11-23T21:33:03.543Z - [LOG] 6
2024-11-23T21:33:03.544Z - [LOG] <23:33:3>: <DEBUG> Sending Game PACKET --> 8 | 0x08 2024-11-23T21:33:03.544Z
2024-11-23T21:33:03.552Z - [LOG] <23:33:3>: <DEBUG> sendPacket execution time: 7.70ms
2024-11-23T21:33:03.556Z - [LOG] <23:33:3>: <DEBUG> onResourcePack execution time: 11.40ms
2024-11-23T21:33:06.288Z - [LOG] Header  254
2024-11-23T21:33:06.539Z - [LOG] Payload:  Buffer(53358) [Uint8Array] [  254, 214, 250, 211, 108, 242, 162, 219, 207,  93,   56, 100,  79, 163,  73, 184,  11,  22,  89, 245,   41, 192,   4, 115, 103, 100, 248, 248,  51, 195,   84,  71, 142,  76,   4, 119,  73, 191, 167, 111,   51, 182,  17, 137, 166, 136,  48, 199,  56, 165,  ... 53308 more items]
2024-11-23T21:33:06.557Z - [LOG] Receive Counter: 1
2024-11-23T21:33:06.788Z - [LOG] Packet Length: 53349 Checksum Length: 8
2024-11-23T21:33:06.795Z - [LOG] <23:33:6>: <DEBUG> Checksum matched 13f589cdb22504df == 13f589cdb22504df
2024-11-23T21:33:06.803Z - [LOG] id  11
2024-11-23T21:33:06.812Z - [LOG] 11
2024-11-23T21:33:06.849Z - [LOG] <23:33:6>: <DEBUG> Sending Game PACKET --> 69 | 0x45 2024-11-23T21:33:06.849Z
2024-11-23T21:33:06.853Z - [LOG] <23:33:6>: <DEBUG> sendPacket execution time: 4.41ms
2024-11-23T21:33:06.855Z - [LOG] <23:33:6>: <DEBUG> onStartGame execution time: 8.70ms
2024-11-23T21:33:06.858Z - [LOG] id  119
2024-11-23T21:33:06.859Z - [LOG] 119
2024-11-23T21:33:06.901Z - [LOG] id  122
2024-11-23T21:33:06.921Z - [LOG] 122
2024-11-23T21:33:06.923Z - [LOG] id  29
2024-11-23T21:33:06.928Z - [LOG] 29
2024-11-23T21:33:06.931Z - [LOG] id  76
2024-11-23T21:33:06.934Z - [LOG] 76
2024-11-23T21:33:06.940Z - [LOG] id  187
2024-11-23T21:33:06.941Z - [LOG] 187
2024-11-23T21:33:06.943Z - [LOG] id  188
2024-11-23T21:33:06.944Z - [LOG] 188
2024-11-23T21:33:06.945Z - [LOG] id  39
2024-11-23T21:33:06.946Z - [LOG] 39
2024-11-23T21:33:06.950Z - [LOG] id  49
2024-11-23T21:33:06.953Z - [LOG] 49
2024-11-23T21:33:06.955Z - [LOG] id  49
2024-11-23T21:33:06.958Z - [LOG] 49
2024-11-23T21:33:06.959Z - [LOG] id  49
2024-11-23T21:33:06.960Z - [LOG] 49
2024-11-23T21:33:06.961Z - [LOG] id  49
2024-11-23T21:33:06.961Z - [LOG] 49
2024-11-23T21:33:06.961Z - [LOG] id  49
2024-11-23T21:33:06.962Z - [LOG] 49
2024-11-23T21:33:06.962Z - [LOG] id  49
2024-11-23T21:33:06.963Z - [LOG] 49
2024-11-23T21:33:06.963Z - [LOG] id  50
2024-11-23T21:33:06.964Z - [LOG] 50
2024-11-23T21:33:06.968Z - [LOG] id  50
2024-11-23T21:33:06.971Z - [LOG] 50
2024-11-23T21:33:06.971Z - [LOG] id  50
2024-11-23T21:33:06.972Z - [LOG] 50
2024-11-23T21:33:06.973Z - [LOG] id  50
2024-11-23T21:33:06.973Z - [LOG] 50
2024-11-23T21:33:06.974Z - [LOG] id  50
2024-11-23T21:33:06.975Z - [LOG] 50
2024-11-23T21:33:06.975Z - [LOG] id  31
2024-11-23T21:33:06.977Z - [LOG] 31
2024-11-23T21:33:06.978Z - [LOG] id  145
2024-11-23T21:33:06.978Z - [LOG] 145
2024-11-23T21:33:07.080Z - [LOG] id  52
2024-11-23T21:33:07.109Z - [LOG] 52
2024-11-23T21:33:07.419Z - [LOG] id  63
2024-11-23T21:33:07.460Z - [LOG] 63
2024-11-23T21:33:07.492Z - [LOG] id  29
2024-11-23T21:33:07.504Z - [LOG] 29
2024-11-23T21:33:13.187Z - [LOG] Header  254
2024-11-23T21:33:13.359Z - [LOG] Payload:  Buffer(53358) [Uint8Array] [  254, 214, 250, 211, 108, 242, 162, 219, 207,  93,   56, 100,  79, 163,  73, 184,  11,  22,  89, 245,   41, 192,   4, 115, 103, 100, 248, 248,  51, 195,   84,  71, 142,  76,   4, 119,  73, 191, 167, 111,   51, 182,  17, 137, 166, 136,  48, 199,  56, 165,  ... 53308 more items]
2024-11-23T21:33:13.434Z - [LOG] Receive Counter: 2
2024-11-23T21:33:13.497Z - [LOG] Packet Length: 53349 Checksum Length: 8
2024-11-23T21:33:13.540Z - [LOG] <23:33:13>: <ERROR> Decryption error: Checksum mismatch 91f049cc34c14cb9 != 266d6478275a324c
2024-11-23T21:33:14.146Z - [LOG] Header  254
2024-11-23T21:33:14.158Z - [LOG] Payload:  Buffer(1840) [Uint8Array] [  254, 134,  27,  70, 114, 109, 114, 126, 194,  22,  185,  62,  19,  49, 150, 171, 191,  20, 102, 254,   15, 222,  73, 115,  16,  41, 214,  57, 164, 198,  180, 227,  20, 128, 115, 202, 126,  27,  61,  95,  180, 200, 177, 103, 250,  31, 143, 192, 218, 117,  ... 1790 more items]
2024-11-23T21:33:14.194Z - [LOG] Receive Counter: 3
2024-11-23T21:33:14.204Z - [LOG] Packet Length: 1831 Checksum Length: 8
2024-11-23T21:33:14.230Z - [LOG] <23:33:14>: <ERROR> Decryption error: Checksum mismatch c918a1b505596bc5 != 8e06aa8d5e0f1703
2024-11-23T21:33:14.287Z - [LOG] Header  254
2024-11-23T21:33:14.300Z - [LOG] Payload:  Buffer(1753) [Uint8Array] [  254, 247, 110, 215,   5, 220, 184, 222, 244,  216, 125, 244, 184, 147,  32,  97,  23, 164,   87, 185, 232,  37,  16, 225, 108, 167, 115,  122, 249, 198,  34, 165,  65, 249, 119, 235,   50, 138, 109, 120, 173, 226,  36, 222, 128,   22,  42, 144, 147, 125,  ... 1703 more items]
2024-11-23T21:33:14.347Z - [LOG] Receive Counter: 4
2024-11-23T21:33:14.355Z - [LOG] Packet Length: 1744 Checksum Length: 8
2024-11-23T21:33:14.359Z - [LOG] <23:33:14>: <ERROR> Decryption error: Checksum mismatch 622923721484e704 != a6bf00e407257144
2024-11-23T21:33:14.413Z - [LOG] Header  254
2024-11-23T21:33:14.423Z - [LOG] Payload:  Buffer(2012) [Uint8Array] [  254,  47,  32, 173, 104, 169,  57,  65, 166, 198,  168,  12,  60,  56, 170, 125, 136, 238, 242,  93,   50, 108, 110, 161,  63,  54,  92, 214,  28, 187,  194, 222, 234, 115, 122, 237, 162, 216, 126,  51,  160, 142, 163, 176,   3, 177, 229, 101,  59, 149,  ... 1962 more items]
2024-11-23T21:33:14.434Z - [LOG] Receive Counter: 5
2024-11-23T21:33:14.441Z - [LOG] Packet Length: 2003 Checksum Length: 8
2024-11-23T21:33:14.452Z - [LOG] <23:33:14>: <ERROR> Decryption error: Checksum mismatch 36c83b001998051e != 1dfb95c523e49e5f
2024-11-23T21:33:14.550Z - [LOG] Header  254
2024-11-23T21:33:14.563Z - [LOG] Payload:  Buffer(2129) [Uint8Array] [  254,  44, 112,  16,  52, 179, 233,   0,  86, 248,  246, 215, 209, 150,  28, 214,  17, 104, 235, 203,  208, 166, 159, 153,  12, 183,  52, 195, 227, 110,  237,  42, 101, 164,  44, 154, 247, 233, 189,  10,   58,  97,  69, 250, 202, 222,  74, 135, 253,  33,  ... 2079 more items]
2024-11-23T21:33:14.584Z - [LOG] Receive Counter: 6
2024-11-23T21:33:14.596Z - [LOG] Packet Length: 2120 Checksum Length: 8
