2024-11-24T19:39:15.088Z - [TIME START] Connection
2024-11-24T19:39:15.089Z - Starting connection...
2024-11-24T19:39:15.953Z - [LOG] handle
2024-11-24T19:39:15.956Z - [TIME END] Connection: 868ms
2024-11-24T19:39:15.957Z - Connected successfully: {"type":"MCPE","message":"PocketMine-MP Server","protocol":748,"version":"1.21.40","playerCount":1,"maxPlayers":20,"serverGUID":2446291095431307000,"serverName":"PocketMine-MP","gamemode":"Survival"}
2024-11-24T19:39:16.273Z - [LOG] <21:39:16>: <DEBUG> Processing packet 143
2024-11-24T19:39:16.275Z - [LOG] test
2024-11-24T19:39:16.453Z - [LOG] <21:39:16>: <DEBUG> Processing packet 3
2024-11-24T19:39:16.594Z - [LOG] <21:39:16>: <DEBUG> Processing packet 2
2024-11-24T19:39:16.597Z - [LOG] <21:39:16>: <DEBUG> Processing packet 6
2024-11-24T19:39:19.142Z - [LOG] <21:39:19>: <DEBUG> Processing packet 11
2024-11-24T19:39:19.170Z - [LOG] <21:39:19>: <DEBUG> Processing packet 119
2024-11-24T19:39:19.189Z - [LOG] <21:39:19>: <DEBUG> Processing packet 122
2024-11-24T19:39:19.190Z - [LOG] <21:39:19>: <DEBUG> Processing packet 29
2024-11-24T19:39:19.191Z - [LOG] <21:39:19>: <DEBUG> Processing packet 76
2024-11-24T19:39:19.195Z - [LOG] <21:39:19>: <DEBUG> Processing packet 187
2024-11-24T19:39:19.196Z - [LOG] <21:39:19>: <DEBUG> Processing packet 188
2024-11-24T19:39:19.197Z - [LOG] <21:39:19>: <DEBUG> Processing packet 39
2024-11-24T19:39:19.198Z - [LOG] <21:39:19>: <DEBUG> Processing packet 49
2024-11-24T19:39:19.199Z - [LOG] <21:39:19>: <DEBUG> Processing packet 49
2024-11-24T19:39:19.200Z - [LOG] <21:39:19>: <DEBUG> Processing packet 49
2024-11-24T19:39:19.200Z - [LOG] <21:39:19>: <DEBUG> Processing packet 49
2024-11-24T19:39:19.200Z - [LOG] <21:39:19>: <DEBUG> Processing packet 49
2024-11-24T19:39:19.201Z - [LOG] <21:39:19>: <DEBUG> Processing packet 49
2024-11-24T19:39:19.203Z - [LOG] <21:39:19>: <DEBUG> Processing packet 50
2024-11-24T19:39:19.205Z - [LOG] <21:39:19>: <DEBUG> Processing packet 50
2024-11-24T19:39:19.205Z - [LOG] <21:39:19>: <DEBUG> Processing packet 50
2024-11-24T19:39:19.206Z - [LOG] <21:39:19>: <DEBUG> Processing packet 50
2024-11-24T19:39:19.206Z - [LOG] <21:39:19>: <DEBUG> Processing packet 50
2024-11-24T19:39:19.206Z - [LOG] <21:39:19>: <DEBUG> Processing packet 31
2024-11-24T19:39:19.207Z - [LOG] <21:39:19>: <DEBUG> Processing packet 145
2024-11-24T19:39:19.226Z - [LOG] <21:39:19>: <DEBUG> Processing packet 52
2024-11-24T19:39:19.334Z - [LOG] <21:39:19>: <DEBUG> Processing packet 63
2024-11-24T19:39:19.345Z - [LOG] <21:39:19>: <DEBUG> Processing packet 29
2024-11-24T19:39:19.357Z - [LOG] <21:39:19>: <DEBUG> Processing packet 10
2024-11-24T19:39:19.905Z - [LOG] <21:39:19>: <DEBUG> Processing packet 70
2024-11-24T19:39:19.906Z - [LOG] <21:39:19>: <DEBUG> Processing packet 121
2024-11-24T19:39:20.032Z - [LOG] <21:39:20>: <DEBUG> Processing packet 58
2024-11-24T19:39:20.156Z - [LOG] <21:39:20>: <DEBUG> Processing packet 58
2024-11-24T19:39:20.281Z - [LOG] <21:39:20>: <DEBUG> Processing packet 58
2024-11-24T19:39:20.407Z - [LOG] <21:39:20>: <DEBUG> Processing packet 58
2024-11-24T19:39:20.531Z - [LOG] <21:39:20>: <DEBUG> Processing packet 58
2024-11-24T19:39:20.656Z - [LOG] <21:39:20>: <DEBUG> Processing packet 58
2024-11-24T19:39:20.784Z - [LOG] <21:39:20>: <DEBUG> Processing packet 58
2024-11-24T19:39:20.911Z - [LOG] <21:39:20>: <DEBUG> Processing packet 58
2024-11-24T19:39:21.035Z - [LOG] <21:39:21>: <DEBUG> Processing packet 58
2024-11-24T19:39:21.160Z - [LOG] <21:39:21>: <DEBUG> Processing packet 58
2024-11-24T19:39:21.222Z - [LOG] <21:39:21>: <DEBUG> Processing packet 58
2024-11-24T19:39:21.347Z - [LOG] <21:39:21>: <DEBUG> Processing packet 58
2024-11-24T19:39:21.473Z - [LOG] <21:39:21>: <DEBUG> Processing packet 58
2024-11-24T19:39:21.534Z - [LOG] <21:39:21>: <DEBUG> Processing packet 2
2024-11-24T19:39:21.660Z - [LOG] <21:39:21>: <DEBUG> Processing packet 58
2024-11-24T19:39:21.785Z - [LOG] <21:39:21>: <DEBUG> Processing packet 58
2024-11-24T19:39:21.911Z - [LOG] <21:39:21>: <DEBUG> Processing packet 58
2024-11-24T19:39:22.724Z - [LOG] <21:39:22>: <DEBUG> Processing packet 9
2024-11-24T19:39:22.727Z - [LOG] <21:39:22>: <CHAT> SanctumTerra joined the game
2024-11-24T19:39:22.728Z - [LOG] <21:39:22>: <DEBUG> Processing packet 39
2024-11-24T19:39:28.282Z - [LOG] <21:39:28>: <DEBUG> Processing packet 9
2024-11-24T19:39:28.285Z - [LOG] <21:39:28>: <CHAT> [Server] hi
2024-11-24T19:39:28.485Z - [LOG] <21:39:28>: <DEBUG> Processing packet 10
2024-11-24T19:39:32.481Z - [LOG] <21:39:32>: <DEBUG> Processing packet 9
2024-11-24T19:39:32.483Z - [LOG] <21:39:32>: <CHAT> [Server] hi
2024-11-24T19:39:32.934Z - [LOG] <21:39:32>: <DEBUG> Processing packet 9
2024-11-24T19:39:32.935Z - [LOG] <21:39:32>: <CHAT> [Server] hi
2024-11-24T19:39:34.075Z - [LOG] <21:39:34>: <DEBUG> Processing packet 9
2024-11-24T19:39:34.077Z - [LOG] <21:39:34>: <CHAT> [Server] hisss
2024-11-24T19:39:36.730Z - [LOG] <21:39:36>: <DEBUG> Processing packet 9
2024-11-24T19:39:36.731Z - [LOG] <21:39:36>: <CHAT> [Server] WOOOT
2024-11-24T19:39:38.479Z - [LOG] <21:39:38>: <DEBUG> Processing packet 10
2024-11-24T19:39:39.229Z - [LOG] <21:39:39>: <DEBUG> Processing packet 9
2024-11-24T19:39:39.231Z - [LOG] <21:39:39>: <CHAT> [Server] WAAT
2024-11-24T19:39:41.635Z - [LOG] <21:39:41>: <DEBUG> Processing packet 9
2024-11-24T19:39:41.637Z - [LOG] <21:39:41>: <CHAT> [Server] WPPAH
2024-11-24T19:39:44.728Z - [LOG] <21:39:44>: <DEBUG> Processing packet 9
2024-11-24T19:39:44.732Z - [LOG] <21:39:44>: <CHAT> [Server] HOAW
2024-11-24T19:39:48.478Z - [LOG] <21:39:48>: <DEBUG> Processing packet 10
2024-11-24T19:39:58.476Z - [LOG] <21:39:58>: <DEBUG> Processing packet 10
2024-11-24T19:40:08.489Z - [LOG] <21:40:8>: <DEBUG> Processing packet 10
2024-11-24T19:40:18.486Z - [LOG] <21:40:18>: <DEBUG> Processing packet 10
2024-11-24T19:40:28.483Z - [LOG] <21:40:28>: <DEBUG> Processing packet 10
2024-11-24T19:40:38.482Z - [LOG] <21:40:38>: <DEBUG> Processing packet 10
2024-11-24T19:40:48.485Z - [LOG] <21:40:48>: <DEBUG> Processing packet 10
2024-11-24T19:40:58.477Z - [LOG] <21:40:58>: <DEBUG> Processing packet 10
2024-11-24T19:41:08.489Z - [LOG] <21:41:8>: <DEBUG> Processing packet 10
2024-11-24T19:41:18.485Z - [LOG] <21:41:18>: <DEBUG> Processing packet 10
2024-11-24T19:41:22.483Z - [LOG] <21:41:22>: <DEBUG> Processing packet 9
2024-11-24T19:41:22.485Z - [LOG] <21:41:22>: <CHAT> [Server] HOAW
2024-11-24T19:41:22.733Z - [LOG] <21:41:22>: <DEBUG> Processing packet 9
2024-11-24T19:41:22.734Z - [LOG] <21:41:22>: <CHAT> [Server] HOAW
2024-11-24T19:41:22.936Z - [LOG] <21:41:22>: <DEBUG> Processing packet 9
2024-11-24T19:41:22.938Z - [LOG] <21:41:22>: <CHAT> [Server] HOAW
2024-11-24T19:41:23.077Z - [LOG] <21:41:23>: <DEBUG> Processing packet 9
2024-11-24T19:41:23.080Z - [LOG] <21:41:23>: <CHAT> [Server] HOAW
2024-11-24T19:41:23.282Z - [LOG] <21:41:23>: <DEBUG> Processing packet 9
2024-11-24T19:41:23.286Z - [LOG] <21:41:23>: <CHAT> [Server] HOAW
2024-11-24T19:41:23.484Z - [LOG] <21:41:23>: <DEBUG> Processing packet 9
2024-11-24T19:41:23.487Z - [LOG] <21:41:23>: <CHAT> [Server] HOAW
2024-11-24T19:41:23.625Z - [LOG] <21:41:23>: <DEBUG> Processing packet 9
2024-11-24T19:41:23.626Z - [LOG] <21:41:23>: <CHAT> [Server] HOAW
2024-11-24T19:41:28.488Z - [LOG] <21:41:28>: <DEBUG> Processing packet 10
2024-11-24T19:41:29.626Z - [LOG] <21:41:29>: <DEBUG> Processing packet 9
2024-11-24T19:41:29.630Z - [LOG] <21:41:29>: <CHAT> [Server] HELLO!
2024-11-24T19:41:30.059Z - [LOG] <21:41:30>: <DEBUG> Processing packet 9
2024-11-24T19:41:30.064Z - [LOG] <21:41:30>: <CHAT> [Server] HELLO!
2024-11-24T19:41:30.162Z - [LOG] <21:41:30>: <DEBUG> Processing packet 9
2024-11-24T19:41:30.166Z - [LOG] <21:41:30>: <CHAT> [Server] HELLO!
2024-11-24T19:41:30.409Z - [LOG] <21:41:30>: <DEBUG> Processing packet 9
2024-11-24T19:41:30.414Z - [LOG] <21:41:30>: <CHAT> [Server] HELLO!
2024-11-24T19:41:30.584Z - [LOG] <21:41:30>: <DEBUG> Processing packet 9
2024-11-24T19:41:30.586Z - [LOG] <21:41:30>: <CHAT> [Server] HELLO!
2024-11-24T19:41:38.480Z - [LOG] <21:41:38>: <DEBUG> Processing packet 10
2024-11-24T19:41:48.477Z - [LOG] <21:41:48>: <DEBUG> Processing packet 10
2024-11-24T19:41:58.474Z - [LOG] <21:41:58>: <DEBUG> Processing packet 10
2024-11-24T19:42:08.487Z - [LOG] <21:42:8>: <DEBUG> Processing packet 10
2024-11-24T19:42:18.483Z - [LOG] <21:42:18>: <DEBUG> Processing packet 10
2024-11-24T19:42:28.474Z - [LOG] <21:42:28>: <DEBUG> Processing packet 10
2024-11-24T19:42:38.478Z - [LOG] <21:42:38>: <DEBUG> Processing packet 10
2024-11-24T19:42:48.475Z - [LOG] <21:42:48>: <DEBUG> Processing packet 10
2024-11-24T19:42:58.506Z - [LOG] <21:42:58>: <DEBUG> Processing packet 10
2024-11-24T19:43:08.490Z - [LOG] <21:43:8>: <DEBUG> Processing packet 10
2024-11-24T19:43:18.481Z - [LOG] <21:43:18>: <DEBUG> Processing packet 10
2024-11-24T19:43:28.488Z - [LOG] <21:43:28>: <DEBUG> Processing packet 10
2024-11-24T19:43:38.481Z - [LOG] <21:43:38>: <DEBUG> Processing packet 10
2024-11-24T19:43:48.478Z - [LOG] <21:43:48>: <DEBUG> Processing packet 10
2024-11-24T19:43:56.038Z - [LOG] <21:43:56>: <DEBUG> Processing packet 9
2024-11-24T19:43:56.041Z - [LOG] <21:43:56>: <CHAT> [Server] HELLO!
2024-11-24T19:43:58.476Z - [LOG] <21:43:58>: <DEBUG> Processing packet 10
2024-11-24T19:44:08.478Z - [LOG] <21:44:8>: <DEBUG> Processing packet 10
2024-11-24T19:44:18.347Z - [LOG] <21:44:18>: <DEBUG> Processing packet 9
2024-11-24T19:44:18.351Z - [LOG] <21:44:18>: <CHAT> [Server] HELLO!
2024-11-24T19:44:18.475Z - [LOG] <21:44:18>: <DEBUG> Processing packet 10
2024-11-24T19:44:22.289Z - [LOG] <21:44:22>: <DEBUG> Processing packet 9
2024-11-24T19:44:22.303Z - [LOG] <21:44:22>: <CHAT> [Server] HELLO!
2024-11-24T19:44:25.433Z - [LOG] <21:44:25>: <DEBUG> Processing packet 9
2024-11-24T19:44:25.435Z - [LOG] <21:44:25>: <CHAT> [Server] HELLO!
2024-11-24T19:44:26.230Z - [LOG] <21:44:26>: <DEBUG> Processing packet 9
2024-11-24T19:44:26.234Z - [LOG] <21:44:26>: <CHAT> [Server] HELLO!
2024-11-24T19:44:28.479Z - [LOG] <21:44:28>: <DEBUG> Processing packet 9
2024-11-24T19:44:28.484Z - [LOG] <21:44:28>: <CHAT> [Server] HELLO!
2024-11-24T19:44:28.491Z - [LOG] <21:44:28>: <DEBUG> Processing packet 10
2024-11-24T19:44:38.480Z - [LOG] <21:44:38>: <DEBUG> Processing packet 10
2024-11-24T19:44:48.487Z - [LOG] <21:44:48>: <DEBUG> Processing packet 10
2024-11-24T19:44:58.473Z - [LOG] <21:44:58>: <DEBUG> Processing packet 10
2024-11-24T19:45:08.474Z - [LOG] <21:45:8>: <DEBUG> Processing packet 10
2024-11-24T19:45:18.483Z - [LOG] <21:45:18>: <DEBUG> Processing packet 10
2024-11-24T19:45:28.485Z - [LOG] <21:45:28>: <DEBUG> Processing packet 10
2024-11-24T19:45:38.477Z - [LOG] <21:45:38>: <DEBUG> Processing packet 10
2024-11-24T19:45:48.482Z - [LOG] <21:45:48>: <DEBUG> Processing packet 10
2024-11-24T19:45:58.483Z - [LOG] <21:45:58>: <DEBUG> Processing packet 10
2024-11-24T19:46:08.481Z - [LOG] <21:46:8>: <DEBUG> Processing packet 10
2024-11-24T19:46:18.480Z - [LOG] <21:46:18>: <DEBUG> Processing packet 10
2024-11-24T19:46:28.479Z - [LOG] <21:46:28>: <DEBUG> Processing packet 10
2024-11-24T19:46:38.479Z - [LOG] <21:46:38>: <DEBUG> Processing packet 10
2024-11-24T19:46:48.486Z - [LOG] <21:46:48>: <DEBUG> Processing packet 10
2024-11-24T19:46:58.478Z - [LOG] <21:46:58>: <DEBUG> Processing packet 10
2024-11-24T19:47:08.485Z - [LOG] <21:47:8>: <DEBUG> Processing packet 10
2024-11-24T19:47:18.464Z - [LOG] <21:47:18>: <DEBUG> Processing packet 10
2024-11-24T19:47:28.480Z - [LOG] <21:47:28>: <DEBUG> Processing packet 10
2024-11-24T19:47:38.463Z - [LOG] <21:47:38>: <DEBUG> Processing packet 10
2024-11-24T19:47:48.460Z - [LOG] <21:47:48>: <DEBUG> Processing packet 10
2024-11-24T19:47:58.473Z - [LOG] <21:47:58>: <DEBUG> Processing packet 10
2024-11-24T19:48:11.239Z - [LOG] <21:48:11>: <DEBUG> Processing packet 10
2024-11-24T19:48:21.246Z - [LOG] <21:48:21>: <DEBUG> Processing packet 10
2024-11-24T19:48:31.251Z - [LOG] <21:48:31>: <DEBUG> Processing packet 10
2024-11-24T19:48:41.254Z - [LOG] <21:48:41>: <DEBUG> Processing packet 10
2024-11-24T19:48:51.257Z - [LOG] <21:48:51>: <DEBUG> Processing packet 10
2024-11-24T19:49:01.769Z - [LOG] <21:49:1>: <DEBUG> Processing packet 10
2024-11-24T19:49:11.265Z - [LOG] <21:49:11>: <DEBUG> Processing packet 10
2024-11-24T19:49:21.240Z - [LOG] <21:49:21>: <DEBUG> Processing packet 10
2024-11-24T19:49:31.239Z - [LOG] <21:49:31>: <DEBUG> Processing packet 10
2024-11-24T19:49:41.254Z - [LOG] <21:49:41>: <DEBUG> Processing packet 10
2024-11-24T19:49:51.251Z - [LOG] <21:49:51>: <DEBUG> Processing packet 10
2024-11-24T19:50:01.251Z - [LOG] <21:50:1>: <DEBUG> Processing packet 10
2024-11-24T19:50:11.263Z - [LOG] <21:50:11>: <DEBUG> Processing packet 10
2024-11-24T19:50:21.251Z - [LOG] <21:50:21>: <DEBUG> Processing packet 10
2024-11-24T19:50:31.250Z - [LOG] <21:50:31>: <DEBUG> Processing packet 10
2024-11-24T19:50:41.244Z - [LOG] <21:50:41>: <DEBUG> Processing packet 10
2024-11-24T19:50:51.259Z - [LOG] <21:50:51>: <DEBUG> Processing packet 10
2024-11-24T19:51:01.261Z - [LOG] <21:51:1>: <DEBUG> Processing packet 10
2024-11-24T19:51:11.264Z - [LOG] <21:51:11>: <DEBUG> Processing packet 10
2024-11-24T19:51:21.256Z - [LOG] <21:51:21>: <DEBUG> Processing packet 10
2024-11-24T19:51:31.250Z - [LOG] <21:51:31>: <DEBUG> Processing packet 10
2024-11-24T19:51:41.333Z - [LOG] <21:51:41>: <DEBUG> Processing packet 10
2024-11-24T19:51:51.260Z - [LOG] <21:51:51>: <DEBUG> Processing packet 10
2024-11-24T19:52:01.298Z - [LOG] <21:52:1>: <DEBUG> Processing packet 10
2024-11-24T19:52:11.302Z - [LOG] <21:52:11>: <DEBUG> Processing packet 10
2024-11-24T19:52:21.241Z - [LOG] <21:52:21>: <DEBUG> Processing packet 10
2024-11-24T19:52:31.259Z - [LOG] <21:52:31>: <DEBUG> Processing packet 10
2024-11-24T19:52:41.239Z - [LOG] <21:52:41>: <DEBUG> Processing packet 10
2024-11-24T19:52:51.265Z - [LOG] <21:52:51>: <DEBUG> Processing packet 10
2024-11-24T19:53:01.265Z - [LOG] <21:53:1>: <DEBUG> Processing packet 10
2024-11-24T19:53:11.253Z - [LOG] <21:53:11>: <DEBUG> Processing packet 10
2024-11-24T19:53:21.266Z - [LOG] <21:53:21>: <DEBUG> Processing packet 10
2024-11-24T19:53:31.266Z - [LOG] <21:53:31>: <DEBUG> Processing packet 10
2024-11-24T19:53:41.254Z - [LOG] <21:53:41>: <DEBUG> Processing packet 10
2024-11-24T19:53:51.265Z - [LOG] <21:53:51>: <DEBUG> Processing packet 10
2024-11-24T19:54:01.255Z - [LOG] <21:54:1>: <DEBUG> Processing packet 10
2024-11-24T19:54:11.267Z - [LOG] <21:54:11>: <DEBUG> Processing packet 10
2024-11-24T19:54:21.291Z - [LOG] <21:54:21>: <DEBUG> Processing packet 10
2024-11-24T19:54:31.255Z - [LOG] <21:54:31>: <DEBUG> Processing packet 10
2024-11-24T19:54:41.241Z - [LOG] <21:54:41>: <DEBUG> Processing packet 10
2024-11-24T19:54:51.263Z - [LOG] <21:54:51>: <DEBUG> Processing packet 10
2024-11-24T19:55:01.261Z - [LOG] <21:55:1>: <DEBUG> Processing packet 10
2024-11-24T19:55:11.261Z - [LOG] <21:55:11>: <DEBUG> Processing packet 10
2024-11-24T19:55:21.257Z - [LOG] <21:55:21>: <DEBUG> Processing packet 10
2024-11-24T19:55:31.284Z - [LOG] <21:55:31>: <DEBUG> Processing packet 10
2024-11-24T19:55:41.263Z - [LOG] <21:55:41>: <DEBUG> Processing packet 10
2024-11-24T19:55:51.252Z - [LOG] <21:55:51>: <DEBUG> Processing packet 10
2024-11-24T19:56:01.254Z - [LOG] <21:56:1>: <DEBUG> Processing packet 10
2024-11-24T19:56:11.260Z - [LOG] <21:56:11>: <DEBUG> Processing packet 10
2024-11-24T19:56:21.316Z - [LOG] <21:56:21>: <DEBUG> Processing packet 10
2024-11-24T19:56:31.253Z - [LOG] <21:56:31>: <DEBUG> Processing packet 10
2024-11-24T19:56:41.259Z - [LOG] <21:56:41>: <DEBUG> Processing packet 10
2024-11-24T19:56:51.255Z - [LOG] <21:56:51>: <DEBUG> Processing packet 10
