2024-11-24T19:57:26.117Z - [TIME START] Connection
2024-11-24T19:57:26.118Z - Starting connection...
2024-11-24T19:57:26.920Z - [LOG] handle
2024-11-24T19:57:26.926Z - [TIME END] Connection: 809ms
2024-11-24T19:57:26.927Z - Connected successfully: {"type":"MCPE","message":"PocketMine-MP Server","protocol":748,"version":"1.21.40","playerCount":0,"maxPlayers":20,"serverGUID":2446291095431307000,"serverName":"PocketMine-MP","gamemode":"Survival"}
2024-11-24T19:57:27.228Z - [LOG] <21:57:27>: <DEBUG> Processing packet 143
2024-11-24T19:57:27.231Z - [LOG] test
2024-11-24T19:57:27.971Z - [LOG] <21:57:27>: <DEBUG> Processing packet 3
2024-11-24T19:57:28.121Z - [LOG] <21:57:28>: <DEBUG> Processing packet 2
2024-11-24T19:57:28.124Z - [LOG] <21:57:28>: <DEBUG> Processing packet 6
2024-11-24T19:57:30.678Z - [LOG] <21:57:30>: <DEBUG> Processing packet 11
2024-11-24T19:57:30.717Z - [LOG] <21:57:30>: <DEBUG> Processing packet 119
2024-11-24T19:57:30.733Z - [LOG] <21:57:30>: <DEBUG> Processing packet 122
2024-11-24T19:57:30.737Z - [LOG] <21:57:30>: <DEBUG> Processing packet 29
2024-11-24T19:57:30.739Z - [LOG] <21:57:30>: <DEBUG> Processing packet 76
2024-11-24T19:57:30.741Z - [LOG] <21:57:30>: <DEBUG> Processing packet 187
2024-11-24T19:57:30.742Z - [LOG] <21:57:30>: <DEBUG> Processing packet 188
2024-11-24T19:57:30.743Z - [LOG] <21:57:30>: <DEBUG> Processing packet 39
2024-11-24T19:57:30.744Z - [LOG] <21:57:30>: <DEBUG> Processing packet 49
2024-11-24T19:57:30.745Z - [LOG] <21:57:30>: <DEBUG> Processing packet 49
2024-11-24T19:57:30.746Z - [LOG] <21:57:30>: <DEBUG> Processing packet 49
2024-11-24T19:57:30.746Z - [LOG] <21:57:30>: <DEBUG> Processing packet 49
2024-11-24T19:57:30.746Z - [LOG] <21:57:30>: <DEBUG> Processing packet 49
2024-11-24T19:57:30.748Z - [LOG] <21:57:30>: <DEBUG> Processing packet 49
2024-11-24T19:57:30.751Z - [LOG] <21:57:30>: <DEBUG> Processing packet 50
2024-11-24T19:57:30.753Z - [LOG] <21:57:30>: <DEBUG> Processing packet 50
2024-11-24T19:57:30.755Z - [LOG] <21:57:30>: <DEBUG> Processing packet 50
2024-11-24T19:57:30.755Z - [LOG] <21:57:30>: <DEBUG> Processing packet 50
2024-11-24T19:57:30.756Z - [LOG] <21:57:30>: <DEBUG> Processing packet 50
2024-11-24T19:57:30.756Z - [LOG] <21:57:30>: <DEBUG> Processing packet 31
2024-11-24T19:57:30.757Z - [LOG] <21:57:30>: <DEBUG> Processing packet 145
2024-11-24T19:57:30.778Z - [LOG] <21:57:30>: <DEBUG> Processing packet 52
2024-11-24T19:57:30.870Z - [LOG] <21:57:30>: <DEBUG> Processing packet 63
2024-11-24T19:57:30.876Z - [LOG] <21:57:30>: <DEBUG> Processing packet 29
2024-11-24T19:57:31.248Z - [LOG] <21:57:31>: <DEBUG> Processing packet 70
2024-11-24T19:57:31.252Z - [LOG] <21:57:31>: <DEBUG> Processing packet 121
2024-11-24T19:57:31.374Z - [LOG] <21:57:31>: <DEBUG> Processing packet 58
2024-11-24T19:57:31.499Z - [LOG] <21:57:31>: <DEBUG> Processing packet 58
2024-11-24T19:57:31.624Z - [LOG] <21:57:31>: <DEBUG> Processing packet 58
2024-11-24T19:57:31.750Z - [LOG] <21:57:31>: <DEBUG> Processing packet 58
2024-11-24T19:57:31.875Z - [LOG] <21:57:31>: <DEBUG> Processing packet 58
2024-11-24T19:57:31.999Z - [LOG] <21:57:31>: <DEBUG> Processing packet 58
2024-11-24T19:57:32.128Z - [LOG] <21:57:32>: <DEBUG> Processing packet 58
2024-11-24T19:57:32.250Z - [LOG] <21:57:32>: <DEBUG> Processing packet 58
2024-11-24T19:57:32.373Z - [LOG] <21:57:32>: <DEBUG> Processing packet 58
2024-11-24T19:57:32.498Z - [LOG] <21:57:32>: <DEBUG> Processing packet 58
2024-11-24T19:57:32.561Z - [LOG] <21:57:32>: <DEBUG> Processing packet 58
2024-11-24T19:57:32.687Z - [LOG] <21:57:32>: <DEBUG> Processing packet 58
2024-11-24T19:57:32.810Z - [LOG] <21:57:32>: <DEBUG> Processing packet 58
2024-11-24T19:57:32.872Z - [LOG] <21:57:32>: <DEBUG> Processing packet 2
2024-11-24T19:57:32.998Z - [LOG] <21:57:32>: <DEBUG> Processing packet 58
2024-11-24T19:57:33.123Z - [LOG] <21:57:33>: <DEBUG> Processing packet 58
2024-11-24T19:57:33.251Z - [LOG] <21:57:33>: <DEBUG> Processing packet 58
2024-11-24T19:57:33.309Z - [LOG] <21:57:33>: <DEBUG> Processing packet 10
2024-11-24T19:57:33.497Z - [LOG] <21:57:33>: <DEBUG> Processing packet 9
2024-11-24T19:57:33.499Z - [LOG] <21:57:33>: <CHAT> SanctumTerra joined the game
2024-11-24T19:57:33.502Z - [LOG] <21:57:33>: <DEBUG> Processing packet 39
2024-11-24T19:57:41.247Z - [LOG] <21:57:41>: <DEBUG> Processing packet 10
2024-11-24T19:57:51.246Z - [LOG] <21:57:51>: <DEBUG> Processing packet 10
2024-11-24T19:58:01.286Z - [LOG] <21:58:1>: <DEBUG> Processing packet 10
2024-11-24T19:58:11.257Z - [LOG] <21:58:11>: <DEBUG> Processing packet 10
2024-11-24T19:58:21.264Z - [LOG] <21:58:21>: <DEBUG> Processing packet 10
2024-11-24T19:58:31.251Z - [LOG] <21:58:31>: <DEBUG> Processing packet 10
2024-11-24T19:58:41.254Z - [LOG] <21:58:41>: <DEBUG> Processing packet 10
2024-11-24T19:58:51.251Z - [LOG] <21:58:51>: <DEBUG> Processing packet 10
2024-11-24T19:59:01.249Z - [LOG] <21:59:1>: <DEBUG> Processing packet 10
2024-11-24T19:59:11.265Z - [LOG] <21:59:11>: <DEBUG> Processing packet 10
2024-11-24T19:59:21.257Z - [LOG] <21:59:21>: <DEBUG> Processing packet 10
2024-11-24T19:59:31.257Z - [LOG] <21:59:31>: <DEBUG> Processing packet 10
2024-11-24T19:59:41.251Z - [LOG] <21:59:41>: <DEBUG> Processing packet 10
2024-11-24T19:59:51.250Z - [LOG] <21:59:51>: <DEBUG> Processing packet 10
2024-11-24T20:00:01.249Z - [LOG] <22:0:1>: <DEBUG> Processing packet 10
2024-11-24T20:00:11.258Z - [LOG] <22:0:11>: <DEBUG> Processing packet 10
2024-11-24T20:00:21.255Z - [LOG] <22:0:21>: <DEBUG> Processing packet 10
2024-11-24T20:00:31.251Z - [LOG] <22:0:31>: <DEBUG> Processing packet 10
2024-11-24T20:00:41.249Z - [LOG] <22:0:41>: <DEBUG> Processing packet 10
2024-11-24T20:00:51.262Z - [LOG] <22:0:51>: <DEBUG> Processing packet 10
2024-11-24T20:01:01.247Z - [LOG] <22:1:1>: <DEBUG> Processing packet 10
2024-11-24T20:01:11.252Z - [LOG] <22:1:11>: <DEBUG> Processing packet 10
2024-11-24T20:01:21.250Z - [LOG] <22:1:21>: <DEBUG> Processing packet 10
2024-11-24T20:01:31.264Z - [LOG] <22:1:31>: <DEBUG> Processing packet 10
2024-11-24T20:01:41.264Z - [LOG] <22:1:41>: <DEBUG> Processing packet 10
2024-11-24T20:01:51.255Z - [LOG] <22:1:51>: <DEBUG> Processing packet 10
2024-11-24T20:02:01.263Z - [LOG] <22:2:1>: <DEBUG> Processing packet 10
2024-11-24T20:02:11.262Z - [LOG] <22:2:11>: <DEBUG> Processing packet 10
2024-11-24T20:02:21.260Z - [LOG] <22:2:21>: <DEBUG> Processing packet 10
2024-11-24T20:02:31.250Z - [LOG] <22:2:31>: <DEBUG> Processing packet 10
2024-11-24T20:02:41.261Z - [LOG] <22:2:41>: <DEBUG> Processing packet 10
2024-11-24T20:02:51.254Z - [LOG] <22:2:51>: <DEBUG> Processing packet 10
2024-11-24T20:03:01.269Z - [LOG] <22:3:1>: <DEBUG> Processing packet 10
2024-11-24T20:03:11.253Z - [LOG] <22:3:11>: <DEBUG> Processing packet 10
2024-11-24T20:03:21.243Z - [LOG] <22:3:21>: <DEBUG> Processing packet 10
2024-11-24T20:03:31.251Z - [LOG] <22:3:31>: <DEBUG> Processing packet 10
2024-11-24T20:03:41.265Z - [LOG] <22:3:41>: <DEBUG> Processing packet 10
2024-11-24T20:03:51.249Z - [LOG] <22:3:51>: <DEBUG> Processing packet 10
2024-11-24T20:04:01.265Z - [LOG] <22:4:1>: <DEBUG> Processing packet 10
2024-11-24T20:04:11.266Z - [LOG] <22:4:11>: <DEBUG> Processing packet 10
2024-11-24T20:04:21.263Z - [LOG] <22:4:21>: <DEBUG> Processing packet 10
2024-11-24T20:04:31.266Z - [LOG] <22:4:31>: <DEBUG> Processing packet 10
2024-11-24T20:04:41.255Z - [LOG] <22:4:41>: <DEBUG> Processing packet 10
2024-11-24T20:04:51.258Z - [LOG] <22:4:51>: <DEBUG> Processing packet 10
2024-11-24T20:05:01.260Z - [LOG] <22:5:1>: <DEBUG> Processing packet 10
2024-11-24T20:05:11.259Z - [LOG] <22:5:11>: <DEBUG> Processing packet 10
2024-11-24T20:05:21.257Z - [LOG] <22:5:21>: <DEBUG> Processing packet 10
2024-11-24T20:05:31.256Z - [LOG] <22:5:31>: <DEBUG> Processing packet 10
2024-11-24T20:05:41.261Z - [LOG] <22:5:41>: <DEBUG> Processing packet 10
2024-11-24T20:05:51.255Z - [LOG] <22:5:51>: <DEBUG> Processing packet 10
2024-11-24T20:06:01.256Z - [LOG] <22:6:1>: <DEBUG> Processing packet 10
2024-11-24T20:06:11.252Z - [LOG] <22:6:11>: <DEBUG> Processing packet 10
2024-11-24T20:06:21.474Z - [LOG] <22:6:21>: <DEBUG> Processing packet 10
2024-11-24T20:06:31.251Z - [LOG] <22:6:31>: <DEBUG> Processing packet 10
