2024-11-23T11:55:02.097Z - [TIME START] Spawn
2024-11-23T11:55:02.101Z - Starting connection...
2024-11-23T11:55:02.143Z - [LOG] <13:55:2>: <DEBUG> setupClientProfile execution time: 0.15ms
2024-11-23T11:55:02.146Z - [LOG] <13:55:2>: <DEBUG> createOfflineSession execution time: 42.77ms
2024-11-23T11:55:02.147Z - [LOG] <13:55:2>: <DEBUG> initializeSession execution time: 44.37ms
2024-11-23T11:55:02.147Z - [LOG] <13:55:2>: <DEBUG> connect execution time: 45.00ms
2024-11-23T11:55:02.169Z - [LOG] <13:55:2>: <DEBUG> setupClientChains execution time: 20.74ms
2024-11-23T11:55:02.967Z - [LOG] <13:55:2>: <DEBUG> handleSessionStart execution time: 0.93ms
2024-11-23T11:55:03.362Z - [LOG] handle
2024-11-23T11:55:03.371Z - [LOG] <13:55:3>: <DEBUG> Sending Game PACKET --> 193 | 0xc1 2024-11-23T11:55:03.371Z
2024-11-23T11:55:03.375Z - [LOG] <13:55:3>: <DEBUG> sendPacket execution time: 4.00ms
2024-11-23T11:55:03.379Z - [TIME END] Spawn: 1282ms
2024-11-23T11:55:03.390Z - [LOG] {  type: 'MCPE',  message: 'PocketMine-MP Server',  protocol: 748,  version: '1.21.40',  playerCount: 0,  maxPlayers: 20,  serverGUID: 959315177832208500,  serverName: 'PocketMine-MP',  gamemode: 'Survival'}
2024-11-23T11:55:03.398Z - Connected successfully: {"type":"MCPE","message":"PocketMine-MP Server","protocol":748,"version":"1.21.40","playerCount":0,"maxPlayers":20,"serverGUID":959315177832208500,"serverName":"PocketMine-MP","gamemode":"Survival"}
2024-11-23T11:55:03.972Z - [LOG] Header  254
2024-11-23T11:55:03.978Z - [LOG] Payload:  Buffer(14) [Uint8Array] [  254, 12, 143, 1, 1, 0,    0,  0,   0, 0, 0, 0,    0,  0]
2024-11-23T11:55:03.982Z - [LOG] id  143
2024-11-23T11:55:03.985Z - [LOG] 143
2024-11-23T11:55:03.986Z - [LOG] <13:55:3>: <DEBUG> S -> C NetworkSettingsPacket
2024-11-23T11:55:03.989Z - [LOG] test
2024-11-23T11:55:03.990Z - [LOG] <13:55:3>: <DEBUG> Sending Game PACKET --> 1 | 0x01 2024-11-23T11:55:03.990Z
2024-11-23T11:55:04.053Z - [LOG] <13:55:4>: <DEBUG> sendPacket execution time: 63.07ms
2024-11-23T11:55:04.075Z - [LOG] <13:55:4>: <DEBUG> sendLoginPacket execution time: 86.01ms
2024-11-23T11:55:04.078Z - [LOG] <13:55:4>: <DEBUG> onNetworkSettings execution time: 91.70ms
2024-11-23T11:55:04.372Z - [LOG] Header  254
2024-11-23T11:55:04.376Z - [LOG] Payload:  Buffer(359) [Uint8Array] [  254,   0,  13, 207,  65, 114, 170,  48,   0,   0,  208, 133, 231, 105,  39, 128,  90,  93,  74,  33,   24,  48, 161,   9,  36, 193, 108,  58,  64,  84,  132, 128, 204, 135, 170, 112, 163,  63, 211,  67,  214,  19, 188, 121, 191, 139, 197, 255, 197, 105,  ... 309 more items]
2024-11-23T11:55:04.392Z - [LOG] id  3
2024-11-23T11:55:04.393Z - [LOG] 3
2024-11-23T11:55:04.407Z - [LOG] <13:55:4>: <DEBUG> validateKeys execution time: 0.25ms
2024-11-23T11:55:04.551Z - [LOG] <13:55:4>: <DEBUG> createSharedSecret execution time: 145.40ms
2024-11-23T11:55:04.560Z - [LOG] <13:55:4>: <DEBUG> setupEncryption execution time: 6.59ms
2024-11-23T11:55:04.563Z - [LOG] <13:55:4>: <DEBUG> Sending Game PACKET --> 4 | 0x04 2024-11-23T11:55:04.562Z
2024-11-23T11:55:04.574Z - [LOG] <13:55:4>: <DEBUG> sendPacket execution time: 11.13ms
2024-11-23T11:55:04.576Z - [LOG] <13:55:4>: <DEBUG> sendClientToServerHandshake execution time: 13.48ms
2024-11-23T11:55:04.579Z - [LOG] <13:55:4>: <DEBUG> onServerToClientHandshake execution time: 182.65ms
2024-11-23T11:55:04.702Z - [LOG] Header  254
2024-11-23T11:55:04.705Z - [LOG] Payload:  Buffer(23) [Uint8Array] [  254, 178, 232,  43, 154, 181,  208,  89,  65, 155,   9, 164,   14, 116, 141, 227, 125,  59,  124,  78,  34, 120, 136]
2024-11-23T11:55:04.710Z - [LOG] Receive Counter: 0
2024-11-23T11:55:04.713Z - [LOG] Packet Length: 14 Checksum Length: 8
2024-11-23T11:55:04.719Z - [LOG] <13:55:4>: <DEBUG> Checksum matched 97a85c5dd5bd0e44 == 97a85c5dd5bd0e44
2024-11-23T11:55:04.721Z - [LOG] id  2
2024-11-23T11:55:04.722Z - [LOG] 2
2024-11-23T11:55:04.724Z - [LOG] <13:55:4>: <DEBUG> onPlayStatus execution time: 1.17ms
2024-11-23T11:55:04.725Z - [LOG] id  6
2024-11-23T11:55:04.725Z - [LOG] 6
2024-11-23T11:55:04.727Z - [LOG] <13:55:4>: <DEBUG> Sending Game PACKET --> 8 | 0x08 2024-11-23T11:55:04.726Z
2024-11-23T11:55:04.730Z - [LOG] <13:55:4>: <DEBUG> sendPacket execution time: 3.02ms
2024-11-23T11:55:04.730Z - [LOG] <13:55:4>: <DEBUG> onResourcePack execution time: 4.00ms
2024-11-23T11:55:07.245Z - [LOG] Header  254
2024-11-23T11:55:07.551Z - [LOG] Payload:  Buffer(53354) [Uint8Array] [  254,   5,  96, 169,   2,  66, 197, 127, 113,  81,  157, 213, 109, 138, 243, 105, 197, 161,   0,  89,   95,  84, 175, 195, 146, 214, 202,  80,  93,  36,  219,   8,   4, 204, 162,  68, 109,  25, 114, 101,  226,  42,  68, 208,  73, 178, 192, 169,  66,  13,  ... 53304 more items]
2024-11-23T11:55:07.564Z - [LOG] Receive Counter: 1
2024-11-23T11:55:07.819Z - [LOG] Packet Length: 53345 Checksum Length: 8
2024-11-23T11:55:07.828Z - [LOG] <13:55:7>: <DEBUG> Checksum matched dd3ea9f03b177189 == dd3ea9f03b177189
2024-11-23T11:55:07.854Z - [LOG] id  11
2024-11-23T11:55:07.861Z - [LOG] 11
2024-11-23T11:55:07.898Z - [LOG] <13:55:7>: <DEBUG> Sending Game PACKET --> 69 | 0x45 2024-11-23T11:55:07.898Z
2024-11-23T11:55:07.904Z - [LOG] <13:55:7>: <DEBUG> sendPacket execution time: 5.59ms
2024-11-23T11:55:07.905Z - [LOG] <13:55:7>: <DEBUG> onStartGame execution time: 10.03ms
2024-11-23T11:55:07.907Z - [LOG] id  119
2024-11-23T11:55:07.908Z - [LOG] 119
2024-11-23T11:55:07.928Z - [LOG] id  122
2024-11-23T11:55:07.932Z - [LOG] 122
2024-11-23T11:55:07.934Z - [LOG] id  29
2024-11-23T11:55:07.936Z - [LOG] 29
2024-11-23T11:55:07.940Z - [LOG] id  76
2024-11-23T11:55:07.942Z - [LOG] 76
2024-11-23T11:55:07.952Z - [LOG] id  187
2024-11-23T11:55:07.954Z - [LOG] 187
2024-11-23T11:55:07.957Z - [LOG] id  188
2024-11-23T11:55:07.959Z - [LOG] 188
2024-11-23T11:55:07.960Z - [LOG] id  39
2024-11-23T11:55:07.961Z - [LOG] 39
2024-11-23T11:55:07.962Z - [LOG] id  49
2024-11-23T11:55:07.963Z - [LOG] 49
2024-11-23T11:55:07.964Z - [LOG] id  49
2024-11-23T11:55:07.967Z - [LOG] 49
2024-11-23T11:55:07.970Z - [LOG] id  49
2024-11-23T11:55:07.974Z - [LOG] 49
2024-11-23T11:55:07.978Z - [LOG] id  49
2024-11-23T11:55:07.980Z - [LOG] 49
2024-11-23T11:55:07.981Z - [LOG] id  49
2024-11-23T11:55:07.982Z - [LOG] 49
2024-11-23T11:55:07.988Z - [LOG] id  49
2024-11-23T11:55:07.990Z - [LOG] 49
2024-11-23T11:55:07.993Z - [LOG] id  50
2024-11-23T11:55:08.004Z - [LOG] 50
2024-11-23T11:55:08.010Z - [LOG] id  50
2024-11-23T11:55:08.012Z - [LOG] 50
2024-11-23T11:55:08.014Z - [LOG] id  50
2024-11-23T11:55:08.023Z - [LOG] 50
2024-11-23T11:55:08.057Z - [LOG] id  50
2024-11-23T11:55:08.078Z - [LOG] 50
2024-11-23T11:55:08.089Z - [LOG] id  50
2024-11-23T11:55:08.110Z - [LOG] 50
2024-11-23T11:55:08.157Z - [LOG] id  31
2024-11-23T11:55:08.225Z - [LOG] 31
2024-11-23T11:55:08.257Z - [LOG] id  145
2024-11-23T11:55:08.259Z - [LOG] 145
2024-11-23T11:55:08.344Z - [LOG] id  52
2024-11-23T11:55:08.500Z - [LOG] 52
