2024-11-22T19:03:57.286Z - [TIME START] Spawn
2024-11-22T19:03:57.289Z - Starting connection...
2024-11-22T19:03:57.335Z - [LOG] <21:3:57>: <DEBUG> setupClientProfile execution time: 0.11ms
2024-11-22T19:03:57.337Z - [LOG] <21:3:57>: <DEBUG> createOfflineSession execution time: 45.44ms
2024-11-22T19:03:57.340Z - [LOG] <21:3:57>: <DEBUG> initializeSession execution time: 48.34ms
2024-11-22T19:03:57.341Z - [LOG] <21:3:57>: <DEBUG> connect execution time: 49.84ms
2024-11-22T19:03:57.366Z - [LOG] <21:3:57>: <DEBUG> setupClientChains execution time: 23.57ms
2024-11-22T19:03:58.151Z - [LOG] <21:3:58>: <DEBUG> handleSessionStart execution time: 2.69ms
2024-11-22T19:03:58.571Z - [LOG] handle
2024-11-22T19:03:58.573Z - [LOG] <21:3:58>: <DEBUG> Sending Game PACKET --> 193 | 0xc1 2024-11-22T19:03:58.573Z
2024-11-22T19:03:58.577Z - [LOG] <21:3:58>: <DEBUG> sendPacket execution time: 3.64ms
2024-11-22T19:03:58.581Z - [TIME END] Spawn: 1296ms
2024-11-22T19:03:58.593Z - [LOG] {  type: 'MCPE',  message: 'PocketMine-MP Server',  protocol: 748,  version: '1.21.40',  playerCount: 0,  maxPlayers: 20,  serverGUID: 959315177832208500,  serverName: 'PocketMine-MP',  gamemode: 'Survival'}
2024-11-22T19:03:58.597Z - Connected successfully: {"type":"MCPE","message":"PocketMine-MP Server","protocol":748,"version":"1.21.40","playerCount":0,"maxPlayers":20,"serverGUID":959315177832208500,"serverName":"PocketMine-MP","gamemode":"Survival"}
2024-11-22T19:03:58.894Z - [LOG] Header  254
2024-11-22T19:03:58.906Z - [LOG] Payload:  Buffer(14) [Uint8Array] [  254, 12, 143, 1, 1, 0,    0,  0,   0, 0, 0, 0,    0,  0]
2024-11-22T19:03:58.910Z - [LOG] id  143
2024-11-22T19:03:58.912Z - [LOG] 143
2024-11-22T19:03:58.914Z - [LOG] <21:3:58>: <DEBUG> S -> C NetworkSettingsPacket
2024-11-22T19:03:58.919Z - [LOG] test
2024-11-22T19:03:58.921Z - [LOG] <21:3:58>: <DEBUG> Sending Game PACKET --> 1 | 0x01 2024-11-22T19:03:58.920Z
2024-11-22T19:03:58.993Z - [LOG] <21:3:58>: <DEBUG> sendPacket execution time: 72.82ms
2024-11-22T19:03:58.999Z - [LOG] <21:3:58>: <DEBUG> sendLoginPacket execution time: 79.03ms
2024-11-22T19:03:59.009Z - [LOG] <21:3:59>: <DEBUG> onNetworkSettings execution time: 93.78ms
2024-11-22T19:03:59.323Z - [LOG] Header  254
2024-11-22T19:03:59.329Z - [LOG] Payload:  Buffer(357) [Uint8Array] [  254,   0,  21, 207, 203, 110, 163,  48,  24,  64,  225,  69, 158,  39,  35,   3,  37,  52, 203, 184,   96,   2,   9,  70,  54, 248,   7, 188, 227,  18,   17, 192,  16,  82, 200,  12, 240,  68,  35, 245,   37, 219, 238, 143, 116, 244, 125, 237, 118, 255,  ... 307 more items]
2024-11-22T19:03:59.347Z - [LOG] id  3
2024-11-22T19:03:59.359Z - [LOG] 3
2024-11-22T19:03:59.373Z - [LOG] <21:3:59>: <DEBUG> validateKeys execution time: 0.12ms
2024-11-22T19:03:59.551Z - [LOG] <21:3:59>: <DEBUG> createSharedSecret execution time: 178.64ms
2024-11-22T19:03:59.568Z - [LOG] <21:3:59>: <DEBUG> setupEncryption execution time: 4.95ms
2024-11-22T19:03:59.575Z - [LOG] <21:3:59>: <DEBUG> Sending Game PACKET --> 4 | 0x04 2024-11-22T19:03:59.575Z
2024-11-22T19:03:59.583Z - [LOG] <21:3:59>: <DEBUG> sendPacket execution time: 8.02ms
2024-11-22T19:03:59.589Z - [LOG] <21:3:59>: <DEBUG> sendClientToServerHandshake execution time: 14.31ms
2024-11-22T19:03:59.593Z - [LOG] <21:3:59>: <DEBUG> onServerToClientHandshake execution time: 228.52ms
2024-11-22T19:03:59.691Z - [LOG] Header  254
2024-11-22T19:03:59.695Z - [LOG] Payload:  Buffer(23) [Uint8Array] [  254,   7, 244,  41, 167, 90,  61,  113, 166,  30,  29,  23, 34, 176,   96,  22, 192, 255, 235, 96, 169,  123,  45]
2024-11-22T19:03:59.697Z - [LOG] Receive Counter: 0
2024-11-22T19:03:59.705Z - [LOG] Packet Length: 14 Checksum Length: 8
2024-11-22T19:03:59.708Z - [LOG] <21:3:59>: <DEBUG> Checksum matched 2620ef24148dba32 == 2620ef24148dba32
2024-11-22T19:03:59.711Z - [LOG] id  2
2024-11-22T19:03:59.712Z - [LOG] 2
2024-11-22T19:03:59.714Z - [LOG] <21:3:59>: <DEBUG> onPlayStatus execution time: 0.17ms
2024-11-22T19:03:59.721Z - [LOG] id  6
2024-11-22T19:03:59.722Z - [LOG] 6
2024-11-22T19:03:59.724Z - [LOG] <21:3:59>: <DEBUG> Sending Game PACKET --> 8 | 0x08 2024-11-22T19:03:59.724Z
2024-11-22T19:03:59.728Z - [LOG] <21:3:59>: <DEBUG> sendPacket execution time: 4.16ms
2024-11-22T19:03:59.731Z - [LOG] <21:3:59>: <DEBUG> onResourcePack execution time: 6.80ms
2024-11-22T19:03:59.909Z - [LOG] Header  254
2024-11-22T19:03:59.918Z - [LOG] Payload:  Buffer(1432) [Uint8Array] [  254,  57,  79,  99, 206, 174, 154,  90, 148,  37,   70, 163, 126, 183, 113, 122,  45,  22, 135, 202,  213, 110,  78, 144,   9,  34, 118, 244,   0, 190,   73,  44,  31,  28, 173, 107, 162, 205, 228, 186,   87,  31,  43, 189,  24,  81, 251, 176,  42, 126,  ... 1382 more items]
2024-11-22T19:03:59.934Z - [LOG] Receive Counter: 1
2024-11-22T19:03:59.953Z - [LOG] Packet Length: 1423 Checksum Length: 8
2024-11-22T19:03:59.956Z - [LOG] <21:3:59>: <ERROR> Decryption error: Checksum mismatch 1b63860ee5a79d48 != 0168f8ac2c43cacc
