2024-11-22T18:42:53.677Z - [TIME START] Spawn
2024-11-22T18:42:53.681Z - Starting connection...
2024-11-22T18:42:53.758Z - [LOG] <20:42:53>: <DEBUG> setupClientProfile execution time: 0.12ms
2024-11-22T18:42:53.770Z - [LOG] <20:42:53>: <DEBUG> createOfflineSession execution time: 85.19ms
2024-11-22T18:42:53.772Z - [LOG] <20:42:53>: <DEBUG> initializeSession execution time: 87.82ms
2024-11-22T18:42:53.774Z - [LOG] <20:42:53>: <DEBUG> connect execution time: 89.73ms
2024-11-22T18:42:53.800Z - [LOG] <20:42:53>: <DEBUG> setupClientChains execution time: 22.29ms
2024-11-22T18:42:55.127Z - [LOG] <20:42:55>: <DEBUG> handleSessionStart execution time: 11.39ms
2024-11-22T18:42:55.734Z - [LOG] handle
2024-11-22T18:42:55.754Z - [LOG] <20:42:55>: <DEBUG> Sending Game PACKET --> 193 | 0xc1 2024-11-22T18:42:55.753Z
2024-11-22T18:42:55.758Z - [LOG] <20:42:55>: <DEBUG> sendPacket execution time: 4.82ms
2024-11-22T18:42:55.761Z - [TIME END] Spawn: 2085ms
2024-11-22T18:42:55.776Z - [LOG] {  type: 'MCPE',  message: 'PocketMine-MP Server',  protocol: 748,  version: '1.21.40',  playerCount: 0,  maxPlayers: 20,  serverGUID: 959315177832208500,  serverName: 'PocketMine-MP',  gamemode: 'Survival'}
2024-11-22T18:42:55.795Z - Connected successfully: {"type":"MCPE","message":"PocketMine-MP Server","protocol":748,"version":"1.21.40","playerCount":0,"maxPlayers":20,"serverGUID":959315177832208500,"serverName":"PocketMine-MP","gamemode":"Survival"}
2024-11-22T18:42:56.257Z - [LOG] Header  254
2024-11-22T18:42:56.266Z - [LOG] Payload:  Buffer(14) [Uint8Array] [  254, 12, 143, 1, 1, 0,    0,  0,   0, 0, 0, 0,    0,  0]
2024-11-22T18:42:56.270Z - [LOG] id  143
2024-11-22T18:42:56.271Z - [LOG] 143
2024-11-22T18:42:56.272Z - [LOG] <20:42:56>: <DEBUG> S -> C NetworkSettingsPacket
2024-11-22T18:42:56.284Z - [LOG] test
2024-11-22T18:42:56.286Z - [LOG] <20:42:56>: <DEBUG> Sending Game PACKET --> 1 | 0x01 2024-11-22T18:42:56.286Z
2024-11-22T18:42:56.472Z - [LOG] <20:42:56>: <DEBUG> sendPacket execution time: 185.91ms
2024-11-22T18:42:56.483Z - [LOG] <20:42:56>: <DEBUG> sendLoginPacket execution time: 199.73ms
2024-11-22T18:42:56.503Z - [LOG] <20:42:56>: <DEBUG> onNetworkSettings execution time: 231.14ms
2024-11-22T18:42:56.939Z - [LOG] Header  254
2024-11-22T18:42:56.944Z - [LOG] Payload:  Buffer(359) [Uint8Array] [  254,   0,  21, 207,  73, 114, 163,  48,  24,  64,  225, 133, 207, 211,  93,   2,  12, 221,  44,  45,  131, 140, 176,  17, 141,  64,  63, 134,  29, 131,  205,  36, 134, 180, 137,  13, 156,  40,  85, 185,  100, 146, 253, 171, 122, 245, 125, 238, 118,  31,  ... 309 more items]
2024-11-22T18:42:56.954Z - [LOG] id  3
2024-11-22T18:42:56.957Z - [LOG] 3
2024-11-22T18:42:56.974Z - [LOG] <20:42:56>: <DEBUG> validateKeys execution time: 0.11ms
2024-11-22T18:42:57.128Z - [LOG] <20:42:57>: <DEBUG> createSharedSecret execution time: 154.54ms
2024-11-22T18:42:57.138Z - [LOG] <20:42:57>: <DEBUG> setupEncryption execution time: 7.36ms
2024-11-22T18:42:57.140Z - [LOG] <20:42:57>: <DEBUG> Sending Game PACKET --> 4 | 0x04 2024-11-22T18:42:57.140Z
2024-11-22T18:42:57.146Z - [LOG] <20:42:57>: <DEBUG> sendPacket execution time: 5.94ms
2024-11-22T18:42:57.148Z - [LOG] <20:42:57>: <DEBUG> sendClientToServerHandshake execution time: 7.71ms
2024-11-22T18:42:57.150Z - [LOG] <20:42:57>: <DEBUG> onServerToClientHandshake execution time: 190.50ms
2024-11-22T18:42:57.222Z - [LOG] Header  254
2024-11-22T18:42:57.226Z - [LOG] Payload:  Buffer(23) [Uint8Array] [  254, 209,  82, 225, 221, 143,  247, 143, 150,  61, 248, 141,   15, 174, 113, 209, 150, 207,    3, 230,  57,  99, 198]
2024-11-22T18:42:57.233Z - [LOG] Receive Counter: 0
2024-11-22T18:42:57.235Z - [LOG] Packet Length: 14 Checksum Length: 8
2024-11-22T18:42:57.238Z - [LOG] <20:42:57>: <DEBUG> Checksum matched 7358cce2356904d6 == 7358cce2356904d6
2024-11-22T18:42:57.240Z - [LOG] id  2
2024-11-22T18:42:57.241Z - [LOG] 2
2024-11-22T18:42:57.243Z - [LOG] <20:42:57>: <DEBUG> onPlayStatus execution time: 0.16ms
2024-11-22T18:42:57.244Z - [LOG] id  6
2024-11-22T18:42:57.248Z - [LOG] 6
2024-11-22T18:42:57.250Z - [LOG] <20:42:57>: <DEBUG> Sending Game PACKET --> 8 | 0x08 2024-11-22T18:42:57.250Z
2024-11-22T18:42:57.253Z - [LOG] <20:42:57>: <DEBUG> sendPacket execution time: 2.82ms
2024-11-22T18:42:57.254Z - [LOG] <20:42:57>: <DEBUG> onResourcePack execution time: 4.45ms
2024-11-22T18:42:57.421Z - [LOG] Header  254
2024-11-22T18:42:57.439Z - [LOG] Payload:  Buffer(1432) [Uint8Array] [  254,  22, 205,  54, 126,  45,  89,  35,  20, 51,   36, 207,  25, 185,  10, 101,  90,  56, 254, 56,  107,  84,  87, 128, 199, 114,  25, 101,  96, 30,  110, 209, 231, 113, 144, 249, 119,  92, 150, 35,   38, 130,   2, 209, 230, 170, 154, 245,  21,  2,  ... 1382 more items]
2024-11-22T18:42:57.454Z - [LOG] Receive Counter: 1
2024-11-22T18:42:57.478Z - [LOG] Packet Length: 1423 Checksum Length: 8
2024-11-22T18:42:57.482Z - [LOG] <20:42:57>: <ERROR> Decryption error: Checksum mismatch 3166e8507eda8904 != e81edf19ac1e9ba8
