2024-11-22T19:20:57.958Z - [TIME START] Spawn
2024-11-22T19:20:57.960Z - Starting connection...
2024-11-22T19:20:57.969Z - [LOG] <21:20:57>: <DEBUG> setupClientProfile execution time: 0.07ms
2024-11-22T19:20:57.970Z - [LOG] <21:20:57>: <DEBUG> createOfflineSession execution time: 8.67ms
2024-11-22T19:20:57.972Z - [LOG] <21:20:57>: <DEBUG> initializeSession execution time: 10.87ms
2024-11-22T19:20:57.973Z - [LOG] <21:20:57>: <DEBUG> connect execution time: 12.20ms
2024-11-22T19:20:58.000Z - [LOG] <21:20:58>: <DEBUG> setupClientChains execution time: 20.44ms
2024-11-22T19:20:58.805Z - [LOG] <21:20:58>: <DEBUG> handleSessionStart execution time: 0.99ms
2024-11-22T19:20:59.229Z - [LOG] handle
2024-11-22T19:20:59.234Z - [LOG] <21:20:59>: <DEBUG> Sending Game PACKET --> 193 | 0xc1 2024-11-22T19:20:59.234Z
2024-11-22T19:20:59.238Z - [LOG] <21:20:59>: <DEBUG> sendPacket execution time: 4.16ms
2024-11-22T19:20:59.245Z - [TIME END] Spawn: 1287ms
2024-11-22T19:20:59.255Z - [LOG] {  type: 'MCPE',  message: 'PocketMine-MP Server',  protocol: 748,  version: '1.21.40',  playerCount: 0,  maxPlayers: 20,  serverGUID: 959315177832208500,  serverName: 'PocketMine-MP',  gamemode: 'Survival'}
2024-11-22T19:20:59.267Z - Connected successfully: {"type":"MCPE","message":"PocketMine-MP Server","protocol":748,"version":"1.21.40","playerCount":0,"maxPlayers":20,"serverGUID":959315177832208500,"serverName":"PocketMine-MP","gamemode":"Survival"}
2024-11-22T19:20:59.543Z - [LOG] Header  254
2024-11-22T19:20:59.553Z - [LOG] Payload:  Buffer(14) [Uint8Array] [  254, 12, 143, 1, 1, 0,    0,  0,   0, 0, 0, 0,    0,  0]
2024-11-22T19:20:59.562Z - [LOG] id  143
2024-11-22T19:20:59.565Z - [LOG] 143
2024-11-22T19:20:59.569Z - [LOG] <21:20:59>: <DEBUG> S -> C NetworkSettingsPacket
2024-11-22T19:20:59.574Z - [LOG] test
2024-11-22T19:20:59.577Z - [LOG] <21:20:59>: <DEBUG> Sending Game PACKET --> 1 | 0x01 2024-11-22T19:20:59.577Z
2024-11-22T19:20:59.654Z - [LOG] <21:20:59>: <DEBUG> sendPacket execution time: 76.94ms
2024-11-22T19:20:59.670Z - [LOG] <21:20:59>: <DEBUG> sendLoginPacket execution time: 96.05ms
2024-11-22T19:20:59.688Z - [LOG] <21:20:59>: <DEBUG> onNetworkSettings execution time: 119.07ms
2024-11-22T19:20:59.949Z - [LOG] Header  254
2024-11-22T19:20:59.959Z - [LOG] Payload:  Buffer(360) [Uint8Array] [  254,   0,  21, 207,  77, 142, 155,  48,   0,  64,  225,  69, 206, 147, 202,  36, 129,  12, 203,  50,   96, 176,  83, 140,  48, 216, 252, 108,  70, 128,    9,   1,  12, 184, 129, 166, 192, 137,  42, 245,  146,  51, 179, 127, 210, 211, 247, 255, 112, 248,  ... 310 more items]
2024-11-22T19:20:59.975Z - [LOG] id  3
2024-11-22T19:20:59.977Z - [LOG] 3
2024-11-22T19:20:59.988Z - [LOG] <21:20:59>: <DEBUG> validateKeys execution time: 0.10ms
2024-11-22T19:21:00.152Z - [LOG] <21:21:0>: <DEBUG> createSharedSecret execution time: 172.01ms
2024-11-22T19:21:00.164Z - [LOG] <21:21:0>: <DEBUG> setupEncryption execution time: 8.03ms
2024-11-22T19:21:00.167Z - [LOG] <21:21:0>: <DEBUG> Sending Game PACKET --> 4 | 0x04 2024-11-22T19:21:00.167Z
2024-11-22T19:21:00.178Z - [LOG] <21:21:0>: <DEBUG> sendPacket execution time: 11.42ms
2024-11-22T19:21:00.183Z - [LOG] <21:21:0>: <DEBUG> sendClientToServerHandshake execution time: 16.17ms
2024-11-22T19:21:00.197Z - [LOG] <21:21:0>: <DEBUG> onServerToClientHandshake execution time: 217.85ms
2024-11-22T19:21:00.338Z - [LOG] Header  254
2024-11-22T19:21:00.341Z - [LOG] Payload:  Buffer(23) [Uint8Array] [  254,  69, 235, 71, 250, 251, 209,  180,  61,  31, 41, 181,  25,  97,   50,   4, 150, 92,  57, 185, 114,  162, 193]
2024-11-22T19:21:00.344Z - [LOG] Receive Counter: 0
2024-11-22T19:21:00.355Z - [LOG] Packet Length: 14 Checksum Length: 8
2024-11-22T19:21:00.358Z - [LOG] <21:21:0>: <DEBUG> Checksum matched 699705e823c03a56 == 699705e823c03a56
2024-11-22T19:21:00.360Z - [LOG] id  2
2024-11-22T19:21:00.360Z - [LOG] 2
2024-11-22T19:21:00.361Z - [LOG] <21:21:0>: <DEBUG> onPlayStatus execution time: 0.15ms
2024-11-22T19:21:00.363Z - [LOG] id  6
2024-11-22T19:21:00.369Z - [LOG] 6
2024-11-22T19:21:00.371Z - [LOG] <21:21:0>: <DEBUG> Sending Game PACKET --> 8 | 0x08 2024-11-22T19:21:00.371Z
2024-11-22T19:21:00.374Z - [LOG] <21:21:0>: <DEBUG> sendPacket execution time: 2.85ms
2024-11-22T19:21:00.375Z - [LOG] <21:21:0>: <DEBUG> onResourcePack execution time: 4.30ms
