2024-11-23T21:17:29.362Z - [TIME START] Spawn
2024-11-23T21:17:29.364Z - Starting connection...
2024-11-23T21:17:29.372Z - [LOG] <23:17:29>: <DEBUG> setupClientProfile execution time: 0.07ms
2024-11-23T21:17:29.374Z - [LOG] <23:17:29>: <DEBUG> createOfflineSession execution time: 8.44ms
2024-11-23T21:17:29.375Z - [LOG] <23:17:29>: <DEBUG> initializeSession execution time: 9.93ms
2024-11-23T21:17:29.377Z - [LOG] <23:17:29>: <DEBUG> connect execution time: 12.19ms
2024-11-23T21:17:29.410Z - [LOG] <23:17:29>: <DEBUG> setupClientChains execution time: 29.15ms
2024-11-23T21:17:30.352Z - [LOG] <23:17:30>: <DEBUG> handleSessionStart execution time: 0.91ms
2024-11-23T21:17:31.010Z - [LOG] handle
2024-11-23T21:17:31.015Z - [LOG] <23:17:31>: <DEBUG> Sending Game PACKET --> 193 | 0xc1 2024-11-23T21:17:31.015Z
2024-11-23T21:17:31.023Z - [LOG] <23:17:31>: <DEBUG> sendPacket execution time: 8.82ms
2024-11-23T21:17:31.026Z - [TIME END] Spawn: 1664ms
2024-11-23T21:17:31.039Z - [LOG] {  type: 'MCPE',  message: 'PocketMine-MP Server',  protocol: 748,  version: '1.21.40',  playerCount: 0,  maxPlayers: 20,  serverGUID: 959315177832208500,  serverName: 'PocketMine-MP',  gamemode: 'Survival'}
2024-11-23T21:17:31.043Z - Connected successfully: {"type":"MCPE","message":"PocketMine-MP Server","protocol":748,"version":"1.21.40","playerCount":0,"maxPlayers":20,"serverGUID":959315177832208500,"serverName":"PocketMine-MP","gamemode":"Survival"}
2024-11-23T21:17:31.326Z - [LOG] Header  254
2024-11-23T21:17:31.331Z - [LOG] Payload:  Buffer(14) [Uint8Array] [  254, 12, 143, 1, 1, 0,    0,  0,   0, 0, 0, 0,    0,  0]
2024-11-23T21:17:31.337Z - [LOG] id  143
2024-11-23T21:17:31.339Z - [LOG] 143
2024-11-23T21:17:31.342Z - [LOG] <23:17:31>: <DEBUG> S -> C NetworkSettingsPacket
2024-11-23T21:17:31.345Z - [LOG] test
2024-11-23T21:17:31.353Z - [LOG] <23:17:31>: <DEBUG> Sending Game PACKET --> 1 | 0x01 2024-11-23T21:17:31.349Z
2024-11-23T21:17:31.472Z - [LOG] <23:17:31>: <DEBUG> sendPacket execution time: 123.22ms
2024-11-23T21:17:31.476Z - [LOG] <23:17:31>: <DEBUG> sendLoginPacket execution time: 130.27ms
2024-11-23T21:17:31.478Z - [LOG] <23:17:31>: <DEBUG> onNetworkSettings execution time: 136.20ms
2024-11-23T21:17:31.963Z - [LOG] Header  254
2024-11-23T21:17:31.970Z - [LOG] Payload:  Buffer(361) [Uint8Array] [  254,   0,  29, 207, 203, 110, 163,  48,   0,  64,  209,  69, 190, 103,  70,   6,  18,  18, 150, 229,   25,  12, 152, 193,  24, 155, 120,  83, 241, 152,   16, 192,  33, 110, 128,   6, 248, 162, 145, 230,   39,  91, 117, 127, 165, 171, 243, 127, 183, 251,  ... 311 more items]
2024-11-23T21:17:31.991Z - [LOG] id  3
2024-11-23T21:17:31.997Z - [LOG] 3
2024-11-23T21:17:32.008Z - [LOG] <23:17:32>: <DEBUG> validateKeys execution time: 0.10ms
2024-11-23T21:17:32.311Z - [LOG] <23:17:32>: <DEBUG> createSharedSecret execution time: 303.32ms
2024-11-23T21:17:32.327Z - [LOG] <23:17:32>: <DEBUG> setupEncryption execution time: 5.85ms
2024-11-23T21:17:32.330Z - [LOG] <23:17:32>: <DEBUG> Sending Game PACKET --> 4 | 0x04 2024-11-23T21:17:32.330Z
2024-11-23T21:17:32.342Z - [LOG] <23:17:32>: <DEBUG> sendPacket execution time: 12.45ms
2024-11-23T21:17:32.444Z - [LOG] <23:17:32>: <DEBUG> sendClientToServerHandshake execution time: 113.28ms
2024-11-23T21:17:32.713Z - [LOG] <23:17:32>: <DEBUG> onServerToClientHandshake execution time: 713.60ms
2024-11-23T21:17:32.814Z - [LOG] Header  254
2024-11-23T21:17:32.842Z - [LOG] Payload:  Buffer(23) [Uint8Array] [  254, 178,  19, 241,  51,  78, 160,   27, 252, 134, 237, 251,  81, 149,   65, 207,  63,  22, 106, 225,  56,   12, 178]
2024-11-23T21:17:32.862Z - [LOG] Receive Counter: 0
2024-11-23T21:17:32.881Z - [LOG] Packet Length: 14 Checksum Length: 8
2024-11-23T21:17:32.980Z - [LOG] <23:17:32>: <DEBUG> Checksum matched 04cd0d1a05f77b78 == 04cd0d1a05f77b78
2024-11-23T21:17:33.013Z - [LOG] id  2
2024-11-23T21:17:33.035Z - [LOG] 2
2024-11-23T21:17:33.045Z - [LOG] <23:17:33>: <DEBUG> onPlayStatus execution time: 0.15ms
2024-11-23T21:17:33.069Z - [LOG] id  6
2024-11-23T21:17:33.082Z - [LOG] 6
2024-11-23T21:17:33.089Z - [LOG] <23:17:33>: <DEBUG> Sending Game PACKET --> 8 | 0x08 2024-11-23T21:17:33.089Z
2024-11-23T21:17:33.093Z - [LOG] <23:17:33>: <DEBUG> sendPacket execution time: 3.55ms
2024-11-23T21:17:33.094Z - [LOG] <23:17:33>: <DEBUG> onResourcePack execution time: 5.13ms
