2024-11-23T20:21:04.857Z - [TIME START] Spawn
2024-11-23T20:21:04.858Z - Starting connection...
2024-11-23T20:21:04.899Z - [LOG] <22:21:4>: <DEBUG> setupClientProfile execution time: 0.22ms
2024-11-23T20:21:04.901Z - [LOG] <22:21:4>: <DEBUG> createOfflineSession execution time: 40.01ms
2024-11-23T20:21:04.903Z - [LOG] <22:21:4>: <DEBUG> initializeSession execution time: 41.82ms
2024-11-23T20:21:04.904Z - [LOG] <22:21:4>: <DEBUG> connect execution time: 43.28ms
2024-11-23T20:21:04.926Z - [LOG] <22:21:4>: <DEBUG> setupClientChains execution time: 21.52ms
2024-11-23T20:21:05.628Z - [LOG] <22:21:5>: <DEBUG> handleSessionStart execution time: 1.51ms
2024-11-23T20:21:06.064Z - [LOG] handle
2024-11-23T20:21:06.073Z - [LOG] <22:21:6>: <DEBUG> Sending Game PACKET --> 193 | 0xc1 2024-11-23T20:21:06.073Z
2024-11-23T20:21:06.078Z - [LOG] <22:21:6>: <DEBUG> sendPacket execution time: 5.85ms
2024-11-23T20:21:06.082Z - [TIME END] Spawn: 1226ms
2024-11-23T20:21:06.094Z - [LOG] {  type: 'MCPE',  message: 'PocketMine-MP Server',  protocol: 748,  version: '1.21.40',  playerCount: 0,  maxPlayers: 20,  serverGUID: 959315177832208500,  serverName: 'PocketMine-MP',  gamemode: 'Survival'}
2024-11-23T20:21:06.118Z - Connected successfully: {"type":"MCPE","message":"PocketMine-MP Server","protocol":748,"version":"1.21.40","playerCount":0,"maxPlayers":20,"serverGUID":959315177832208500,"serverName":"PocketMine-MP","gamemode":"Survival"}
2024-11-23T20:21:07.205Z - [LOG] Header  254
2024-11-23T20:21:07.243Z - [LOG] Payload:  Buffer(14) [Uint8Array] [  254, 12, 143, 1, 1, 0,    0,  0,   0, 0, 0, 0,    0,  0]
2024-11-23T20:21:07.257Z - [LOG] id  143
2024-11-23T20:21:07.271Z - [LOG] 143
2024-11-23T20:21:07.289Z - [LOG] <22:21:7>: <DEBUG> S -> C NetworkSettingsPacket
2024-11-23T20:21:07.295Z - [LOG] test
2024-11-23T20:21:07.303Z - [LOG] <22:21:7>: <DEBUG> Sending Game PACKET --> 1 | 0x01 2024-11-23T20:21:07.302Z
2024-11-23T20:21:07.440Z - [LOG] <22:21:7>: <DEBUG> sendPacket execution time: 137.46ms
2024-11-23T20:21:07.470Z - [LOG] <22:21:7>: <DEBUG> sendLoginPacket execution time: 175.26ms
2024-11-23T20:21:07.489Z - [LOG] <22:21:7>: <DEBUG> onNetworkSettings execution time: 199.19ms
2024-11-23T20:21:08.121Z - [LOG] Header  254
2024-11-23T20:21:08.133Z - [LOG] Payload:  Buffer(360) [Uint8Array] [  254,  0,  21, 207,  77, 110, 163,  48,   0,  64,  225, 69, 206, 211, 145,  73,  66, 218,  44,  75,  192,  4,  50, 152, 177, 177,  77, 240, 102, 100,  160,  1, 131, 249,  25, 112, 218, 192, 137,  70,  234, 37, 219, 238, 159, 244, 244, 125, 110,  54,  ... 310 more items]
2024-11-23T20:21:08.155Z - [LOG] id  3
2024-11-23T20:21:08.160Z - [LOG] 3
2024-11-23T20:21:08.169Z - [LOG] <22:21:8>: <DEBUG> validateKeys execution time: 0.17ms
2024-11-23T20:21:09.048Z - [LOG] <22:21:9>: <DEBUG> createSharedSecret execution time: 879.21ms
2024-11-23T20:21:09.060Z - [LOG] <22:21:9>: <DEBUG> setupEncryption execution time: 5.03ms
2024-11-23T20:21:09.062Z - [LOG] <22:21:9>: <DEBUG> Sending Game PACKET --> 4 | 0x04 2024-11-23T20:21:09.062Z
2024-11-23T20:21:09.067Z - [LOG] <22:21:9>: <DEBUG> sendPacket execution time: 5.04ms
2024-11-23T20:21:09.070Z - [LOG] <22:21:9>: <DEBUG> sendClientToServerHandshake execution time: 7.77ms
2024-11-23T20:21:09.072Z - [LOG] <22:21:9>: <DEBUG> onServerToClientHandshake execution time: 904.73ms
2024-11-23T20:21:09.205Z - [LOG] Header  254
2024-11-23T20:21:09.207Z - [LOG] Payload:  Buffer(23) [Uint8Array] [  254, 182, 220, 251, 116, 55,   0,   89, 188,   4,  32,  74, 18, 130,  109, 127, 142, 230,   6, 71, 233,  130, 223]
2024-11-23T20:21:09.212Z - [LOG] Receive Counter: 0
2024-11-23T20:21:09.216Z - [LOG] Packet Length: 14 Checksum Length: 8
2024-11-23T20:21:09.226Z - [LOG] <22:21:9>: <DEBUG> Checksum matched c03bce816a18a45f == c03bce816a18a45f
2024-11-23T20:21:09.228Z - [LOG] id  2
2024-11-23T20:21:09.230Z - [LOG] 2
2024-11-23T20:21:09.232Z - [LOG] <22:21:9>: <DEBUG> onPlayStatus execution time: 0.19ms
2024-11-23T20:21:09.234Z - [LOG] id  6
2024-11-23T20:21:09.236Z - [LOG] 6
2024-11-23T20:21:09.239Z - [LOG] <22:21:9>: <DEBUG> Sending Game PACKET --> 8 | 0x08 2024-11-23T20:21:09.238Z
2024-11-23T20:21:09.246Z - [LOG] <22:21:9>: <DEBUG> sendPacket execution time: 7.05ms
2024-11-23T20:21:09.247Z - [LOG] <22:21:9>: <DEBUG> onResourcePack execution time: 8.39ms
2024-11-23T20:21:12.257Z - [LOG] Header  254
2024-11-23T20:21:12.504Z - [LOG] Payload:  Buffer(53356) [Uint8Array] [  254, 127,  91,  43, 150, 132,  10, 235, 216, 156,   14,  71,  88,   3,  87, 136,  53,  54,  16,  91,  209, 133,  41, 178, 109,  25,  86, 173,  92, 121,    1, 147, 232,  44, 213, 245,   3, 136,  59, 107,  104,  18, 211, 182,  88, 171, 236,  51,   9, 175,  ... 53306 more items]
2024-11-23T20:21:12.517Z - [LOG] Receive Counter: 1
2024-11-23T20:21:12.742Z - [LOG] Packet Length: 53347 Checksum Length: 8
2024-11-23T20:21:12.756Z - [LOG] <22:21:12>: <DEBUG> Checksum matched deff482736bbf7de == deff482736bbf7de
2024-11-23T20:21:12.768Z - [LOG] id  11
2024-11-23T20:21:12.778Z - [LOG] 11
2024-11-23T20:21:12.819Z - [LOG] <22:21:12>: <DEBUG> Sending Game PACKET --> 69 | 0x45 2024-11-23T20:21:12.819Z
2024-11-23T20:21:12.834Z - [LOG] <22:21:12>: <DEBUG> sendPacket execution time: 13.79ms
2024-11-23T20:21:12.836Z - [LOG] <22:21:12>: <DEBUG> onStartGame execution time: 19.18ms
2024-11-23T20:21:12.837Z - [LOG] id  119
2024-11-23T20:21:12.839Z - [LOG] 119
2024-11-23T20:21:12.883Z - [LOG] id  122
2024-11-23T20:21:12.887Z - [LOG] 122
2024-11-23T20:21:12.898Z - [LOG] id  29
2024-11-23T20:21:12.900Z - [LOG] 29
2024-11-23T20:21:12.903Z - [LOG] id  76
2024-11-23T20:21:12.904Z - [LOG] 76
2024-11-23T20:21:12.907Z - [LOG] id  187
2024-11-23T20:21:12.912Z - [LOG] 187
2024-11-23T20:21:12.914Z - [LOG] id  188
2024-11-23T20:21:12.915Z - [LOG] 188
2024-11-23T20:21:12.915Z - [LOG] id  39
2024-11-23T20:21:12.916Z - [LOG] 39
2024-11-23T20:21:12.918Z - [LOG] id  49
2024-11-23T20:21:12.919Z - [LOG] 49
2024-11-23T20:21:12.927Z - [LOG] id  49
2024-11-23T20:21:12.929Z - [LOG] 49
2024-11-23T20:21:12.931Z - [LOG] id  49
2024-11-23T20:21:12.932Z - [LOG] 49
2024-11-23T20:21:12.933Z - [LOG] id  49
2024-11-23T20:21:12.933Z - [LOG] 49
2024-11-23T20:21:12.934Z - [LOG] id  49
2024-11-23T20:21:12.935Z - [LOG] 49
2024-11-23T20:21:12.937Z - [LOG] id  49
2024-11-23T20:21:12.938Z - [LOG] 49
2024-11-23T20:21:12.938Z - [LOG] id  50
2024-11-23T20:21:12.940Z - [LOG] 50
2024-11-23T20:21:12.945Z - [LOG] id  50
2024-11-23T20:21:12.946Z - [LOG] 50
2024-11-23T20:21:12.947Z - [LOG] id  50
2024-11-23T20:21:12.947Z - [LOG] 50
2024-11-23T20:21:12.948Z - [LOG] id  50
2024-11-23T20:21:12.948Z - [LOG] 50
2024-11-23T20:21:12.950Z - [LOG] id  50
2024-11-23T20:21:12.951Z - [LOG] 50
2024-11-23T20:21:12.951Z - [LOG] id  31
2024-11-23T20:21:12.955Z - [LOG] 31
2024-11-23T20:21:12.956Z - [LOG] id  145
2024-11-23T20:21:12.957Z - [LOG] 145
2024-11-23T20:21:13.015Z - [LOG] id  52
2024-11-23T20:21:13.018Z - [LOG] 52
2024-11-23T20:21:13.716Z - [LOG] id  63
2024-11-23T20:21:13.780Z - [LOG] 63
2024-11-23T20:21:13.871Z - [LOG] id  29
2024-11-23T20:21:13.947Z - [LOG] 29
2024-11-23T20:21:19.377Z - [LOG] Header  254
2024-11-23T20:21:19.385Z - [LOG] Payload:  Buffer(1840) [Uint8Array] [  254,  17,  82, 134, 122,  48, 227,  68, 209,  78,  231, 199, 178,  10, 201,  80,  92, 112, 128, 178,  153, 181, 158,  44,  48, 154, 115, 169, 254, 126,  209, 183, 166,  85, 165,  22,  34,  74,  80, 107,   53,  36,  35,  75,  81, 219,  70,  13, 185, 104,  ... 1790 more items]
2024-11-23T20:21:19.403Z - [LOG] Receive Counter: 2
2024-11-23T20:21:19.412Z - [LOG] Packet Length: 1831 Checksum Length: 8
2024-11-23T20:21:19.417Z - [LOG] <22:21:19>: <ERROR> Decryption error: Checksum mismatch 8cd83fa096c22ac3 != dbf147295bdd44e5
2024-11-23T20:21:19.504Z - [LOG] Header  254
2024-11-23T20:21:19.517Z - [LOG] Payload:  Buffer(1753) [Uint8Array] [  254,  97, 212, 188, 171, 244,  11, 104,  61, 229,   42, 163,  71, 102, 147, 228, 130, 122,  39,  99,   78, 174, 239,  22, 210,  22,  20, 115,  19, 251,  215,   3, 105,  70,  62, 153, 253, 224, 188, 248,  179,  17, 174, 193, 237,  46, 249, 199, 162, 208,  ... 1703 more items]
2024-11-23T20:21:19.532Z - [LOG] Receive Counter: 3
2024-11-23T20:21:19.537Z - [LOG] Packet Length: 1744 Checksum Length: 8
2024-11-23T20:21:19.539Z - [LOG] <22:21:19>: <ERROR> Decryption error: Checksum mismatch 0a3207c3d28871bc != 530ae042282ed3d9
2024-11-23T20:21:19.633Z - [LOG] Header  254
2024-11-23T20:21:19.639Z - [LOG] Payload:  Buffer(2012) [Uint8Array] [  254,   6, 128,  91, 237, 119, 142,  17, 115,  39,  180, 246, 116,  46,  52, 247, 154, 170, 239, 182,   72, 169,  41, 234, 221, 154, 179, 150,  54, 150,   40,  81, 107, 114,  26, 121, 148, 243, 132, 193,  128, 144, 119, 117, 136, 115, 181, 155,  92,  28,  ... 1962 more items]
2024-11-23T20:21:19.663Z - [LOG] Receive Counter: 4
2024-11-23T20:21:19.668Z - [LOG] Packet Length: 2003 Checksum Length: 8
2024-11-23T20:21:19.670Z - [LOG] <22:21:19>: <ERROR> Decryption error: Checksum mismatch 5797332fb0e81b1a != 99ce6d142a7e85fb
2024-11-23T20:21:19.763Z - [LOG] Header  254
2024-11-23T20:21:19.779Z - [LOG] Payload:  Buffer(2129) [Uint8Array] [  254,  80,  30,  95, 136, 101, 202,  38,  86, 145,  144, 132,   6, 185,  24,  15, 211,  15, 156, 245,  132, 136,  33,  66,  62,  62, 128, 182, 140, 167,  135, 116, 186,  12, 143, 134,  74,  91, 198,  10,    4, 172, 150, 230,  82,  48,  69,  26,  78, 168,  ... 2079 more items]
2024-11-23T20:21:19.807Z - [LOG] Receive Counter: 5
2024-11-23T20:21:19.815Z - [LOG] Packet Length: 2120 Checksum Length: 8
2024-11-23T20:21:19.817Z - [LOG] <22:21:19>: <ERROR> Decryption error: Checksum mismatch a965b05f5ee36737 != 06de048c7cb74529
2024-11-23T20:21:19.901Z - [LOG] Header  254
2024-11-23T20:21:19.917Z - [LOG] Payload:  Buffer(1750) [Uint8Array] [  254, 206, 122, 173, 133,  79,  38, 250,  62, 173,   33, 255, 141, 184, 247, 206, 242,  55, 140, 154,  176,  31, 107,   3, 145, 135, 254, 215,  42, 120,   96, 168, 193,  76, 235, 234, 142,  66, 129, 175,   87, 253,  55, 217, 249,  22, 220, 216,  85, 227,  ... 1700 more items]
2024-11-23T20:21:19.949Z - [LOG] Receive Counter: 6
2024-11-23T20:21:19.954Z - [LOG] Packet Length: 1741 Checksum Length: 8
2024-11-23T20:21:19.957Z - [LOG] <22:21:19>: <ERROR> Decryption error: Checksum mismatch 6ba22b43946ab171 != 0aa41d2ba7b3f779
