2024-11-23T11:48:59.217Z - [TIME START] Spawn
2024-11-23T11:48:59.220Z - Starting connection...
2024-11-23T11:48:59.228Z - [LOG] <13:48:59>: <DEBUG> setupClientProfile execution time: 0.06ms
2024-11-23T11:48:59.231Z - [LOG] <13:48:59>: <DEBUG> createOfflineSession execution time: 7.80ms
2024-11-23T11:48:59.233Z - [LOG] <13:48:59>: <DEBUG> initializeSession execution time: 11.44ms
2024-11-23T11:48:59.234Z - [LOG] <13:48:59>: <DEBUG> connect execution time: 12.69ms
2024-11-23T11:48:59.254Z - [LOG] <13:48:59>: <DEBUG> setupClientChains execution time: 16.88ms
2024-11-23T11:49:00.083Z - [LOG] <13:49:0>: <DEBUG> handleSessionStart execution time: 0.91ms
2024-11-23T11:49:00.535Z - [LOG] handle
2024-11-23T11:49:00.547Z - [LOG] <13:49:0>: <DEBUG> Sending Game PACKET --> 193 | 0xc1 2024-11-23T11:49:00.547Z
2024-11-23T11:49:00.564Z - [LOG] <13:49:0>: <DEBUG> sendPacket execution time: 17.35ms
2024-11-23T11:49:00.567Z - [TIME END] Spawn: 1351ms
2024-11-23T11:49:00.583Z - [LOG] {  type: 'MCPE',  message: 'PocketMine-MP Server',  protocol: 748,  version: '1.21.40',  playerCount: 0,  maxPlayers: 20,  serverGUID: 959315177832208500,  serverName: 'PocketMine-MP',  gamemode: 'Survival'}
2024-11-23T11:49:00.584Z - Connected successfully: {"type":"MCPE","message":"PocketMine-MP Server","protocol":748,"version":"1.21.40","playerCount":0,"maxPlayers":20,"serverGUID":959315177832208500,"serverName":"PocketMine-MP","gamemode":"Survival"}
2024-11-23T11:49:00.985Z - [LOG] Header  254
2024-11-23T11:49:00.992Z - [LOG] Payload:  Buffer(14) [Uint8Array] [  254, 12, 143, 1, 1, 0,    0,  0,   0, 0, 0, 0,    0,  0]
2024-11-23T11:49:00.997Z - [LOG] id  143
2024-11-23T11:49:00.999Z - [LOG] 143
2024-11-23T11:49:01.001Z - [LOG] <13:49:1>: <DEBUG> S -> C NetworkSettingsPacket
2024-11-23T11:49:01.005Z - [LOG] test
2024-11-23T11:49:01.006Z - [LOG] <13:49:1>: <DEBUG> Sending Game PACKET --> 1 | 0x01 2024-11-23T11:49:01.006Z
2024-11-23T11:49:01.083Z - [LOG] <13:49:1>: <DEBUG> sendPacket execution time: 76.75ms
2024-11-23T11:49:01.112Z - [LOG] <13:49:1>: <DEBUG> sendLoginPacket execution time: 107.36ms
2024-11-23T11:49:01.161Z - [LOG] <13:49:1>: <DEBUG> onNetworkSettings execution time: 160.15ms
2024-11-23T11:49:01.505Z - [LOG] Header  254
2024-11-23T11:49:01.515Z - [LOG] Payload:  Buffer(360) [Uint8Array] [  254,   0,  13, 207,  77, 114, 155,  48,   0,  64,  225, 133, 207, 147, 140, 128,  16,  55, 203,  96,  144,  65,   6,  97,   4, 146, 140,  54,  25,   9,  108, 254, 100,  76,   3, 110, 128,  27, 117, 166,  135,  44,  39, 248, 222, 251, 183, 219, 253, 221,  ... 310 more items]
2024-11-23T11:49:01.532Z - [LOG] id  3
2024-11-23T11:49:01.533Z - [LOG] 3
2024-11-23T11:49:01.538Z - [LOG] <13:49:1>: <DEBUG> validateKeys execution time: 0.09ms
2024-11-23T11:49:01.651Z - [LOG] <13:49:1>: <DEBUG> createSharedSecret execution time: 112.88ms
2024-11-23T11:49:01.668Z - [LOG] <13:49:1>: <DEBUG> setupEncryption execution time: 3.89ms
2024-11-23T11:49:01.675Z - [LOG] <13:49:1>: <DEBUG> Sending Game PACKET --> 4 | 0x04 2024-11-23T11:49:01.674Z
2024-11-23T11:49:01.683Z - [LOG] <13:49:1>: <DEBUG> sendPacket execution time: 8.63ms
2024-11-23T11:49:01.696Z - [LOG] <13:49:1>: <DEBUG> sendClientToServerHandshake execution time: 22.55ms
2024-11-23T11:49:01.707Z - [LOG] <13:49:1>: <DEBUG> onServerToClientHandshake execution time: 169.14ms
2024-11-23T11:49:02.177Z - [LOG] Header  254
2024-11-23T11:49:02.192Z - [LOG] Payload:  Buffer(23) [Uint8Array] [  254, 128, 68, 148,  51, 205,  32,   11, 207, 55, 191, 189, 244, 159,  172,  19, 70,  18,  66,  79, 136,   62, 252]
2024-11-23T11:49:02.195Z - [LOG] Receive Counter: 0
2024-11-23T11:49:02.201Z - [LOG] Packet Length: 14 Checksum Length: 8
2024-11-23T11:49:02.204Z - [LOG] <13:49:2>: <DEBUG> Checksum matched 0ff7e7790a606c14 == 0ff7e7790a606c14
2024-11-23T11:49:02.206Z - [LOG] id  2
2024-11-23T11:49:02.208Z - [LOG] 2
2024-11-23T11:49:02.210Z - [LOG] <13:49:2>: <DEBUG> onPlayStatus execution time: 0.15ms
2024-11-23T11:49:02.211Z - [LOG] id  6
2024-11-23T11:49:02.212Z - [LOG] 6
2024-11-23T11:49:02.215Z - [LOG] <13:49:2>: <DEBUG> Sending Game PACKET --> 8 | 0x08 2024-11-23T11:49:02.215Z
2024-11-23T11:49:02.219Z - [LOG] <13:49:2>: <DEBUG> sendPacket execution time: 3.71ms
2024-11-23T11:49:02.221Z - [LOG] <13:49:2>: <DEBUG> onResourcePack execution time: 5.55ms
