2024-11-22T19:32:10.468Z - [TIME START] Spawn
2024-11-22T19:32:10.472Z - Starting connection...
2024-11-22T19:32:10.520Z - [LOG] <21:32:10>: <DEBUG> setupClientProfile execution time: 0.25ms
2024-11-22T19:32:10.524Z - [LOG] <21:32:10>: <DEBUG> createOfflineSession execution time: 49.63ms
2024-11-22T19:32:10.525Z - [LOG] <21:32:10>: <DEBUG> initializeSession execution time: 51.48ms
2024-11-22T19:32:10.527Z - [LOG] <21:32:10>: <DEBUG> connect execution time: 53.56ms
2024-11-22T19:32:10.546Z - [LOG] <21:32:10>: <DEBUG> setupClientChains execution time: 16.77ms
2024-11-22T19:32:11.272Z - [LOG] <21:32:11>: <DEBUG> handleSessionStart execution time: 3.58ms
2024-11-22T19:32:11.658Z - [LOG] handle
2024-11-22T19:32:11.660Z - [LOG] <21:32:11>: <DEBUG> Sending Game PACKET --> 193 | 0xc1 2024-11-22T19:32:11.660Z
2024-11-22T19:32:11.665Z - [LOG] <21:32:11>: <DEBUG> sendPacket execution time: 5.09ms
2024-11-22T19:32:11.666Z - [TIME END] Spawn: 1198ms
2024-11-22T19:32:11.674Z - [LOG] {  type: 'MCPE',  message: 'PocketMine-MP Server',  protocol: 748,  version: '1.21.40',  playerCount: 0,  maxPlayers: 20,  serverGUID: 959315177832208500,  serverName: 'PocketMine-MP',  gamemode: 'Survival'}
2024-11-22T19:32:11.679Z - Connected successfully: {"type":"MCPE","message":"PocketMine-MP Server","protocol":748,"version":"1.21.40","playerCount":0,"maxPlayers":20,"serverGUID":959315177832208500,"serverName":"PocketMine-MP","gamemode":"Survival"}
2024-11-22T19:32:11.975Z - [LOG] Header  254
2024-11-22T19:32:11.981Z - [LOG] Payload:  Buffer(14) [Uint8Array] [  254, 12, 143, 1, 1, 0,    0,  0,   0, 0, 0, 0,    0,  0]
2024-11-22T19:32:11.983Z - [LOG] id  143
2024-11-22T19:32:11.985Z - [LOG] 143
2024-11-22T19:32:11.990Z - [LOG] <21:32:11>: <DEBUG> S -> C NetworkSettingsPacket
2024-11-22T19:32:11.992Z - [LOG] test
2024-11-22T19:32:11.993Z - [LOG] <21:32:11>: <DEBUG> Sending Game PACKET --> 1 | 0x01 2024-11-22T19:32:11.993Z
2024-11-22T19:32:12.049Z - [LOG] <21:32:12>: <DEBUG> sendPacket execution time: 56.04ms
2024-11-22T19:32:12.054Z - [LOG] <21:32:12>: <DEBUG> sendLoginPacket execution time: 61.99ms
2024-11-22T19:32:12.056Z - [LOG] <21:32:12>: <DEBUG> onNetworkSettings execution time: 65.35ms
2024-11-22T19:32:12.308Z - [LOG] Header  254
2024-11-22T19:32:12.313Z - [LOG] Payload:  Buffer(360) [Uint8Array] [  254,   0,  21, 207,  77, 110, 163,  48,   0,  64,  225,  69, 206, 211, 145, 129,  16, 181, 203, 242,   99,  48,   4, 123,  48, 216,   4, 111,  42,  27,   38, 129,  96,   8, 129,  36,  13, 156, 104, 164,   94, 178, 237, 254,  73,  79, 223, 215, 102, 243,  ... 310 more items]
2024-11-22T19:32:12.318Z - [LOG] id  3
2024-11-22T19:32:12.322Z - [LOG] 3
2024-11-22T19:32:12.333Z - [LOG] <21:32:12>: <DEBUG> validateKeys execution time: 0.12ms
2024-11-22T19:32:12.469Z - [LOG] <21:32:12>: <DEBUG> createSharedSecret execution time: 136.42ms
2024-11-22T19:32:12.475Z - [LOG] <21:32:12>: <DEBUG> setupEncryption execution time: 5.35ms
2024-11-22T19:32:12.478Z - [LOG] <21:32:12>: <DEBUG> Sending Game PACKET --> 4 | 0x04 2024-11-22T19:32:12.478Z
2024-11-22T19:32:12.484Z - [LOG] <21:32:12>: <DEBUG> sendPacket execution time: 5.44ms
2024-11-22T19:32:12.486Z - [LOG] <21:32:12>: <DEBUG> sendClientToServerHandshake execution time: 8.58ms
2024-11-22T19:32:12.487Z - [LOG] <21:32:12>: <DEBUG> onServerToClientHandshake execution time: 160.43ms
2024-11-22T19:32:12.584Z - [LOG] Header  254
2024-11-22T19:32:12.586Z - [LOG] Payload:  Buffer(23) [Uint8Array] [  254,  46,  78, 232, 127, 157,  208, 175, 125, 107,  12, 239,  105, 126, 206,  77, 142, 227,  181,  10,  53, 173, 118]
2024-11-22T19:32:12.589Z - [LOG] Receive Counter: 0
2024-11-22T19:32:12.591Z - [LOG] Packet Length: 14 Checksum Length: 8
2024-11-22T19:32:12.601Z - [LOG] <21:32:12>: <DEBUG> Checksum matched 8e6a050341f0340a == 8e6a050341f0340a
2024-11-22T19:32:12.602Z - [LOG] id  2
2024-11-22T19:32:12.603Z - [LOG] 2
2024-11-22T19:32:12.603Z - [LOG] <21:32:12>: <DEBUG> onPlayStatus execution time: 0.13ms
2024-11-22T19:32:12.604Z - [LOG] id  6
2024-11-22T19:32:12.604Z - [LOG] 6
2024-11-22T19:32:12.605Z - [LOG] <21:32:12>: <DEBUG> Sending Game PACKET --> 8 | 0x08 2024-11-22T19:32:12.605Z
2024-11-22T19:32:12.608Z - [LOG] <21:32:12>: <DEBUG> sendPacket execution time: 1.98ms
2024-11-22T19:32:12.615Z - [LOG] <21:32:12>: <DEBUG> onResourcePack execution time: 9.97ms
2024-11-22T19:32:16.688Z - [LOG] Header  254
2024-11-22T19:32:16.691Z - [LOG] Payload:  Buffer(16) [Uint8Array] [  254, 21, 228, 116, 187,  131, 47, 220,   1, 233,  227, 60,  73,  52, 154,  251]
2024-11-22T19:32:16.695Z - [LOG] Receive Counter: 1
2024-11-22T19:32:16.700Z - [LOG] Packet Length: 7 Checksum Length: 8
2024-11-22T19:32:16.702Z - [LOG] <21:32:16>: <ERROR> Decryption error: Checksum mismatch 81af2e70eb7a0ed7 != 4ab61b9722619635
