2024-11-22T19:19:53.382Z - [TIME START] Spawn
2024-11-22T19:19:53.384Z - Starting connection...
2024-11-22T19:19:53.404Z - [LOG] <21:19:53>: <DEBUG> setupClientProfile execution time: 0.07ms
2024-11-22T19:19:53.406Z - [LOG] <21:19:53>: <DEBUG> createOfflineSession execution time: 19.56ms
2024-11-22T19:19:53.407Z - [LOG] <21:19:53>: <DEBUG> initializeSession execution time: 21.79ms
2024-11-22T19:19:53.407Z - [LOG] <21:19:53>: <DEBUG> connect execution time: 22.46ms
2024-11-22T19:19:53.427Z - [LOG] <21:19:53>: <DEBUG> setupClientChains execution time: 18.80ms
2024-11-22T19:19:54.253Z - [LOG] <21:19:54>: <DEBUG> handleSessionStart execution time: 1.27ms
2024-11-22T19:19:54.631Z - [LOG] handle
2024-11-22T19:19:54.635Z - [LOG] <21:19:54>: <DEBUG> Sending Game PACKET --> 193 | 0xc1 2024-11-22T19:19:54.635Z
2024-11-22T19:19:54.639Z - [LOG] <21:19:54>: <DEBUG> sendPacket execution time: 4.97ms
2024-11-22T19:19:54.641Z - [TIME END] Spawn: 1260ms
2024-11-22T19:19:54.647Z - [LOG] {  type: 'MCPE',  message: 'PocketMine-MP Server',  protocol: 748,  version: '1.21.40',  playerCount: 0,  maxPlayers: 20,  serverGUID: 959315177832208500,  serverName: 'PocketMine-MP',  gamemode: 'Survival'}
2024-11-22T19:19:54.650Z - Connected successfully: {"type":"MCPE","message":"PocketMine-MP Server","protocol":748,"version":"1.21.40","playerCount":0,"maxPlayers":20,"serverGUID":959315177832208500,"serverName":"PocketMine-MP","gamemode":"Survival"}
2024-11-22T19:19:54.934Z - [LOG] Header  254
2024-11-22T19:19:54.940Z - [LOG] Payload:  Buffer(14) [Uint8Array] [  254, 12, 143, 1, 1, 0,    0,  0,   0, 0, 0, 0,    0,  0]
2024-11-22T19:19:54.944Z - [LOG] id  143
2024-11-22T19:19:54.953Z - [LOG] 143
2024-11-22T19:19:54.955Z - [LOG] <21:19:54>: <DEBUG> S -> C NetworkSettingsPacket
2024-11-22T19:19:54.959Z - [LOG] test
2024-11-22T19:19:54.962Z - [LOG] <21:19:54>: <DEBUG> Sending Game PACKET --> 1 | 0x01 2024-11-22T19:19:54.962Z
2024-11-22T19:19:55.087Z - [LOG] <21:19:55>: <DEBUG> sendPacket execution time: 125.47ms
2024-11-22T19:19:55.095Z - [LOG] <21:19:55>: <DEBUG> sendLoginPacket execution time: 136.95ms
2024-11-22T19:19:55.097Z - [LOG] <21:19:55>: <DEBUG> onNetworkSettings execution time: 141.81ms
2024-11-22T19:19:55.371Z - [LOG] Header  254
2024-11-22T19:19:55.375Z - [LOG] Payload:  Buffer(358) [Uint8Array] [  254,   0,  21, 207, 203, 110, 163,  48,  24,  64,  225,  69, 222, 103, 100,  66,  72, 167, 203, 161,  193,  96, 130,  77, 109, 240,  79, 240, 102, 100,   46,  13,  23, 151, 208,  66,  27, 224, 137,  70,  154, 151, 108, 187,  63, 210, 209, 247, 127, 183,  ... 308 more items]
2024-11-22T19:19:55.392Z - [LOG] id  3
2024-11-22T19:19:55.396Z - [LOG] 3
2024-11-22T19:19:55.400Z - [LOG] <21:19:55>: <DEBUG> validateKeys execution time: 0.12ms
2024-11-22T19:19:55.570Z - [LOG] <21:19:55>: <DEBUG> createSharedSecret execution time: 169.17ms
2024-11-22T19:19:55.578Z - [LOG] <21:19:55>: <DEBUG> setupEncryption execution time: 6.27ms
2024-11-22T19:19:55.583Z - [LOG] <21:19:55>: <DEBUG> Sending Game PACKET --> 4 | 0x04 2024-11-22T19:19:55.582Z
2024-11-22T19:19:55.594Z - [LOG] <21:19:55>: <DEBUG> sendPacket execution time: 11.81ms
2024-11-22T19:19:55.596Z - [LOG] <21:19:55>: <DEBUG> sendClientToServerHandshake execution time: 14.20ms
2024-11-22T19:19:55.600Z - [LOG] <21:19:55>: <DEBUG> onServerToClientHandshake execution time: 201.02ms
2024-11-22T19:19:55.731Z - [LOG] Header  254
2024-11-22T19:19:55.733Z - [LOG] Payload:  Buffer(23) [Uint8Array] [  254, 101, 233, 173, 178, 168, 30,    0,  17, 142, 167, 155,  63, 87,   91, 216, 203,  47,  93,  27, 81,  188, 210]
2024-11-22T19:19:55.735Z - [LOG] Receive Counter: 0
2024-11-22T19:19:55.742Z - [LOG] Packet Length: 14 Checksum Length: 8
2024-11-22T19:19:55.745Z - [LOG] <21:19:55>: <DEBUG> Checksum matched f01dc86a28170f6d == f01dc86a28170f6d
2024-11-22T19:19:55.747Z - [LOG] id  2
2024-11-22T19:19:55.749Z - [LOG] 2
2024-11-22T19:19:55.752Z - [LOG] <21:19:55>: <DEBUG> onPlayStatus execution time: 0.16ms
2024-11-22T19:19:55.756Z - [LOG] id  6
2024-11-22T19:19:55.757Z - [LOG] 6
2024-11-22T19:19:55.759Z - [LOG] <21:19:55>: <DEBUG> Sending Game PACKET --> 8 | 0x08 2024-11-22T19:19:55.758Z
2024-11-22T19:19:55.763Z - [LOG] <21:19:55>: <DEBUG> sendPacket execution time: 4.44ms
2024-11-22T19:19:55.766Z - [LOG] <21:19:55>: <DEBUG> onResourcePack execution time: 7.40ms
