2024-11-24T19:03:44.713Z - [TIME START] Spawn
2024-11-24T19:03:44.716Z - Starting connection...
2024-11-24T19:03:44.767Z - [LOG] <21:3:44>: <DEBUG> setupClientProfile execution time: 0.06ms
2024-11-24T19:03:44.769Z - [LOG] <21:3:44>: <DEBUG> createOfflineSession execution time: 51.61ms
2024-11-24T19:03:44.770Z - [LOG] <21:3:44>: <DEBUG> initializeSession execution time: 52.37ms
2024-11-24T19:03:44.770Z - [LOG] <21:3:44>: <DEBUG> connect execution time: 53.15ms
2024-11-24T19:03:44.806Z - [LOG] <21:3:44>: <DEBUG> setupClientChains execution time: 32.25ms
2024-11-24T19:03:45.358Z - [LOG] <21:3:45>: <DEBUG> handleSessionStart execution time: 2.53ms
2024-11-24T19:03:45.731Z - [LOG] handle
2024-11-24T19:03:45.733Z - [LOG] <21:3:45>: <DEBUG> Sending Game PACKET --> 193 | 0xc1 2024-11-24T19:03:45.733Z
2024-11-24T19:03:45.735Z - [LOG] <21:3:45>: <DEBUG> sendPacket execution time: 2.77ms
2024-11-24T19:03:45.736Z - [TIME END] Spawn: 1023ms
2024-11-24T19:03:45.743Z - [LOG] {  type: 'MCPE',  message: 'PocketMine-MP Server',  protocol: 748,  version: '1.21.40',  playerCount: 0,  maxPlayers: 20,  serverGUID: 2446291095431307000,  serverName: 'PocketMine-MP',  gamemode: 'Survival'}
2024-11-24T19:03:45.748Z - Connected successfully: {"type":"MCPE","message":"PocketMine-MP Server","protocol":748,"version":"1.21.40","playerCount":0,"maxPlayers":20,"serverGUID":2446291095431307000,"serverName":"PocketMine-MP","gamemode":"Survival"}
2024-11-24T19:03:46.048Z - [LOG] Header  254
2024-11-24T19:03:46.051Z - [LOG] Payload:  Buffer(14) [Uint8Array] [  254, 12, 143, 1, 1, 0,    0,  0,   0, 0, 0, 0,    0,  0]
2024-11-24T19:03:46.056Z - [LOG] id  143
2024-11-24T19:03:46.056Z - [LOG] 143
2024-11-24T19:03:46.057Z - [LOG] <21:3:46>: <DEBUG> S -> C NetworkSettingsPacket
2024-11-24T19:03:46.058Z - [LOG] test
2024-11-24T19:03:46.059Z - [LOG] <21:3:46>: <DEBUG> Sending Game PACKET --> 1 | 0x01 2024-11-24T19:03:46.059Z
2024-11-24T19:03:46.109Z - [LOG] <21:3:46>: <DEBUG> sendPacket execution time: 50.11ms
2024-11-24T19:03:46.122Z - [LOG] <21:3:46>: <DEBUG> sendLoginPacket execution time: 56.68ms
2024-11-24T19:03:46.123Z - [LOG] <21:3:46>: <DEBUG> onNetworkSettings execution time: 66.24ms
