2024-11-23T11:23:38.400Z - [TIME START] Spawn
2024-11-23T11:23:38.403Z - Starting connection...
2024-11-23T11:23:38.411Z - [LOG] <13:23:38>: <DEBUG> setupClientProfile execution time: 0.06ms
2024-11-23T11:23:38.413Z - [LOG] <13:23:38>: <DEBUG> createOfflineSession execution time: 6.38ms
2024-11-23T11:23:38.413Z - [LOG] <13:23:38>: <DEBUG> initializeSession execution time: 8.54ms
2024-11-23T11:23:38.414Z - [LOG] <13:23:38>: <DEBUG> connect execution time: 9.85ms
2024-11-23T11:23:38.442Z - [LOG] <13:23:38>: <DEBUG> setupClientChains execution time: 26.53ms
2024-11-23T11:23:39.182Z - [LOG] <13:23:39>: <DEBUG> handleSessionStart execution time: 2.73ms
2024-11-23T11:23:39.699Z - [LOG] handle
2024-11-23T11:23:39.703Z - [LOG] <13:23:39>: <DEBUG> Sending Game PACKET --> 193 | 0xc1 2024-11-23T11:23:39.703Z
2024-11-23T11:23:39.706Z - [LOG] <13:23:39>: <DEBUG> sendPacket execution time: 3.42ms
2024-11-23T11:23:39.709Z - [TIME END] Spawn: 1308ms
2024-11-23T11:23:39.717Z - [LOG] {  type: 'MCPE',  message: 'PocketMine-MP Server',  protocol: 748,  version: '1.21.40',  playerCount: 0,  maxPlayers: 20,  serverGUID: 959315177832208500,  serverName: 'PocketMine-MP',  gamemode: 'Survival'}
2024-11-23T11:23:39.719Z - Connected successfully: {"type":"MCPE","message":"PocketMine-MP Server","protocol":748,"version":"1.21.40","playerCount":0,"maxPlayers":20,"serverGUID":959315177832208500,"serverName":"PocketMine-MP","gamemode":"Survival"}
2024-11-23T11:23:40.110Z - [LOG] Header  254
2024-11-23T11:23:40.164Z - [LOG] Payload:  Buffer(14) [Uint8Array] [  254, 12, 143, 1, 1, 0,    0,  0,   0, 0, 0, 0,    0,  0]
2024-11-23T11:23:40.170Z - [LOG] id  143
2024-11-23T11:23:40.178Z - [LOG] 143
2024-11-23T11:23:40.180Z - [LOG] <13:23:40>: <DEBUG> S -> C NetworkSettingsPacket
2024-11-23T11:23:40.182Z - [LOG] test
2024-11-23T11:23:40.183Z - [LOG] <13:23:40>: <DEBUG> Sending Game PACKET --> 1 | 0x01 2024-11-23T11:23:40.183Z
2024-11-23T11:23:40.265Z - [LOG] <13:23:40>: <DEBUG> sendPacket execution time: 81.82ms
2024-11-23T11:23:40.280Z - [LOG] <13:23:40>: <DEBUG> sendLoginPacket execution time: 97.69ms
2024-11-23T11:23:40.300Z - [LOG] <13:23:40>: <DEBUG> onNetworkSettings execution time: 117.75ms
2024-11-23T11:23:40.567Z - [LOG] Header  254
2024-11-23T11:23:40.623Z - [LOG] Payload:  Buffer(360) [Uint8Array] [  254,   0,  21, 144, 205, 210, 154,  48,   0,   0,   15,  62, 143, 157, 136,  70, 224, 248,  81,   9,    4,  75,  40, 129,   4, 225, 226,   0,  17,   4,   34,  63, 159, 136, 192,  19, 117, 166,  47,  89,  123, 223, 153, 157, 221, 191, 155, 205, 159, 205,  ... 310 more items]
2024-11-23T11:23:40.676Z - [LOG] id  3
2024-11-23T11:23:40.685Z - [LOG] 3
2024-11-23T11:23:40.701Z - [LOG] <13:23:40>: <DEBUG> validateKeys execution time: 0.20ms
2024-11-23T11:23:40.830Z - [LOG] <13:23:40>: <DEBUG> createSharedSecret execution time: 130.44ms
2024-11-23T11:23:40.841Z - [LOG] <13:23:40>: <DEBUG> setupEncryption execution time: 5.14ms
2024-11-23T11:23:40.848Z - [LOG] <13:23:40>: <DEBUG> Sending Game PACKET --> 4 | 0x04 2024-11-23T11:23:40.848Z
2024-11-23T11:23:40.856Z - [LOG] <13:23:40>: <DEBUG> sendPacket execution time: 8.00ms
2024-11-23T11:23:40.883Z - [LOG] <13:23:40>: <DEBUG> sendClientToServerHandshake execution time: 36.19ms
2024-11-23T11:23:40.892Z - [LOG] <13:23:40>: <DEBUG> onServerToClientHandshake execution time: 193.90ms
2024-11-23T11:23:41.093Z - [LOG] Header  254
2024-11-23T11:23:41.098Z - [LOG] Payload:  Buffer(23) [Uint8Array] [  254, 163,  21, 248, 243, 56,  227, 117, 185, 243,  35, 18,  124,  27, 108, 123,  22, 67,  237,  22, 204,  42, 213]
2024-11-23T11:23:41.107Z - [LOG] Receive Counter: 0
2024-11-23T11:23:41.112Z - [LOG] Packet Length: 14 Checksum Length: 8
2024-11-23T11:23:41.118Z - [LOG] <13:23:41>: <DEBUG> Checksum matched a36b328544967060 == a36b328544967060
2024-11-23T11:23:41.146Z - [LOG] id  2
2024-11-23T11:23:41.152Z - [LOG] 2
2024-11-23T11:23:41.155Z - [LOG] <13:23:41>: <DEBUG> onPlayStatus execution time: 0.15ms
2024-11-23T11:23:41.161Z - [LOG] id  6
2024-11-23T11:23:41.240Z - [LOG] 6
2024-11-23T11:23:41.290Z - [LOG] <13:23:41>: <DEBUG> Sending Game PACKET --> 8 | 0x08 2024-11-23T11:23:41.290Z
2024-11-23T11:23:41.293Z - [LOG] <13:23:41>: <DEBUG> sendPacket execution time: 3.42ms
2024-11-23T11:23:41.295Z - [LOG] <13:23:41>: <DEBUG> onResourcePack execution time: 5.75ms
