2024-11-22T18:51:13.755Z - [TIME START] Spawn
2024-11-22T18:51:13.759Z - Starting connection...
2024-11-22T18:51:13.813Z - [LOG] <20:51:13>: <DEBUG> setupClientProfile execution time: 0.09ms
2024-11-22T18:51:13.817Z - [LOG] <20:51:13>: <DEBUG> createOfflineSession execution time: 55.11ms
2024-11-22T18:51:13.818Z - [LOG] <20:51:13>: <DEBUG> initializeSession execution time: 57.02ms
2024-11-22T18:51:13.819Z - [LOG] <20:51:13>: <DEBUG> connect execution time: 58.15ms
2024-11-22T18:51:13.841Z - [LOG] <20:51:13>: <DEBUG> setupClientChains execution time: 19.87ms
2024-11-22T18:51:14.724Z - [LOG] <20:51:14>: <DEBUG> handleSessionStart execution time: 4.40ms
2024-11-22T18:51:15.137Z - [LOG] handle
2024-11-22T18:51:15.143Z - [LOG] <20:51:15>: <DEBUG> Sending Game PACKET --> 193 | 0xc1 2024-11-22T18:51:15.143Z
2024-11-22T18:51:15.145Z - [LOG] <20:51:15>: <DEBUG> sendPacket execution time: 2.91ms
2024-11-22T18:51:15.156Z - [TIME END] Spawn: 1401ms
2024-11-22T18:51:15.170Z - [LOG] {  type: 'MCPE',  message: 'PocketMine-MP Server',  protocol: 748,  version: '1.21.40',  playerCount: 0,  maxPlayers: 20,  serverGUID: 959315177832208500,  serverName: 'PocketMine-MP',  gamemode: 'Survival'}
2024-11-22T18:51:15.175Z - Connected successfully: {"type":"MCPE","message":"PocketMine-MP Server","protocol":748,"version":"1.21.40","playerCount":0,"maxPlayers":20,"serverGUID":959315177832208500,"serverName":"PocketMine-MP","gamemode":"Survival"}
2024-11-22T18:51:15.470Z - [LOG] Header  254
2024-11-22T18:51:15.490Z - [LOG] Payload:  Buffer(14) [Uint8Array] [  254, 12, 143, 1, 1, 0,    0,  0,   0, 0, 0, 0,    0,  0]
2024-11-22T18:51:15.518Z - [LOG] id  143
2024-11-22T18:51:15.519Z - [LOG] 143
2024-11-22T18:51:15.522Z - [LOG] <20:51:15>: <DEBUG> S -> C NetworkSettingsPacket
2024-11-22T18:51:15.526Z - [LOG] test
2024-11-22T18:51:15.529Z - [LOG] <20:51:15>: <DEBUG> Sending Game PACKET --> 1 | 0x01 2024-11-22T18:51:15.528Z
2024-11-22T18:51:15.656Z - [LOG] <20:51:15>: <DEBUG> sendPacket execution time: 127.11ms
2024-11-22T18:51:15.659Z - [LOG] <20:51:15>: <DEBUG> sendLoginPacket execution time: 132.77ms
2024-11-22T18:51:15.661Z - [LOG] <20:51:15>: <DEBUG> onNetworkSettings execution time: 139.36ms
2024-11-22T18:51:16.057Z - [LOG] Header  254
2024-11-22T18:51:16.069Z - [LOG] Payload:  Buffer(359) [Uint8Array] [  254,   0,  21, 207, 203, 110, 163,  48,   0,  64,  209,  69, 190, 103,  70,  78,   8,  36, 179,  12,   49,  78,  12, 131,  41, 198,  54, 224, 205, 136,  215,  64, 192,  33, 110, 161, 225, 241,  69, 149,  250, 147, 109, 247,  87, 186,  58, 159, 155, 205,  ... 309 more items]
2024-11-22T18:51:16.102Z - [LOG] id  3
2024-11-22T18:51:16.106Z - [LOG] 3
2024-11-22T18:51:16.117Z - [LOG] <20:51:16>: <DEBUG> validateKeys execution time: 0.12ms
2024-11-22T18:51:16.270Z - [LOG] <20:51:16>: <DEBUG> createSharedSecret execution time: 153.42ms
2024-11-22T18:51:16.281Z - [LOG] <20:51:16>: <DEBUG> setupEncryption execution time: 4.61ms
2024-11-22T18:51:16.284Z - [LOG] <20:51:16>: <DEBUG> Sending Game PACKET --> 4 | 0x04 2024-11-22T18:51:16.283Z
2024-11-22T18:51:16.293Z - [LOG] <20:51:16>: <DEBUG> sendPacket execution time: 9.19ms
2024-11-22T18:51:16.298Z - [LOG] <20:51:16>: <DEBUG> sendClientToServerHandshake execution time: 12.18ms
2024-11-22T18:51:16.303Z - [LOG] <20:51:16>: <DEBUG> onServerToClientHandshake execution time: 192.19ms
2024-11-22T18:51:16.376Z - [LOG] Header  254
2024-11-22T18:51:16.377Z - [LOG] Payload:  Buffer(23) [Uint8Array] [  254, 200, 213, 228, 41, 172, 206,  162, 241,  13, 195, 53,   4,  56,  159, 137, 230, 145, 75,  76,  84,  126,  70]
2024-11-22T18:51:16.382Z - [LOG] Receive Counter: 0
2024-11-22T18:51:16.386Z - [LOG] Packet Length: 14 Checksum Length: 8
2024-11-22T18:51:16.390Z - [LOG] <20:51:16>: <DEBUG> Checksum matched cfb88d770dd2f559 == cfb88d770dd2f559
2024-11-22T18:51:16.392Z - [LOG] id  2
2024-11-22T18:51:16.393Z - [LOG] 2
2024-11-22T18:51:16.395Z - [LOG] <20:51:16>: <DEBUG> onPlayStatus execution time: 0.16ms
2024-11-22T18:51:16.401Z - [LOG] id  6
2024-11-22T18:51:16.402Z - [LOG] 6
2024-11-22T18:51:16.405Z - [LOG] <20:51:16>: <DEBUG> Sending Game PACKET --> 8 | 0x08 2024-11-22T18:51:16.405Z
2024-11-22T18:51:16.408Z - [LOG] <20:51:16>: <DEBUG> sendPacket execution time: 3.23ms
2024-11-22T18:51:16.410Z - [LOG] <20:51:16>: <DEBUG> onResourcePack execution time: 5.93ms
2024-11-22T18:51:16.593Z - [LOG] Header  254
2024-11-22T18:51:16.605Z - [LOG] Payload:  Buffer(1432) [Uint8Array] [  254, 175,  96, 190, 108, 132, 224,  46,  20,  79,  103,   6,  70,  99, 180, 247, 116, 142, 110, 229,  213,  35,  58, 149,  17, 119,  71, 232,  67, 250,  217,  74,  13, 252, 163, 183, 150,  43,  69, 138,   99,  27, 180, 195,   9,  51,  28, 243, 232,  37,  ... 1382 more items]
2024-11-22T18:51:16.619Z - [LOG] Receive Counter: 1
2024-11-22T18:51:16.639Z - [LOG] Packet Length: 1423 Checksum Length: 8
2024-11-22T18:51:16.640Z - [LOG] <20:51:16>: <ERROR> Decryption error: Checksum mismatch 75183374283fed44 != 9215e187fbaefd40
