2024-11-24T19:10:37.615Z - [TIME START] Spawn
2024-11-24T19:10:37.616Z - Starting connection...
2024-11-24T19:10:37.620Z - [LOG] <21:10:37>: <DEBUG> setupClientProfile execution time: 0.04ms
2024-11-24T19:10:37.621Z - [LOG] <21:10:37>: <DEBUG> createOfflineSession execution time: 4.25ms
2024-11-24T19:10:37.622Z - [LOG] <21:10:37>: <DEBUG> initializeSession execution time: 5.44ms
2024-11-24T19:10:37.622Z - [LOG] <21:10:37>: <DEBUG> connect execution time: 6.02ms
2024-11-24T19:10:37.634Z - [LOG] <21:10:37>: <DEBUG> setupClientChains execution time: 11.02ms
2024-11-24T19:10:38.032Z - [LOG] <21:10:38>: <DEBUG> handleSessionStart execution time: 1.04ms
2024-11-24T19:10:38.412Z - [LOG] handle
2024-11-24T19:10:38.416Z - [LOG] <21:10:38>: <DEBUG> Sending Game PACKET --> 193 | 0xc1 2024-11-24T19:10:38.416Z
2024-11-24T19:10:38.420Z - [LOG] <21:10:38>: <DEBUG> sendPacket execution time: 3.57ms
2024-11-24T19:10:38.421Z - [TIME END] Spawn: 806ms
2024-11-24T19:10:38.430Z - [LOG] {  type: 'MCPE',  message: 'PocketMine-MP Server',  protocol: 748,  version: '1.21.40',  playerCount: 0,  maxPlayers: 20,  serverGUID: 2446291095431307000,  serverName: 'PocketMine-MP',  gamemode: 'Survival'}
2024-11-24T19:10:38.445Z - Connected successfully: {"type":"MCPE","message":"PocketMine-MP Server","protocol":748,"version":"1.21.40","playerCount":0,"maxPlayers":20,"serverGUID":2446291095431307000,"serverName":"PocketMine-MP","gamemode":"Survival"}
2024-11-24T19:10:38.734Z - [LOG] Header  254
2024-11-24T19:10:38.739Z - [LOG] Payload:  Buffer(14) [Uint8Array] [  254, 12, 143, 1, 1, 0,    0,  0,   0, 0, 0, 0,    0,  0]
2024-11-24T19:10:38.742Z - [LOG] id  143
2024-11-24T19:10:38.743Z - [LOG] 143
2024-11-24T19:10:38.743Z - [LOG] <21:10:38>: <DEBUG> S -> C NetworkSettingsPacket
2024-11-24T19:10:38.744Z - [LOG] test
2024-11-24T19:10:38.744Z - [LOG] <21:10:38>: <DEBUG> Sending Game PACKET --> 1 | 0x01 2024-11-24T19:10:38.744Z
2024-11-24T19:10:38.781Z - [LOG] <21:10:38>: <DEBUG> sendPacket execution time: 36.70ms
2024-11-24T19:10:38.785Z - [LOG] <21:10:38>: <DEBUG> sendLoginPacket execution time: 41.62ms
2024-11-24T19:10:38.786Z - [LOG] <21:10:38>: <DEBUG> onNetworkSettings execution time: 42.96ms
2024-11-24T19:10:38.921Z - [LOG] Header  254
2024-11-24T19:10:38.926Z - [LOG] Payload:  Buffer(359) [Uint8Array] [  254,   0,  21, 207,  73, 146, 155,  48,  20,   0,  208, 133, 239, 211,  37,  25, 154,  54,  75,  35,   16,  24,  51,  52, 130,  47, 134,  77,  10, 144,   59,  12, 130, 224, 128, 109, 224,  70, 169, 202,   33, 147, 126,  55, 120, 127,  15, 135,  63, 135,  ... 309 more items]
2024-11-24T19:10:38.930Z - [LOG] id  3
2024-11-24T19:10:38.931Z - [LOG] 3
2024-11-24T19:10:38.937Z - [LOG] <21:10:38>: <DEBUG> validateKeys execution time: 0.13ms
2024-11-24T19:10:39.015Z - [LOG] <21:10:39>: <DEBUG> createSharedSecret execution time: 78.42ms
2024-11-24T19:10:39.019Z - [LOG] <21:10:39>: <DEBUG> setupEncryption execution time: 3.73ms
2024-11-24T19:10:39.021Z - [LOG] <21:10:39>: <DEBUG> Sending Game PACKET --> 4 | 0x04 2024-11-24T19:10:39.021Z
2024-11-24T19:10:39.026Z - [LOG] <21:10:39>: <DEBUG> sendPacket execution time: 5.13ms
2024-11-24T19:10:39.027Z - [LOG] <21:10:39>: <DEBUG> sendClientToServerHandshake execution time: 6.44ms
2024-11-24T19:10:39.027Z - [LOG] <21:10:39>: <DEBUG> onServerToClientHandshake execution time: 95.74ms
2024-11-24T19:10:39.090Z - [LOG] Header  254
2024-11-24T19:10:39.091Z - [LOG] Payload:  Buffer(23) [Uint8Array] [  254, 212, 224, 107, 170, 64,   48, 131, 192, 146, 187, 67,   26, 249,  35, 159, 103,  1,  108, 169, 127, 169,  55]
2024-11-24T19:10:39.092Z - [LOG] Receive Counter: 0
2024-11-24T19:10:39.094Z - [LOG] Packet Length: 14 Checksum Length: 8
2024-11-24T19:10:39.098Z - [LOG] <21:10:39>: <DEBUG> Checksum matched c8f0f7c6fc713e52 == c8f0f7c6fc713e52
2024-11-24T19:10:39.099Z - [LOG] id  2
2024-11-24T19:10:39.100Z - [LOG] 2
2024-11-24T19:10:39.100Z - [LOG] <21:10:39>: <DEBUG> onPlayStatus execution time: 0.13ms
2024-11-24T19:10:39.101Z - [LOG] id  6
2024-11-24T19:10:39.101Z - [LOG] 6
2024-11-24T19:10:39.102Z - [LOG] <21:10:39>: <DEBUG> Sending Game PACKET --> 8 | 0x08 2024-11-24T19:10:39.102Z
2024-11-24T19:10:39.103Z - [LOG] <21:10:39>: <DEBUG> sendPacket execution time: 1.41ms
2024-11-24T19:10:39.104Z - [LOG] <21:10:39>: <DEBUG> onResourcePack execution time: 2.40ms
2024-11-24T19:10:42.225Z - [LOG] Header  254
2024-11-24T19:10:42.351Z - [LOG] Payload:  Buffer(53349) [Uint8Array] [  254,  32, 235,  63, 204,  60,  96, 248,  65, 184,  163,  24, 140, 151, 195, 223, 219, 243, 249, 174,  145, 219, 198, 176, 183, 196,  58, 195,  55, 166,  239,  58, 192, 151,  65,  49,   6,  69, 208,  81,   39, 139,  69, 107,  33,  27, 112, 158, 225, 176,  ... 53299 more items]
2024-11-24T19:10:42.356Z - [LOG] Receive Counter: 1
2024-11-24T19:10:42.431Z - [LOG] Packet Length: 53340 Checksum Length: 8
2024-11-24T19:10:42.432Z - [LOG] <21:10:42>: <DEBUG> Checksum matched 3efa2c21b554b241 == 3efa2c21b554b241
2024-11-24T19:10:42.435Z - [LOG] id  11
2024-11-24T19:10:42.436Z - [LOG] 11
2024-11-24T19:10:42.451Z - [LOG] <21:10:42>: <DEBUG> Sending Game PACKET --> 69 | 0x45 2024-11-24T19:10:42.451Z
2024-11-24T19:10:42.453Z - [LOG] <21:10:42>: <DEBUG> sendPacket execution time: 1.60ms
2024-11-24T19:10:42.453Z - [LOG] <21:10:42>: <DEBUG> onStartGame execution time: 3.15ms
2024-11-24T19:10:42.453Z - [LOG] id  119
2024-11-24T19:10:42.454Z - [LOG] 119
2024-11-24T19:10:42.469Z - [LOG] id  122
2024-11-24T19:10:42.470Z - [LOG] 122
2024-11-24T19:10:42.471Z - [LOG] id  29
2024-11-24T19:10:42.473Z - [LOG] 29
2024-11-24T19:10:42.475Z - [LOG] id  76
2024-11-24T19:10:42.475Z - [LOG] 76
2024-11-24T19:10:42.477Z - [LOG] id  187
2024-11-24T19:10:42.477Z - [LOG] 187
2024-11-24T19:10:42.479Z - [LOG] id  188
2024-11-24T19:10:42.479Z - [LOG] 188
2024-11-24T19:10:42.479Z - [LOG] id  39
2024-11-24T19:10:42.480Z - [LOG] 39
2024-11-24T19:10:42.481Z - [LOG] id  49
2024-11-24T19:10:42.481Z - [LOG] 49
2024-11-24T19:10:42.482Z - [LOG] id  49
2024-11-24T19:10:42.482Z - [LOG] 49
2024-11-24T19:10:42.483Z - [LOG] id  49
2024-11-24T19:10:42.483Z - [LOG] 49
2024-11-24T19:10:42.483Z - [LOG] id  49
2024-11-24T19:10:42.483Z - [LOG] 49
2024-11-24T19:10:42.483Z - [LOG] id  49
2024-11-24T19:10:42.484Z - [LOG] 49
2024-11-24T19:10:42.484Z - [LOG] id  49
2024-11-24T19:10:42.484Z - [LOG] 49
2024-11-24T19:10:42.484Z - [LOG] id  50
2024-11-24T19:10:42.485Z - [LOG] 50
2024-11-24T19:10:42.485Z - [LOG] id  50
2024-11-24T19:10:42.485Z - [LOG] 50
2024-11-24T19:10:42.486Z - [LOG] id  50
2024-11-24T19:10:42.486Z - [LOG] 50
2024-11-24T19:10:42.486Z - [LOG] id  50
2024-11-24T19:10:42.486Z - [LOG] 50
2024-11-24T19:10:42.486Z - [LOG] id  50
2024-11-24T19:10:42.487Z - [LOG] 50
2024-11-24T19:10:42.487Z - [LOG] id  31
2024-11-24T19:10:42.487Z - [LOG] 31
2024-11-24T19:10:42.488Z - [LOG] id  145
2024-11-24T19:10:42.489Z - [LOG] 145
2024-11-24T19:10:42.509Z - [LOG] id  52
2024-11-24T19:10:42.510Z - [LOG] 52
2024-11-24T19:10:42.618Z - [LOG] id  63
2024-11-24T19:10:42.619Z - [LOG] 63
2024-11-24T19:10:42.623Z - [LOG] id  29
2024-11-24T19:10:42.624Z - [LOG] 29
2024-11-24T19:10:43.297Z - [LOG] Header  254
2024-11-24T19:10:43.302Z - [LOG] Payload:  Buffer(1840) [Uint8Array] [  254,  73,  79, 221, 193, 237, 170, 165,  80,  73,  111,  22,  45,  36, 190, 211,  69, 157,  38, 150,  205, 237, 100,  90, 192, 211, 250,  60,  21, 148,   98,  73, 139, 198,  57, 248,  34, 139, 114, 246,  166, 150, 215,   2,  53,  32, 155, 192, 113,  33,  ... 1790 more items]
2024-11-24T19:10:43.307Z - [LOG] Receive Counter: 2
2024-11-24T19:10:43.309Z - [LOG] Packet Length: 1831 Checksum Length: 8
2024-11-24T19:10:43.309Z - [LOG] <21:10:43>: <ERROR> Decryption error: Checksum mismatch df6aeff9fa3ee346 != c14d9ede3925a162
2024-11-24T19:10:43.409Z - [LOG] Header  254
2024-11-24T19:10:43.413Z - [LOG] Payload:  Buffer(1753) [Uint8Array] [  254,   9, 247, 181,  82, 113, 242,  94, 172, 193,   71,  64,  40, 219,  51,  63, 120, 104, 199, 217,   52, 218, 116,  28,   7, 221, 133, 152,  48, 177,  241,  53,  48, 154, 152, 253, 166, 120, 170,  11,  189, 183, 145, 158, 155, 160,   0,  88,  91, 126,  ... 1703 more items]
2024-11-24T19:10:43.416Z - [LOG] Receive Counter: 3
2024-11-24T19:10:43.417Z - [LOG] Packet Length: 1744 Checksum Length: 8
2024-11-24T19:10:43.418Z - [LOG] <21:10:43>: <ERROR> Decryption error: Checksum mismatch 0a4234495de451a5 != df1c6633d1ff4a50
2024-11-24T19:10:43.528Z - [LOG] Header  254
2024-11-24T19:10:43.531Z - [LOG] Payload:  Buffer(2012) [Uint8Array] [  254,  80, 222, 120, 159,  98,  36, 225, 181, 248,  106, 105,  16, 182,  25, 111, 113,  36, 221, 112,  181, 115, 152, 107, 249, 217,  66, 198, 254,  24,  108,  58, 100,  41,  39, 112,  36, 198,  46, 185,   25, 241, 147, 189, 228, 145,  64,  70, 169, 101,  ... 1962 more items]
2024-11-24T19:10:43.535Z - [LOG] Receive Counter: 4
2024-11-24T19:10:43.536Z - [LOG] Packet Length: 2003 Checksum Length: 8
2024-11-24T19:10:43.536Z - [LOG] <21:10:43>: <ERROR> Decryption error: Checksum mismatch 177c5a6095e26283 != 3f8eba7ca6f7e47b
2024-11-24T19:10:43.648Z - [LOG] Header  254
2024-11-24T19:10:43.652Z - [LOG] Payload:  Buffer(2129) [Uint8Array] [  254, 207,  12, 236, 234, 216,  75, 146, 149, 187,  245,  82, 176, 113, 205, 167, 219,  91,  49, 112,  159, 145, 189, 108,   3,   5, 180,  66, 161, 173,   47,  46, 106, 158, 143,  26, 239, 162,  75, 211,  248, 218, 254, 155,  25, 141,  44,  13,  28,  45,  ... 2079 more items]
2024-11-24T19:10:43.659Z - [LOG] Receive Counter: 5
2024-11-24T19:10:43.661Z - [LOG] Packet Length: 2120 Checksum Length: 8
2024-11-24T19:10:43.662Z - [LOG] <21:10:43>: <ERROR> Decryption error: Checksum mismatch 29f50985b7bfc509 != 38f1888eefd141fb
2024-11-24T19:10:43.772Z - [LOG] Header  254
2024-11-24T19:10:43.776Z - [LOG] Payload:  Buffer(1750) [Uint8Array] [  254,  44, 70,  37, 145, 144, 205, 152, 226,  82,   84,  78,  6,  22, 130,  64, 205, 121, 247, 230,  250,  14, 38, 184,  49,  44,  90,  24, 246, 198,   99, 240, 11, 154, 123, 140, 205,  68,  28, 143,  234,  69, 74, 141, 115, 189, 107, 118,  86, 136,  ... 1700 more items]
2024-11-24T19:10:43.779Z - [LOG] Receive Counter: 6
2024-11-24T19:10:43.780Z - [LOG] Packet Length: 1741 Checksum Length: 8
2024-11-24T19:10:43.781Z - [LOG] <21:10:43>: <ERROR> Decryption error: Checksum mismatch abba0428a784123c != 54957c97aa508c59
2024-11-24T19:10:43.913Z - [LOG] Header  254
2024-11-24T19:10:43.916Z - [LOG] Payload:  Buffer(1609) [Uint8Array] [  254, 131, 156,  31, 134, 215, 238, 112, 107,   33, 178, 208, 230, 168,   0, 197, 210,  52,  183, 148, 212, 178, 230,   8, 101,  89, 155,  207, 173, 134, 212,   1, 154,  65,  33, 242,  166, 174, 100,  15, 248,  40, 169, 176, 127,  200, 231, 173, 224, 138,  ... 1559 more items]
2024-11-24T19:10:43.919Z - [LOG] Receive Counter: 7
2024-11-24T19:10:43.920Z - [LOG] Packet Length: 1600 Checksum Length: 8
2024-11-24T19:10:43.921Z - [LOG] <21:10:43>: <ERROR> Decryption error: Checksum mismatch defef37064297a31 != 061270749db5b63f
