2024-11-22T17:59:00.179Z - [TIME START] Spawn
2024-11-22T17:59:00.181Z - Starting connection...
2024-11-22T17:59:00.224Z - [LOG] <19:59:0>: <DEBUG> setupClientProfile execution time: 0.08ms
2024-11-22T17:59:00.228Z - [LOG] <19:59:0>: <DEBUG> createOfflineSession execution time: 43.55ms
2024-11-22T17:59:00.229Z - [LOG] <19:59:0>: <DEBUG> initializeSession execution time: 45.39ms
2024-11-22T17:59:00.230Z - [LOG] <19:59:0>: <DEBUG> connect execution time: 46.85ms
2024-11-22T17:59:00.251Z - [LOG] <19:59:0>: <DEBUG> setupClientChains execution time: 18.93ms
2024-11-22T17:59:01.356Z - [LOG] <19:59:1>: <DEBUG> handleSessionStart execution time: 8.89ms
2024-11-22T17:59:01.735Z - [LOG] handle
2024-11-22T17:59:01.739Z - [LOG] <19:59:1>: <DEBUG> Sending Game PACKET --> 193 | 0xc1 2024-11-22T17:59:01.738Z
2024-11-22T17:59:01.745Z - [LOG] <19:59:1>: <DEBUG> sendPacket execution time: 7.30ms
2024-11-22T17:59:01.750Z - [TIME END] Spawn: 1571ms
2024-11-22T17:59:01.757Z - [LOG] {  type: 'MCPE',  message: 'PocketMine-MP Server',  protocol: 748,  version: '1.21.40',  playerCount: 0,  maxPlayers: 20,  serverGUID: 959315177832208500,  serverName: 'PocketMine-MP',  gamemode: 'Survival'}
2024-11-22T17:59:01.767Z - Connected successfully: {"type":"MCPE","message":"PocketMine-MP Server","protocol":748,"version":"1.21.40","playerCount":0,"maxPlayers":20,"serverGUID":959315177832208500,"serverName":"PocketMine-MP","gamemode":"Survival"}
2024-11-22T17:59:02.065Z - [LOG] Header  254
2024-11-22T17:59:02.083Z - [LOG] Payload:  Buffer(14) [Uint8Array] [  254, 12, 143, 1, 1, 0,    0,  0,   0, 0, 0, 0,    0,  0]
2024-11-22T17:59:02.086Z - [LOG] id  143
2024-11-22T17:59:02.087Z - [LOG] 143
2024-11-22T17:59:02.088Z - [LOG] <19:59:2>: <DEBUG> S -> C NetworkSettingsPacket
2024-11-22T17:59:02.090Z - [LOG] test
2024-11-22T17:59:02.090Z - [LOG] <19:59:2>: <DEBUG> Sending Game PACKET --> 1 | 0x01 2024-11-22T17:59:02.090Z
2024-11-22T17:59:02.235Z - [LOG] <19:59:2>: <DEBUG> sendPacket execution time: 144.43ms
2024-11-22T17:59:02.237Z - [LOG] <19:59:2>: <DEBUG> sendLoginPacket execution time: 147.71ms
2024-11-22T17:59:02.241Z - [LOG] <19:59:2>: <DEBUG> onNetworkSettings execution time: 153.13ms
2024-11-22T17:59:02.647Z - [LOG] Header  254
2024-11-22T17:59:02.654Z - [LOG] Payload:  Buffer(360) [Uint8Array] [  254,   0,  13, 207,  75, 114, 130,  48,   0,   0,  208, 133, 231, 177,  19,  64, 218, 178,  20,  33,  242, 145,  32, 129,  36, 144, 141,  67, 192,  10,   24,  80, 132,  42, 112, 163, 206, 244, 144, 237,    9, 222, 188, 223, 213, 234, 103, 117, 158, 189,  ... 310 more items]
2024-11-22T17:59:02.664Z - [LOG] id  3
2024-11-22T17:59:02.666Z - [LOG] 3
2024-11-22T17:59:02.678Z - [LOG] <19:59:2>: <DEBUG> validateKeys execution time: 0.12ms
2024-11-22T17:59:02.829Z - [LOG] <19:59:2>: <DEBUG> createSharedSecret execution time: 151.53ms
2024-11-22T17:59:02.838Z - [LOG] <19:59:2>: <DEBUG> setupEncryption execution time: 5.40ms
2024-11-22T17:59:02.840Z - [LOG] <19:59:2>: <DEBUG> Sending Game PACKET --> 4 | 0x04 2024-11-22T17:59:02.839Z
2024-11-22T17:59:02.846Z - [LOG] <19:59:2>: <DEBUG> sendPacket execution time: 6.00ms
2024-11-22T17:59:02.852Z - [LOG] <19:59:2>: <DEBUG> sendClientToServerHandshake execution time: 12.52ms
2024-11-22T17:59:02.854Z - [LOG] <19:59:2>: <DEBUG> onServerToClientHandshake execution time: 182.41ms
2024-11-22T17:59:02.980Z - [LOG] Header  254
2024-11-22T17:59:02.982Z - [LOG] Payload:  Buffer(23) [Uint8Array] [  254, 127,  5,  59, 103, 232, 34,    1,  35, 11, 200, 109,  79, 69,   83, 166, 87,  68,  14, 186, 92,  132, 151]
2024-11-22T17:59:02.986Z - [LOG] Receive Counter: 0
2024-11-22T17:59:02.991Z - [LOG] Packet Length: 14 Checksum Length: 8
2024-11-22T17:59:02.995Z - [LOG] <19:59:2>: <DEBUG> Checksum matched aee7928cac509d90 == aee7928cac509d90
2024-11-22T17:59:03.000Z - [LOG] id  2
2024-11-22T17:59:03.004Z - [LOG] 2
2024-11-22T17:59:03.007Z - [LOG] <19:59:3>: <DEBUG> onPlayStatus execution time: 0.45ms
2024-11-22T17:59:03.014Z - [LOG] id  6
2024-11-22T17:59:03.015Z - [LOG] 6
2024-11-22T17:59:03.017Z - [LOG] <19:59:3>: <DEBUG> Sending Game PACKET --> 8 | 0x08 2024-11-22T17:59:03.017Z
2024-11-22T17:59:03.021Z - [LOG] <19:59:3>: <DEBUG> sendPacket execution time: 4.89ms
2024-11-22T17:59:03.024Z - [LOG] <19:59:3>: <DEBUG> onResourcePack execution time: 7.49ms
2024-11-22T17:59:03.464Z - [LOG] Header  254
2024-11-22T17:59:03.480Z - [LOG] Payload:  Buffer(1432) [Uint8Array] [  254,  23,  81, 145, 174,  54, 166, 135,   0, 180,  194,   0,  49, 188, 199, 237, 187,  28, 195,   2,  218, 181, 207, 189,  15, 136, 221, 193, 174, 229,  159, 213,  10, 176, 254, 130, 125,  18,  83, 144,   32,  81,  77,  49, 193, 168, 119,  28, 171, 120,  ... 1382 more items]
2024-11-22T17:59:03.508Z - [LOG] Receive Counter: 1
2024-11-22T17:59:03.541Z - [LOG] Packet Length: 1423 Checksum Length: 8
2024-11-22T17:59:03.556Z - [LOG] <19:59:3>: <ERROR> Decryption error: Checksum mismatch 9e87314387f2d34e != 6222523600ed7fdb
