2024-11-24T19:33:14.300Z - [TIME START] Connection
2024-11-24T19:33:14.301Z - Starting connection...
2024-11-24T19:33:15.086Z - [LOG] handle
2024-11-24T19:33:15.089Z - [TIME END] Connection: 789ms
2024-11-24T19:33:15.090Z - Connected successfully: {"type":"MCPE","message":"PocketMine-MP Server","protocol":748,"version":"1.21.40","playerCount":1,"maxPlayers":20,"serverGUID":2446291095431307000,"serverName":"PocketMine-MP","gamemode":"Survival"}
2024-11-24T19:33:15.466Z - [LOG] <21:33:15>: <DEBUG> Processing packet 143
2024-11-24T19:33:15.469Z - [LOG] test
2024-11-24T19:33:15.617Z - [LOG] <21:33:15>: <DEBUG> Processing packet 3
2024-11-24T19:33:15.774Z - [LOG] <21:33:15>: <DEBUG> Processing packet 2
2024-11-24T19:33:15.779Z - [LOG] <21:33:15>: <DEBUG> Processing packet 6
2024-11-24T19:33:18.315Z - [LOG] <21:33:18>: <DEBUG> Processing packet 11
2024-11-24T19:33:18.350Z - [LOG] <21:33:18>: <DEBUG> Processing packet 119
2024-11-24T19:33:18.386Z - [LOG] <21:33:18>: <DEBUG> Processing packet 122
2024-11-24T19:33:18.401Z - [LOG] <21:33:18>: <DEBUG> Processing packet 29
2024-11-24T19:33:18.406Z - [LOG] <21:33:18>: <DEBUG> Processing packet 76
2024-11-24T19:33:18.413Z - [LOG] <21:33:18>: <DEBUG> Processing packet 187
2024-11-24T19:33:18.432Z - [LOG] <21:33:18>: <DEBUG> Processing packet 188
2024-11-24T19:33:18.435Z - [LOG] <21:33:18>: <DEBUG> Processing packet 39
2024-11-24T19:33:18.441Z - [LOG] <21:33:18>: <DEBUG> Processing packet 49
2024-11-24T19:33:18.446Z - [LOG] <21:33:18>: <DEBUG> Processing packet 49
2024-11-24T19:33:18.449Z - [LOG] <21:33:18>: <DEBUG> Processing packet 49
2024-11-24T19:33:18.451Z - [LOG] <21:33:18>: <DEBUG> Processing packet 49
2024-11-24T19:33:18.453Z - [LOG] <21:33:18>: <DEBUG> Processing packet 49
2024-11-24T19:33:18.462Z - [LOG] <21:33:18>: <DEBUG> Processing packet 49
2024-11-24T19:33:18.469Z - [LOG] <21:33:18>: <DEBUG> Processing packet 50
2024-11-24T19:33:18.477Z - [LOG] <21:33:18>: <DEBUG> Processing packet 50
2024-11-24T19:33:18.479Z - [LOG] <21:33:18>: <DEBUG> Processing packet 50
2024-11-24T19:33:18.481Z - [LOG] <21:33:18>: <DEBUG> Processing packet 50
2024-11-24T19:33:18.482Z - [LOG] <21:33:18>: <DEBUG> Processing packet 50
2024-11-24T19:33:18.483Z - [LOG] <21:33:18>: <DEBUG> Processing packet 31
2024-11-24T19:33:18.483Z - [LOG] <21:33:18>: <DEBUG> Processing packet 145
2024-11-24T19:33:18.508Z - [LOG] <21:33:18>: <DEBUG> Processing packet 52
2024-11-24T19:33:18.642Z - [LOG] <21:33:18>: <DEBUG> Processing packet 63
2024-11-24T19:33:18.725Z - [LOG] <21:33:18>: <DEBUG> Processing packet 29
2024-11-24T19:33:19.306Z - [LOG] <21:33:19>: <DEBUG> Processing packet 70
2024-11-24T19:33:19.308Z - [LOG] <21:33:19>: <DEBUG> Processing packet 121
2024-11-24T19:33:19.430Z - [LOG] <21:33:19>: <DEBUG> Processing packet 58
2024-11-24T19:33:19.554Z - [LOG] <21:33:19>: <DEBUG> Processing packet 58
2024-11-24T19:33:19.679Z - [LOG] <21:33:19>: <DEBUG> Processing packet 58
2024-11-24T19:33:19.805Z - [LOG] <21:33:19>: <DEBUG> Processing packet 58
2024-11-24T19:33:19.932Z - [LOG] <21:33:19>: <DEBUG> Processing packet 58
2024-11-24T19:33:20.058Z - [LOG] <21:33:20>: <DEBUG> Processing packet 58
2024-11-24T19:33:20.179Z - [LOG] <21:33:20>: <DEBUG> Processing packet 58
2024-11-24T19:33:20.304Z - [LOG] <21:33:20>: <DEBUG> Processing packet 58
2024-11-24T19:33:20.365Z - [LOG] <21:33:20>: <DEBUG> Processing packet 10
2024-11-24T19:33:20.491Z - [LOG] <21:33:20>: <DEBUG> Processing packet 58
2024-11-24T19:33:20.616Z - [LOG] <21:33:20>: <DEBUG> Processing packet 58
2024-11-24T19:33:20.694Z - [LOG] <21:33:20>: <DEBUG> Processing packet 58
2024-11-24T19:33:20.820Z - [LOG] <21:33:20>: <DEBUG> Processing packet 58
2024-11-24T19:33:20.947Z - [LOG] <21:33:20>: <DEBUG> Processing packet 58
2024-11-24T19:33:21.070Z - [LOG] <21:33:21>: <DEBUG> Processing packet 58
2024-11-24T19:33:21.189Z - [LOG] <21:33:21>: <DEBUG> Processing packet 58
2024-11-24T19:33:21.313Z - [LOG] <21:33:21>: <DEBUG> Processing packet 58
2024-11-24T19:33:21.438Z - [LOG] <21:33:21>: <DEBUG> Processing packet 58
2024-11-24T19:33:21.564Z - [LOG] <21:33:21>: <DEBUG> Processing packet 58
2024-11-24T19:33:21.625Z - [LOG] <21:33:21>: <DEBUG> Processing packet 58
2024-11-24T19:33:21.768Z - [LOG] <21:33:21>: <DEBUG> Processing packet 58
2024-11-24T19:33:21.832Z - [LOG] <21:33:21>: <DEBUG> Processing packet 58
2024-11-24T19:33:21.959Z - [LOG] <21:33:21>: <DEBUG> Processing packet 58
2024-11-24T19:33:22.081Z - [LOG] <21:33:22>: <DEBUG> Processing packet 58
2024-11-24T19:33:22.142Z - [LOG] <21:33:22>: <DEBUG> Processing packet 58
2024-11-24T19:33:22.268Z - [LOG] <21:33:22>: <DEBUG> Processing packet 58
2024-11-24T19:33:22.393Z - [LOG] <21:33:22>: <DEBUG> Processing packet 58
2024-11-24T19:33:22.518Z - [LOG] <21:33:22>: <DEBUG> Processing packet 58
2024-11-24T19:33:22.645Z - [LOG] <21:33:22>: <DEBUG> Processing packet 58
2024-11-24T19:33:22.769Z - [LOG] <21:33:22>: <DEBUG> Processing packet 58
2024-11-24T19:33:22.897Z - [LOG] <21:33:22>: <DEBUG> Processing packet 58
2024-11-24T19:33:22.955Z - [LOG] <21:33:22>: <DEBUG> Processing packet 58
2024-11-24T19:33:23.080Z - [LOG] <21:33:23>: <DEBUG> Processing packet 58
2024-11-24T19:33:23.205Z - [LOG] <21:33:23>: <DEBUG> Processing packet 58
