2024-11-23T11:32:43.959Z - [TIME START] Spawn
2024-11-23T11:32:43.962Z - Starting connection...
2024-11-23T11:32:44.017Z - [LOG] <13:32:43>: <DEBUG> setupClientProfile execution time: 0.08ms
2024-11-23T11:32:44.019Z - [LOG] <13:32:44>: <DEBUG> createOfflineSession execution time: 52.49ms
2024-11-23T11:32:44.020Z - [LOG] <13:32:44>: <DEBUG> initializeSession execution time: 54.65ms
2024-11-23T11:32:44.020Z - [LOG] <13:32:44>: <DEBUG> connect execution time: 55.29ms
2024-11-23T11:32:44.042Z - [LOG] <13:32:44>: <DEBUG> setupClientChains execution time: 20.77ms
2024-11-23T11:32:44.793Z - [LOG] <13:32:44>: <DEBUG> handleSessionStart execution time: 1.28ms
2024-11-23T11:32:45.174Z - [LOG] handle
2024-11-23T11:32:45.178Z - [LOG] <13:32:45>: <DEBUG> Sending Game PACKET --> 193 | 0xc1 2024-11-23T11:32:45.178Z
2024-11-23T11:32:45.181Z - [LOG] <13:32:45>: <DEBUG> sendPacket execution time: 3.81ms
2024-11-23T11:32:45.183Z - [TIME END] Spawn: 1224ms
2024-11-23T11:32:45.194Z - [LOG] {  type: 'MCPE',  message: 'PocketMine-MP Server',  protocol: 748,  version: '1.21.40',  playerCount: 0,  maxPlayers: 20,  serverGUID: 959315177832208500,  serverName: 'PocketMine-MP',  gamemode: 'Survival'}
2024-11-23T11:32:45.199Z - Connected successfully: {"type":"MCPE","message":"PocketMine-MP Server","protocol":748,"version":"1.21.40","playerCount":0,"maxPlayers":20,"serverGUID":959315177832208500,"serverName":"PocketMine-MP","gamemode":"Survival"}
2024-11-23T11:32:45.495Z - [LOG] Header  254
2024-11-23T11:32:45.502Z - [LOG] Payload:  Buffer(14) [Uint8Array] [  254, 12, 143, 1, 1, 0,    0,  0,   0, 0, 0, 0,    0,  0]
2024-11-23T11:32:45.507Z - [LOG] id  143
2024-11-23T11:32:45.512Z - [LOG] 143
2024-11-23T11:32:45.515Z - [LOG] <13:32:45>: <DEBUG> S -> C NetworkSettingsPacket
2024-11-23T11:32:45.521Z - [LOG] test
2024-11-23T11:32:45.523Z - [LOG] <13:32:45>: <DEBUG> Sending Game PACKET --> 1 | 0x01 2024-11-23T11:32:45.523Z
2024-11-23T11:32:45.600Z - [LOG] <13:32:45>: <DEBUG> sendPacket execution time: 77.03ms
2024-11-23T11:32:45.612Z - [LOG] <13:32:45>: <DEBUG> sendLoginPacket execution time: 91.63ms
2024-11-23T11:32:45.616Z - [LOG] <13:32:45>: <DEBUG> onNetworkSettings execution time: 100.68ms
2024-11-23T11:32:45.900Z - [LOG] Header  254
2024-11-23T11:32:45.908Z - [LOG] Payload:  Buffer(361) [Uint8Array] [  254,   0,  13, 207,  73, 178, 162,  48,   0,   0,  208, 133, 231, 233,  95,   1, 132,  46, 151, 162,    9, 147,   4,   9,  36,  64,  54, 191,  24,  84,  134, 136, 180,  32,  16, 110, 212,  85, 125, 200,  254,  39, 120, 245, 254, 237, 118, 127, 119,  55,  ... 311 more items]
2024-11-23T11:32:45.919Z - [LOG] id  3
2024-11-23T11:32:45.923Z - [LOG] 3
2024-11-23T11:32:45.929Z - [LOG] <13:32:45>: <DEBUG> validateKeys execution time: 0.12ms
2024-11-23T11:32:46.106Z - [LOG] <13:32:46>: <DEBUG> createSharedSecret execution time: 177.02ms
2024-11-23T11:32:46.122Z - [LOG] <13:32:46>: <DEBUG> setupEncryption execution time: 9.58ms
2024-11-23T11:32:46.124Z - [LOG] <13:32:46>: <DEBUG> Sending Game PACKET --> 4 | 0x04 2024-11-23T11:32:46.124Z
2024-11-23T11:32:46.129Z - [LOG] <13:32:46>: <DEBUG> sendPacket execution time: 5.25ms
2024-11-23T11:32:46.134Z - [LOG] <13:32:46>: <DEBUG> sendClientToServerHandshake execution time: 9.71ms
2024-11-23T11:32:46.137Z - [LOG] <13:32:46>: <DEBUG> onServerToClientHandshake execution time: 210.11ms
2024-11-23T11:32:46.258Z - [LOG] Header  254
2024-11-23T11:32:46.262Z - [LOG] Payload:  Buffer(23) [Uint8Array] [  254, 167, 105, 123, 240,  53, 160,  124,  94,  74, 225,  17, 139,  51,   41,  69, 143,   9,  12,   6,   9,  250,  94]
2024-11-23T11:32:46.268Z - [LOG] Receive Counter: 0
2024-11-23T11:32:46.278Z - [LOG] Packet Length: 14 Checksum Length: 8
2024-11-23T11:32:46.289Z - [LOG] <13:32:46>: <DEBUG> Checksum matched 3fbd0befeeb26a0f == 3fbd0befeeb26a0f
2024-11-23T11:32:46.291Z - [LOG] id  2
2024-11-23T11:32:46.292Z - [LOG] 2
2024-11-23T11:32:46.294Z - [LOG] <13:32:46>: <DEBUG> onPlayStatus execution time: 0.17ms
2024-11-23T11:32:46.300Z - [LOG] id  6
2024-11-23T11:32:46.304Z - [LOG] 6
2024-11-23T11:32:46.308Z - [LOG] <13:32:46>: <DEBUG> Sending Game PACKET --> 8 | 0x08 2024-11-23T11:32:46.308Z
2024-11-23T11:32:46.338Z - [LOG] <13:32:46>: <DEBUG> sendPacket execution time: 29.77ms
2024-11-23T11:32:46.343Z - [LOG] <13:32:46>: <DEBUG> onResourcePack execution time: 35.29ms
2024-11-23T11:32:48.978Z - [LOG] Header  254
2024-11-23T11:32:49.273Z - [LOG] Payload:  Buffer(53355) [Uint8Array] [  254, 190, 239, 206, 123,  21, 207, 123, 136,  89,  246,  67, 158,  97, 113, 179,  59, 195, 193, 123,   78,  49, 155,  90, 225,  56,  22, 148, 138, 236,   12,   1,  95, 214, 108, 145, 162,  58, 184, 199,   81, 224,  94,  62,  67, 153, 140, 162, 133, 211,  ... 53305 more items]
2024-11-23T11:32:49.290Z - [LOG] Receive Counter: 1
2024-11-23T11:32:49.532Z - [LOG] Packet Length: 53346 Checksum Length: 8
2024-11-23T11:32:49.543Z - [LOG] <13:32:49>: <DEBUG> Checksum matched d0555b962d8455c4 == d0555b962d8455c4
2024-11-23T11:32:49.557Z - [LOG] id  11
2024-11-23T11:32:49.562Z - [LOG] 11
2024-11-23T11:32:49.621Z - [LOG] <13:32:49>: <DEBUG> Sending Game PACKET --> 69 | 0x45 2024-11-23T11:32:49.621Z
2024-11-23T11:32:49.626Z - [LOG] <13:32:49>: <DEBUG> sendPacket execution time: 4.62ms
2024-11-23T11:32:49.637Z - [LOG] <13:32:49>: <DEBUG> onStartGame execution time: 17.12ms
2024-11-23T11:32:49.639Z - [LOG] id  119
2024-11-23T11:32:49.641Z - [LOG] 119
2024-11-23T11:32:49.671Z - [LOG] id  122
2024-11-23T11:32:49.675Z - [LOG] 122
2024-11-23T11:32:49.678Z - [LOG] id  29
2024-11-23T11:32:49.679Z - [LOG] 29
2024-11-23T11:32:49.688Z - [LOG] id  76
2024-11-23T11:32:49.695Z - [LOG] 76
2024-11-23T11:32:49.720Z - [LOG] id  187
2024-11-23T11:32:49.725Z - [LOG] 187
2024-11-23T11:32:49.727Z - [LOG] id  188
2024-11-23T11:32:49.730Z - [LOG] 188
2024-11-23T11:32:49.735Z - [LOG] id  39
2024-11-23T11:32:49.736Z - [LOG] 39
2024-11-23T11:32:49.817Z - [LOG] id  49
2024-11-23T11:32:49.820Z - [LOG] 49
2024-11-23T11:32:49.823Z - [LOG] id  49
2024-11-23T11:32:49.828Z - [LOG] 49
2024-11-23T11:32:49.834Z - [LOG] id  49
2024-11-23T11:32:49.860Z - [LOG] 49
2024-11-23T11:32:49.868Z - [LOG] id  49
2024-11-23T11:32:49.870Z - [LOG] 49
2024-11-23T11:32:49.872Z - [LOG] id  49
2024-11-23T11:32:49.874Z - [LOG] 49
2024-11-23T11:32:49.875Z - [LOG] id  49
2024-11-23T11:32:49.878Z - [LOG] 49
2024-11-23T11:32:49.879Z - [LOG] id  50
2024-11-23T11:32:49.883Z - [LOG] 50
2024-11-23T11:32:49.934Z - [LOG] id  50
2024-11-23T11:32:50.007Z - [LOG] 50
2024-11-23T11:32:50.067Z - [LOG] id  50
2024-11-23T11:32:50.127Z - [LOG] 50
2024-11-23T11:32:50.181Z - [LOG] id  50
2024-11-23T11:32:50.224Z - [LOG] 50
2024-11-23T11:32:50.252Z - [LOG] id  50
2024-11-23T11:32:50.325Z - [LOG] 50
2024-11-23T11:32:50.372Z - [LOG] id  31
2024-11-23T11:32:50.466Z - [LOG] 31
2024-11-23T11:32:50.497Z - [LOG] id  145
2024-11-23T11:32:50.500Z - [LOG] 145
2024-11-23T11:32:50.568Z - [LOG] id  52
2024-11-23T11:32:50.578Z - [LOG] 52
2024-11-23T11:32:50.943Z - [LOG] id  63
2024-11-23T11:32:50.961Z - [LOG] 63
2024-11-23T11:32:50.982Z - [LOG] id  29
2024-11-23T11:32:50.992Z - [LOG] 29
2024-11-23T11:32:55.663Z - [LOG] Header  254
2024-11-23T11:32:55.873Z - [LOG] Payload:  Buffer(53355) [Uint8Array] [  254, 190, 239, 206, 123,  21, 207, 123, 136,  89,  246,  67, 158,  97, 113, 179,  59, 195, 193, 123,   78,  49, 155,  90, 225,  56,  22, 148, 138, 236,   12,   1,  95, 214, 108, 145, 162,  58, 184, 199,   81, 224,  94,  62,  67, 153, 140, 162, 133, 211,  ... 53305 more items]
2024-11-23T11:32:55.886Z - [LOG] Receive Counter: 2
2024-11-23T11:32:55.958Z - [LOG] Packet Length: 53346 Checksum Length: 8
2024-11-23T11:32:55.968Z - [LOG] <13:32:55>: <ERROR> Decryption error: Checksum mismatch 9ada86ff392a8d67 != 7f7ae09d66003359
2024-11-23T11:32:56.554Z - [LOG] Header  254
2024-11-23T11:32:56.561Z - [LOG] Payload:  Buffer(1840) [Uint8Array] [  254, 120, 141,  72,  27, 169,  14,  28, 115, 223,  214,  77, 229,  42, 149, 227, 227, 128, 100, 174,   51, 229, 155, 229,  68,  22, 196, 238,  45,  79,  158,   7,  85,  87, 165,  24, 225, 233, 129, 147,   89,  19,  37,  92, 215, 193,   3,   8, 143, 177,  ... 1790 more items]
2024-11-23T11:32:56.573Z - [LOG] Receive Counter: 3
2024-11-23T11:32:56.578Z - [LOG] Packet Length: 1831 Checksum Length: 8
2024-11-23T11:32:56.585Z - [LOG] <13:32:56>: <ERROR> Decryption error: Checksum mismatch 591e4d553c0e7f0f != 4ded8b080c330150
