2024-11-24T13:32:01.636Z - [TIME START] Spawn
2024-11-24T13:32:01.642Z - Starting connection...
2024-11-24T13:32:01.656Z - [LOG] <15:32:1>: <DEBUG> setupClientProfile execution time: 0.06ms
2024-11-24T13:32:01.663Z - [LOG] <15:32:1>: <DEBUG> createOfflineSession execution time: 18.66ms
2024-11-24T13:32:01.665Z - [LOG] <15:32:1>: <DEBUG> initializeSession execution time: 21.01ms
2024-11-24T13:32:01.666Z - [LOG] <15:32:1>: <DEBUG> connect execution time: 22.33ms
2024-11-24T13:32:01.683Z - [LOG] <15:32:1>: <DEBUG> setupClientChains execution time: 14.81ms
2024-11-24T13:32:02.881Z - [LOG] <15:32:2>: <DEBUG> handleSessionStart execution time: 1.36ms
2024-11-24T13:32:03.320Z - [LOG] handle
2024-11-24T13:32:03.328Z - [LOG] <15:32:3>: <DEBUG> Sending Game PACKET --> 193 | 0xc1 2024-11-24T13:32:03.328Z
2024-11-24T13:32:03.333Z - [LOG] <15:32:3>: <DEBUG> sendPacket execution time: 10.59ms
2024-11-24T13:32:03.341Z - [TIME END] Spawn: 1706ms
2024-11-24T13:32:03.353Z - [LOG] {  type: 'MCPE',  message: 'PocketMine-MP Server',  protocol: 748,  version: '1.21.40',  playerCount: 0,  maxPlayers: 20,  serverGUID: 4427475791328971300,  serverName: 'PocketMine-MP',  gamemode: 'Survival'}
2024-11-24T13:32:03.356Z - Connected successfully: {"type":"MCPE","message":"PocketMine-MP Server","protocol":748,"version":"1.21.40","playerCount":0,"maxPlayers":20,"serverGUID":4427475791328971300,"serverName":"PocketMine-MP","gamemode":"Survival"}
2024-11-24T13:32:03.661Z - [LOG] Header  254
2024-11-24T13:32:03.666Z - [LOG] Payload:  Buffer(14) [Uint8Array] [  254, 12, 143, 1, 1, 0,    0,  0,   0, 0, 0, 0,    0,  0]
2024-11-24T13:32:03.670Z - [LOG] id  143
2024-11-24T13:32:03.673Z - [LOG] 143
2024-11-24T13:32:03.677Z - [LOG] <15:32:3>: <DEBUG> S -> C NetworkSettingsPacket
2024-11-24T13:32:03.679Z - [LOG] test
2024-11-24T13:32:03.680Z - [LOG] <15:32:3>: <DEBUG> Sending Game PACKET --> 1 | 0x01 2024-11-24T13:32:03.680Z
2024-11-24T13:32:03.737Z - [LOG] <15:32:3>: <DEBUG> sendPacket execution time: 56.70ms
2024-11-24T13:32:03.745Z - [LOG] <15:32:3>: <DEBUG> sendLoginPacket execution time: 66.61ms
2024-11-24T13:32:03.765Z - [LOG] <15:32:3>: <DEBUG> onNetworkSettings execution time: 87.77ms
2024-11-24T13:32:03.897Z - [LOG] Header  254
2024-11-24T13:32:03.903Z - [LOG] Payload:  Buffer(356) [Uint8Array] [  254,   0,  21, 207, 203, 118, 162,  48,   0,   0,  208, 133, 223, 211,  30, 228,  97, 199, 165,  26,    2, 102,  36,  76,  18, 146, 144, 108,  60,   8,   86,  32, 225,  81, 235,  12, 202,  15, 205,  57,  253, 202, 218, 237, 221, 221, 175, 197, 226, 255,  ... 306 more items]
2024-11-24T13:32:03.918Z - [LOG] id  3
2024-11-24T13:32:03.919Z - [LOG] 3
2024-11-24T13:32:03.930Z - [LOG] <15:32:3>: <DEBUG> validateKeys execution time: 0.22ms
2024-11-24T13:32:04.079Z - [LOG] <15:32:4>: <DEBUG> createSharedSecret execution time: 149.86ms
2024-11-24T13:32:04.097Z - [LOG] <15:32:4>: <DEBUG> setupEncryption execution time: 10.89ms
2024-11-24T13:32:04.104Z - [LOG] <15:32:4>: <DEBUG> Sending Game PACKET --> 4 | 0x04 2024-11-24T13:32:04.103Z
2024-11-24T13:32:04.108Z - [LOG] <15:32:4>: <DEBUG> sendPacket execution time: 4.70ms
2024-11-24T13:32:04.110Z - [LOG] <15:32:4>: <DEBUG> sendClientToServerHandshake execution time: 7.58ms
2024-11-24T13:32:04.115Z - [LOG] <15:32:4>: <DEBUG> onServerToClientHandshake execution time: 191.66ms
2024-11-24T13:32:04.182Z - [LOG] Header  254
2024-11-24T13:32:04.190Z - [LOG] Payload:  Buffer(23) [Uint8Array] [  254,  51, 85, 236, 144,  84,  13,   74,  72, 85, 222, 171, 220, 176,  169, 189, 90,  72,  38,  63,  37,  120, 146]
2024-11-24T13:32:04.198Z - [LOG] Receive Counter: 0
2024-11-24T13:32:04.202Z - [LOG] Packet Length: 14 Checksum Length: 8
2024-11-24T13:32:04.204Z - [LOG] <15:32:4>: <DEBUG> Checksum matched 2d6590790c090fbc == 2d6590790c090fbc
2024-11-24T13:32:04.205Z - [LOG] id  2
2024-11-24T13:32:04.206Z - [LOG] 2
2024-11-24T13:32:04.207Z - [LOG] <15:32:4>: <DEBUG> onPlayStatus execution time: 0.15ms
2024-11-24T13:32:04.208Z - [LOG] id  6
2024-11-24T13:32:04.214Z - [LOG] 6
2024-11-24T13:32:04.217Z - [LOG] <15:32:4>: <DEBUG> Sending Game PACKET --> 8 | 0x08 2024-11-24T13:32:04.217Z
2024-11-24T13:32:04.221Z - [LOG] <15:32:4>: <DEBUG> sendPacket execution time: 3.62ms
2024-11-24T13:32:04.222Z - [LOG] <15:32:4>: <DEBUG> onResourcePack execution time: 5.44ms
2024-11-24T13:32:06.718Z - [LOG] Header  254
2024-11-24T13:32:07.032Z - [LOG] Payload:  Buffer(53348) [Uint8Array] [  254,  56, 125, 98,  96, 161,  40,  17,  85, 207,  216, 229, 172, 69, 128, 241, 135, 102, 212, 206,  214, 154,   8,  5, 189,  69,  73,  27,  77, 128,   65, 111, 185, 44,  25, 121, 155, 188,  44,   9,    4, 198,  61, 39,  69, 221, 115, 196,  27, 131,  ... 53298 more items]
2024-11-24T13:32:07.062Z - [LOG] Receive Counter: 1
2024-11-24T13:32:07.203Z - [LOG] Packet Length: 53339 Checksum Length: 8
2024-11-24T13:32:07.208Z - [LOG] <15:32:7>: <DEBUG> Checksum matched a7bf6f764d1799c5 == a7bf6f764d1799c5
2024-11-24T13:32:07.219Z - [LOG] id  11
2024-11-24T13:32:07.229Z - [LOG] 11
2024-11-24T13:32:07.285Z - [LOG] <15:32:7>: <DEBUG> Sending Game PACKET --> 69 | 0x45 2024-11-24T13:32:07.285Z
2024-11-24T13:32:07.288Z - [LOG] <15:32:7>: <DEBUG> sendPacket execution time: 3.66ms
2024-11-24T13:32:07.290Z - [LOG] <15:32:7>: <DEBUG> onStartGame execution time: 8.51ms
2024-11-24T13:32:07.300Z - [LOG] id  119
2024-11-24T13:32:07.303Z - [LOG] 119
2024-11-24T13:32:07.351Z - [LOG] id  122
2024-11-24T13:32:07.353Z - [LOG] 122
2024-11-24T13:32:07.356Z - [LOG] id  29
2024-11-24T13:32:07.364Z - [LOG] 29
2024-11-24T13:32:07.368Z - [LOG] id  76
2024-11-24T13:32:07.370Z - [LOG] 76
2024-11-24T13:32:07.379Z - [LOG] id  187
2024-11-24T13:32:07.382Z - [LOG] 187
2024-11-24T13:32:07.385Z - [LOG] id  188
2024-11-24T13:32:07.386Z - [LOG] 188
2024-11-24T13:32:07.391Z - [LOG] id  39
2024-11-24T13:32:07.395Z - [LOG] 39
2024-11-24T13:32:07.397Z - [LOG] id  49
2024-11-24T13:32:07.398Z - [LOG] 49
2024-11-24T13:32:07.399Z - [LOG] id  49
2024-11-24T13:32:07.400Z - [LOG] 49
2024-11-24T13:32:07.401Z - [LOG] id  49
2024-11-24T13:32:07.401Z - [LOG] 49
2024-11-24T13:32:07.401Z - [LOG] id  49
2024-11-24T13:32:07.402Z - [LOG] 49
2024-11-24T13:32:07.402Z - [LOG] id  49
2024-11-24T13:32:07.403Z - [LOG] 49
2024-11-24T13:32:07.403Z - [LOG] id  49
2024-11-24T13:32:07.403Z - [LOG] 49
2024-11-24T13:32:07.404Z - [LOG] id  50
2024-11-24T13:32:07.404Z - [LOG] 50
2024-11-24T13:32:07.405Z - [LOG] id  50
2024-11-24T13:32:07.405Z - [LOG] 50
2024-11-24T13:32:07.405Z - [LOG] id  50
2024-11-24T13:32:07.406Z - [LOG] 50
2024-11-24T13:32:07.406Z - [LOG] id  50
2024-11-24T13:32:07.407Z - [LOG] 50
2024-11-24T13:32:07.421Z - [LOG] id  50
2024-11-24T13:32:07.422Z - [LOG] 50
2024-11-24T13:32:07.424Z - [LOG] id  31
2024-11-24T13:32:07.428Z - [LOG] 31
2024-11-24T13:32:07.431Z - [LOG] id  145
2024-11-24T13:32:07.431Z - [LOG] 145
2024-11-24T13:32:07.481Z - [LOG] id  52
2024-11-24T13:32:07.533Z - [LOG] 52
2024-11-24T13:32:07.953Z - [LOG] id  63
2024-11-24T13:32:07.986Z - [LOG] 63
2024-11-24T13:32:08.077Z - [LOG] id  29
2024-11-24T13:32:08.125Z - [LOG] 29
2024-11-24T13:32:08.701Z - [LOG] Header  254
2024-11-24T13:32:08.750Z - [LOG] Payload:  Buffer(1840) [Uint8Array] [  254, 129,  90, 139,  58, 236, 111, 206, 245, 210,  112,  62, 241,  37,  55, 136, 114,  64, 141, 211,  248, 198, 155, 105, 209,  90, 119, 180, 134,   0,   78, 122,  91,  25, 173,  96, 217, 133, 234,  66,  135, 182, 192, 116, 101,  70, 244, 234, 219,  82,  ... 1790 more items]
2024-11-24T13:32:08.779Z - [LOG] Receive Counter: 2
2024-11-24T13:32:08.794Z - [LOG] Packet Length: 1831 Checksum Length: 8
2024-11-24T13:32:08.797Z - [LOG] <15:32:8>: <ERROR> Decryption error: Checksum mismatch 6d35e7e524df2d23 != 67c8fe00abf5178d
2024-11-24T13:32:08.886Z - [LOG] Header  254
2024-11-24T13:32:08.896Z - [LOG] Payload:  Buffer(1753) [Uint8Array] [  254, 212, 173,  32, 179,  60,  33, 184, 137,  91,  166,  34,  11, 243,   9, 199,   1, 219, 212, 202,  130,  23,  31,   7,  51, 231, 116, 185,  53, 222,   79,  73, 153, 110,  12,  31,  16,  97, 172, 102,  146, 195, 254,  50,  16, 232, 137,  40, 246, 231,  ... 1703 more items]
2024-11-24T13:32:08.913Z - [LOG] Receive Counter: 3
2024-11-24T13:32:08.920Z - [LOG] Packet Length: 1744 Checksum Length: 8
2024-11-24T13:32:08.923Z - [LOG] <15:32:8>: <ERROR> Decryption error: Checksum mismatch b3ca225448db71d2 != 48c14d3c71047f6d
2024-11-24T13:32:09.000Z - [LOG] Header  254
2024-11-24T13:32:09.011Z - [LOG] Payload:  Buffer(2012) [Uint8Array] [  254, 113, 246,  36,   5, 194,  28,  82,  78, 119,  205,   0, 197, 209, 234, 255,  70, 183, 229, 145,  201, 166, 107,  11,  42, 153,  48,  69,  15, 131,   15, 188, 234,  53, 254,  91, 108,  12, 203, 193,  222,  34, 163,  47,   2, 134, 193, 194,  62, 207,  ... 1962 more items]
2024-11-24T13:32:09.050Z - [LOG] Receive Counter: 4
2024-11-24T13:32:09.054Z - [LOG] Packet Length: 2003 Checksum Length: 8
2024-11-24T13:32:09.056Z - [LOG] <15:32:9>: <ERROR> Decryption error: Checksum mismatch 35596d45662e87bc != d8538de1b5943c1e
2024-11-24T13:32:09.132Z - [LOG] Header  254
2024-11-24T13:32:09.140Z - [LOG] Payload:  Buffer(2129) [Uint8Array] [  254, 121,  38, 173, 153, 150, 115, 161,  92, 135,   44,  47,  86,   7, 124, 141,  53, 113,  22, 161,  154,  75, 135, 114,  25,  20,  39,  95, 212, 139,   90,  10,  83, 112,  91,  27, 179,  85, 214,   7,   39,  11, 149, 144, 193, 220, 139, 246,  21,  15,  ... 2079 more items]
2024-11-24T13:32:09.153Z - [LOG] Receive Counter: 5
2024-11-24T13:32:09.156Z - [LOG] Packet Length: 2120 Checksum Length: 8
2024-11-24T13:32:09.178Z - [LOG] <15:32:9>: <ERROR> Decryption error: Checksum mismatch 9ff1313e843f0e3a != 2a1dfd97a3e16de3
2024-11-24T13:32:09.266Z - [LOG] Header  254
2024-11-24T13:32:09.274Z - [LOG] Payload:  Buffer(1750) [Uint8Array] [  254, 177, 254, 253, 221, 111, 212, 160,  61,  29,   90, 216,  12, 247, 244,  90,  96, 189,  40,  33,  249,  79, 204,  20, 180, 219,  46, 187, 249,  75,  180,   1, 125, 132, 229, 149, 164,  39, 168,  41,  129, 212,  20, 185, 188,  81, 251, 121, 155, 144,  ... 1700 more items]
2024-11-24T13:32:09.290Z - [LOG] Receive Counter: 6
2024-11-24T13:32:09.298Z - [LOG] Packet Length: 1741 Checksum Length: 8
2024-11-24T13:32:09.300Z - [LOG] <15:32:9>: <ERROR> Decryption error: Checksum mismatch 6365fdf99835adec != e1ecc000ddb1b61c
2024-11-24T13:32:09.399Z - [LOG] Header  254
2024-11-24T13:32:09.407Z - [LOG] Payload:  Buffer(1609) [Uint8Array] [  254, 139,  76, 228,  12, 223,  77, 198, 166, 199,    0,   1, 220, 184,  71,  41,  52,  55, 215,   2,  139,  15,  75, 186,  54,  45,  67,  61,  22,  53,  128,  41, 213, 255, 239,  98, 167,  65,  83, 172,  201, 227,  60, 147, 154,  96, 218, 240,  28, 177,  ... 1559 more items]
2024-11-24T13:32:09.440Z - [LOG] Receive Counter: 7
2024-11-24T13:32:09.446Z - [LOG] Packet Length: 1600 Checksum Length: 8
2024-11-24T13:32:09.454Z - [LOG] <15:32:9>: <ERROR> Decryption error: Checksum mismatch 39b2e5986ad5627c != 5c1882babae68db4
2024-11-24T13:32:09.533Z - [LOG] Header  254
2024-11-24T13:32:09.543Z - [LOG] Payload:  Buffer(1757) [Uint8Array] [  254,   5, 143,  52,  34,   5,  71,   1, 132, 43,  108, 145, 229, 149,  48, 105,  73, 250, 239, 14,  187, 170, 157, 220,   4, 110, 176, 165,  57,  0,  134, 168,  55, 103,   5,  78, 236, 214,  23, 48,  110, 144,  14, 165, 200, 240, 117, 149, 192, 98,  ... 1707 more items]
2024-11-24T13:32:09.553Z - [LOG] Receive Counter: 8
2024-11-24T13:32:09.557Z - [LOG] Packet Length: 1748 Checksum Length: 8
2024-11-24T13:32:09.563Z - [LOG] <15:32:9>: <ERROR> Decryption error: Checksum mismatch 9fea0f0bab3a88dc != 514b855f8e437708
2024-11-24T13:32:09.657Z - [LOG] Header  254
2024-11-24T13:32:09.667Z - [LOG] Payload:  Buffer(1902) [Uint8Array] [  254, 102, 147, 152,  68, 201,  69, 115,  98,   0,   12, 209, 140,   7,  62, 243, 148,  50,  90, 237,   77, 249,   7, 135, 248, 123, 104, 206, 236, 102,  235, 148, 203, 125, 239, 109, 174, 144,  86, 252,   58, 159,  34, 152, 128,  31,  26,  96,  71,  90,  ... 1852 more items]
2024-11-24T13:32:09.683Z - [LOG] Receive Counter: 9
2024-11-24T13:32:09.688Z - [LOG] Packet Length: 1893 Checksum Length: 8
2024-11-24T13:32:09.690Z - [LOG] <15:32:9>: <ERROR> Decryption error: Checksum mismatch 51b1b1bb56bba62e != dce483d3811c751a
2024-11-24T13:32:09.784Z - [LOG] Header  254
2024-11-24T13:32:09.799Z - [LOG] Payload:  Buffer(1742) [Uint8Array] [  254, 157, 144,  25,  51,  41, 120, 160,  70, 166,  247,  75,  72,  56, 213,  95, 178, 215, 102,  75,   87, 116, 186, 129, 238, 211, 212,  20, 150,  28,  124,  62, 153,  26, 158, 209, 189,  96, 230, 169,    3,   7, 113,  30,  56, 242,  60, 171, 226, 163,  ... 1692 more items]
2024-11-24T13:32:09.817Z - [LOG] Receive Counter: 10
2024-11-24T13:32:09.824Z - [LOG] Packet Length: 1733 Checksum Length: 8
2024-11-24T13:32:09.835Z - [LOG] <15:32:9>: <ERROR> Decryption error: Checksum mismatch 571f35d3dc89a72f != cf4e83e6dfdefe37
2024-11-24T13:32:09.929Z - [LOG] Header  254
2024-11-24T13:32:09.940Z - [LOG] Payload:  Buffer(1661) [Uint8Array] [  254,  60,  30,  67,  85, 228, 103, 151,  58,  91,  162, 236,  36, 244,  72, 157,  81, 110,  41, 128,   27, 191, 137,  84, 165, 180,  25, 129, 138,  98,  226, 160, 226,   1, 219, 173,  95,  58,  66, 231,  122, 126, 236,  67, 248,  28, 123, 234, 237,   1,  ... 1611 more items]
2024-11-24T13:32:09.956Z - [LOG] Receive Counter: 11
2024-11-24T13:32:09.962Z - [LOG] Packet Length: 1652 Checksum Length: 8
2024-11-24T13:32:09.963Z - [LOG] <15:32:9>: <ERROR> Decryption error: Checksum mismatch 706cd36ee4952495 != 2dfb9f1869a1ea8c
2024-11-24T13:32:10.104Z - [LOG] Header  254
2024-11-24T13:32:10.116Z - [LOG] Payload:  Buffer(1802) [Uint8Array] [  254, 173,  99, 224, 131, 195, 190, 250,  32, 253,  165, 232, 193, 181,  94, 152, 156,  76, 251,  39,  114, 207,  95,   4, 201,  30, 204, 209, 174, 138,   16,   6, 234, 187, 124, 190, 231, 120, 225,  48,   13, 156,  91, 139, 127, 247, 181, 254,  36,  12,  ... 1752 more items]
2024-11-24T13:32:10.154Z - [LOG] Receive Counter: 12
2024-11-24T13:32:10.158Z - [LOG] Packet Length: 1793 Checksum Length: 8
2024-11-24T13:32:10.162Z - [LOG] <15:32:10>: <ERROR> Decryption error: Checksum mismatch 492cfebf7cdcd217 != 8f7172ac8dd126de
2024-11-24T13:32:10.253Z - [LOG] Header  254
2024-11-24T13:32:10.265Z - [LOG] Payload:  Buffer(1511) [Uint8Array] [  254, 210,  81, 239,  62, 193, 127,  63, 245, 140,   18, 183,  80,  59, 214, 230, 210, 192,  56, 167,  100, 110, 226,  13, 126, 120, 222, 127, 168, 185,  162,  20, 121, 202, 128, 174, 201,  58, 186,  55,   59, 230,   8, 223,  35, 230, 140, 241,  18, 222,  ... 1461 more items]
2024-11-24T13:32:10.285Z - [LOG] Receive Counter: 13
2024-11-24T13:32:10.289Z - [LOG] Packet Length: 1502 Checksum Length: 8
2024-11-24T13:32:10.297Z - [LOG] <15:32:10>: <ERROR> Decryption error: Checksum mismatch f76267e547e8f885 != f09e09dd9c87373c
2024-11-24T13:32:10.383Z - [LOG] Header  254
2024-11-24T13:32:10.390Z - [LOG] Payload:  Buffer(1560) [Uint8Array] [  254, 151,  84, 108, 143,  1, 113, 163, 236, 119,   94, 193, 151, 163,  88, 22, 254, 156,  63, 185,  106,  43, 207, 192,  96, 17, 120, 175,  36, 193,   73,  36, 175, 192, 152, 79, 229,  20, 100, 238,  205,  91, 231, 124, 207, 25, 202,  93, 182,  10,  ... 1510 more items]
2024-11-24T13:32:10.411Z - [LOG] Receive Counter: 14
2024-11-24T13:32:10.414Z - [LOG] Packet Length: 1551 Checksum Length: 8
2024-11-24T13:32:10.418Z - [LOG] <15:32:10>: <ERROR> Decryption error: Checksum mismatch d4e947e0471d5656 != bf57f562c6c4420e
2024-11-24T13:32:10.535Z - [LOG] Header  254
2024-11-24T13:32:10.549Z - [LOG] Payload:  Buffer(1494) [Uint8Array] [  254,  30, 187, 219, 100, 201,  29, 102, 234, 142,   69,  86, 229, 124,  15, 201, 181, 154,   1, 166,  185, 163,  75, 196, 233, 115,  80,  84,   8,  60,  236, 198, 212, 205, 144, 241, 214,  25, 100,  53,  157, 105,  86,  95, 143, 143, 250,  26, 211, 142,  ... 1444 more items]
2024-11-24T13:32:10.561Z - [LOG] Receive Counter: 15
2024-11-24T13:32:10.580Z - [LOG] Packet Length: 1485 Checksum Length: 8
2024-11-24T13:32:10.589Z - [LOG] <15:32:10>: <ERROR> Decryption error: Checksum mismatch 1e5c62662d43f2b0 != cc551f987ac7c952
2024-11-24T13:32:10.680Z - [LOG] Header  254
2024-11-24T13:32:10.699Z - [LOG] Payload:  Buffer(1514) [Uint8Array] [  254, 148, 162, 193, 117,  68, 128, 250, 161,  56,  203,  44, 149, 250, 166, 211,  94, 248, 164, 165,  128,  10, 119, 161,  43, 164, 164, 211,  19,  16,    1, 241, 135, 127,  90,  73, 152, 155,  73, 180,   22, 162,  46,  49,  81,  72, 226,  85,  79, 101,  ... 1464 more items]
2024-11-24T13:32:10.739Z - [LOG] Receive Counter: 16
2024-11-24T13:32:10.743Z - [LOG] Packet Length: 1505 Checksum Length: 8
2024-11-24T13:32:10.747Z - [LOG] <15:32:10>: <ERROR> Decryption error: Checksum mismatch e7bdde5289cea6b1 != 4269663983c8e7c4
2024-11-24T13:32:10.799Z - [LOG] Header  254
2024-11-24T13:32:10.806Z - [LOG] Payload:  Buffer(1995) [Uint8Array] [  254, 230,  58,  93,  32,  64,  69, 246,  39, 234,  224, 243, 170, 169, 136, 151, 216, 129, 103, 187,  151,  99,  84,  92, 218, 127, 162,  25,  68, 168,   84, 152, 251, 120,  64, 223,  37,  27, 144, 237,  143,  47, 219, 151, 163, 141,  23, 242, 195,  74,  ... 1945 more items]
2024-11-24T13:32:10.821Z - [LOG] Receive Counter: 17
2024-11-24T13:32:10.827Z - [LOG] Packet Length: 1986 Checksum Length: 8
2024-11-24T13:32:10.833Z - [LOG] <15:32:10>: <ERROR> Decryption error: Checksum mismatch f8aeea0a9579fcc1 != 9292b7cee9dc3519
2024-11-24T13:32:10.994Z - [LOG] Header  254
2024-11-24T13:32:11.001Z - [LOG] Payload:  Buffer(1889) [Uint8Array] [  254,  72, 204, 109,  20,  31, 235, 215,  40,  76,  246, 214,   3, 183,  59, 236, 164,  77,   9, 119,  150, 143,  19,  52,  14, 171,  29,  69, 241,  44,  245, 116, 190, 107, 229,  29,  33, 214,  46, 242,  246, 228, 185, 152, 202,  11,  40, 162, 214, 145,  ... 1839 more items]
2024-11-24T13:32:11.012Z - [LOG] Receive Counter: 18
2024-11-24T13:32:11.016Z - [LOG] Packet Length: 1880 Checksum Length: 8
2024-11-24T13:32:11.023Z - [LOG] <15:32:11>: <ERROR> Decryption error: Checksum mismatch 13cfc1c3628045a7 != a4f4633e0d2c595a
2024-11-24T13:32:11.124Z - [LOG] Header  254
2024-11-24T13:32:11.133Z - [LOG] Payload:  Buffer(1493) [Uint8Array] [  254,  19, 117, 210, 245, 215,  75, 199,  51, 189,   14, 212, 222,  92, 201, 229,  26, 156, 122, 165,   50,  38, 124, 242,  84, 160, 102,  33,  21,  54,  154, 192, 175, 248,  66,  75, 133,  19,  51, 164,   16, 200,  95, 148, 128,  92, 105,  12, 139, 115,  ... 1443 more items]
2024-11-24T13:32:11.153Z - [LOG] Receive Counter: 19
2024-11-24T13:32:11.157Z - [LOG] Packet Length: 1484 Checksum Length: 8
2024-11-24T13:32:11.161Z - [LOG] <15:32:11>: <ERROR> Decryption error: Checksum mismatch fe49c56bbd0d4312 != ed0dca81522a1633
2024-11-24T13:32:11.345Z - [LOG] Header  254
2024-11-24T13:32:11.352Z - [LOG] Payload:  Buffer(1494) [Uint8Array] [  254, 173, 220, 107, 211, 168,  13, 212, 237, 188,  235,  78, 126, 137,  69, 164, 222,  22, 105, 209,   86,  70,  42, 223, 130, 212,  45,  15,   9, 101,  203, 172,  75, 244,  89,  76,  89, 217,  33,  45,  173,  23, 230, 255, 172,  71, 185, 143, 220, 250,  ... 1444 more items]
2024-11-24T13:32:11.378Z - [LOG] Receive Counter: 20
2024-11-24T13:32:11.383Z - [LOG] Packet Length: 1485 Checksum Length: 8
2024-11-24T13:32:11.394Z - [LOG] <15:32:11>: <ERROR> Decryption error: Checksum mismatch 9aa584fba95cf0dc != 168c42fab5a66a70
2024-11-24T13:32:11.484Z - [LOG] Header  254
2024-11-24T13:32:11.498Z - [LOG] Payload:  Buffer(1706) [Uint8Array] [  254, 235, 145,  40,  20, 121, 111,  43, 171, 101,  172, 133, 103, 188, 181,  28, 226, 169, 246, 243,  179, 141, 201,   5,  96,  58, 135, 251, 174, 101,    6, 175, 247,  48,  88,  71,  42, 242, 180, 215,  203, 227, 176,  69,  69, 197, 135,  19,  52, 145,  ... 1656 more items]
2024-11-24T13:32:11.610Z - [LOG] Receive Counter: 21
2024-11-24T13:32:11.635Z - [LOG] Packet Length: 1697 Checksum Length: 8
2024-11-24T13:32:11.639Z - [LOG] <15:32:11>: <ERROR> Decryption error: Checksum mismatch 12e0147e9b60f31b != 54f2843d3dcd1aaa
2024-11-24T13:32:11.795Z - [LOG] Header  254
2024-11-24T13:32:11.805Z - [LOG] Payload:  Buffer(1773) [Uint8Array] [  254, 209, 235, 181, 170,  28, 210,  23, 182, 218,    2,  59,   3,  29, 168, 174, 197,  31, 226, 207,  145, 117, 135, 133, 227,  65, 205, 191,  16, 153,   59,  36, 175, 231,  27,   5, 238,  55, 243,  39,   56, 194, 157, 117,  52, 233,  39, 130, 175, 191,  ... 1723 more items]
2024-11-24T13:32:11.814Z - [LOG] Receive Counter: 22
2024-11-24T13:32:11.829Z - [LOG] Packet Length: 1764 Checksum Length: 8
2024-11-24T13:32:11.834Z - [LOG] <15:32:11>: <ERROR> Decryption error: Checksum mismatch 045bf59135e5777b != f6983ab0f810ebc0
2024-11-24T13:32:11.924Z - [LOG] Header  254
2024-11-24T13:32:11.932Z - [LOG] Payload:  Buffer(1725) [Uint8Array] [  254, 181, 252, 213,  18,  85, 205,  49,   2, 106,  190, 229, 245, 218, 237, 244, 174, 180, 211,  32,   90, 149, 187,  54, 241,  12, 152, 109, 126,  98,  240, 192, 192, 124,  48, 168, 235, 177,  57, 217,  199,  96, 158,  59,  61, 253, 196, 104,  35,  30,  ... 1675 more items]
2024-11-24T13:32:12.055Z - [LOG] Receive Counter: 23
2024-11-24T13:32:12.065Z - [LOG] Packet Length: 1716 Checksum Length: 8
2024-11-24T13:32:12.071Z - [LOG] <15:32:12>: <ERROR> Decryption error: Checksum mismatch 0075de9b4c76ca6d != ad5be02a154775c3
2024-11-24T13:32:12.220Z - [LOG] Header  254
2024-11-24T13:32:12.233Z - [LOG] Payload:  Buffer(1992) [Uint8Array] [  254, 107, 155, 187,  14, 102, 184, 107,  94, 161,  137,  95,  36,  73,  11,   5, 101,  68, 200, 218,  235,  75, 240,  50, 210, 246, 114,  18,  30, 135,   28,  75, 228,  15, 153,  96, 151, 209, 126, 198,  124, 154, 135,  11, 145,  18, 224,  53,  30,  31,  ... 1942 more items]
2024-11-24T13:32:12.257Z - [LOG] Receive Counter: 24
2024-11-24T13:32:12.273Z - [LOG] Packet Length: 1983 Checksum Length: 8
2024-11-24T13:32:12.284Z - [LOG] <15:32:12>: <ERROR> Decryption error: Checksum mismatch 48b08d6bfa462bf2 != 33614fec9a821f62
2024-11-24T13:32:12.370Z - [LOG] Header  254
2024-11-24T13:32:12.377Z - [LOG] Payload:  Buffer(1603) [Uint8Array] [  254,  12, 142, 105, 141, 171, 182, 203, 157, 160,  158,  87,  57, 115,  62,   2, 175,  27,  29,  90,   52, 147,  84, 151, 222,  24,  42,  48, 229,  47,  178, 252, 132, 255, 131, 241, 143,  78, 209,  72,   28, 210,  72, 215, 250, 173, 161, 164,  38,  18,  ... 1553 more items]
2024-11-24T13:32:12.394Z - [LOG] Receive Counter: 25
2024-11-24T13:32:12.397Z - [LOG] Packet Length: 1594 Checksum Length: 8
2024-11-24T13:32:12.402Z - [LOG] <15:32:12>: <ERROR> Decryption error: Checksum mismatch d312d22fc5ba8b5a != 5e0c456fdda8e777
2024-11-24T13:32:12.501Z - [LOG] Header  254
2024-11-24T13:32:12.507Z - [LOG] Payload:  Buffer(1937) [Uint8Array] [  254,  33, 124,  79, 148, 215,  89,  18, 239,  82,  184, 235, 150, 114, 123, 147,  52,  40,  37,  62,  119, 103, 129,  54,  91,  84, 154,  61,  70,  71,  132,  54, 141,  94, 234, 233, 172, 218,  12, 236,  237, 179,  34, 190,  95, 254,  48,   8, 170, 156,  ... 1887 more items]
2024-11-24T13:32:12.524Z - [LOG] Receive Counter: 26
2024-11-24T13:32:12.530Z - [LOG] Packet Length: 1928 Checksum Length: 8
2024-11-24T13:32:12.538Z - [LOG] <15:32:12>: <ERROR> Decryption error: Checksum mismatch 648e76425f21ab0a != ff3b7211dfb9a2ae
2024-11-24T13:32:12.697Z - [LOG] Header  254
2024-11-24T13:32:12.705Z - [LOG] Payload:  Buffer(1833) [Uint8Array] [  254, 126, 247, 128,  79,  51, 197,   7, 243,  65,  196, 217,  19,  55,  40, 155,  67, 237, 124, 139,   57, 193,   1, 203, 236, 101, 162, 155, 194, 223,   83, 144, 169, 196, 113, 191, 196,  83, 189, 189,   48, 113,  61, 110, 197, 123, 161, 198, 186,  96,  ... 1783 more items]
2024-11-24T13:32:12.722Z - [LOG] Receive Counter: 27
2024-11-24T13:32:12.724Z - [LOG] Packet Length: 1824 Checksum Length: 8
2024-11-24T13:32:12.727Z - [LOG] <15:32:12>: <ERROR> Decryption error: Checksum mismatch 9df0880864a3ce42 != 20c6cbc0d6adbb91
2024-11-24T13:32:12.822Z - [LOG] Header  254
2024-11-24T13:32:12.828Z - [LOG] Payload:  Buffer(1775) [Uint8Array] [  254, 198,  15, 206, 175, 154, 136, 153, 117, 106,   15, 170, 139, 128, 138,  21, 140, 177, 215, 135,  175, 110, 127,   1,  49, 215, 200,  69, 215,  53,  110,   6, 163,  41, 211, 225,  32, 181, 129, 227,   44,  12, 104, 100,  92,  99, 240, 123, 132, 152,  ... 1725 more items]
2024-11-24T13:32:12.835Z - [LOG] Receive Counter: 28
2024-11-24T13:32:12.839Z - [LOG] Packet Length: 1766 Checksum Length: 8
2024-11-24T13:32:12.856Z - [LOG] <15:32:12>: <ERROR> Decryption error: Checksum mismatch 2ac3b1de561618d7 != 0f3f2a9c08add48e
2024-11-24T13:32:12.948Z - [LOG] Header  254
2024-11-24T13:32:12.956Z - [LOG] Payload:  Buffer(1571) [Uint8Array] [  254,  14, 211, 194, 166, 147, 113,  85,  85, 204,  113,  45, 233, 228, 102, 179,  31,  77, 218,  27,  178, 135, 175, 233, 228, 106, 182,  87,  61, 150,   17, 237,  38,  87,  15, 207, 146,  95,  86, 144,  161, 198, 229, 116,  89,   9,  93, 126, 177, 132,  ... 1521 more items]
2024-11-24T13:32:12.972Z - [LOG] Receive Counter: 29
2024-11-24T13:32:12.982Z - [LOG] Packet Length: 1562 Checksum Length: 8
2024-11-24T13:32:12.984Z - [LOG] <15:32:12>: <ERROR> Decryption error: Checksum mismatch e83788b05922f453 != 08fcae454d1a9224
2024-11-24T13:32:13.077Z - [LOG] Header  254
2024-11-24T13:32:13.086Z - [LOG] Payload:  Buffer(1507) [Uint8Array] [  254,  65,  78,  85, 255, 191, 239, 139, 247, 135,  194,   7, 167, 163,  95,  73,   9,  51, 253,  36,   57, 206, 228, 101, 200, 132, 184, 108, 198,   0,  240, 172, 180, 128, 255, 208,   2, 218,  45,  85,  234, 213, 255, 252, 248, 149,  46, 253,  64,  94,  ... 1457 more items]
2024-11-24T13:32:13.100Z - [LOG] Receive Counter: 30
2024-11-24T13:32:13.105Z - [LOG] Packet Length: 1498 Checksum Length: 8
2024-11-24T13:32:13.109Z - [LOG] <15:32:13>: <ERROR> Decryption error: Checksum mismatch e9dcba3d60c371a4 != 3a1d51f6f15fa063
2024-11-24T13:32:14.985Z - [LOG] Header  254
2024-11-24T13:32:14.993Z - [LOG] Payload:  Buffer(1669) [Uint8Array] [  254, 164,  69,  92, 129, 219, 233,  43,  87,  10,  253, 141,  18, 169, 228, 122, 242, 126,  40,  19,   91, 130,   6, 156, 122,  52,  81, 139, 120, 134,    3, 144,  95, 179,  37,  49, 234, 237,  82,  96,  210, 243, 134,  12,  68,  67,  95, 163, 137,  83,  ... 1619 more items]
2024-11-24T13:32:15.004Z - [LOG] Receive Counter: 31
2024-11-24T13:32:15.009Z - [LOG] Packet Length: 1660 Checksum Length: 8
2024-11-24T13:32:15.016Z - [LOG] <15:32:15>: <ERROR> Decryption error: Checksum mismatch 2f284132b1e0b6ec != ddd54c1c20e31295
2024-11-24T13:32:17.346Z - [LOG] Header  254
2024-11-24T13:32:17.359Z - [LOG] Payload:  Buffer(1709) [Uint8Array] [  254, 214,  80,  80, 229, 190, 124, 122,  22, 147,   87,  96, 186,  81, 139, 213, 154, 211, 169,  16,  221, 225, 148, 181, 102, 223,  20,  99, 244, 238,  181, 108, 172,  31,   2,  52,  28, 149, 210, 205,   93, 105, 160,  50, 115, 112, 184,  68,  28, 249,  ... 1659 more items]
2024-11-24T13:32:17.371Z - [LOG] Receive Counter: 32
2024-11-24T13:32:17.380Z - [LOG] Packet Length: 1700 Checksum Length: 8
2024-11-24T13:32:17.382Z - [LOG] <15:32:17>: <ERROR> Decryption error: Checksum mismatch ada022e30937d838 != c02a771df24a001b
2024-11-24T13:32:21.227Z - [LOG] <15:32:21>: <DEBUG> Duplicate packet detected, skipping
