2024-11-24T09:14:07.399Z - [TIME START] Spawn
2024-11-24T09:14:07.414Z - Starting connection...
2024-11-24T09:14:07.532Z - [LOG] <11:14:7>: <DEBUG> setupClientProfile execution time: 0.14ms
2024-11-24T09:14:07.541Z - [LOG] <11:14:7>: <DEBUG> createOfflineSession execution time: 121.32ms
2024-11-24T09:14:07.542Z - [LOG] <11:14:7>: <DEBUG> initializeSession execution time: 124.70ms
2024-11-24T09:14:07.543Z - [LOG] <11:14:7>: <DEBUG> connect execution time: 125.83ms
2024-11-24T09:14:07.570Z - [LOG] <11:14:7>: <DEBUG> setupClientChains execution time: 23.76ms
2024-11-24T09:14:08.691Z - [LOG] <11:14:8>: <DEBUG> handleSessionStart execution time: 1.36ms
2024-11-24T09:14:09.168Z - [LOG] handle
2024-11-24T09:14:09.175Z - [LOG] <11:14:9>: <DEBUG> Sending Game PACKET --> 193 | 0xc1 2024-11-24T09:14:09.175Z
2024-11-24T09:14:09.181Z - [LOG] <11:14:9>: <DEBUG> sendPacket execution time: 6.54ms
2024-11-24T09:14:09.185Z - [TIME END] Spawn: 1787ms
2024-11-24T09:14:09.198Z - [LOG] {  type: 'MCPE',  message: 'PocketMine-MP Server',  protocol: 748,  version: '1.21.40',  playerCount: 0,  maxPlayers: 20,  serverGUID: 959315177832208500,  serverName: 'PocketMine-MP',  gamemode: 'Survival'}
2024-11-24T09:14:09.208Z - Connected successfully: {"type":"MCPE","message":"PocketMine-MP Server","protocol":748,"version":"1.21.40","playerCount":0,"maxPlayers":20,"serverGUID":959315177832208500,"serverName":"PocketMine-MP","gamemode":"Survival"}
2024-11-24T09:14:09.478Z - [LOG] Header  254
2024-11-24T09:14:09.482Z - [LOG] Payload:  Buffer(14) [Uint8Array] [  254, 12, 143, 1, 1, 0,    0,  0,   0, 0, 0, 0,    0,  0]
2024-11-24T09:14:09.487Z - [LOG] id  143
2024-11-24T09:14:09.488Z - [LOG] 143
2024-11-24T09:14:09.489Z - [LOG] <11:14:9>: <DEBUG> S -> C NetworkSettingsPacket
2024-11-24T09:14:09.491Z - [LOG] test
2024-11-24T09:14:09.494Z - [LOG] <11:14:9>: <DEBUG> Sending Game PACKET --> 1 | 0x01 2024-11-24T09:14:09.494Z
2024-11-24T09:14:09.558Z - [LOG] <11:14:9>: <DEBUG> sendPacket execution time: 64.35ms
2024-11-24T09:14:09.569Z - [LOG] <11:14:9>: <DEBUG> sendLoginPacket execution time: 77.79ms
2024-11-24T09:14:09.573Z - [LOG] <11:14:9>: <DEBUG> onNetworkSettings execution time: 84.13ms
2024-11-24T09:14:10.126Z - [LOG] Header  254
2024-11-24T09:14:10.131Z - [LOG] Payload:  Buffer(358) [Uint8Array] [  254,   0,  21, 207,  73, 110, 131,  48,  24,  64,  225,  69, 206,  67, 101, 166, 182,  89, 134,  96,    7, 147, 242,  35,  12,  54, 129,  77, 196, 208,   50,  25,  66,  75, 146,   2,  39, 170, 212,  75,   54, 221,  63, 233, 233, 251, 221, 108, 126,  54,  ... 308 more items]
2024-11-24T09:14:10.138Z - [LOG] id  3
2024-11-24T09:14:10.140Z - [LOG] 3
2024-11-24T09:14:10.151Z - [LOG] <11:14:10>: <DEBUG> validateKeys execution time: 0.23ms
2024-11-24T09:14:10.294Z - [LOG] <11:14:10>: <DEBUG> createSharedSecret execution time: 144.19ms
2024-11-24T09:14:10.308Z - [LOG] <11:14:10>: <DEBUG> setupEncryption execution time: 11.38ms
2024-11-24T09:14:10.313Z - [LOG] <11:14:10>: <DEBUG> Sending Game PACKET --> 4 | 0x04 2024-11-24T09:14:10.313Z
2024-11-24T09:14:10.323Z - [LOG] <11:14:10>: <DEBUG> sendPacket execution time: 10.58ms
2024-11-24T09:14:10.325Z - [LOG] <11:14:10>: <DEBUG> sendClientToServerHandshake execution time: 12.56ms
2024-11-24T09:14:10.329Z - [LOG] <11:14:10>: <DEBUG> onServerToClientHandshake execution time: 182.91ms
2024-11-24T09:14:10.399Z - [LOG] Header  254
2024-11-24T09:14:10.403Z - [LOG] Payload:  Buffer(23) [Uint8Array] [  254,  33, 188, 121, 249, 116, 43,  208,   6,  41, 240, 115, 145, 21,   93, 242, 224,  74, 187,  32, 47,  221, 236]
2024-11-24T09:14:10.405Z - [LOG] Receive Counter: 0
2024-11-24T09:14:10.407Z - [LOG] Packet Length: 14 Checksum Length: 8
2024-11-24T09:14:10.415Z - [LOG] <11:14:10>: <DEBUG> Checksum matched 048c95553257dcff == 048c95553257dcff
2024-11-24T09:14:10.416Z - [LOG] id  2
2024-11-24T09:14:10.419Z - [LOG] 2
2024-11-24T09:14:10.421Z - [LOG] <11:14:10>: <DEBUG> onPlayStatus execution time: 0.15ms
2024-11-24T09:14:10.422Z - [LOG] id  6
2024-11-24T09:14:10.422Z - [LOG] 6
2024-11-24T09:14:10.423Z - [LOG] <11:14:10>: <DEBUG> Sending Game PACKET --> 8 | 0x08 2024-11-24T09:14:10.423Z
2024-11-24T09:14:10.425Z - [LOG] <11:14:10>: <DEBUG> sendPacket execution time: 1.86ms
2024-11-24T09:14:10.427Z - [LOG] <11:14:10>: <DEBUG> onResourcePack execution time: 3.59ms
2024-11-24T09:14:14.157Z - [LOG] Header  254
2024-11-24T09:14:14.513Z - [LOG] Payload:  Buffer(53359) [Uint8Array] [  254, 144,  94, 206,  85,  44, 148, 191,  55,  23,   25, 192, 170,   4, 107, 249,   1,  20,  11, 209,   97,  39,  84,  98, 119,   3, 178,   5,  90, 185,   20, 181, 227, 178,  21,  91,  57, 169, 206,  22,  196, 150, 180, 138, 122, 216, 218, 162, 189, 239,  ... 53309 more items]
2024-11-24T09:14:14.557Z - [LOG] Receive Counter: 1
2024-11-24T09:14:14.839Z - [LOG] Packet Length: 53350 Checksum Length: 8
2024-11-24T09:14:14.846Z - [LOG] <11:14:14>: <DEBUG> Checksum matched 7f675ae015655dea == 7f675ae015655dea
2024-11-24T09:14:14.881Z - [LOG] id  11
2024-11-24T09:14:14.887Z - [LOG] 11
2024-11-24T09:14:14.930Z - [LOG] <11:14:14>: <DEBUG> Sending Game PACKET --> 69 | 0x45 2024-11-24T09:14:14.930Z
2024-11-24T09:14:14.938Z - [LOG] <11:14:14>: <DEBUG> sendPacket execution time: 7.82ms
2024-11-24T09:14:14.947Z - [LOG] <11:14:14>: <DEBUG> onStartGame execution time: 20.99ms
2024-11-24T09:14:14.951Z - [LOG] id  119
2024-11-24T09:14:14.952Z - [LOG] 119
2024-11-24T09:14:14.984Z - [LOG] id  122
2024-11-24T09:14:14.986Z - [LOG] 122
2024-11-24T09:14:14.988Z - [LOG] id  29
2024-11-24T09:14:14.989Z - [LOG] 29
2024-11-24T09:14:14.993Z - [LOG] id  76
2024-11-24T09:14:14.999Z - [LOG] 76
2024-11-24T09:14:15.008Z - [LOG] id  187
2024-11-24T09:14:15.010Z - [LOG] 187
2024-11-24T09:14:15.018Z - [LOG] id  188
2024-11-24T09:14:15.019Z - [LOG] 188
2024-11-24T09:14:15.021Z - [LOG] id  39
2024-11-24T09:14:15.022Z - [LOG] 39
2024-11-24T09:14:15.025Z - [LOG] id  49
2024-11-24T09:14:15.035Z - [LOG] 49
2024-11-24T09:14:15.040Z - [LOG] id  49
2024-11-24T09:14:15.042Z - [LOG] 49
2024-11-24T09:14:15.049Z - [LOG] id  49
2024-11-24T09:14:15.051Z - [LOG] 49
2024-11-24T09:14:15.053Z - [LOG] id  49
2024-11-24T09:14:15.054Z - [LOG] 49
2024-11-24T09:14:15.057Z - [LOG] id  49
2024-11-24T09:14:15.068Z - [LOG] 49
2024-11-24T09:14:15.072Z - [LOG] id  49
2024-11-24T09:14:15.073Z - [LOG] 49
2024-11-24T09:14:15.075Z - [LOG] id  50
2024-11-24T09:14:15.076Z - [LOG] 50
2024-11-24T09:14:15.082Z - [LOG] id  50
2024-11-24T09:14:15.083Z - [LOG] 50
2024-11-24T09:14:15.084Z - [LOG] id  50
2024-11-24T09:14:15.086Z - [LOG] 50
2024-11-24T09:14:15.088Z - [LOG] id  50
2024-11-24T09:14:15.090Z - [LOG] 50
2024-11-24T09:14:15.093Z - [LOG] id  50
2024-11-24T09:14:15.098Z - [LOG] 50
2024-11-24T09:14:15.100Z - [LOG] id  31
2024-11-24T09:14:15.104Z - [LOG] 31
2024-11-24T09:14:15.106Z - [LOG] id  145
2024-11-24T09:14:15.116Z - [LOG] 145
2024-11-24T09:14:15.195Z - [LOG] id  52
2024-11-24T09:14:15.202Z - [LOG] 52
2024-11-24T09:14:15.764Z - [LOG] id  63
2024-11-24T09:14:15.795Z - [LOG] 63
2024-11-24T09:14:15.819Z - [LOG] id  29
2024-11-24T09:14:15.865Z - [LOG] 29
2024-11-24T09:14:17.868Z - [LOG] Header  254
2024-11-24T09:14:17.893Z - [LOG] Payload:  Buffer(1840) [Uint8Array] [  254, 192,  62, 241,  84, 107, 132, 247, 161, 130,   92, 104,  63,  13, 234, 108, 243, 110, 167,  29,  216,  30, 146,   7,  98, 145, 170, 226,  83,  67,  215, 150, 207, 177,  14, 244, 186, 246, 143, 202,   84, 195, 221, 198,  94, 212, 157, 155, 167, 239,  ... 1790 more items]
2024-11-24T09:14:17.918Z - [LOG] Receive Counter: 2
2024-11-24T09:14:17.935Z - [LOG] Packet Length: 1831 Checksum Length: 8
2024-11-24T09:14:17.938Z - [LOG] <11:14:17>: <ERROR> Decryption error: Checksum mismatch b17ace649d5c2570 != 2083081ebf189496
2024-11-24T09:14:18.080Z - [LOG] Header  254
2024-11-24T09:14:18.090Z - [LOG] Payload:  Buffer(1753) [Uint8Array] [  254, 188, 188, 230,  77,   7,  81, 199, 186, 110,  157, 112, 166, 117, 249, 188, 135,  40,  57, 150,   71, 137, 232, 222,  85,  70,  37,  56, 142,  64,  255, 231,   7,  58, 192, 117,  24, 231,  96,  62,  217,  83, 196,  23,  24, 104, 163, 248,  73,  78,  ... 1703 more items]
2024-11-24T09:14:18.115Z - [LOG] Receive Counter: 3
2024-11-24T09:14:18.125Z - [LOG] Packet Length: 1744 Checksum Length: 8
2024-11-24T09:14:18.126Z - [LOG] <11:14:18>: <ERROR> Decryption error: Checksum mismatch 23fc422e8b654d24 != 60a5703c2c70c712
2024-11-24T09:14:18.300Z - [LOG] Header  254
2024-11-24T09:14:18.314Z - [LOG] Payload:  Buffer(2012) [Uint8Array] [  254, 252, 176, 217, 253, 180, 120,  25, 211, 184,  118,  80, 124, 252, 184,  77, 115,  70,  95, 161,  238,   9, 208,  55,  46, 234, 145, 173,  80, 128,   89, 254,  81,  25, 232,  63, 158,  72,  16, 164,   77, 208,  24, 100,  69, 206, 220, 227,  29, 117,  ... 1962 more items]
2024-11-24T09:14:18.325Z - [LOG] Receive Counter: 4
2024-11-24T09:14:18.331Z - [LOG] Packet Length: 2003 Checksum Length: 8
2024-11-24T09:14:18.333Z - [LOG] <11:14:18>: <ERROR> Decryption error: Checksum mismatch 41d88d05d7cd1533 != 7f32f35675c2b199
