2024-11-24T08:38:13.990Z - [TIME START] Spawn
2024-11-24T08:38:13.995Z - Starting connection...
2024-11-24T08:38:14.041Z - [LOG] <10:38:14>: <DEBUG> setupClientProfile execution time: 0.43ms
2024-11-24T08:38:14.047Z - [LOG] <10:38:14>: <DEBUG> createOfflineSession execution time: 47.05ms
2024-11-24T08:38:14.048Z - [LOG] <10:38:14>: <DEBUG> initializeSession execution time: 50.01ms
2024-11-24T08:38:14.048Z - [LOG] <10:38:14>: <DEBUG> connect execution time: 50.74ms
2024-11-24T08:38:14.068Z - [LOG] <10:38:14>: <DEBUG> setupClientChains execution time: 19.41ms
2024-11-24T08:38:14.719Z - [LOG] <10:38:14>: <DEBUG> handleSessionStart execution time: 2.75ms
2024-11-24T08:38:15.131Z - [LOG] handle
2024-11-24T08:38:15.139Z - [LOG] <10:38:15>: <DEBUG> Sending Game PACKET --> 193 | 0xc1 2024-11-24T08:38:15.138Z
2024-11-24T08:38:15.149Z - [LOG] <10:38:15>: <DEBUG> sendPacket execution time: 10.62ms
2024-11-24T08:38:15.152Z - [TIME END] Spawn: 1162ms
2024-11-24T08:38:15.166Z - [LOG] {  type: 'MCPE',  message: 'PocketMine-MP Server',  protocol: 748,  version: '1.21.40',  playerCount: 0,  maxPlayers: 20,  serverGUID: 959315177832208500,  serverName: 'PocketMine-MP',  gamemode: 'Survival'}
2024-11-24T08:38:15.189Z - Connected successfully: {"type":"MCPE","message":"PocketMine-MP Server","protocol":748,"version":"1.21.40","playerCount":0,"maxPlayers":20,"serverGUID":959315177832208500,"serverName":"PocketMine-MP","gamemode":"Survival"}
2024-11-24T08:38:15.645Z - [LOG] Header  254
2024-11-24T08:38:15.651Z - [LOG] Payload:  Buffer(14) [Uint8Array] [  254, 12, 143, 1, 1, 0,    0,  0,   0, 0, 0, 0,    0,  0]
2024-11-24T08:38:15.656Z - [LOG] id  143
2024-11-24T08:38:15.664Z - [LOG] 143
2024-11-24T08:38:15.668Z - [LOG] <10:38:15>: <DEBUG> S -> C NetworkSettingsPacket
2024-11-24T08:38:15.671Z - [LOG] test
2024-11-24T08:38:15.677Z - [LOG] <10:38:15>: <DEBUG> Sending Game PACKET --> 1 | 0x01 2024-11-24T08:38:15.676Z
2024-11-24T08:38:15.750Z - [LOG] <10:38:15>: <DEBUG> sendPacket execution time: 73.50ms
2024-11-24T08:38:15.762Z - [LOG] <10:38:15>: <DEBUG> sendLoginPacket execution time: 91.46ms
2024-11-24T08:38:15.772Z - [LOG] <10:38:15>: <DEBUG> onNetworkSettings execution time: 103.06ms
2024-11-24T08:38:17.385Z - [LOG] Header  254
2024-11-24T08:38:17.394Z - [LOG] Payload:  Buffer(363) [Uint8Array] [  254,   0, 13, 143, 73, 114, 163,  48,   0,   0,  15,  126,  79, 82, 172, 33,  28, 141, 141, 216, 140,  48,    2,  73, 70, 151, 20,   8,  27,  48, 130, 144,   1,   19, 224, 79,  83, 53,  79,  28,  14, 125, 237, 174,  254, 119, 56, 252, 61, 220,  ... 313 more items]
2024-11-24T08:38:17.416Z - [LOG] id  3
2024-11-24T08:38:17.423Z - [LOG] 3
2024-11-24T08:38:17.445Z - [LOG] <10:38:17>: <DEBUG> validateKeys execution time: 0.15ms
2024-11-24T08:38:17.588Z - [LOG] <10:38:17>: <DEBUG> createSharedSecret execution time: 143.12ms
2024-11-24T08:38:17.610Z - [LOG] <10:38:17>: <DEBUG> setupEncryption execution time: 13.55ms
2024-11-24T08:38:17.612Z - [LOG] <10:38:17>: <DEBUG> Sending Game PACKET --> 4 | 0x04 2024-11-24T08:38:17.612Z
2024-11-24T08:38:17.622Z - [LOG] <10:38:17>: <DEBUG> sendPacket execution time: 10.60ms
2024-11-24T08:38:17.624Z - [LOG] <10:38:17>: <DEBUG> sendClientToServerHandshake execution time: 12.41ms
2024-11-24T08:38:17.628Z - [LOG] <10:38:17>: <DEBUG> onServerToClientHandshake execution time: 199.41ms
2024-11-24T08:38:17.827Z - [LOG] Header  254
2024-11-24T08:38:17.828Z - [LOG] Payload:  Buffer(23) [Uint8Array] [  254, 199,  81, 14,  64,  80, 148,  108,  94, 140, 48,  82,  87,  55,   83, 199,  24, 62, 219, 228,  68,  251, 135]
2024-11-24T08:38:17.833Z - [LOG] Receive Counter: 0
2024-11-24T08:38:17.839Z - [LOG] Packet Length: 14 Checksum Length: 8
2024-11-24T08:38:17.846Z - [LOG] <10:38:17>: <DEBUG> Checksum matched 4b57b7829cf62e7c == 4b57b7829cf62e7c
2024-11-24T08:38:17.852Z - [LOG] id  2
2024-11-24T08:38:17.854Z - [LOG] 2
2024-11-24T08:38:17.856Z - [LOG] <10:38:17>: <DEBUG> onPlayStatus execution time: 0.20ms
2024-11-24T08:38:17.862Z - [LOG] id  6
2024-11-24T08:38:17.863Z - [LOG] 6
2024-11-24T08:38:17.864Z - [LOG] <10:38:17>: <DEBUG> Sending Game PACKET --> 8 | 0x08 2024-11-24T08:38:17.864Z
2024-11-24T08:38:17.867Z - [LOG] <10:38:17>: <DEBUG> sendPacket execution time: 3.13ms
2024-11-24T08:38:17.869Z - [LOG] <10:38:17>: <DEBUG> onResourcePack execution time: 5.13ms
2024-11-24T08:38:23.497Z - [LOG] Header  254
2024-11-24T08:38:23.811Z - [LOG] Payload:  Buffer(53358) [Uint8Array] [  254, 224, 192,  75,  55,  36,  55,  67, 117,  33,  212,  54, 211,  32, 139,  21, 254, 209, 142, 143,  240,  44, 160, 216, 137,  36, 225,  24,   0,  53,  189,  91,  89,  98,  76, 233, 153, 211, 114, 109,  127, 122,  58, 193,  16, 146, 184,  85, 188,  60,  ... 53308 more items]
2024-11-24T08:38:23.832Z - [LOG] Receive Counter: 1
2024-11-24T08:38:24.301Z - [LOG] Packet Length: 53349 Checksum Length: 8
2024-11-24T08:38:24.305Z - [LOG] <10:38:24>: <DEBUG> Checksum matched f7971ef52bb1a5eb == f7971ef52bb1a5eb
2024-11-24T08:38:24.315Z - [LOG] id  11
2024-11-24T08:38:24.317Z - [LOG] 11
2024-11-24T08:38:24.354Z - [LOG] <10:38:24>: <DEBUG> Sending Game PACKET --> 69 | 0x45 2024-11-24T08:38:24.354Z
2024-11-24T08:38:24.362Z - [LOG] <10:38:24>: <DEBUG> sendPacket execution time: 8.48ms
2024-11-24T08:38:24.364Z - [LOG] <10:38:24>: <DEBUG> onStartGame execution time: 12.57ms
2024-11-24T08:38:24.372Z - [LOG] id  119
2024-11-24T08:38:24.378Z - [LOG] 119
2024-11-24T08:38:24.448Z - [LOG] id  122
2024-11-24T08:38:24.453Z - [LOG] 122
2024-11-24T08:38:24.456Z - [LOG] id  29
2024-11-24T08:38:24.457Z - [LOG] 29
2024-11-24T08:38:24.461Z - [LOG] id  76
2024-11-24T08:38:24.465Z - [LOG] 76
2024-11-24T08:38:24.469Z - [LOG] id  187
2024-11-24T08:38:24.471Z - [LOG] 187
2024-11-24T08:38:24.473Z - [LOG] id  188
2024-11-24T08:38:24.473Z - [LOG] 188
2024-11-24T08:38:24.476Z - [LOG] id  39
2024-11-24T08:38:24.477Z - [LOG] 39
2024-11-24T08:38:24.479Z - [LOG] id  49
2024-11-24T08:38:24.481Z - [LOG] 49
2024-11-24T08:38:24.483Z - [LOG] id  49
2024-11-24T08:38:24.485Z - [LOG] 49
2024-11-24T08:38:24.487Z - [LOG] id  49
2024-11-24T08:38:24.496Z - [LOG] 49
2024-11-24T08:38:24.499Z - [LOG] id  49
2024-11-24T08:38:24.500Z - [LOG] 49
2024-11-24T08:38:24.500Z - [LOG] id  49
2024-11-24T08:38:24.501Z - [LOG] 49
2024-11-24T08:38:24.501Z - [LOG] id  49
2024-11-24T08:38:24.501Z - [LOG] 49
2024-11-24T08:38:24.502Z - [LOG] id  50
2024-11-24T08:38:24.502Z - [LOG] 50
2024-11-24T08:38:24.505Z - [LOG] id  50
2024-11-24T08:38:24.506Z - [LOG] 50
2024-11-24T08:38:24.507Z - [LOG] id  50
2024-11-24T08:38:24.513Z - [LOG] 50
2024-11-24T08:38:24.515Z - [LOG] id  50
2024-11-24T08:38:24.519Z - [LOG] 50
2024-11-24T08:38:24.520Z - [LOG] id  50
2024-11-24T08:38:24.521Z - [LOG] 50
2024-11-24T08:38:24.523Z - [LOG] id  31
2024-11-24T08:38:24.523Z - [LOG] 31
2024-11-24T08:38:24.524Z - [LOG] id  145
2024-11-24T08:38:24.530Z - [LOG] 145
2024-11-24T08:38:24.569Z - [LOG] id  52
2024-11-24T08:38:24.571Z - [LOG] 52
2024-11-24T08:38:24.768Z - [LOG] id  63
2024-11-24T08:38:24.772Z - [LOG] 63
2024-11-24T08:38:24.803Z - [LOG] id  29
2024-11-24T08:38:24.807Z - [LOG] 29
2024-11-24T08:38:29.363Z - [LOG] Header  254
2024-11-24T08:38:29.530Z - [LOG] Payload:  Buffer(53358) [Uint8Array] [  254, 224, 192,  75,  55,  36,  55,  67, 117,  33,  212,  54, 211,  32, 139,  21, 254, 209, 142, 143,  240,  44, 160, 216, 137,  36, 225,  24,   0,  53,  189,  91,  89,  98,  76, 233, 153, 211, 114, 109,  127, 122,  58, 193,  16, 146, 184,  85, 188,  60,  ... 53308 more items]
2024-11-24T08:38:29.539Z - [LOG] Receive Counter: 2
2024-11-24T08:38:29.587Z - [LOG] Packet Length: 53349 Checksum Length: 8
2024-11-24T08:38:29.594Z - [LOG] <10:38:29>: <ERROR> Decryption error: Checksum mismatch 646453b76d692b4a != dd1a0553adb24c46
2024-11-24T08:38:30.227Z - [LOG] Header  254
2024-11-24T08:38:30.235Z - [LOG] Payload:  Buffer(1840) [Uint8Array] [  254, 108, 235, 202,   5,  83, 178,  92,  39, 104,   63, 245,  33,  48, 202, 154,  23,  75, 254, 129,  208,  90,  72, 175, 217, 130, 102, 144, 255, 169,   23, 222, 186, 236, 149, 164, 113,  71, 214, 175,   19,  87, 235, 200,  79,  89,  29,  17, 157,  30,  ... 1790 more items]
2024-11-24T08:38:30.265Z - [LOG] Receive Counter: 3
2024-11-24T08:38:30.269Z - [LOG] Packet Length: 1831 Checksum Length: 8
2024-11-24T08:38:30.273Z - [LOG] <10:38:30>: <ERROR> Decryption error: Checksum mismatch 44e4f17927133c07 != ca67b0524d3faa76
2024-11-24T08:38:30.368Z - [LOG] Header  254
2024-11-24T08:38:30.385Z - [LOG] Payload:  Buffer(1753) [Uint8Array] [  254, 103,  61, 248,  23, 65,  83, 255, 206,  38,  224, 166, 170, 157,  27, 69, 175, 100, 184,  10,   43,   6,  32, 221, 225, 45, 103,   1, 173, 204,    2, 232, 121, 183, 180, 17, 105, 166,  12,   9,  189, 104, 174, 173, 251, 98,  99, 190,  69, 190,  ... 1703 more items]
2024-11-24T08:38:30.397Z - [LOG] Receive Counter: 4
2024-11-24T08:38:30.409Z - [LOG] Packet Length: 1744 Checksum Length: 8
2024-11-24T08:38:30.414Z - [LOG] <10:38:30>: <ERROR> Decryption error: Checksum mismatch c3f7df58771277e5 != 9c62d681b9bc61ee
2024-11-24T08:38:30.500Z - [LOG] Header  254
2024-11-24T08:38:30.546Z - [LOG] Payload:  Buffer(2012) [Uint8Array] [  254, 199, 199, 157, 133,  35, 177, 170, 191, 158,  248, 110, 129,  73, 206,  49,  53,  96, 191, 165,   99, 250,  32, 140,  84, 170, 109,  10, 228, 140,  246, 154, 245,  75,   2, 186,  27, 206,  32,  72,  118, 190,  78,  92,  73, 104, 103, 153,  60, 128,  ... 1962 more items]
2024-11-24T08:38:30.577Z - [LOG] Receive Counter: 5
2024-11-24T08:38:30.588Z - [LOG] Packet Length: 2003 Checksum Length: 8
2024-11-24T08:38:30.595Z - [LOG] <10:38:30>: <ERROR> Decryption error: Checksum mismatch 60c06cd389ee9cc9 != 5a791c969c207523
2024-11-24T08:38:30.656Z - [LOG] Header  254
2024-11-24T08:38:30.676Z - [LOG] Payload:  Buffer(2129) [Uint8Array] [  254,  61, 155, 180,  53, 182,  62, 180,  54,  46,  187,  26,  53,  86,  65, 149, 114, 199, 110, 126,  112, 120, 182, 150, 218, 160, 250, 138,  29,  79,  109, 173, 175, 228, 193,  37,  64,  12,  28,  95,  174,  46, 228, 157,  51, 100, 227,  72, 101, 126,  ... 2079 more items]
2024-11-24T08:38:30.699Z - [LOG] Receive Counter: 6
2024-11-24T08:38:30.715Z - [LOG] Packet Length: 2120 Checksum Length: 8
2024-11-24T08:38:30.718Z - [LOG] <10:38:30>: <ERROR> Decryption error: Checksum mismatch e62ac13347c8dafc != 6c25c119dfaa065f
2024-11-24T08:38:30.806Z - [LOG] Header  254
2024-11-24T08:38:30.892Z - [LOG] Payload:  Buffer(1750) [Uint8Array] [  254,  64, 228, 204, 205, 227, 160,  14, 231,  81,  184,  96, 143,  27,  30, 196,  90,  99, 164, 181,   40,  67, 164, 138, 116, 180,  89, 110, 215,  84,    4, 151, 181, 105,  99,  93, 141,  18, 238, 230,  103,  12,   1, 108, 149, 246, 165, 172, 176,  92,  ... 1700 more items]
