2024-11-24T08:43:33.606Z - [TIME START] Spawn
2024-11-24T08:43:33.609Z - Starting connection...
2024-11-24T08:43:33.656Z - [LOG] <10:43:33>: <DEBUG> setupClientProfile execution time: 0.07ms
2024-11-24T08:43:33.659Z - [LOG] <10:43:33>: <DEBUG> createOfflineSession execution time: 46.00ms
2024-11-24T08:43:33.660Z - [LOG] <10:43:33>: <DEBUG> initializeSession execution time: 47.82ms
2024-11-24T08:43:33.660Z - [LOG] <10:43:33>: <DEBUG> connect execution time: 48.62ms
2024-11-24T08:43:33.677Z - [LOG] <10:43:33>: <DEBUG> setupClientChains execution time: 15.75ms
2024-11-24T08:43:34.357Z - [LOG] <10:43:34>: <DEBUG> handleSessionStart execution time: 5.92ms
2024-11-24T08:43:34.752Z - [LOG] handle
2024-11-24T08:43:34.756Z - [LOG] <10:43:34>: <DEBUG> Sending Game PACKET --> 193 | 0xc1 2024-11-24T08:43:34.756Z
2024-11-24T08:43:34.759Z - [LOG] <10:43:34>: <DEBUG> sendPacket execution time: 3.72ms
2024-11-24T08:43:34.760Z - [TIME END] Spawn: 1155ms
2024-11-24T08:43:34.770Z - [LOG] {  type: 'MCPE',  message: 'PocketMine-MP Server',  protocol: 748,  version: '1.21.40',  playerCount: 0,  maxPlayers: 20,  serverGUID: 959315177832208500,  serverName: 'PocketMine-MP',  gamemode: 'Survival'}
2024-11-24T08:43:34.791Z - Connected successfully: {"type":"MCPE","message":"PocketMine-MP Server","protocol":748,"version":"1.21.40","playerCount":0,"maxPlayers":20,"serverGUID":959315177832208500,"serverName":"PocketMine-MP","gamemode":"Survival"}
2024-11-24T08:43:35.055Z - [LOG] Header  254
2024-11-24T08:43:35.063Z - [LOG] Payload:  Buffer(14) [Uint8Array] [  254, 12, 143, 1, 1, 0,    0,  0,   0, 0, 0, 0,    0,  0]
2024-11-24T08:43:35.070Z - [LOG] id  143
2024-11-24T08:43:35.074Z - [LOG] 143
2024-11-24T08:43:35.076Z - [LOG] <10:43:35>: <DEBUG> S -> C NetworkSettingsPacket
2024-11-24T08:43:35.078Z - [LOG] test
2024-11-24T08:43:35.078Z - [LOG] <10:43:35>: <DEBUG> Sending Game PACKET --> 1 | 0x01 2024-11-24T08:43:35.078Z
2024-11-24T08:43:35.123Z - [LOG] <10:43:35>: <DEBUG> sendPacket execution time: 44.26ms
2024-11-24T08:43:35.133Z - [LOG] <10:43:35>: <DEBUG> sendLoginPacket execution time: 55.33ms
2024-11-24T08:43:35.136Z - [LOG] <10:43:35>: <DEBUG> onNetworkSettings execution time: 59.81ms
2024-11-24T08:43:35.725Z - [LOG] Header  254
2024-11-24T08:43:35.728Z - [LOG] Payload:  Buffer(361) [Uint8Array] [  254,   0,  21, 207, 219, 142, 162,  48,   0, 128,  225,  11, 159, 199,  77,  17,  25, 179, 151,   3,   82,  14,  66, 145, 150, 150, 195, 205, 166, 128,   43, 135,  90, 113,  96, 149, 246, 137,  54, 153,  151, 156, 153, 251,  63, 249, 243, 125, 110,  54,  ... 311 more items]
2024-11-24T08:43:35.735Z - [LOG] id  3
2024-11-24T08:43:35.739Z - [LOG] 3
2024-11-24T08:43:35.754Z - [LOG] <10:43:35>: <DEBUG> validateKeys execution time: 0.20ms
2024-11-24T08:43:35.860Z - [LOG] <10:43:35>: <DEBUG> createSharedSecret execution time: 106.07ms
2024-11-24T08:43:35.873Z - [LOG] <10:43:35>: <DEBUG> setupEncryption execution time: 10.92ms
2024-11-24T08:43:35.876Z - [LOG] <10:43:35>: <DEBUG> Sending Game PACKET --> 4 | 0x04 2024-11-24T08:43:35.876Z
2024-11-24T08:43:35.884Z - [LOG] <10:43:35>: <DEBUG> sendPacket execution time: 8.09ms
2024-11-24T08:43:35.893Z - [LOG] <10:43:35>: <DEBUG> sendClientToServerHandshake execution time: 17.16ms
2024-11-24T08:43:35.895Z - [LOG] <10:43:35>: <DEBUG> onServerToClientHandshake execution time: 154.60ms
2024-11-24T08:43:36.033Z - [LOG] Header  254
2024-11-24T08:43:36.038Z - [LOG] Payload:  Buffer(23) [Uint8Array] [  254, 104, 237, 212, 253,  95,  254, 207, 192, 206, 129, 113,   58, 211, 189, 225, 201,  33,  208, 146, 186,  56, 101]
2024-11-24T08:43:36.043Z - [LOG] Receive Counter: 0
2024-11-24T08:43:36.115Z - [LOG] Packet Length: 14 Checksum Length: 8
2024-11-24T08:43:36.183Z - [LOG] <10:43:36>: <DEBUG> Checksum matched 4a2ee746976c0a54 == 4a2ee746976c0a54
2024-11-24T08:43:36.185Z - [LOG] id  2
2024-11-24T08:43:36.187Z - [LOG] 2
2024-11-24T08:43:36.188Z - [LOG] <10:43:36>: <DEBUG> onPlayStatus execution time: 0.13ms
2024-11-24T08:43:36.189Z - [LOG] id  6
2024-11-24T08:43:36.192Z - [LOG] 6
2024-11-24T08:43:36.194Z - [LOG] <10:43:36>: <DEBUG> Sending Game PACKET --> 8 | 0x08 2024-11-24T08:43:36.193Z
2024-11-24T08:43:36.196Z - [LOG] <10:43:36>: <DEBUG> sendPacket execution time: 2.51ms
2024-11-24T08:43:36.200Z - [LOG] <10:43:36>: <DEBUG> onResourcePack execution time: 6.67ms
2024-11-24T08:43:38.998Z - [LOG] Header  254
2024-11-24T08:43:39.221Z - [LOG] Payload:  Buffer(53357) [Uint8Array] [  254,  49, 171, 116, 247, 105,   6,  20, 169, 107,  165, 223, 148,  67, 140, 131, 191,  32,  23, 245,  232,  67, 206,   7,   1, 221, 151, 123,  39,  85,  227, 238,  11, 120,  37, 161,  51, 102, 151, 101,  213,  54, 226,   5,  92, 173, 249, 235, 186, 101,  ... 53307 more items]
2024-11-24T08:43:39.229Z - [LOG] Receive Counter: 1
2024-11-24T08:43:39.442Z - [LOG] Packet Length: 53348 Checksum Length: 8
2024-11-24T08:43:39.448Z - [LOG] <10:43:39>: <DEBUG> Checksum matched 3af4f2eaa67c7aca == 3af4f2eaa67c7aca
2024-11-24T08:43:39.457Z - [LOG] id  11
2024-11-24T08:43:39.460Z - [LOG] 11
2024-11-24T08:43:39.497Z - [LOG] <10:43:39>: <DEBUG> Sending Game PACKET --> 69 | 0x45 2024-11-24T08:43:39.497Z
2024-11-24T08:43:39.507Z - [LOG] <10:43:39>: <DEBUG> sendPacket execution time: 10.12ms
2024-11-24T08:43:39.514Z - [LOG] <10:43:39>: <DEBUG> onStartGame execution time: 20.52ms
2024-11-24T08:43:39.520Z - [LOG] id  119
2024-11-24T08:43:39.522Z - [LOG] 119
2024-11-24T08:43:39.544Z - [LOG] id  122
2024-11-24T08:43:39.545Z - [LOG] 122
2024-11-24T08:43:39.551Z - [LOG] id  29
2024-11-24T08:43:39.553Z - [LOG] 29
2024-11-24T08:43:39.555Z - [LOG] id  76
2024-11-24T08:43:39.555Z - [LOG] 76
2024-11-24T08:43:39.558Z - [LOG] id  187
2024-11-24T08:43:39.559Z - [LOG] 187
2024-11-24T08:43:39.561Z - [LOG] id  188
2024-11-24T08:43:39.562Z - [LOG] 188
2024-11-24T08:43:39.562Z - [LOG] id  39
2024-11-24T08:43:39.562Z - [LOG] 39
2024-11-24T08:43:39.567Z - [LOG] id  49
2024-11-24T08:43:39.568Z - [LOG] 49
2024-11-24T08:43:39.570Z - [LOG] id  49
2024-11-24T08:43:39.571Z - [LOG] 49
2024-11-24T08:43:39.572Z - [LOG] id  49
2024-11-24T08:43:39.574Z - [LOG] 49
2024-11-24T08:43:39.575Z - [LOG] id  49
2024-11-24T08:43:39.578Z - [LOG] 49
2024-11-24T08:43:39.579Z - [LOG] id  49
2024-11-24T08:43:39.579Z - [LOG] 49
2024-11-24T08:43:39.585Z - [LOG] id  49
2024-11-24T08:43:39.585Z - [LOG] 49
2024-11-24T08:43:39.586Z - [LOG] id  50
2024-11-24T08:43:39.586Z - [LOG] 50
2024-11-24T08:43:39.587Z - [LOG] id  50
2024-11-24T08:43:39.587Z - [LOG] 50
2024-11-24T08:43:39.587Z - [LOG] id  50
2024-11-24T08:43:39.588Z - [LOG] 50
2024-11-24T08:43:39.588Z - [LOG] id  50
2024-11-24T08:43:39.589Z - [LOG] 50
2024-11-24T08:43:39.589Z - [LOG] id  50
2024-11-24T08:43:39.589Z - [LOG] 50
2024-11-24T08:43:39.590Z - [LOG] id  31
2024-11-24T08:43:39.590Z - [LOG] 31
2024-11-24T08:43:39.592Z - [LOG] id  145
2024-11-24T08:43:39.592Z - [LOG] 145
2024-11-24T08:43:39.633Z - [LOG] id  52
2024-11-24T08:43:39.636Z - [LOG] 52
2024-11-24T08:43:39.863Z - [LOG] id  63
2024-11-24T08:43:39.867Z - [LOG] 63
2024-11-24T08:43:39.878Z - [LOG] id  29
2024-11-24T08:43:39.886Z - [LOG] 29
2024-11-24T08:43:45.509Z - [LOG] Header  254
2024-11-24T08:43:45.517Z - [LOG] Payload:  Buffer(1840) [Uint8Array] [  254, 170, 221,   5, 156, 158,  67, 252, 208, 221,   26, 121,  31, 236,  20, 249,  77,  59,  77,  96,  145,  45, 249,  58,  57,  46, 178, 231, 151,  58,   39,   7, 204, 162, 224,  74, 108,  99, 203, 217,  131,  73, 188,  86,  64,  78, 169,  96,   1,  63,  ... 1790 more items]
2024-11-24T08:43:45.523Z - [LOG] Receive Counter: 2
2024-11-24T08:43:45.528Z - [LOG] Packet Length: 1831 Checksum Length: 8
2024-11-24T08:43:45.532Z - [LOG] <10:43:45>: <ERROR> Decryption error: Checksum mismatch 0b31f0ae5b521a13 != fc4ad7bf1694fa8f
2024-11-24T08:43:45.637Z - [LOG] Header  254
2024-11-24T08:43:45.643Z - [LOG] Payload:  Buffer(1753) [Uint8Array] [  254, 218, 156, 236,  53, 170, 118, 138, 222,  48,  183,   6,  83, 140, 249,  57,  34, 226, 101,  64,  240,  56, 200, 188, 151, 228, 105,   9,  30, 177,  172, 184,  22, 120, 155,  76, 196, 216, 166,  76,  163, 173, 172,  52, 187, 173,  96, 209, 209,  39,  ... 1703 more items]
2024-11-24T08:43:45.654Z - [LOG] Receive Counter: 3
2024-11-24T08:43:45.659Z - [LOG] Packet Length: 1744 Checksum Length: 8
2024-11-24T08:43:45.662Z - [LOG] <10:43:45>: <ERROR> Decryption error: Checksum mismatch b298ace65e26b5b0 != 4d0c21d0b05de75d
2024-11-24T08:43:45.764Z - [LOG] Header  254
2024-11-24T08:43:45.773Z - [LOG] Payload:  Buffer(2012) [Uint8Array] [  254,  32, 150, 163, 164,  76,  20, 212,  38, 193,   93, 159, 128,  13, 202, 157, 183, 250, 244, 207,  207,  15,  23,  66, 157, 192, 211, 194, 247,  87,  194, 149, 150, 176,  32,  21, 208, 154,  20,  54,   59, 235, 238, 121,   4,   4,  74, 138, 142,   2,  ... 1962 more items]
2024-11-24T08:43:45.779Z - [LOG] Receive Counter: 4
2024-11-24T08:43:45.788Z - [LOG] Packet Length: 2003 Checksum Length: 8
2024-11-24T08:43:45.791Z - [LOG] <10:43:45>: <ERROR> Decryption error: Checksum mismatch 262455ea76c19793 != 29d98c5bd34d829a
2024-11-24T08:43:45.891Z - [LOG] Header  254
2024-11-24T08:43:45.899Z - [LOG] Payload:  Buffer(2129) [Uint8Array] [  254, 158, 201,  20, 101, 190, 219, 107, 242,  75,  222,  89, 127,   7, 180, 116, 240, 136,  64, 245,   63,  96, 156, 198, 158, 252,  85, 155,  45, 154,  155, 106, 208, 150,   4, 127,   0, 102, 132,  39,  145,  22, 182, 197, 251,   0,  44, 111,  88, 215,  ... 2079 more items]
2024-11-24T08:43:45.919Z - [LOG] Receive Counter: 5
2024-11-24T08:43:45.928Z - [LOG] Packet Length: 2120 Checksum Length: 8
2024-11-24T08:43:45.933Z - [LOG] <10:43:45>: <ERROR> Decryption error: Checksum mismatch 8677d6d8c568faad != 11b1cac302b0194a
2024-11-24T08:43:46.023Z - [LOG] Header  254
2024-11-24T08:43:46.030Z - [LOG] Payload:  Buffer(1750) [Uint8Array] [  254,  94, 205, 227, 159, 200, 206, 221,  99, 206,  142,  58,  57, 171, 180, 255,  25, 222,  18,  43,   61,  14, 194, 171,  15, 251,  20, 224, 152, 125,  183,   4, 141,  65,  53, 143,  74,  76,  98, 216,  236, 191, 194, 194,  62, 139, 171,  88, 109, 143,  ... 1700 more items]
2024-11-24T08:43:46.127Z - [LOG] Receive Counter: 6
2024-11-24T08:43:46.138Z - [LOG] Packet Length: 1741 Checksum Length: 8
2024-11-24T08:43:46.140Z - [LOG] <10:43:46>: <ERROR> Decryption error: Checksum mismatch 9017ecd2d6748635 != 1fd3ddbb9322de57
