2024-11-23T20:49:42.647Z - [TIME START] Spawn
2024-11-23T20:49:42.650Z - Starting connection...
2024-11-23T20:49:42.701Z - [LOG] <22:49:42>: <DEBUG> setupClientProfile execution time: 0.09ms
2024-11-23T20:49:42.706Z - [LOG] <22:49:42>: <DEBUG> createOfflineSession execution time: 51.28ms
2024-11-23T20:49:42.708Z - [LOG] <22:49:42>: <DEBUG> initializeSession execution time: 54.99ms
2024-11-23T20:49:42.709Z - [LOG] <22:49:42>: <DEBUG> connect execution time: 56.30ms
2024-11-23T20:49:42.737Z - [LOG] <22:49:42>: <DEBUG> setupClientChains execution time: 28.07ms
2024-11-23T20:49:43.627Z - [LOG] <22:49:43>: <DEBUG> handleSessionStart execution time: 14.74ms
2024-11-23T20:49:43.999Z - [LOG] handle
2024-11-23T20:49:44.003Z - [LOG] <22:49:44>: <DEBUG> Sending Game PACKET --> 193 | 0xc1 2024-11-23T20:49:44.002Z
2024-11-23T20:49:44.011Z - [LOG] <22:49:44>: <DEBUG> sendPacket execution time: 8.05ms
2024-11-23T20:49:44.016Z - [TIME END] Spawn: 1370ms
2024-11-23T20:49:44.035Z - [LOG] {  type: 'MCPE',  message: 'PocketMine-MP Server',  protocol: 748,  version: '1.21.40',  playerCount: 0,  maxPlayers: 20,  serverGUID: 959315177832208500,  serverName: 'PocketMine-MP',  gamemode: 'Survival'}
2024-11-23T20:49:44.051Z - Connected successfully: {"type":"MCPE","message":"PocketMine-MP Server","protocol":748,"version":"1.21.40","playerCount":0,"maxPlayers":20,"serverGUID":959315177832208500,"serverName":"PocketMine-MP","gamemode":"Survival"}
2024-11-23T20:49:44.304Z - [LOG] Header  254
2024-11-23T20:49:44.311Z - [LOG] Payload:  Buffer(14) [Uint8Array] [  254, 12, 143, 1, 1, 0,    0,  0,   0, 0, 0, 0,    0,  0]
2024-11-23T20:49:44.315Z - [LOG] id  143
2024-11-23T20:49:44.317Z - [LOG] 143
2024-11-23T20:49:44.320Z - [LOG] <22:49:44>: <DEBUG> S -> C NetworkSettingsPacket
2024-11-23T20:49:44.322Z - [LOG] test
2024-11-23T20:49:44.324Z - [LOG] <22:49:44>: <DEBUG> Sending Game PACKET --> 1 | 0x01 2024-11-23T20:49:44.323Z
2024-11-23T20:49:44.384Z - [LOG] <22:49:44>: <DEBUG> sendPacket execution time: 60.13ms
2024-11-23T20:49:44.396Z - [LOG] <22:49:44>: <DEBUG> sendLoginPacket execution time: 74.53ms
2024-11-23T20:49:44.398Z - [LOG] <22:49:44>: <DEBUG> onNetworkSettings execution time: 78.43ms
2024-11-23T20:49:53.079Z - [LOG] Header  254
2024-11-23T20:49:53.085Z - [LOG] Payload:  Buffer(48) [Uint8Array] [  254, 255, 45,   5,   0,   0,  40,  76, 111, 103,  105, 110, 32, 116, 105, 109, 101, 111, 117, 116,   32,  40, 69, 114, 114, 111, 114,  32,  73,  68,   58,  32, 49, 102,  56,  57,  45,  56,  55,  99,  102,  45, 99,  57,  56,  54,  41,   0]
2024-11-23T20:49:53.093Z - [LOG] id  5
2024-11-23T20:49:53.097Z - [LOG] 5
2024-11-23T20:49:53.100Z - [LOG] <22:49:53>: <INFO> Disconnecting: Login timeout (Error ID: 1f89-87cf-c986)
2024-11-23T20:49:53.107Z - [LOG] DisconnectPacket {  reason: 0,  hideDisconnectScreen: false,  message: DisconnectMessage {    message: 'Login timeout (Error ID: 1f89-87cf-c986)',    filtered: ''  }}
2024-11-23T20:49:53.113Z - Disconnected: {"reason":0,"hideDisconnectScreen":false,"message":{"message":"Login timeout (Error ID: 1f89-87cf-c986)","filtered":""}}
