2024-11-22T19:01:50.110Z - [TIME START] Spawn
2024-11-22T19:01:50.116Z - Starting connection...
2024-11-22T19:01:50.278Z - [LOG] <21:1:50>: <DEBUG> setupClientProfile execution time: 0.08ms
2024-11-22T19:01:50.301Z - [LOG] <21:1:50>: <DEBUG> createOfflineSession execution time: 181.24ms
2024-11-22T19:01:50.321Z - [LOG] <21:1:50>: <DEBUG> initializeSession execution time: 201.39ms
2024-11-22T19:01:50.359Z - [LOG] <21:1:50>: <DEBUG> connect execution time: 208.63ms
2024-11-22T19:01:50.402Z - [LOG] <21:1:50>: <DEBUG> setupClientChains execution time: 23.72ms
2024-11-22T19:01:51.836Z - [LOG] <21:1:51>: <DEBUG> handleSessionStart execution time: 3.91ms
2024-11-22T19:01:52.266Z - [LOG] handle
2024-11-22T19:01:52.271Z - [LOG] <21:1:52>: <DEBUG> Sending Game PACKET --> 193 | 0xc1 2024-11-22T19:01:52.271Z
2024-11-22T19:01:52.279Z - [LOG] <21:1:52>: <DEBUG> sendPacket execution time: 7.95ms
2024-11-22T19:01:52.310Z - [TIME END] Spawn: 2201ms
2024-11-22T19:01:52.324Z - [LOG] {  type: 'MCPE',  message: 'PocketMine-MP Server',  protocol: 748,  version: '1.21.40',  playerCount: 0,  maxPlayers: 20,  serverGUID: 959315177832208500,  serverName: 'PocketMine-MP',  gamemode: 'Survival'}
2024-11-22T19:01:52.345Z - Connected successfully: {"type":"MCPE","message":"PocketMine-MP Server","protocol":748,"version":"1.21.40","playerCount":0,"maxPlayers":20,"serverGUID":959315177832208500,"serverName":"PocketMine-MP","gamemode":"Survival"}
2024-11-22T19:01:52.675Z - [LOG] Header  254
2024-11-22T19:01:52.684Z - [LOG] Payload:  Buffer(14) [Uint8Array] [  254, 12, 143, 1, 1, 0,    0,  0,   0, 0, 0, 0,    0,  0]
2024-11-22T19:01:52.728Z - [LOG] id  143
2024-11-22T19:01:52.747Z - [LOG] 143
2024-11-22T19:01:52.770Z - [LOG] <21:1:52>: <DEBUG> S -> C NetworkSettingsPacket
2024-11-22T19:01:52.780Z - [LOG] test
2024-11-22T19:01:52.782Z - [LOG] <21:1:52>: <DEBUG> Sending Game PACKET --> 1 | 0x01 2024-11-22T19:01:52.782Z
2024-11-22T19:01:52.886Z - [LOG] <21:1:52>: <DEBUG> sendPacket execution time: 103.50ms
2024-11-22T19:01:52.890Z - [LOG] <21:1:52>: <DEBUG> sendLoginPacket execution time: 109.75ms
2024-11-22T19:01:52.894Z - [LOG] <21:1:52>: <DEBUG> onNetworkSettings execution time: 124.28ms
2024-11-22T19:01:53.113Z - [LOG] Header  254
2024-11-22T19:01:53.132Z - [LOG] Payload:  Buffer(359) [Uint8Array] [  254,   0,  21, 207, 201, 110, 171,  48,   0,  64,  209,  69, 190,  39,  79,  14, 132, 182,  89,  62,    6, 131,  73,  48, 194,  96,   3, 222,  32, 166,   48, 185, 132,   6, 202, 244,  69, 149, 250, 147,  109, 247,  87, 186,  58, 223, 135, 195, 215, 161,  ... 309 more items]
2024-11-22T19:01:53.150Z - [LOG] id  3
2024-11-22T19:01:53.164Z - [LOG] 3
2024-11-22T19:01:53.187Z - [LOG] <21:1:53>: <DEBUG> validateKeys execution time: 0.12ms
2024-11-22T19:01:53.373Z - [LOG] <21:1:53>: <DEBUG> createSharedSecret execution time: 186.90ms
2024-11-22T19:01:53.384Z - [LOG] <21:1:53>: <DEBUG> setupEncryption execution time: 7.94ms
2024-11-22T19:01:53.386Z - [LOG] <21:1:53>: <DEBUG> Sending Game PACKET --> 4 | 0x04 2024-11-22T19:01:53.386Z
2024-11-22T19:01:53.393Z - [LOG] <21:1:53>: <DEBUG> sendPacket execution time: 6.64ms
2024-11-22T19:01:53.395Z - [LOG] <21:1:53>: <DEBUG> sendClientToServerHandshake execution time: 9.53ms
2024-11-22T19:01:53.397Z - [LOG] <21:1:53>: <DEBUG> onServerToClientHandshake execution time: 216.22ms
2024-11-22T19:01:53.478Z - [LOG] Header  254
2024-11-22T19:01:53.480Z - [LOG] Payload:  Buffer(23) [Uint8Array] [  254,  84,  75,  61, 229, 135,  229, 108,  51, 154,  15, 186,  176, 144,  82,  22, 204,  89,  126, 241, 116,  87, 179]
2024-11-22T19:01:53.482Z - [LOG] Receive Counter: 0
2024-11-22T19:01:53.495Z - [LOG] Packet Length: 14 Checksum Length: 8
2024-11-22T19:01:53.499Z - [LOG] <21:1:53>: <DEBUG> Checksum matched 9e4467f27cf760db == 9e4467f27cf760db
2024-11-22T19:01:53.501Z - [LOG] id  2
2024-11-22T19:01:53.502Z - [LOG] 2
2024-11-22T19:01:53.504Z - [LOG] <21:1:53>: <DEBUG> onPlayStatus execution time: 0.17ms
2024-11-22T19:01:53.508Z - [LOG] id  6
2024-11-22T19:01:53.509Z - [LOG] 6
2024-11-22T19:01:53.511Z - [LOG] <21:1:53>: <DEBUG> Sending Game PACKET --> 8 | 0x08 2024-11-22T19:01:53.511Z
2024-11-22T19:01:53.518Z - [LOG] <21:1:53>: <DEBUG> sendPacket execution time: 6.35ms
2024-11-22T19:01:53.519Z - [LOG] <21:1:53>: <DEBUG> onResourcePack execution time: 8.07ms
2024-11-22T19:01:53.748Z - [LOG] Header  254
2024-11-22T19:01:53.760Z - [LOG] Payload:  Buffer(1432) [Uint8Array] [  254, 231,  70, 114, 164, 184,  89, 162, 112, 237,  204,  90, 207, 188, 192,  31, 169, 190, 182, 243,  243,  18, 205, 150, 201,  69, 150,  16, 227, 171,  118, 184, 193,  57,  13, 113, 112, 184, 149,   7,   66, 186, 249,   9,  34,  15, 144, 241,  51, 228,  ... 1382 more items]
2024-11-22T19:01:53.769Z - [LOG] Receive Counter: 1
2024-11-22T19:01:53.802Z - [LOG] Packet Length: 1423 Checksum Length: 8
2024-11-22T19:01:53.817Z - [LOG] <21:1:53>: <ERROR> Decryption error: Checksum mismatch 733066e8507eda89 != 1ec0912603209a55
