2024-11-23T20:11:07.866Z - [TIME START] Spawn
2024-11-23T20:11:07.871Z - Starting connection...
2024-11-23T20:11:07.980Z - [LOG] <22:11:7>: <DEBUG> setupClientProfile execution time: 0.07ms
2024-11-23T20:11:07.986Z - [LOG] <22:11:7>: <DEBUG> createOfflineSession execution time: 109.34ms
2024-11-23T20:11:07.989Z - [LOG] <22:11:7>: <DEBUG> initializeSession execution time: 113.16ms
2024-11-23T20:11:07.989Z - [LOG] <22:11:7>: <DEBUG> connect execution time: 114.51ms
2024-11-23T20:11:08.015Z - [LOG] <22:11:8>: <DEBUG> setupClientChains execution time: 24.32ms
2024-11-23T20:11:08.878Z - [LOG] <22:11:8>: <DEBUG> handleSessionStart execution time: 5.18ms
2024-11-23T20:11:09.269Z - [LOG] handle
2024-11-23T20:11:09.290Z - [LOG] <22:11:9>: <DEBUG> Sending Game PACKET --> 193 | 0xc1 2024-11-23T20:11:09.289Z
2024-11-23T20:11:09.301Z - [LOG] <22:11:9>: <DEBUG> sendPacket execution time: 22.75ms
2024-11-23T20:11:09.324Z - [TIME END] Spawn: 1458ms
2024-11-23T20:11:09.347Z - [LOG] {  type: 'MCPE',  message: 'PocketMine-MP Server',  protocol: 748,  version: '1.21.40',  playerCount: 0,  maxPlayers: 20,  serverGUID: 959315177832208500,  serverName: 'PocketMine-MP',  gamemode: 'Survival'}
2024-11-23T20:11:09.356Z - Connected successfully: {"type":"MCPE","message":"PocketMine-MP Server","protocol":748,"version":"1.21.40","playerCount":0,"maxPlayers":20,"serverGUID":959315177832208500,"serverName":"PocketMine-MP","gamemode":"Survival"}
2024-11-23T20:11:09.678Z - [LOG] Header  254
2024-11-23T20:11:09.693Z - [LOG] Payload:  Buffer(14) [Uint8Array] [  254, 12, 143, 1, 1, 0,    0,  0,   0, 0, 0, 0,    0,  0]
2024-11-23T20:11:09.698Z - [LOG] id  143
2024-11-23T20:11:09.701Z - [LOG] 143
2024-11-23T20:11:09.703Z - [LOG] <22:11:9>: <DEBUG> S -> C NetworkSettingsPacket
2024-11-23T20:11:09.705Z - [LOG] test
2024-11-23T20:11:09.708Z - [LOG] <22:11:9>: <DEBUG> Sending Game PACKET --> 1 | 0x01 2024-11-23T20:11:09.708Z
2024-11-23T20:11:09.774Z - [LOG] <22:11:9>: <DEBUG> sendPacket execution time: 65.71ms
2024-11-23T20:11:09.794Z - [LOG] <22:11:9>: <DEBUG> sendLoginPacket execution time: 89.53ms
2024-11-23T20:11:09.804Z - [LOG] <22:11:9>: <DEBUG> onNetworkSettings execution time: 101.86ms
2024-11-23T20:11:10.100Z - [LOG] Header  254
2024-11-23T20:11:10.123Z - [LOG] Payload:  Buffer(359) [Uint8Array] [  254,   0,  21, 207, 219, 142, 162,  48,   0, 128,  225,  11, 223, 103,  83,  96, 144, 245,  82, 132,   66,  81,  74,  40, 180,  72, 111,  12,  45, 174,   28,  42, 195, 112,  80, 224, 137,  54, 217, 151,  220, 153, 251,  63, 249, 243, 253, 219, 237, 254,  ... 309 more items]
2024-11-23T20:11:10.153Z - [LOG] id  3
2024-11-23T20:11:10.157Z - [LOG] 3
2024-11-23T20:11:10.182Z - [LOG] <22:11:10>: <DEBUG> validateKeys execution time: 0.11ms
2024-11-23T20:11:10.329Z - [LOG] <22:11:10>: <DEBUG> createSharedSecret execution time: 147.49ms
2024-11-23T20:11:10.338Z - [LOG] <22:11:10>: <DEBUG> setupEncryption execution time: 5.70ms
2024-11-23T20:11:10.341Z - [LOG] <22:11:10>: <DEBUG> Sending Game PACKET --> 4 | 0x04 2024-11-23T20:11:10.341Z
2024-11-23T20:11:10.354Z - [LOG] <22:11:10>: <DEBUG> sendPacket execution time: 12.65ms
2024-11-23T20:11:10.364Z - [LOG] <22:11:10>: <DEBUG> sendClientToServerHandshake execution time: 23.42ms
2024-11-23T20:11:10.377Z - [LOG] <22:11:10>: <DEBUG> onServerToClientHandshake execution time: 200.60ms
2024-11-23T20:11:10.571Z - [LOG] Header  254
2024-11-23T20:11:10.579Z - [LOG] Payload:  Buffer(23) [Uint8Array] [  254, 61,  93,  79, 239, 170, 157,   82,  0,  85, 171, 140,  48, 219,   11, 14, 129, 190,  19, 121, 130,  187, 83]
2024-11-23T20:11:10.583Z - [LOG] Receive Counter: 0
2024-11-23T20:11:10.587Z - [LOG] Packet Length: 14 Checksum Length: 8
2024-11-23T20:11:10.616Z - [LOG] <22:11:10>: <DEBUG> Checksum matched f408347f62bb2087 == f408347f62bb2087
2024-11-23T20:11:10.631Z - [LOG] id  2
2024-11-23T20:11:10.635Z - [LOG] 2
2024-11-23T20:11:10.637Z - [LOG] <22:11:10>: <DEBUG> onPlayStatus execution time: 0.17ms
2024-11-23T20:11:10.638Z - [LOG] id  6
2024-11-23T20:11:10.656Z - [LOG] 6
2024-11-23T20:11:10.658Z - [LOG] <22:11:10>: <DEBUG> Sending Game PACKET --> 8 | 0x08 2024-11-23T20:11:10.658Z
2024-11-23T20:11:10.661Z - [LOG] <22:11:10>: <DEBUG> sendPacket execution time: 2.50ms
2024-11-23T20:11:10.661Z - [LOG] <22:11:10>: <DEBUG> onResourcePack execution time: 3.49ms
2024-11-23T20:11:13.944Z - [LOG] Header  254
2024-11-23T20:11:14.313Z - [LOG] Payload:  Buffer(53358) [Uint8Array] [  254, 118, 205, 197,  61, 107,  19, 173, 160,  24,  198,  39, 208,  55, 128,  45, 238, 111, 233, 203,   16,   9, 108,  60, 224,  65, 177, 184, 159, 196,  194,  88,  78,  38, 111,   4, 193, 193, 134, 187,  189,  52, 247,  86, 140,  36, 216,  60,  72, 187,  ... 53308 more items]
2024-11-23T20:11:14.321Z - [LOG] Receive Counter: 1
2024-11-23T20:11:14.667Z - [LOG] Packet Length: 53349 Checksum Length: 8
2024-11-23T20:11:14.673Z - [LOG] <22:11:14>: <DEBUG> Checksum matched 7183ab753491bda6 == 7183ab753491bda6
2024-11-23T20:11:14.684Z - [LOG] id  11
2024-11-23T20:11:14.688Z - [LOG] 11
2024-11-23T20:11:14.748Z - [LOG] <22:11:14>: <DEBUG> Sending Game PACKET --> 69 | 0x45 2024-11-23T20:11:14.748Z
2024-11-23T20:11:14.756Z - [LOG] <22:11:14>: <DEBUG> sendPacket execution time: 7.93ms
2024-11-23T20:11:14.759Z - [LOG] <22:11:14>: <DEBUG> onStartGame execution time: 15.08ms
2024-11-23T20:11:14.764Z - [LOG] id  119
2024-11-23T20:11:14.766Z - [LOG] 119
2024-11-23T20:11:14.798Z - [LOG] id  122
2024-11-23T20:11:14.803Z - [LOG] 122
2024-11-23T20:11:14.805Z - [LOG] id  29
2024-11-23T20:11:14.806Z - [LOG] 29
2024-11-23T20:11:14.807Z - [LOG] id  76
2024-11-23T20:11:14.808Z - [LOG] 76
2024-11-23T20:11:14.811Z - [LOG] id  187
2024-11-23T20:11:14.812Z - [LOG] 187
2024-11-23T20:11:14.817Z - [LOG] id  188
2024-11-23T20:11:14.818Z - [LOG] 188
2024-11-23T20:11:14.825Z - [LOG] id  39
2024-11-23T20:11:14.826Z - [LOG] 39
2024-11-23T20:11:14.834Z - [LOG] id  49
2024-11-23T20:11:14.841Z - [LOG] 49
2024-11-23T20:11:14.845Z - [LOG] id  49
2024-11-23T20:11:14.859Z - [LOG] 49
2024-11-23T20:11:14.866Z - [LOG] id  49
2024-11-23T20:11:14.868Z - [LOG] 49
2024-11-23T20:11:14.875Z - [LOG] id  49
2024-11-23T20:11:14.877Z - [LOG] 49
2024-11-23T20:11:14.886Z - [LOG] id  49
2024-11-23T20:11:14.887Z - [LOG] 49
2024-11-23T20:11:14.887Z - [LOG] id  49
2024-11-23T20:11:14.889Z - [LOG] 49
2024-11-23T20:11:14.892Z - [LOG] id  50
2024-11-23T20:11:14.893Z - [LOG] 50
2024-11-23T20:11:14.894Z - [LOG] id  50
2024-11-23T20:11:14.894Z - [LOG] 50
2024-11-23T20:11:14.901Z - [LOG] id  50
2024-11-23T20:11:14.918Z - [LOG] 50
2024-11-23T20:11:14.921Z - [LOG] id  50
2024-11-23T20:11:14.923Z - [LOG] 50
2024-11-23T20:11:14.924Z - [LOG] id  50
2024-11-23T20:11:14.925Z - [LOG] 50
2024-11-23T20:11:14.926Z - [LOG] id  31
2024-11-23T20:11:14.927Z - [LOG] 31
2024-11-23T20:11:14.934Z - [LOG] id  145
2024-11-23T20:11:14.934Z - [LOG] 145
2024-11-23T20:11:15.048Z - [LOG] id  52
2024-11-23T20:11:15.141Z - [LOG] 52
2024-11-23T20:11:15.638Z - [LOG] id  63
2024-11-23T20:11:15.724Z - [LOG] 63
2024-11-23T20:11:15.804Z - [LOG] id  29
2024-11-23T20:11:15.857Z - [LOG] 29
2024-11-23T20:11:21.184Z - [LOG] Header  254
2024-11-23T20:11:21.209Z - [LOG] Payload:  Buffer(1840) [Uint8Array] [  254, 247,   8,  43,  74, 232, 123, 177,  61,  49,  224,   2,  24, 226,  17, 114,  61, 116,   2, 209,   51, 128,  18, 106, 251, 124, 105, 235,  64, 169,  188, 211, 135,  65, 153, 120, 122,  60,  65, 197,  143, 124,  22, 172,  34,  59,   3, 118, 198,  86,  ... 1790 more items]
2024-11-23T20:11:21.225Z - [LOG] Receive Counter: 2
2024-11-23T20:11:21.233Z - [LOG] Packet Length: 1831 Checksum Length: 8
2024-11-23T20:11:21.236Z - [LOG] <22:11:21>: <ERROR> Decryption error: Checksum mismatch 02544d30e2d91ccf != b4fffafbb63dd17f
2024-11-23T20:11:21.307Z - [LOG] Header  254
2024-11-23T20:11:21.313Z - [LOG] Payload:  Buffer(1753) [Uint8Array] [  254,  60,  15, 104, 239, 132,  58, 126,  47,  52,  224, 160, 161,  96,   1, 182,  72,  41,  74, 123,  150,  26, 224,  12, 255, 172,  52,  47, 170,  71,   22,  64, 211, 211,  19, 220, 143, 164, 185,  10,  255,  49,  68,  25,  90,  31, 213, 123,  27,   4,  ... 1703 more items]
2024-11-23T20:11:21.322Z - [LOG] Receive Counter: 3
2024-11-23T20:11:21.326Z - [LOG] Packet Length: 1744 Checksum Length: 8
2024-11-23T20:11:21.327Z - [LOG] <22:11:21>: <ERROR> Decryption error: Checksum mismatch 6ae5a2c327a16f81 != 9606f8f466b22bc7
2024-11-23T20:11:21.435Z - [LOG] Header  254
2024-11-23T20:11:21.442Z - [LOG] Payload:  Buffer(2012) [Uint8Array] [  254, 113, 134,  60, 137,  50,  11, 231,   2,  25,  117, 103, 170, 167, 171,   6,  34, 182,  61, 220,  103, 195, 226, 197, 138, 140,  96,  74,  99,  83,  125, 145,  84, 194, 123, 108, 210,   2, 171, 176,  195, 222,  43,  52, 250, 161, 189, 196, 151, 107,  ... 1962 more items]
2024-11-23T20:11:21.453Z - [LOG] Receive Counter: 4
2024-11-23T20:11:21.458Z - [LOG] Packet Length: 2003 Checksum Length: 8
2024-11-23T20:11:21.461Z - [LOG] <22:11:21>: <ERROR> Decryption error: Checksum mismatch c082ac5fcc76201d != 7ef7172874ba3031
2024-11-23T20:11:21.560Z - [LOG] Header  254
2024-11-23T20:11:21.569Z - [LOG] Payload:  Buffer(2129) [Uint8Array] [  254,  98,  16,  5,  79, 225, 120, 230, 154,   5,   88,  22,  90, 11,  36,  69, 226, 111,  46, 195,   91, 116,  77, 25, 166,  25,  36,  47,  61, 117,   20,  46,  44, 37, 246, 210,  19, 246,  75, 130,  141, 119, 197, 28,  11, 210,  97, 209,  31, 143,  ... 2079 more items]
2024-11-23T20:11:21.582Z - [LOG] Receive Counter: 5
2024-11-23T20:11:21.586Z - [LOG] Packet Length: 2120 Checksum Length: 8
2024-11-23T20:11:21.588Z - [LOG] <22:11:21>: <ERROR> Decryption error: Checksum mismatch c41d9086f1668215 != f2aa196bb8828f73
2024-11-23T20:11:21.688Z - [LOG] Header  254
2024-11-23T20:11:21.708Z - [LOG] Payload:  Buffer(1750) [Uint8Array] [  254,  53, 195, 255,  75, 207, 211,  34, 106,   0,  198, 209, 153, 100,  80, 124, 165, 244, 230, 237,  237, 133, 239,  46, 240, 162, 241, 208,   6, 111,  236, 111,  69, 240,  27,  63,  47,  95, 207, 165,   25,  54, 136, 192, 189, 141, 151, 152,  51, 108,  ... 1700 more items]
2024-11-23T20:11:21.723Z - [LOG] Receive Counter: 6
2024-11-23T20:11:21.727Z - [LOG] Packet Length: 1741 Checksum Length: 8
2024-11-23T20:11:21.728Z - [LOG] <22:11:21>: <ERROR> Decryption error: Checksum mismatch ca107ec1f3a032bb != 69f860f502bcdcb9
2024-11-23T20:11:21.809Z - [LOG] Header  254
2024-11-23T20:11:21.816Z - [LOG] Payload:  Buffer(1609) [Uint8Array] [  254, 183, 203, 249, 192,  93, 104, 150,  93,  51,  150, 160,  80, 243,  87,   3,  63,  72, 164, 105,   38,  12, 195,  80,   4, 114, 242, 226, 211, 112,   45, 101,  67, 221,  81,  37, 133,  16,  95, 200,  126,  73, 150, 201, 152, 107, 119,  46, 115, 247,  ... 1559 more items]
2024-11-23T20:11:21.824Z - [LOG] Receive Counter: 7
2024-11-23T20:11:21.829Z - [LOG] Packet Length: 1600 Checksum Length: 8
2024-11-23T20:11:21.832Z - [LOG] <22:11:21>: <ERROR> Decryption error: Checksum mismatch d5547934f73a6153 != 275b8e7ad2c968cb
2024-11-23T20:11:21.941Z - [LOG] Header  254
2024-11-23T20:11:21.947Z - [LOG] Payload:  Buffer(1757) [Uint8Array] [  254,  14,  51, 231,  30, 133, 152, 162,  86,  40,   23, 146, 155,  36,  19,  27, 195,  43, 239,  22,   39, 128,  23, 236, 184, 146,  29,  57, 249, 160,   43,   5,  69,  76, 186, 108,  94, 149, 241,  35,  240, 215, 249, 219,  29,   0, 213,  30, 155, 197,  ... 1707 more items]
2024-11-23T20:11:21.959Z - [LOG] Receive Counter: 8
2024-11-23T20:11:21.962Z - [LOG] Packet Length: 1748 Checksum Length: 8
2024-11-23T20:11:21.964Z - [LOG] <22:11:21>: <ERROR> Decryption error: Checksum mismatch c3ad09936f08dc96 != 7e7bcc209d39d476
2024-11-23T20:11:22.080Z - [LOG] Header  254
2024-11-23T20:11:22.089Z - [LOG] Payload:  Buffer(1902) [Uint8Array] [  254, 108, 207, 155, 247, 147,  69, 165,  16,   6,    8,  55, 179, 222, 157,  80, 112, 168,   9, 218,   87, 248,  96,  31, 249, 221, 162, 126,  40,  34,   10, 102, 140,  80,  92,  26,  29, 131, 202, 128,  159,   1, 123,  88, 203, 134, 132, 218, 237,  69,  ... 1852 more items]
2024-11-23T20:11:22.098Z - [LOG] Receive Counter: 9
2024-11-23T20:11:22.102Z - [LOG] Packet Length: 1893 Checksum Length: 8
2024-11-23T20:11:22.105Z - [LOG] <22:11:22>: <ERROR> Decryption error: Checksum mismatch 582e69d1351b38f1 != cdd2ad9a2531b9fb
2024-11-23T20:11:22.902Z - [LOG] Header  254
2024-11-23T20:11:22.906Z - [LOG] Payload:  Buffer(1691) [Uint8Array] [  254, 104, 181, 250, 212, 239, 160, 253, 125, 120,   65, 147, 216, 197, 213,  43,  58, 205,  15,   4,  203, 240,  43, 130,  57, 118, 250, 121,  90, 237,   46,  18,  48,  50,  11, 124, 243,  84, 107,  46,  101,  96,  76, 164, 204, 237, 123, 241,  77, 101,  ... 1641 more items]
2024-11-23T20:11:22.912Z - [LOG] Receive Counter: 10
2024-11-23T20:11:22.914Z - [LOG] Packet Length: 1682 Checksum Length: 8
2024-11-23T20:11:22.915Z - [LOG] <22:11:22>: <ERROR> Decryption error: Checksum mismatch 00b7deb9fff7ad3a != 5d5fa2a8adb9272e
2024-11-23T20:11:35.522Z - [LOG] Header  254
2024-11-23T20:11:35.526Z - [LOG] Payload:  Buffer(1481) [Uint8Array] [  254, 172, 114, 193, 172, 200, 137, 156,  29,  18,  238,  44, 168, 219, 150,  10, 235,  35, 107,  69,   43, 153, 221, 109, 200, 139, 178, 221, 149, 117,   28, 158, 125,  75, 162, 172, 120,  38,  78,  33,  115,  74, 205, 220, 190,  61,  40,  54, 104, 234,  ... 1431 more items]
2024-11-23T20:11:35.548Z - [LOG] Receive Counter: 11
2024-11-23T20:11:35.557Z - [LOG] Packet Length: 1472 Checksum Length: 8
2024-11-23T20:11:35.559Z - [LOG] <22:11:35>: <ERROR> Decryption error: Checksum mismatch 35ef3d8da9836c2c != cd37695ce45e6cdd
2024-11-23T20:11:52.506Z - [LOG] Header  254
2024-11-23T20:11:52.546Z - [LOG] Payload:  Buffer(1735) [Uint8Array] [  254,  59, 177, 170, 248,  83,  55, 243,  83,  22,   50, 144, 210,  33, 122,  52, 162, 253,  68,  14,  128,  19, 140,  57, 124, 149, 122, 253,  51,  77,   87, 255,  98,   3, 150,  51, 253,  79, 191, 234,    4,  65,   3,  80,  90, 146, 117,  80,  26, 255,  ... 1685 more items]
2024-11-23T20:11:52.575Z - [LOG] Receive Counter: 12
2024-11-23T20:11:52.582Z - [LOG] Packet Length: 1726 Checksum Length: 8
2024-11-23T20:11:52.585Z - [LOG] <22:11:52>: <ERROR> Decryption error: Checksum mismatch 68e5662e2164cd0f != 3c63adbc3ae8f0ec
2024-11-23T20:11:53.093Z - [LOG] Header  254
2024-11-23T20:11:53.106Z - [LOG] Payload:  Buffer(1740) [Uint8Array] [  254,  99,  61, 231, 165, 202, 191, 196,  73, 113,  129, 120, 218, 195,  39, 103, 144, 153,  55,  14,  167,  22,  14,  96,  38,  43,  95,  24,  37, 145,  184, 195, 108, 108, 254, 254, 154,  33, 126,  69,   55,  71,  54, 164,  46, 129, 222,  88, 254, 127,  ... 1690 more items]
2024-11-23T20:11:53.134Z - [LOG] Receive Counter: 13
2024-11-23T20:11:53.145Z - [LOG] Packet Length: 1731 Checksum Length: 8
2024-11-23T20:11:53.148Z - [LOG] <22:11:53>: <ERROR> Decryption error: Checksum mismatch 0d2dcbed4263405d != 2bc9358002e81d28
2024-11-23T20:12:12.318Z - [LOG] Header  254
2024-11-23T20:12:12.346Z - [LOG] Payload:  Buffer(1757) [Uint8Array] [  254,  14,  51, 231,  30, 133, 152, 162,  86,  40,   23, 146, 155,  36,  19,  27, 195,  43, 239,  22,   39, 128,  23, 236, 184, 146,  29,  57, 249, 160,   43,   5,  69,  76, 186, 108,  94, 149, 241,  35,  240, 215, 249, 219,  29,   0, 213,  30, 155, 197,  ... 1707 more items]
2024-11-23T20:12:12.367Z - [LOG] Receive Counter: 14
2024-11-23T20:12:12.379Z - [LOG] Packet Length: 1748 Checksum Length: 8
2024-11-23T20:12:12.382Z - [LOG] <22:12:12>: <ERROR> Decryption error: Checksum mismatch 492be6f94369788e != faf2906c7cdde55b
2024-11-23T20:12:17.689Z - [LOG] Header  254
2024-11-23T20:12:17.701Z - [LOG] Payload:  Buffer(1735) [Uint8Array] [  254,  59, 177, 170, 248,  83,  55, 243,  83,  22,   50, 144, 210,  33, 122,  52, 162, 253,  68,  14,  128,  19, 140,  57, 124, 149, 122, 253,  51,  77,   87, 255,  98,   3, 150,  51, 253,  79, 191, 234,    4,  65,   3,  80,  90, 146, 117,  80,  26, 255,  ... 1685 more items]
2024-11-23T20:12:17.738Z - [LOG] Receive Counter: 15
2024-11-23T20:12:17.745Z - [LOG] Packet Length: 1726 Checksum Length: 8
2024-11-23T20:12:17.748Z - [LOG] <22:12:17>: <ERROR> Decryption error: Checksum mismatch 673acadaa0a9d15b != d4dfff62f3edafe7
2024-11-23T20:12:20.953Z - [LOG] Header  254
2024-11-23T20:12:21.069Z - [LOG] Payload:  Buffer(1470) [Uint8Array] [  254, 237, 248, 220,  86,  12, 164,  73, 148,  209, 216, 204,  18,  10,  79, 210, 175, 227,  232, 209, 233,  28,  49, 114,  91,  47, 205,  199, 174, 187, 192, 121, 229, 174, 148, 135,  173, 235, 214, 140,  83, 232, 194, 123, 110,  196, 174, 175, 127, 254,  ... 1420 more items]
2024-11-23T20:12:21.096Z - [LOG] Receive Counter: 16
2024-11-23T20:12:21.100Z - [LOG] Packet Length: 1461 Checksum Length: 8
2024-11-23T20:12:21.102Z - [LOG] <22:12:21>: <ERROR> Decryption error: Checksum mismatch e5bf8538fc51187b != db378899419bbc54
2024-11-23T20:12:21.988Z - [LOG] Header  254
2024-11-23T20:12:22.013Z - [LOG] Payload:  Buffer(1680) [Uint8Array] [  254,  44,  85,  96,  99, 128, 233, 197, 244,  63,   93,  61, 232, 143,  62, 187, 172, 137, 167, 228,  221,   6,  35, 207, 207,  93, 111, 250,  95, 174,  206, 158, 220,  39, 213,  81, 150, 204, 205,  24,   38, 139, 204,  42, 186, 101,  44, 199,  66, 111,  ... 1630 more items]
2024-11-23T20:12:22.034Z - [LOG] Receive Counter: 17
2024-11-23T20:12:22.036Z - [LOG] Packet Length: 1671 Checksum Length: 8
2024-11-23T20:12:22.068Z - [LOG] <22:12:22>: <ERROR> Decryption error: Checksum mismatch 349a68ee8541f102 != cb54b8bdc3b8c1ac
2024-11-23T20:12:22.790Z - [LOG] Header  254
2024-11-23T20:12:22.970Z - [LOG] Payload:  Buffer(1735) [Uint8Array] [  254,  59, 177, 170, 248,  83,  55, 243,  83,  22,   50, 144, 210,  33, 122,  52, 162, 253,  68,  14,  128,  19, 140,  57, 124, 149, 122, 253,  51,  77,   87, 255,  98,   3, 150,  51, 253,  79, 191, 234,    4,  65,   3,  80,  90, 146, 117,  80,  26, 255,  ... 1685 more items]
2024-11-23T20:12:23.007Z - [LOG] Receive Counter: 18
2024-11-23T20:12:23.020Z - [LOG] Packet Length: 1726 Checksum Length: 8
2024-11-23T20:12:23.024Z - [LOG] <22:12:23>: <ERROR> Decryption error: Checksum mismatch 68234dbaadc119c5 != 4133ec786bef44a5
2024-11-23T20:12:23.992Z - [LOG] Header  254
2024-11-23T20:12:24.083Z - [LOG] Payload:  Buffer(1470) [Uint8Array] [  254, 237, 248, 220,  86,  12, 164,  73, 148,  209, 216, 204,  18,  10,  79, 210, 175, 227,  232, 209, 233,  28,  49, 114,  91,  47, 205,  199, 174, 187, 192, 121, 229, 174, 148, 135,  173, 235, 214, 140,  83, 232, 194, 123, 110,  196, 174, 175, 127, 254,  ... 1420 more items]
2024-11-23T20:12:24.123Z - [LOG] Receive Counter: 19
2024-11-23T20:12:24.133Z - [LOG] Packet Length: 1461 Checksum Length: 8
2024-11-23T20:12:24.139Z - [LOG] <22:12:24>: <ERROR> Decryption error: Checksum mismatch 64ae11d3906ff903 != dfe2a0de717b627e
2024-11-23T20:12:25.446Z - [LOG] Header  254
2024-11-23T20:12:25.454Z - [LOG] Payload:  Buffer(1735) [Uint8Array] [  254,  59, 177, 170, 248,  83,  55, 243,  83,  22,   50, 144, 210,  33, 122,  52, 162, 253,  68,  14,  128,  19, 140,  57, 124, 149, 122, 253,  51,  77,   87, 255,  98,   3, 150,  51, 253,  79, 191, 234,    4,  65,   3,  80,  90, 146, 117,  80,  26, 255,  ... 1685 more items]
2024-11-23T20:12:25.639Z - [LOG] Receive Counter: 20
2024-11-23T20:12:25.669Z - [LOG] Packet Length: 1726 Checksum Length: 8
2024-11-23T20:12:25.671Z - [LOG] <22:12:25>: <ERROR> Decryption error: Checksum mismatch 06e18d8e21a85a95 != 26986f77e5efdbc7
2024-11-23T20:12:28.949Z - [LOG] Header  254
2024-11-23T20:12:28.965Z - [LOG] Payload:  Buffer(1470) [Uint8Array] [  254, 237, 248, 220,  86,  12, 164,  73, 148,  209, 216, 204,  18,  10,  79, 210, 175, 227,  232, 209, 233,  28,  49, 114,  91,  47, 205,  199, 174, 187, 192, 121, 229, 174, 148, 135,  173, 235, 214, 140,  83, 232, 194, 123, 110,  196, 174, 175, 127, 254,  ... 1420 more items]
2024-11-23T20:12:28.979Z - [LOG] Receive Counter: 21
2024-11-23T20:12:28.984Z - [LOG] Packet Length: 1461 Checksum Length: 8
2024-11-23T20:12:28.991Z - [LOG] <22:12:28>: <ERROR> Decryption error: Checksum mismatch e8f8a82f1ebeba9f != 77de64f2f290c6a1
2024-11-23T20:12:31.639Z - [LOG] Header  254
2024-11-23T20:12:31.773Z - [LOG] Payload:  Buffer(1680) [Uint8Array] [  254,  44,  85,  96,  99, 128, 233, 197, 244,  63,   93,  61, 232, 143,  62, 187, 172, 137, 167, 228,  221,   6,  35, 207, 207,  93, 111, 250,  95, 174,  206, 158, 220,  39, 213,  81, 150, 204, 205,  24,   38, 139, 204,  42, 186, 101,  44, 199,  66, 111,  ... 1630 more items]
2024-11-23T20:12:32.032Z - [LOG] Receive Counter: 22
2024-11-23T20:12:32.047Z - [LOG] Packet Length: 1671 Checksum Length: 8
2024-11-23T20:12:32.055Z - [LOG] <22:12:32>: <ERROR> Decryption error: Checksum mismatch fed94a36040685c6 != d089323db948c258
2024-11-23T20:12:33.502Z - [LOG] Header  254
2024-11-23T20:12:33.531Z - [LOG] Payload:  Buffer(1470) [Uint8Array] [  254, 237, 248, 220,  86,  12, 164,  73, 148,  209, 216, 204,  18,  10,  79, 210, 175, 227,  232, 209, 233,  28,  49, 114,  91,  47, 205,  199, 174, 187, 192, 121, 229, 174, 148, 135,  173, 235, 214, 140,  83, 232, 194, 123, 110,  196, 174, 175, 127, 254,  ... 1420 more items]
2024-11-23T20:12:33.600Z - [LOG] Receive Counter: 23
2024-11-23T20:12:33.612Z - [LOG] Packet Length: 1461 Checksum Length: 8
2024-11-23T20:12:33.619Z - [LOG] <22:12:33>: <ERROR> Decryption error: Checksum mismatch e1d1dcad581ecca0 != 27ea946d85e4dd9d
2024-11-23T20:12:34.716Z - [LOG] Header  254
2024-11-23T20:12:34.723Z - [LOG] Payload:  Buffer(1735) [Uint8Array] [  254,  59, 177, 170, 248,  83,  55, 243,  83,  22,   50, 144, 210,  33, 122,  52, 162, 253,  68,  14,  128,  19, 140,  57, 124, 149, 122, 253,  51,  77,   87, 255,  98,   3, 150,  51, 253,  79, 191, 234,    4,  65,   3,  80,  90, 146, 117,  80,  26, 255,  ... 1685 more items]
2024-11-23T20:12:34.779Z - [LOG] Receive Counter: 24
2024-11-23T20:12:34.783Z - [LOG] Packet Length: 1726 Checksum Length: 8
2024-11-23T20:12:34.785Z - [LOG] <22:12:34>: <ERROR> Decryption error: Checksum mismatch 13e004ead1e4da12 != 38066a6a3281a94c
2024-11-23T20:12:36.056Z - [LOG] Header  254
2024-11-23T20:12:36.123Z - [LOG] Payload:  Buffer(1680) [Uint8Array] [  254,  44,  85,  96,  99, 128, 233, 197, 244,  63,   93,  61, 232, 143,  62, 187, 172, 137, 167, 228,  221,   6,  35, 207, 207,  93, 111, 250,  95, 174,  206, 158, 220,  39, 213,  81, 150, 204, 205,  24,   38, 139, 204,  42, 186, 101,  44, 199,  66, 111,  ... 1630 more items]
2024-11-23T20:12:36.236Z - [LOG] Receive Counter: 25
2024-11-23T20:12:36.252Z - [LOG] Packet Length: 1671 Checksum Length: 8
2024-11-23T20:12:36.255Z - [LOG] <22:12:36>: <ERROR> Decryption error: Checksum mismatch 4ee9876ce7541d1b != 28b0e8f561052f25
2024-11-23T20:12:37.140Z - [LOG] Header  254
2024-11-23T20:12:37.185Z - [LOG] Payload:  Buffer(1757) [Uint8Array] [  254,  14,  51, 231,  30, 133, 152, 162,  86,  40,   23, 146, 155,  36,  19,  27, 195,  43, 239,  22,   39, 128,  23, 236, 184, 146,  29,  57, 249, 160,   43,   5,  69,  76, 186, 108,  94, 149, 241,  35,  240, 215, 249, 219,  29,   0, 213,  30, 155, 197,  ... 1707 more items]
2024-11-23T20:12:37.218Z - [LOG] Receive Counter: 26
2024-11-23T20:12:37.222Z - [LOG] Packet Length: 1748 Checksum Length: 8
2024-11-23T20:12:37.269Z - [LOG] <22:12:37>: <ERROR> Decryption error: Checksum mismatch 2a77cd01cc894c97 != 4109af404dd2e4d2
2024-11-23T20:12:38.902Z - [LOG] Header  254
2024-11-23T20:12:38.941Z - [LOG] Payload:  Buffer(1680) [Uint8Array] [  254,  44,  85,  96,  99, 128, 233, 197, 244,  63,   93,  61, 232, 143,  62, 187, 172, 137, 167, 228,  221,   6,  35, 207, 207,  93, 111, 250,  95, 174,  206, 158, 220,  39, 213,  81, 150, 204, 205,  24,   38, 139, 204,  42, 186, 101,  44, 199,  66, 111,  ... 1630 more items]
2024-11-23T20:12:38.957Z - [LOG] Receive Counter: 27
2024-11-23T20:12:38.989Z - [LOG] Packet Length: 1671 Checksum Length: 8
2024-11-23T20:12:38.997Z - [LOG] <22:12:38>: <ERROR> Decryption error: Checksum mismatch d3fbed2d411c8c7e != dd01ae04afeb32ca
2024-11-23T20:12:39.006Z - [LOG] Header  254
2024-11-23T20:12:39.019Z - [LOG] Payload:  Buffer(1578) [Uint8Array] [  254, 230, 156,  14,  70, 117,  64,  18,  11,  10,   31, 211,  71, 229, 217, 133,  13,  72,  41, 124,    8, 222, 167, 167, 172, 215,  79, 234, 252, 185,  130, 252,  31,  96, 138, 138, 157, 121, 165,  16,   12, 168, 135, 175, 239,  48, 133, 181, 207,  89,  ... 1528 more items]
2024-11-23T20:12:39.189Z - [LOG] Receive Counter: 28
2024-11-23T20:12:39.223Z - [LOG] Packet Length: 1569 Checksum Length: 8
2024-11-23T20:12:39.291Z - [LOG] <22:12:39>: <ERROR> Decryption error: Checksum mismatch 09b31c1bce769aff != 31d50bea73b894a4
2024-11-23T20:12:39.436Z - [LOG] Header  254
2024-11-23T20:12:39.467Z - [LOG] Payload:  Buffer(2231) [Uint8Array] [  254, 135, 160, 140, 100, 130, 118,  68,  17, 213,  194, 166, 244, 139,  81, 197, 174, 157,  77,  70,  226,  37,  80, 101,  85, 128,  17, 242, 159, 245,   61,  68,  69, 100, 134, 173, 111, 187, 199, 185,   96,  15,  89,  57, 168, 220, 234, 126, 146, 244,  ... 2181 more items]
2024-11-23T20:12:39.689Z - [LOG] Receive Counter: 29
2024-11-23T20:12:39.717Z - [LOG] Packet Length: 2222 Checksum Length: 8
2024-11-23T20:12:39.721Z - [LOG] <22:12:39>: <ERROR> Decryption error: Checksum mismatch 0d0b897a1497ba88 != daa9f35de6f4d102
2024-11-23T20:12:40.271Z - [LOG] Header  254
2024-11-23T20:12:40.287Z - [LOG] Payload:  Buffer(1735) [Uint8Array] [  254,  59, 177, 170, 248,  83,  55, 243,  83,  22,   50, 144, 210,  33, 122,  52, 162, 253,  68,  14,  128,  19, 140,  57, 124, 149, 122, 253,  51,  77,   87, 255,  98,   3, 150,  51, 253,  79, 191, 234,    4,  65,   3,  80,  90, 146, 117,  80,  26, 255,  ... 1685 more items]
2024-11-23T20:12:40.303Z - [LOG] Receive Counter: 30
2024-11-23T20:12:40.306Z - [LOG] Packet Length: 1726 Checksum Length: 8
2024-11-23T20:12:40.313Z - [LOG] <22:12:40>: <ERROR> Decryption error: Checksum mismatch 953c93353a0e358c != 31df8bd90254f920
2024-11-23T20:12:41.443Z - [LOG] Header  254
2024-11-23T20:12:41.591Z - [LOG] Payload:  Buffer(1470) [Uint8Array] [  254, 237, 248, 220,  86,  12, 164,  73, 148,  209, 216, 204,  18,  10,  79, 210, 175, 227,  232, 209, 233,  28,  49, 114,  91,  47, 205,  199, 174, 187, 192, 121, 229, 174, 148, 135,  173, 235, 214, 140,  83, 232, 194, 123, 110,  196, 174, 175, 127, 254,  ... 1420 more items]
2024-11-23T20:12:41.871Z - [LOG] Receive Counter: 31
2024-11-23T20:12:41.922Z - [LOG] Packet Length: 1461 Checksum Length: 8
2024-11-23T20:12:41.983Z - [LOG] <22:12:41>: <ERROR> Decryption error: Checksum mismatch a2c96d5a4b1ae619 != 263d9215869d8373
2024-11-23T20:12:44.196Z - [LOG] Header  254
2024-11-23T20:12:44.207Z - [LOG] Payload:  Buffer(1735) [Uint8Array] [  254,  59, 177, 170, 248,  83,  55, 243,  83,  22,   50, 144, 210,  33, 122,  52, 162, 253,  68,  14,  128,  19, 140,  57, 124, 149, 122, 253,  51,  77,   87, 255,  98,   3, 150,  51, 253,  79, 191, 234,    4,  65,   3,  80,  90, 146, 117,  80,  26, 255,  ... 1685 more items]
2024-11-23T20:12:44.226Z - [LOG] Receive Counter: 32
2024-11-23T20:12:44.231Z - [LOG] Packet Length: 1726 Checksum Length: 8
2024-11-23T20:12:44.235Z - [LOG] <22:12:44>: <ERROR> Decryption error: Checksum mismatch b8daef35f40a6125 != eb7161d7061631a2
2024-11-23T20:12:44.574Z - [LOG] Header  254
2024-11-23T20:12:44.584Z - [LOG] Payload:  Buffer(1470) [Uint8Array] [  254, 237, 248, 220,  86,  12, 164,  73, 148,  209, 216, 204,  18,  10,  79, 210, 175, 227,  232, 209, 233,  28,  49, 114,  91,  47, 205,  199, 174, 187, 192, 121, 229, 174, 148, 135,  173, 235, 214, 140,  83, 232, 194, 123, 110,  196, 174, 175, 127, 254,  ... 1420 more items]
2024-11-23T20:12:44.596Z - [LOG] Receive Counter: 33
2024-11-23T20:12:44.599Z - [LOG] Packet Length: 1461 Checksum Length: 8
2024-11-23T20:12:44.600Z - [LOG] <22:12:44>: <ERROR> Decryption error: Checksum mismatch 850b7dbb4f8a80f4 != eb68ffac2d208de4
2024-11-23T20:12:44.814Z - [LOG] Header  254
2024-11-23T20:12:44.823Z - [LOG] Payload:  Buffer(1516) [Uint8Array] [  254, 109, 140, 113, 148, 104,  94,  19, 222, 106,  242, 126,  82,  61, 141, 243,  73, 124, 248,  58,  175,  31, 248, 234,  61,  62,  38, 255, 224,  39,   15,  63, 242, 179, 207, 238, 110,  88,   5,  79,   75, 238, 185, 157,  21,  60, 207, 244, 251,  42,  ... 1466 more items]
2024-11-23T20:12:44.841Z - [LOG] Receive Counter: 34
2024-11-23T20:12:44.847Z - [LOG] Packet Length: 1507 Checksum Length: 8
2024-11-23T20:12:44.849Z - [LOG] <22:12:44>: <ERROR> Decryption error: Checksum mismatch 91498a9e75b04343 != 55d1100808bfefa3
2024-11-23T20:12:46.089Z - [LOG] Header  254
2024-11-23T20:12:46.217Z - [LOG] Payload:  Buffer(1735) [Uint8Array] [  254,  59, 177, 170, 248,  83,  55, 243,  83,  22,   50, 144, 210,  33, 122,  52, 162, 253,  68,  14,  128,  19, 140,  57, 124, 149, 122, 253,  51,  77,   87, 255,  98,   3, 150,  51, 253,  79, 191, 234,    4,  65,   3,  80,  90, 146, 117,  80,  26, 255,  ... 1685 more items]
2024-11-23T20:12:46.298Z - [LOG] Receive Counter: 35
2024-11-23T20:12:46.312Z - [LOG] Packet Length: 1726 Checksum Length: 8
2024-11-23T20:12:46.314Z - [LOG] <22:12:46>: <ERROR> Decryption error: Checksum mismatch 557961fb3db19563 != 3299ec17f87b74d6
2024-11-23T20:12:46.786Z - [LOG] Header  254
2024-11-23T20:12:46.799Z - [LOG] Payload:  Buffer(1725) [Uint8Array] [  254, 119, 108,  18, 217,  33, 121,  14, 191, 137,   93,  98, 187, 183, 235, 188, 144, 203, 142,  69,  135, 109,  72,  11,  48, 125,  63, 179, 101, 255,   25,  13,  89,  49,  69, 108, 212,  36, 146,  36,  143, 113, 124, 160, 237, 215, 239,   9, 218,  81,  ... 1675 more items]
2024-11-23T20:12:46.821Z - [LOG] Receive Counter: 36
2024-11-23T20:12:46.827Z - [LOG] Packet Length: 1716 Checksum Length: 8
2024-11-23T20:12:46.834Z - [LOG] <22:12:46>: <ERROR> Decryption error: Checksum mismatch f1fa227f8638bced != bb52d88b0099f641
2024-11-23T20:12:47.363Z - [LOG] Header  254
2024-11-23T20:12:47.383Z - [LOG] Payload:  Buffer(1852) [Uint8Array] [  254, 240, 159, 235, 195,   4,  68, 150, 106,  78,  179, 186,  62,  96, 121, 191, 235, 123, 126, 123,  220, 103, 210,  46,  18, 236,   5, 128,  38, 229,  152, 154,  62,   8,  64,  31, 161, 122, 169,  67,  178, 238, 142, 163,  52, 228,  28,   6, 161,  85,  ... 1802 more items]
2024-11-23T20:12:47.403Z - [LOG] Receive Counter: 37
2024-11-23T20:12:47.424Z - [LOG] Packet Length: 1843 Checksum Length: 8
2024-11-23T20:12:47.431Z - [LOG] <22:12:47>: <ERROR> Decryption error: Checksum mismatch a87748198241835d != cadd5f77109afbb7
2024-11-23T20:12:47.667Z - [LOG] Header  254
2024-11-23T20:12:47.677Z - [LOG] Payload:  Buffer(1481) [Uint8Array] [  254, 172, 114, 193, 172, 200, 137, 156,  29,  18,  238,  44, 168, 219, 150,  10, 235,  35, 107,  69,   43, 153, 221, 109, 200, 139, 178, 221, 149, 117,   28, 158, 125,  75, 162, 172, 120,  38,  78,  33,  115,  74, 205, 220, 190,  61,  40,  54, 104, 234,  ... 1431 more items]
2024-11-23T20:12:47.694Z - [LOG] Receive Counter: 38
2024-11-23T20:12:47.700Z - [LOG] Packet Length: 1472 Checksum Length: 8
2024-11-23T20:12:47.706Z - [LOG] <22:12:47>: <ERROR> Decryption error: Checksum mismatch 38c385ccd5340bea != b57b57900451c930
2024-11-23T20:12:48.368Z - [LOG] Header  254
2024-11-23T20:12:48.381Z - [LOG] Payload:  Buffer(1735) [Uint8Array] [  254,  59, 177, 170, 248,  83,  55, 243,  83,  22,   50, 144, 210,  33, 122,  52, 162, 253,  68,  14,  128,  19, 140,  57, 124, 149, 122, 253,  51,  77,   87, 255,  98,   3, 150,  51, 253,  79, 191, 234,    4,  65,   3,  80,  90, 146, 117,  80,  26, 255,  ... 1685 more items]
2024-11-23T20:12:48.428Z - [LOG] Receive Counter: 39
2024-11-23T20:12:48.431Z - [LOG] Packet Length: 1726 Checksum Length: 8
2024-11-23T20:12:48.435Z - [LOG] <22:12:48>: <ERROR> Decryption error: Checksum mismatch 60d511d7d43ad5f0 != 68263ec27ef400e6
2024-11-23T20:12:52.251Z - [LOG] Header  254
2024-11-23T20:12:52.331Z - [LOG] Payload:  Buffer(1725) [Uint8Array] [  254, 119, 108,  18, 217,  33, 121,  14, 191, 137,   93,  98, 187, 183, 235, 188, 144, 203, 142,  69,  135, 109,  72,  11,  48, 125,  63, 179, 101, 255,   25,  13,  89,  49,  69, 108, 212,  36, 146,  36,  143, 113, 124, 160, 237, 215, 239,   9, 218,  81,  ... 1675 more items]
2024-11-23T20:12:52.463Z - [LOG] Receive Counter: 40
2024-11-23T20:12:52.481Z - [LOG] Packet Length: 1716 Checksum Length: 8
2024-11-23T20:12:52.502Z - [LOG] <22:12:52>: <ERROR> Decryption error: Checksum mismatch 9f242f348e22294a != 7f9afa2711fca9a2
2024-11-23T20:12:53.793Z - [LOG] Header  254
2024-11-23T20:12:53.804Z - [LOG] Payload:  Buffer(1680) [Uint8Array] [  254,  44,  85,  96,  99, 128, 233, 197, 244,  63,   93,  61, 232, 143,  62, 187, 172, 137, 167, 228,  221,   6,  35, 207, 207,  93, 111, 250,  95, 174,  206, 158, 220,  39, 213,  81, 150, 204, 205,  24,   38, 139, 204,  42, 186, 101,  44, 199,  66, 111,  ... 1630 more items]
2024-11-23T20:12:53.822Z - [LOG] Receive Counter: 41
2024-11-23T20:12:53.826Z - [LOG] Packet Length: 1671 Checksum Length: 8
2024-11-23T20:12:53.835Z - [LOG] <22:12:53>: <ERROR> Decryption error: Checksum mismatch 7dadc82c7c057d97 != e9303977c93401c4
2024-11-23T20:12:54.497Z - [LOG] Header  254
2024-11-23T20:12:54.507Z - [LOG] Payload:  Buffer(1475) [Uint8Array] [  254,  92, 112, 154, 146, 205, 180,  55, 139,  10,   86,  43, 142, 133, 251, 118, 128,  37, 234, 244,   84, 168,  49, 168, 155, 180,  42,  26,   3,  28,   34, 135,  21, 202, 184, 135, 123, 154, 171,  54,  212, 214,  33,  56,  34, 185, 165, 230,   3,  35,  ... 1425 more items]
2024-11-23T20:12:54.521Z - [LOG] Receive Counter: 42
2024-11-23T20:12:54.526Z - [LOG] Packet Length: 1466 Checksum Length: 8
2024-11-23T20:12:54.538Z - [LOG] <22:12:54>: <ERROR> Decryption error: Checksum mismatch 953f9ff1beaef1d5 != 8ec2ee3ac433920d
2024-11-23T20:12:56.343Z - [LOG] Header  254
2024-11-23T20:12:56.351Z - [LOG] Payload:  Buffer(1725) [Uint8Array] [  254, 119, 108,  18, 217,  33, 121,  14, 191, 137,   93,  98, 187, 183, 235, 188, 144, 203, 142,  69,  135, 109,  72,  11,  48, 125,  63, 179, 101, 255,   25,  13,  89,  49,  69, 108, 212,  36, 146,  36,  143, 113, 124, 160, 237, 215, 239,   9, 218,  81,  ... 1675 more items]
2024-11-23T20:12:56.363Z - [LOG] Receive Counter: 43
2024-11-23T20:12:56.368Z - [LOG] Packet Length: 1716 Checksum Length: 8
2024-11-23T20:12:56.376Z - [LOG] <22:12:56>: <ERROR> Decryption error: Checksum mismatch 31a8105ad04dc18a != d32cadcbf8a9494d
2024-11-23T20:12:58.087Z - [LOG] Header  254
2024-11-23T20:12:58.101Z - [LOG] Payload:  Buffer(1475) [Uint8Array] [  254,  92, 112, 154, 146, 205, 180,  55, 139,  10,   86,  43, 142, 133, 251, 118, 128,  37, 234, 244,   84, 168,  49, 168, 155, 180,  42,  26,   3,  28,   34, 135,  21, 202, 184, 135, 123, 154, 171,  54,  212, 214,  33,  56,  34, 185, 165, 230,   3,  35,  ... 1425 more items]
2024-11-23T20:12:58.112Z - [LOG] Receive Counter: 44
2024-11-23T20:12:58.119Z - [LOG] Packet Length: 1466 Checksum Length: 8
2024-11-23T20:12:58.122Z - [LOG] <22:12:58>: <ERROR> Decryption error: Checksum mismatch b0d5185e3b2b6c7e != 6b1b6879a269bf6d
2024-11-23T20:12:58.528Z - [LOG] Header  254
2024-11-23T20:12:58.535Z - [LOG] Payload:  Buffer(1725) [Uint8Array] [  254, 119, 108,  18, 217,  33, 121,  14, 191, 137,   93,  98, 187, 183, 235, 188, 144, 203, 142,  69,  135, 109,  72,  11,  48, 125,  63, 179, 101, 255,   25,  13,  89,  49,  69, 108, 212,  36, 146,  36,  143, 113, 124, 160, 237, 215, 239,   9, 218,  81,  ... 1675 more items]
2024-11-23T20:12:58.552Z - [LOG] Receive Counter: 45
2024-11-23T20:12:58.559Z - [LOG] Packet Length: 1716 Checksum Length: 8
2024-11-23T20:12:58.562Z - [LOG] <22:12:58>: <ERROR> Decryption error: Checksum mismatch 1a34313dd40035c2 != 77e4beee663f2f1e
2024-11-23T20:13:02.755Z - [LOG] Header  254
2024-11-23T20:13:02.767Z - [LOG] Payload:  Buffer(1470) [Uint8Array] [  254, 237, 248, 220,  86,  12, 164,  73, 148,  209, 216, 204,  18,  10,  79, 210, 175, 227,  232, 209, 233,  28,  49, 114,  91,  47, 205,  199, 174, 187, 192, 121, 229, 174, 148, 135,  173, 235, 214, 140,  83, 232, 194, 123, 110,  196, 174, 175, 127, 254,  ... 1420 more items]
2024-11-23T20:13:02.787Z - [LOG] Receive Counter: 46
2024-11-23T20:13:02.792Z - [LOG] Packet Length: 1461 Checksum Length: 8
2024-11-23T20:13:02.794Z - [LOG] <22:13:2>: <ERROR> Decryption error: Checksum mismatch 67cd9fe9ddbfac55 != f748a7152e0c116e
2024-11-23T20:13:03.273Z - [LOG] Header  254
2024-11-23T20:13:03.281Z - [LOG] Payload:  Buffer(1516) [Uint8Array] [  254, 109, 140, 113, 148, 104,  94,  19, 222, 106,  242, 126,  82,  61, 141, 243,  73, 124, 248,  58,  175,  31, 248, 234,  61,  62,  38, 255, 224,  39,   15,  63, 242, 179, 207, 238, 110,  88,   5,  79,   75, 238, 185, 157,  21,  60, 207, 244, 251,  42,  ... 1466 more items]
2024-11-23T20:13:03.294Z - [LOG] Receive Counter: 47
2024-11-23T20:13:03.304Z - [LOG] Packet Length: 1507 Checksum Length: 8
2024-11-23T20:13:03.306Z - [LOG] <22:13:3>: <ERROR> Decryption error: Checksum mismatch 6edb84c479f964c7 != 5b88dac7d89eecab
2024-11-23T20:13:04.688Z - [LOG] Header  254
2024-11-23T20:13:04.703Z - [LOG] Payload:  Buffer(1725) [Uint8Array] [  254, 119, 108,  18, 217,  33, 121,  14, 191, 137,   93,  98, 187, 183, 235, 188, 144, 203, 142,  69,  135, 109,  72,  11,  48, 125,  63, 179, 101, 255,   25,  13,  89,  49,  69, 108, 212,  36, 146,  36,  143, 113, 124, 160, 237, 215, 239,   9, 218,  81,  ... 1675 more items]
2024-11-23T20:13:04.721Z - [LOG] Receive Counter: 48
2024-11-23T20:13:04.726Z - [LOG] Packet Length: 1716 Checksum Length: 8
2024-11-23T20:13:04.729Z - [LOG] <22:13:4>: <ERROR> Decryption error: Checksum mismatch ebc1eed547927d16 != 3039207f41aff724
2024-11-23T20:13:07.414Z - [LOG] Header  254
2024-11-23T20:13:07.432Z - [LOG] Payload:  Buffer(1516) [Uint8Array] [  254, 109, 140, 113, 148, 104,  94,  19, 222, 106,  242, 126,  82,  61, 141, 243,  73, 124, 248,  58,  175,  31, 248, 234,  61,  62,  38, 255, 224,  39,   15,  63, 242, 179, 207, 238, 110,  88,   5,  79,   75, 238, 185, 157,  21,  60, 207, 244, 251,  42,  ... 1466 more items]
2024-11-23T20:13:07.445Z - [LOG] Receive Counter: 49
2024-11-23T20:13:07.452Z - [LOG] Packet Length: 1507 Checksum Length: 8
2024-11-23T20:13:07.454Z - [LOG] <22:13:7>: <ERROR> Decryption error: Checksum mismatch 982345c14dcfd425 != 1f568f3fbba521ff
2024-11-23T20:13:08.998Z - [LOG] Header  254
2024-11-23T20:13:09.013Z - [LOG] Payload:  Buffer(1470) [Uint8Array] [  254, 237, 248, 220,  86,  12, 164,  73, 148,  209, 216, 204,  18,  10,  79, 210, 175, 227,  232, 209, 233,  28,  49, 114,  91,  47, 205,  199, 174, 187, 192, 121, 229, 174, 148, 135,  173, 235, 214, 140,  83, 232, 194, 123, 110,  196, 174, 175, 127, 254,  ... 1420 more items]
2024-11-23T20:13:09.055Z - [LOG] Receive Counter: 50
2024-11-23T20:13:09.064Z - [LOG] Packet Length: 1461 Checksum Length: 8
2024-11-23T20:13:09.068Z - [LOG] <22:13:9>: <ERROR> Decryption error: Checksum mismatch 879396379d13c58b != b95661a348ca571f
2024-11-23T20:13:09.417Z - [LOG] Header  254
2024-11-23T20:13:09.427Z - [LOG] Payload:  Buffer(1516) [Uint8Array] [  254, 109, 140, 113, 148, 104,  94,  19, 222, 106,  242, 126,  82,  61, 141, 243,  73, 124, 248,  58,  175,  31, 248, 234,  61,  62,  38, 255, 224,  39,   15,  63, 242, 179, 207, 238, 110,  88,   5,  79,   75, 238, 185, 157,  21,  60, 207, 244, 251,  42,  ... 1466 more items]
2024-11-23T20:13:09.449Z - [LOG] Receive Counter: 51
2024-11-23T20:13:09.455Z - [LOG] Packet Length: 1507 Checksum Length: 8
2024-11-23T20:13:09.462Z - [LOG] <22:13:9>: <ERROR> Decryption error: Checksum mismatch 5cda5e06826acf0a != d8a649b8a3e915fe
2024-11-23T20:13:10.255Z - [LOG] Header  254
2024-11-23T20:13:10.298Z - [LOG] Payload:  Buffer(1735) [Uint8Array] [  254,  59, 177, 170, 248,  83,  55, 243,  83,  22,   50, 144, 210,  33, 122,  52, 162, 253,  68,  14,  128,  19, 140,  57, 124, 149, 122, 253,  51,  77,   87, 255,  98,   3, 150,  51, 253,  79, 191, 234,    4,  65,   3,  80,  90, 146, 117,  80,  26, 255,  ... 1685 more items]
2024-11-23T20:13:10.309Z - [LOG] Receive Counter: 52
2024-11-23T20:13:10.314Z - [LOG] Packet Length: 1726 Checksum Length: 8
2024-11-23T20:13:10.318Z - [LOG] <22:13:10>: <ERROR> Decryption error: Checksum mismatch 3b3f092a5479e53c != fb2e26b8ccd17c27
2024-11-23T20:13:10.885Z - [LOG] Header  254
2024-11-23T20:13:10.973Z - [LOG] Payload:  Buffer(1750) [Uint8Array] [  254,  53, 195, 255,  75, 207, 211,  34, 106,   0,  198, 209, 153, 100,  80, 124, 165, 244, 230, 237,  237, 133, 239,  46, 240, 162, 241, 208,   6, 111,  236, 111,  69, 240,  27,  63,  47,  95, 207, 165,   25,  54, 136, 192, 189, 141, 151, 152,  51, 108,  ... 1700 more items]
2024-11-23T20:13:11.017Z - [LOG] Receive Counter: 53
2024-11-23T20:13:11.032Z - [LOG] Packet Length: 1741 Checksum Length: 8
2024-11-23T20:13:11.052Z - [LOG] <22:13:11>: <ERROR> Decryption error: Checksum mismatch 1d3867b69aa69efc != 0464e96145fdf65d
2024-11-23T20:13:11.728Z - [LOG] Header  254
2024-11-23T20:13:11.745Z - [LOG] Payload:  Buffer(1516) [Uint8Array] [  254, 109, 140, 113, 148, 104,  94,  19, 222, 106,  242, 126,  82,  61, 141, 243,  73, 124, 248,  58,  175,  31, 248, 234,  61,  62,  38, 255, 224,  39,   15,  63, 242, 179, 207, 238, 110,  88,   5,  79,   75, 238, 185, 157,  21,  60, 207, 244, 251,  42,  ... 1466 more items]
2024-11-23T20:13:11.764Z - [LOG] Receive Counter: 54
2024-11-23T20:13:11.768Z - [LOG] Packet Length: 1507 Checksum Length: 8
2024-11-23T20:13:11.785Z - [LOG] <22:13:11>: <ERROR> Decryption error: Checksum mismatch 4a93cb9dcb6cc0cc != 9732f183f56a4d4f
2024-11-23T20:13:12.953Z - [LOG] Header  254
2024-11-23T20:13:12.969Z - [LOG] Payload:  Buffer(1725) [Uint8Array] [  254, 119, 108,  18, 217,  33, 121,  14, 191, 137,   93,  98, 187, 183, 235, 188, 144, 203, 142,  69,  135, 109,  72,  11,  48, 125,  63, 179, 101, 255,   25,  13,  89,  49,  69, 108, 212,  36, 146,  36,  143, 113, 124, 160, 237, 215, 239,   9, 218,  81,  ... 1675 more items]
2024-11-23T20:13:12.989Z - [LOG] Receive Counter: 55
2024-11-23T20:13:13.000Z - [LOG] Packet Length: 1716 Checksum Length: 8
2024-11-23T20:13:13.003Z - [LOG] <22:13:13>: <ERROR> Decryption error: Checksum mismatch a528cdfca2763ab9 != a6c29393c8bac9f9
2024-11-23T20:13:13.355Z - [LOG] Header  254
2024-11-23T20:13:13.365Z - [LOG] Payload:  Buffer(1750) [Uint8Array] [  254,  53, 195, 255,  75, 207, 211,  34, 106,   0,  198, 209, 153, 100,  80, 124, 165, 244, 230, 237,  237, 133, 239,  46, 240, 162, 241, 208,   6, 111,  236, 111,  69, 240,  27,  63,  47,  95, 207, 165,   25,  54, 136, 192, 189, 141, 151, 152,  51, 108,  ... 1700 more items]
2024-11-23T20:13:13.379Z - [LOG] Receive Counter: 56
2024-11-23T20:13:13.388Z - [LOG] Packet Length: 1741 Checksum Length: 8
2024-11-23T20:13:13.394Z - [LOG] <22:13:13>: <ERROR> Decryption error: Checksum mismatch f812e42f3848ad29 != e3acbd41677283e6
2024-11-23T20:13:13.429Z - [LOG] Header  254
2024-11-23T20:13:13.437Z - [LOG] Payload:  Buffer(1653) [Uint8Array] [  254, 175,  87, 186,  68, 109, 103,  96,  64,  98,  179,  81,  33, 183, 131,   5, 218,  19, 180,  87,   47,  83, 226,  65, 149, 185,  74, 245, 187, 137,  107,  43,  12,  18, 218,  21, 135, 129, 237,  88,  165, 175, 114, 112, 185, 156,  74,  44, 115,  50,  ... 1603 more items]
2024-11-23T20:13:13.456Z - [LOG] Receive Counter: 57
2024-11-23T20:13:13.464Z - [LOG] Packet Length: 1644 Checksum Length: 8
2024-11-23T20:13:13.467Z - [LOG] <22:13:13>: <ERROR> Decryption error: Checksum mismatch 311a45a35050c7e1 != ce2fa2548312dc56
2024-11-23T20:13:13.929Z - [LOG] Header  254
2024-11-23T20:13:13.940Z - [LOG] Payload:  Buffer(1516) [Uint8Array] [  254, 109, 140, 113, 148, 104,  94,  19, 222, 106,  242, 126,  82,  61, 141, 243,  73, 124, 248,  58,  175,  31, 248, 234,  61,  62,  38, 255, 224,  39,   15,  63, 242, 179, 207, 238, 110,  88,   5,  79,   75, 238, 185, 157,  21,  60, 207, 244, 251,  42,  ... 1466 more items]
2024-11-23T20:13:13.951Z - [LOG] Receive Counter: 58
2024-11-23T20:13:13.953Z - [LOG] Packet Length: 1507 Checksum Length: 8
2024-11-23T20:13:13.954Z - [LOG] <22:13:13>: <ERROR> Decryption error: Checksum mismatch b683cca30975083d != 0c68cdcccf52f815
2024-11-23T20:13:16.551Z - [LOG] Header  254
2024-11-23T20:13:16.564Z - [LOG] Payload:  Buffer(1475) [Uint8Array] [  254,  92, 112, 154, 146, 205, 180,  55, 139,  10,   86,  43, 142, 133, 251, 118, 128,  37, 234, 244,   84, 168,  49, 168, 155, 180,  42,  26,   3,  28,   34, 135,  21, 202, 184, 135, 123, 154, 171,  54,  212, 214,  33,  56,  34, 185, 165, 230,   3,  35,  ... 1425 more items]
2024-11-23T20:13:16.579Z - [LOG] Receive Counter: 59
2024-11-23T20:13:16.584Z - [LOG] Packet Length: 1466 Checksum Length: 8
2024-11-23T20:13:16.588Z - [LOG] <22:13:16>: <ERROR> Decryption error: Checksum mismatch 92b8e043701bfa60 != 68a174dcdb5d33cc
2024-11-23T20:13:17.548Z - [LOG] Header  254
2024-11-23T20:13:17.555Z - [LOG] Payload:  Buffer(1470) [Uint8Array] [  254, 237, 248, 220,  86,  12, 164,  73, 148,  209, 216, 204,  18,  10,  79, 210, 175, 227,  232, 209, 233,  28,  49, 114,  91,  47, 205,  199, 174, 187, 192, 121, 229, 174, 148, 135,  173, 235, 214, 140,  83, 232, 194, 123, 110,  196, 174, 175, 127, 254,  ... 1420 more items]
2024-11-23T20:13:17.577Z - [LOG] Receive Counter: 60
2024-11-23T20:13:17.583Z - [LOG] Packet Length: 1461 Checksum Length: 8
2024-11-23T20:13:17.585Z - [LOG] <22:13:17>: <ERROR> Decryption error: Checksum mismatch 37cebffc327bafb1 != 6591bbbe7ad89e11
2024-11-23T20:13:17.963Z - [LOG] Header  254
2024-11-23T20:13:17.970Z - [LOG] Payload:  Buffer(1516) [Uint8Array] [  254, 109, 140, 113, 148, 104,  94,  19, 222, 106,  242, 126,  82,  61, 141, 243,  73, 124, 248,  58,  175,  31, 248, 234,  61,  62,  38, 255, 224,  39,   15,  63, 242, 179, 207, 238, 110,  88,   5,  79,   75, 238, 185, 157,  21,  60, 207, 244, 251,  42,  ... 1466 more items]
2024-11-23T20:13:17.988Z - [LOG] Receive Counter: 61
2024-11-23T20:13:18.001Z - [LOG] Packet Length: 1507 Checksum Length: 8
2024-11-23T20:13:18.003Z - [LOG] <22:13:18>: <ERROR> Decryption error: Checksum mismatch a950ed4f8fc7ed20 != 39e14898eafa0cc3
2024-11-23T20:13:20.246Z - [LOG] Header  254
2024-11-23T20:13:20.255Z - [LOG] Payload:  Buffer(1475) [Uint8Array] [  254,  92, 112, 154, 146, 205, 180,  55, 139,  10,   86,  43, 142, 133, 251, 118, 128,  37, 234, 244,   84, 168,  49, 168, 155, 180,  42,  26,   3,  28,   34, 135,  21, 202, 184, 135, 123, 154, 171,  54,  212, 214,  33,  56,  34, 185, 165, 230,   3,  35,  ... 1425 more items]
2024-11-23T20:13:20.281Z - [LOG] Receive Counter: 62
2024-11-23T20:13:20.284Z - [LOG] Packet Length: 1466 Checksum Length: 8
2024-11-23T20:13:20.286Z - [LOG] <22:13:20>: <ERROR> Decryption error: Checksum mismatch da4e34cc9345dd63 != aa00914ad3096876
2024-11-23T20:13:21.566Z - [LOG] Header  254
2024-11-23T20:13:21.588Z - [LOG] Payload:  Buffer(1516) [Uint8Array] [  254, 109, 140, 113, 148, 104,  94,  19, 222, 106,  242, 126,  82,  61, 141, 243,  73, 124, 248,  58,  175,  31, 248, 234,  61,  62,  38, 255, 224,  39,   15,  63, 242, 179, 207, 238, 110,  88,   5,  79,   75, 238, 185, 157,  21,  60, 207, 244, 251,  42,  ... 1466 more items]
2024-11-23T20:13:21.602Z - [LOG] Receive Counter: 63
2024-11-23T20:13:21.612Z - [LOG] Packet Length: 1507 Checksum Length: 8
2024-11-23T20:13:21.615Z - [LOG] <22:13:21>: <ERROR> Decryption error: Checksum mismatch f03a9ee3be956f0d != 8694c434995a676a
2024-11-23T20:13:22.134Z - [LOG] Header  254
2024-11-23T20:13:22.143Z - [LOG] Payload:  Buffer(1475) [Uint8Array] [  254,  92, 112, 154, 146, 205, 180,  55, 139,  10,   86,  43, 142, 133, 251, 118, 128,  37, 234, 244,   84, 168,  49, 168, 155, 180,  42,  26,   3,  28,   34, 135,  21, 202, 184, 135, 123, 154, 171,  54,  212, 214,  33,  56,  34, 185, 165, 230,   3,  35,  ... 1425 more items]
2024-11-23T20:13:22.153Z - [LOG] Receive Counter: 64
2024-11-23T20:13:22.162Z - [LOG] Packet Length: 1466 Checksum Length: 8
2024-11-23T20:13:22.165Z - [LOG] <22:13:22>: <ERROR> Decryption error: Checksum mismatch d3ab878f852ea633 != 9df747ad41cc693c
2024-11-23T20:13:22.697Z - [LOG] Header  254
2024-11-23T20:13:22.704Z - [LOG] Payload:  Buffer(1725) [Uint8Array] [  254, 119, 108,  18, 217,  33, 121,  14, 191, 137,   93,  98, 187, 183, 235, 188, 144, 203, 142,  69,  135, 109,  72,  11,  48, 125,  63, 179, 101, 255,   25,  13,  89,  49,  69, 108, 212,  36, 146,  36,  143, 113, 124, 160, 237, 215, 239,   9, 218,  81,  ... 1675 more items]
2024-11-23T20:13:22.716Z - [LOG] Receive Counter: 65
2024-11-23T20:13:22.719Z - [LOG] Packet Length: 1716 Checksum Length: 8
2024-11-23T20:13:22.721Z - [LOG] <22:13:22>: <ERROR> Decryption error: Checksum mismatch 04903bc8ffb19444 != 8dbed51dcb066cac
2024-11-23T20:13:23.614Z - [LOG] Header  254
2024-11-23T20:13:23.623Z - [LOG] Payload:  Buffer(1516) [Uint8Array] [  254, 109, 140, 113, 148, 104,  94,  19, 222, 106,  242, 126,  82,  61, 141, 243,  73, 124, 248,  58,  175,  31, 248, 234,  61,  62,  38, 255, 224,  39,   15,  63, 242, 179, 207, 238, 110,  88,   5,  79,   75, 238, 185, 157,  21,  60, 207, 244, 251,  42,  ... 1466 more items]
2024-11-23T20:13:23.636Z - [LOG] Receive Counter: 66
2024-11-23T20:13:23.645Z - [LOG] Packet Length: 1507 Checksum Length: 8
2024-11-23T20:13:23.647Z - [LOG] <22:13:23>: <ERROR> Decryption error: Checksum mismatch 6b86ebd05848c2ee != 637695adfc2f11af
2024-11-23T20:13:24.553Z - [LOG] Header  254
2024-11-23T20:13:24.565Z - [LOG] Payload:  Buffer(1475) [Uint8Array] [  254,  92, 112, 154, 146, 205, 180,  55, 139,  10,   86,  43, 142, 133, 251, 118, 128,  37, 234, 244,   84, 168,  49, 168, 155, 180,  42,  26,   3,  28,   34, 135,  21, 202, 184, 135, 123, 154, 171,  54,  212, 214,  33,  56,  34, 185, 165, 230,   3,  35,  ... 1425 more items]
2024-11-23T20:13:24.601Z - [LOG] Receive Counter: 67
2024-11-23T20:13:24.604Z - [LOG] Packet Length: 1466 Checksum Length: 8
2024-11-23T20:13:24.606Z - [LOG] <22:13:24>: <ERROR> Decryption error: Checksum mismatch 3fa370a4af8a4da4 != 56317bcbe53852ac
2024-11-23T20:13:25.792Z - [LOG] Header  254
2024-11-23T20:13:25.853Z - [LOG] Payload:  Buffer(1516) [Uint8Array] [  254, 109, 140, 113, 148, 104,  94,  19, 222, 106,  242, 126,  82,  61, 141, 243,  73, 124, 248,  58,  175,  31, 248, 234,  61,  62,  38, 255, 224,  39,   15,  63, 242, 179, 207, 238, 110,  88,   5,  79,   75, 238, 185, 157,  21,  60, 207, 244, 251,  42,  ... 1466 more items]
2024-11-23T20:13:25.967Z - [LOG] Receive Counter: 68
2024-11-23T20:13:25.983Z - [LOG] Packet Length: 1507 Checksum Length: 8
2024-11-23T20:13:26.036Z - [LOG] <22:13:26>: <ERROR> Decryption error: Checksum mismatch 0ef64028d084f4dd != c6e724abfae2aa96
2024-11-23T20:13:26.929Z - [LOG] Header  254
2024-11-23T20:13:26.944Z - [LOG] Payload:  Buffer(1475) [Uint8Array] [  254,  92, 112, 154, 146, 205, 180,  55, 139,  10,   86,  43, 142, 133, 251, 118, 128,  37, 234, 244,   84, 168,  49, 168, 155, 180,  42,  26,   3,  28,   34, 135,  21, 202, 184, 135, 123, 154, 171,  54,  212, 214,  33,  56,  34, 185, 165, 230,   3,  35,  ... 1425 more items]
2024-11-23T20:13:26.963Z - [LOG] Receive Counter: 69
2024-11-23T20:13:26.967Z - [LOG] Packet Length: 1466 Checksum Length: 8
2024-11-23T20:13:26.969Z - [LOG] <22:13:26>: <ERROR> Decryption error: Checksum mismatch 871cdef071fe8d01 != adffc2d0fbd35a7b
2024-11-23T20:13:27.198Z - [LOG] Header  254
2024-11-23T20:13:27.206Z - [LOG] Payload:  Buffer(1735) [Uint8Array] [  254,  59, 177, 170, 248,  83,  55, 243,  83,  22,   50, 144, 210,  33, 122,  52, 162, 253,  68,  14,  128,  19, 140,  57, 124, 149, 122, 253,  51,  77,   87, 255,  98,   3, 150,  51, 253,  79, 191, 234,    4,  65,   3,  80,  90, 146, 117,  80,  26, 255,  ... 1685 more items]
2024-11-23T20:13:27.225Z - [LOG] Receive Counter: 70
2024-11-23T20:13:27.233Z - [LOG] Packet Length: 1726 Checksum Length: 8
2024-11-23T20:13:27.235Z - [LOG] <22:13:27>: <ERROR> Decryption error: Checksum mismatch da6492b70e2a549d != 0c925a0c9aab2dc8
2024-11-23T20:13:28.211Z - [LOG] Header  254
2024-11-23T20:13:28.224Z - [LOG] Payload:  Buffer(1516) [Uint8Array] [  254, 109, 140, 113, 148, 104,  94,  19, 222, 106,  242, 126,  82,  61, 141, 243,  73, 124, 248,  58,  175,  31, 248, 234,  61,  62,  38, 255, 224,  39,   15,  63, 242, 179, 207, 238, 110,  88,   5,  79,   75, 238, 185, 157,  21,  60, 207, 244, 251,  42,  ... 1466 more items]
2024-11-23T20:13:28.239Z - [LOG] Receive Counter: 71
2024-11-23T20:13:28.251Z - [LOG] Packet Length: 1507 Checksum Length: 8
2024-11-23T20:13:28.255Z - [LOG] <22:13:28>: <ERROR> Decryption error: Checksum mismatch 30235abf75dd65fd != ffe17d0fe44ff453
2024-11-23T20:13:29.294Z - [LOG] Header  254
2024-11-23T20:13:29.299Z - [LOG] Payload:  Buffer(1475) [Uint8Array] [  254,  92, 112, 154, 146, 205, 180,  55, 139,  10,   86,  43, 142, 133, 251, 118, 128,  37, 234, 244,   84, 168,  49, 168, 155, 180,  42,  26,   3,  28,   34, 135,  21, 202, 184, 135, 123, 154, 171,  54,  212, 214,  33,  56,  34, 185, 165, 230,   3,  35,  ... 1425 more items]
2024-11-23T20:13:29.318Z - [LOG] Receive Counter: 72
2024-11-23T20:13:29.326Z - [LOG] Packet Length: 1466 Checksum Length: 8
2024-11-23T20:13:29.328Z - [LOG] <22:13:29>: <ERROR> Decryption error: Checksum mismatch 213afc339eb084fb != ff4d336b3c2085fe
2024-11-23T20:13:31.522Z - [LOG] Header  254
2024-11-23T20:13:31.542Z - [LOG] Payload:  Buffer(1516) [Uint8Array] [  254, 109, 140, 113, 148, 104,  94,  19, 222, 106,  242, 126,  82,  61, 141, 243,  73, 124, 248,  58,  175,  31, 248, 234,  61,  62,  38, 255, 224,  39,   15,  63, 242, 179, 207, 238, 110,  88,   5,  79,   75, 238, 185, 157,  21,  60, 207, 244, 251,  42,  ... 1466 more items]
2024-11-23T20:13:31.554Z - [LOG] Receive Counter: 73
2024-11-23T20:13:31.563Z - [LOG] Packet Length: 1507 Checksum Length: 8
2024-11-23T20:13:31.578Z - [LOG] <22:13:31>: <ERROR> Decryption error: Checksum mismatch 1c81a6e92aa17b69 != a15d7a0b4802c09f
2024-11-23T20:13:32.527Z - [LOG] Header  254
2024-11-23T20:13:32.541Z - [LOG] Payload:  Buffer(1475) [Uint8Array] [  254,  92, 112, 154, 146, 205, 180,  55, 139,  10,   86,  43, 142, 133, 251, 118, 128,  37, 234, 244,   84, 168,  49, 168, 155, 180,  42,  26,   3,  28,   34, 135,  21, 202, 184, 135, 123, 154, 171,  54,  212, 214,  33,  56,  34, 185, 165, 230,   3,  35,  ... 1425 more items]
2024-11-23T20:13:32.552Z - [LOG] Receive Counter: 74
2024-11-23T20:13:32.556Z - [LOG] Packet Length: 1466 Checksum Length: 8
2024-11-23T20:13:32.565Z - [LOG] <22:13:32>: <ERROR> Decryption error: Checksum mismatch e568da426e32431b != af13f7d060661552
2024-11-23T20:13:32.726Z - [LOG] Header  254
2024-11-23T20:13:32.734Z - [LOG] Payload:  Buffer(1538) [Uint8Array] [  254, 173,  11, 200, 208, 196, 113,  26, 187, 199,  195, 107, 118,  55, 254, 100, 220, 157, 252, 236,   88,  35, 228,  73,  12,  58,  60, 183, 164,  88,  200,  59, 230, 170, 199, 158, 189, 130,  17, 108,   12, 224,  51, 182, 161, 220, 151,  94,  77,  57,  ... 1488 more items]
2024-11-23T20:13:32.751Z - [LOG] Receive Counter: 75
2024-11-23T20:13:32.755Z - [LOG] Packet Length: 1529 Checksum Length: 8
2024-11-23T20:13:32.759Z - [LOG] <22:13:32>: <ERROR> Decryption error: Checksum mismatch 68de69a51e770366 != a37640bbb6fc3eba
2024-11-23T20:13:33.615Z - [LOG] Header  254
2024-11-23T20:13:33.626Z - [LOG] Payload:  Buffer(1516) [Uint8Array] [  254, 109, 140, 113, 148, 104,  94,  19, 222, 106,  242, 126,  82,  61, 141, 243,  73, 124, 248,  58,  175,  31, 248, 234,  61,  62,  38, 255, 224,  39,   15,  63, 242, 179, 207, 238, 110,  88,   5,  79,   75, 238, 185, 157,  21,  60, 207, 244, 251,  42,  ... 1466 more items]
2024-11-23T20:13:33.643Z - [LOG] Receive Counter: 76
2024-11-23T20:13:33.648Z - [LOG] Packet Length: 1507 Checksum Length: 8
2024-11-23T20:13:33.651Z - [LOG] <22:13:33>: <ERROR> Decryption error: Checksum mismatch d407b88bb832105c != 34676efd16ce1c6d
2024-11-23T20:13:36.214Z - [LOG] Header  254
2024-11-23T20:13:36.269Z - [LOG] Payload:  Buffer(1475) [Uint8Array] [  254,  92, 112, 154, 146, 205, 180,  55, 139,  10,   86,  43, 142, 133, 251, 118, 128,  37, 234, 244,   84, 168,  49, 168, 155, 180,  42,  26,   3,  28,   34, 135,  21, 202, 184, 135, 123, 154, 171,  54,  212, 214,  33,  56,  34, 185, 165, 230,   3,  35,  ... 1425 more items]
2024-11-23T20:13:36.279Z - [LOG] Receive Counter: 77
2024-11-23T20:13:36.282Z - [LOG] Packet Length: 1466 Checksum Length: 8
2024-11-23T20:13:36.284Z - [LOG] <22:13:36>: <ERROR> Decryption error: Checksum mismatch 6a41a63e06fe943e != fc6adeeee5876239
2024-11-23T20:13:37.428Z - [LOG] Header  254
2024-11-23T20:13:37.445Z - [LOG] Payload:  Buffer(1516) [Uint8Array] [  254, 109, 140, 113, 148, 104,  94,  19, 222, 106,  242, 126,  82,  61, 141, 243,  73, 124, 248,  58,  175,  31, 248, 234,  61,  62,  38, 255, 224,  39,   15,  63, 242, 179, 207, 238, 110,  88,   5,  79,   75, 238, 185, 157,  21,  60, 207, 244, 251,  42,  ... 1466 more items]
2024-11-23T20:13:37.479Z - [LOG] Receive Counter: 78
2024-11-23T20:13:37.488Z - [LOG] Packet Length: 1507 Checksum Length: 8
2024-11-23T20:13:37.498Z - [LOG] <22:13:37>: <ERROR> Decryption error: Checksum mismatch 89b290ed4870ab87 != 075dd6194c07a3d1
2024-11-23T20:13:38.413Z - [LOG] Header  254
2024-11-23T20:13:38.425Z - [LOG] Payload:  Buffer(1725) [Uint8Array] [  254, 119, 108,  18, 217,  33, 121,  14, 191, 137,   93,  98, 187, 183, 235, 188, 144, 203, 142,  69,  135, 109,  72,  11,  48, 125,  63, 179, 101, 255,   25,  13,  89,  49,  69, 108, 212,  36, 146,  36,  143, 113, 124, 160, 237, 215, 239,   9, 218,  81,  ... 1675 more items]
2024-11-23T20:13:38.442Z - [LOG] Receive Counter: 79
2024-11-23T20:13:38.449Z - [LOG] Packet Length: 1716 Checksum Length: 8
2024-11-23T20:13:38.452Z - [LOG] <22:13:38>: <ERROR> Decryption error: Checksum mismatch a74b7f10948f8b37 != e6a9ad043ab31882
2024-11-23T20:13:39.252Z - [LOG] Header  254
2024-11-23T20:13:39.263Z - [LOG] Payload:  Buffer(1516) [Uint8Array] [  254, 109, 140, 113, 148, 104,  94,  19, 222, 106,  242, 126,  82,  61, 141, 243,  73, 124, 248,  58,  175,  31, 248, 234,  61,  62,  38, 255, 224,  39,   15,  63, 242, 179, 207, 238, 110,  88,   5,  79,   75, 238, 185, 157,  21,  60, 207, 244, 251,  42,  ... 1466 more items]
2024-11-23T20:13:39.282Z - [LOG] Receive Counter: 80
2024-11-23T20:13:39.289Z - [LOG] Packet Length: 1507 Checksum Length: 8
2024-11-23T20:13:39.296Z - [LOG] <22:13:39>: <ERROR> Decryption error: Checksum mismatch 464476300a9674e6 != c40807e1f91373c6
2024-11-23T20:13:48.307Z - [LOG] Header  254
2024-11-23T20:13:48.321Z - [LOG] Payload:  Buffer(1725) [Uint8Array] [  254, 119, 108,  18, 217,  33, 121,  14, 191, 137,   93,  98, 187, 183, 235, 188, 144, 203, 142,  69,  135, 109,  72,  11,  48, 125,  63, 179, 101, 255,   25,  13,  89,  49,  69, 108, 212,  36, 146,  36,  143, 113, 124, 160, 237, 215, 239,   9, 218,  81,  ... 1675 more items]
2024-11-23T20:13:48.334Z - [LOG] Receive Counter: 81
2024-11-23T20:13:48.343Z - [LOG] Packet Length: 1716 Checksum Length: 8
2024-11-23T20:13:48.345Z - [LOG] <22:13:48>: <ERROR> Decryption error: Checksum mismatch 53136a311d9543d0 != de94e963c953ede9
2024-11-23T20:13:50.281Z - [LOG] Header  254
2024-11-23T20:13:50.296Z - [LOG] Payload:  Buffer(1470) [Uint8Array] [  254, 237, 248, 220,  86,  12, 164,  73, 148,  209, 216, 204,  18,  10,  79, 210, 175, 227,  232, 209, 233,  28,  49, 114,  91,  47, 205,  199, 174, 187, 192, 121, 229, 174, 148, 135,  173, 235, 214, 140,  83, 232, 194, 123, 110,  196, 174, 175, 127, 254,  ... 1420 more items]
2024-11-23T20:13:50.305Z - [LOG] Receive Counter: 82
2024-11-23T20:13:50.315Z - [LOG] Packet Length: 1461 Checksum Length: 8
2024-11-23T20:13:50.316Z - [LOG] <22:13:50>: <ERROR> Decryption error: Checksum mismatch 5395309a9a65c14c != 35a0154e22735b1b
2024-11-23T20:13:51.619Z - [LOG] Header  254
2024-11-23T20:13:51.629Z - [LOG] Payload:  Buffer(1730) [Uint8Array] [  254,  66,  20, 113,  69, 120,  77, 214, 157, 146,  151,  42, 177, 105,  18, 255, 118,   7,  76, 238,   15,  77, 248, 171, 101, 123,  61, 242,  28, 227,   24,  80, 124, 144,  89, 216, 125, 144, 180,  55,   80, 159, 241,  97, 215,  21, 230, 243,  80, 178,  ... 1680 more items]
2024-11-23T20:13:51.654Z - [LOG] Receive Counter: 83
2024-11-23T20:13:51.658Z - [LOG] Packet Length: 1721 Checksum Length: 8
2024-11-23T20:13:51.660Z - [LOG] <22:13:51>: <ERROR> Decryption error: Checksum mismatch 14df4790bc7a583a != 37f3c4ba2a4134b9
2024-11-23T20:13:53.523Z - [LOG] Header  254
2024-11-23T20:13:53.538Z - [LOG] Payload:  Buffer(1475) [Uint8Array] [  254,  92, 112, 154, 146, 205, 180,  55, 139,  10,   86,  43, 142, 133, 251, 118, 128,  37, 234, 244,   84, 168,  49, 168, 155, 180,  42,  26,   3,  28,   34, 135,  21, 202, 184, 135, 123, 154, 171,  54,  212, 214,  33,  56,  34, 185, 165, 230,   3,  35,  ... 1425 more items]
2024-11-23T20:13:53.551Z - [LOG] Receive Counter: 84
2024-11-23T20:13:53.557Z - [LOG] Packet Length: 1466 Checksum Length: 8
2024-11-23T20:13:53.559Z - [LOG] <22:13:53>: <ERROR> Decryption error: Checksum mismatch e85d1b950bdc4d08 != d48b77be8ea9b43e
2024-11-23T20:13:53.657Z - [LOG] Header  254
2024-11-23T20:13:53.664Z - [LOG] Payload:  Buffer(1913) [Uint8Array] [  254, 210, 137, 208,  61, 224, 246, 228, 125,  62,  192, 217, 254, 173, 216,   3, 213,  29, 211, 164,  128, 184, 160, 117, 158,   3, 195,  62,  53, 229,  237, 214,  37, 139, 226,  39, 202, 154,  71, 205,  187, 155, 196, 216,  15, 173,  50, 148, 206,   1,  ... 1863 more items]
2024-11-23T20:13:53.686Z - [LOG] Receive Counter: 85
2024-11-23T20:13:53.691Z - [LOG] Packet Length: 1904 Checksum Length: 8
2024-11-23T20:13:53.694Z - [LOG] <22:13:53>: <ERROR> Decryption error: Checksum mismatch 65b1d2364725bc89 != 5b1a2b0c55172196
2024-11-23T20:13:55.404Z - [LOG] Header  254
2024-11-23T20:13:55.424Z - [LOG] Payload:  Buffer(1502) [Uint8Array] [  254, 108, 225,  93, 171,   6, 103, 138,  37, 236,  208, 224, 137, 245, 109, 155,  73, 196, 114, 110,   66, 180,  23, 245, 145, 189,  20,  88, 176, 230,  223,  13, 239, 125,  60, 219,  10,  30,  68, 135,  129, 103,  15, 152, 207, 127,  85,  48, 163,  85,  ... 1452 more items]
2024-11-23T20:13:55.458Z - [LOG] Receive Counter: 86
2024-11-23T20:13:55.467Z - [LOG] Packet Length: 1493 Checksum Length: 8
2024-11-23T20:13:55.471Z - [LOG] <22:13:55>: <ERROR> Decryption error: Checksum mismatch 06d9d44e55d5a032 != 12cf438640df7502
2024-11-23T20:13:56.767Z - [LOG] Header  254
2024-11-23T20:13:56.778Z - [LOG] Payload:  Buffer(1516) [Uint8Array] [  254, 109, 140, 113, 148, 104,  94,  19, 222, 106,  242, 126,  82,  61, 141, 243,  73, 124, 248,  58,  175,  31, 248, 234,  61,  62,  38, 255, 224,  39,   15,  63, 242, 179, 207, 238, 110,  88,   5,  79,   75, 238, 185, 157,  21,  60, 207, 244, 251,  42,  ... 1466 more items]
2024-11-23T20:13:56.792Z - [LOG] Receive Counter: 87
2024-11-23T20:13:56.815Z - [LOG] Packet Length: 1507 Checksum Length: 8
2024-11-23T20:13:56.818Z - [LOG] <22:13:56>: <ERROR> Decryption error: Checksum mismatch 8b3a7f4f2aedc8d5 != ec769d9e07a5b47c
2024-11-23T20:14:04.103Z - [LOG] Header  254
2024-11-23T20:14:04.124Z - [LOG] Payload:  Buffer(1475) [Uint8Array] [  254,  92, 112, 154, 146, 205, 180,  55, 139,  10,   86,  43, 142, 133, 251, 118, 128,  37, 234, 244,   84, 168,  49, 168, 155, 180,  42,  26,   3,  28,   34, 135,  21, 202, 184, 135, 123, 154, 171,  54,  212, 214,  33,  56,  34, 185, 165, 230,   3,  35,  ... 1425 more items]
2024-11-23T20:14:04.142Z - [LOG] Receive Counter: 88
2024-11-23T20:14:04.149Z - [LOG] Packet Length: 1466 Checksum Length: 8
2024-11-23T20:14:04.158Z - [LOG] <22:14:4>: <ERROR> Decryption error: Checksum mismatch 953e3ba802c8ab9f != f8c6e48274b667a7
2024-11-23T20:14:04.548Z - [LOG] Header  254
2024-11-23T20:14:04.556Z - [LOG] Payload:  Buffer(1725) [Uint8Array] [  254, 119, 108,  18, 217,  33, 121,  14, 191, 137,   93,  98, 187, 183, 235, 188, 144, 203, 142,  69,  135, 109,  72,  11,  48, 125,  63, 179, 101, 255,   25,  13,  89,  49,  69, 108, 212,  36, 146,  36,  143, 113, 124, 160, 237, 215, 239,   9, 218,  81,  ... 1675 more items]
2024-11-23T20:14:04.570Z - [LOG] Receive Counter: 89
2024-11-23T20:14:04.574Z - [LOG] Packet Length: 1716 Checksum Length: 8
2024-11-23T20:14:04.575Z - [LOG] <22:14:4>: <ERROR> Decryption error: Checksum mismatch 667aa570c6b96c77 != 4796be8e4c709c5a
2024-11-23T20:14:05.749Z - [LOG] Header  254
2024-11-23T20:14:05.813Z - [LOG] Payload:  Buffer(1475) [Uint8Array] [  254,  92, 112, 154, 146, 205, 180,  55, 139,  10,   86,  43, 142, 133, 251, 118, 128,  37, 234, 244,   84, 168,  49, 168, 155, 180,  42,  26,   3,  28,   34, 135,  21, 202, 184, 135, 123, 154, 171,  54,  212, 214,  33,  56,  34, 185, 165, 230,   3,  35,  ... 1425 more items]
2024-11-23T20:14:05.836Z - [LOG] Receive Counter: 90
2024-11-23T20:14:05.843Z - [LOG] Packet Length: 1466 Checksum Length: 8
2024-11-23T20:14:05.846Z - [LOG] <22:14:5>: <ERROR> Decryption error: Checksum mismatch 46eb04642506393d != 965207fab332e97a
2024-11-23T20:14:07.278Z - [LOG] Header  254
2024-11-23T20:14:07.292Z - [LOG] Payload:  Buffer(1516) [Uint8Array] [  254, 109, 140, 113, 148, 104,  94,  19, 222, 106,  242, 126,  82,  61, 141, 243,  73, 124, 248,  58,  175,  31, 248, 234,  61,  62,  38, 255, 224,  39,   15,  63, 242, 179, 207, 238, 110,  88,   5,  79,   75, 238, 185, 157,  21,  60, 207, 244, 251,  42,  ... 1466 more items]
2024-11-23T20:14:07.302Z - [LOG] Receive Counter: 91
2024-11-23T20:14:07.306Z - [LOG] Packet Length: 1507 Checksum Length: 8
2024-11-23T20:14:07.311Z - [LOG] <22:14:7>: <ERROR> Decryption error: Checksum mismatch c7ea0a81ed9ceb0c != be328c027d125f73
2024-11-23T20:14:08.111Z - [LOG] Header  254
2024-11-23T20:14:08.127Z - [LOG] Payload:  Buffer(1475) [Uint8Array] [  254,  92, 112, 154, 146, 205, 180,  55, 139,  10,   86,  43, 142, 133, 251, 118, 128,  37, 234, 244,   84, 168,  49, 168, 155, 180,  42,  26,   3,  28,   34, 135,  21, 202, 184, 135, 123, 154, 171,  54,  212, 214,  33,  56,  34, 185, 165, 230,   3,  35,  ... 1425 more items]
2024-11-23T20:14:08.145Z - [LOG] Receive Counter: 92
2024-11-23T20:14:08.148Z - [LOG] Packet Length: 1466 Checksum Length: 8
2024-11-23T20:14:08.151Z - [LOG] <22:14:8>: <ERROR> Decryption error: Checksum mismatch c30d5e43110265dd != 05659509f3ee3b0e
2024-11-23T20:14:08.686Z - [LOG] Header  254
2024-11-23T20:14:08.697Z - [LOG] Payload:  Buffer(1725) [Uint8Array] [  254, 119, 108,  18, 217,  33, 121,  14, 191, 137,   93,  98, 187, 183, 235, 188, 144, 203, 142,  69,  135, 109,  72,  11,  48, 125,  63, 179, 101, 255,   25,  13,  89,  49,  69, 108, 212,  36, 146,  36,  143, 113, 124, 160, 237, 215, 239,   9, 218,  81,  ... 1675 more items]
2024-11-23T20:14:08.716Z - [LOG] Receive Counter: 93
2024-11-23T20:14:08.720Z - [LOG] Packet Length: 1716 Checksum Length: 8
2024-11-23T20:14:08.724Z - [LOG] <22:14:8>: <ERROR> Decryption error: Checksum mismatch 2c8a451b754425ae != bcd94b850416fec4
2024-11-23T20:14:10.049Z - [LOG] Header  254
2024-11-23T20:14:10.054Z - [LOG] Payload:  Buffer(1516) [Uint8Array] [  254, 109, 140, 113, 148, 104,  94,  19, 222, 106,  242, 126,  82,  61, 141, 243,  73, 124, 248,  58,  175,  31, 248, 234,  61,  62,  38, 255, 224,  39,   15,  63, 242, 179, 207, 238, 110,  88,   5,  79,   75, 238, 185, 157,  21,  60, 207, 244, 251,  42,  ... 1466 more items]
2024-11-23T20:14:10.081Z - [LOG] Receive Counter: 94
2024-11-23T20:14:10.086Z - [LOG] Packet Length: 1507 Checksum Length: 8
2024-11-23T20:14:10.091Z - [LOG] <22:14:10>: <ERROR> Decryption error: Checksum mismatch 85588ec603c05e78 != 637e71dcb139fc80
2024-11-23T20:14:12.633Z - [LOG] Header  254
2024-11-23T20:14:12.645Z - [LOG] Payload:  Buffer(1475) [Uint8Array] [  254,  92, 112, 154, 146, 205, 180,  55, 139,  10,   86,  43, 142, 133, 251, 118, 128,  37, 234, 244,   84, 168,  49, 168, 155, 180,  42,  26,   3,  28,   34, 135,  21, 202, 184, 135, 123, 154, 171,  54,  212, 214,  33,  56,  34, 185, 165, 230,   3,  35,  ... 1425 more items]
2024-11-23T20:14:12.677Z - [LOG] Receive Counter: 95
2024-11-23T20:14:12.685Z - [LOG] Packet Length: 1466 Checksum Length: 8
2024-11-23T20:14:12.687Z - [LOG] <22:14:12>: <ERROR> Decryption error: Checksum mismatch b2c9f692c95e04b6 != 4c0ba189ae6a004d
2024-11-23T20:14:13.935Z - [LOG] Header  254
2024-11-23T20:14:13.946Z - [LOG] Payload:  Buffer(1516) [Uint8Array] [  254, 109, 140, 113, 148, 104,  94,  19, 222, 106,  242, 126,  82,  61, 141, 243,  73, 124, 248,  58,  175,  31, 248, 234,  61,  62,  38, 255, 224,  39,   15,  63, 242, 179, 207, 238, 110,  88,   5,  79,   75, 238, 185, 157,  21,  60, 207, 244, 251,  42,  ... 1466 more items]
2024-11-23T20:14:13.959Z - [LOG] Receive Counter: 96
2024-11-23T20:14:13.964Z - [LOG] Packet Length: 1507 Checksum Length: 8
2024-11-23T20:14:13.966Z - [LOG] <22:14:13>: <ERROR> Decryption error: Checksum mismatch 4f62cc29f3e062d1 != 92a09df1e6e0ec24
2024-11-23T20:14:15.153Z - [LOG] Header  254
2024-11-23T20:14:15.161Z - [LOG] Payload:  Buffer(1475) [Uint8Array] [  254,  92, 112, 154, 146, 205, 180,  55, 139,  10,   86,  43, 142, 133, 251, 118, 128,  37, 234, 244,   84, 168,  49, 168, 155, 180,  42,  26,   3,  28,   34, 135,  21, 202, 184, 135, 123, 154, 171,  54,  212, 214,  33,  56,  34, 185, 165, 230,   3,  35,  ... 1425 more items]
2024-11-23T20:14:15.175Z - [LOG] Receive Counter: 97
2024-11-23T20:14:15.183Z - [LOG] Packet Length: 1466 Checksum Length: 8
2024-11-23T20:14:15.187Z - [LOG] <22:14:15>: <ERROR> Decryption error: Checksum mismatch 54e14ee012b34c14 != 1e8fe5391a0315fe
2024-11-23T20:14:16.102Z - [LOG] Header  254
2024-11-23T20:14:16.116Z - [LOG] Payload:  Buffer(1516) [Uint8Array] [  254, 109, 140, 113, 148, 104,  94,  19, 222, 106,  242, 126,  82,  61, 141, 243,  73, 124, 248,  58,  175,  31, 248, 234,  61,  62,  38, 255, 224,  39,   15,  63, 242, 179, 207, 238, 110,  88,   5,  79,   75, 238, 185, 157,  21,  60, 207, 244, 251,  42,  ... 1466 more items]
2024-11-23T20:14:16.132Z - [LOG] Receive Counter: 98
2024-11-23T20:14:16.136Z - [LOG] Packet Length: 1507 Checksum Length: 8
2024-11-23T20:14:16.143Z - [LOG] <22:14:16>: <ERROR> Decryption error: Checksum mismatch b98ae48db546eda6 != 1f27208ba8c11785
2024-11-23T20:14:16.790Z - [LOG] Header  254
2024-11-23T20:14:16.802Z - [LOG] Payload:  Buffer(1475) [Uint8Array] [  254,  92, 112, 154, 146, 205, 180,  55, 139,  10,   86,  43, 142, 133, 251, 118, 128,  37, 234, 244,   84, 168,  49, 168, 155, 180,  42,  26,   3,  28,   34, 135,  21, 202, 184, 135, 123, 154, 171,  54,  212, 214,  33,  56,  34, 185, 165, 230,   3,  35,  ... 1425 more items]
2024-11-23T20:14:16.827Z - [LOG] Receive Counter: 99
2024-11-23T20:14:16.835Z - [LOG] Packet Length: 1466 Checksum Length: 8
2024-11-23T20:14:16.841Z - [LOG] <22:14:16>: <ERROR> Decryption error: Checksum mismatch 8c1975c5e0efa998 != 12fb9eedb3e7c573
2024-11-23T20:14:19.151Z - [LOG] Header  254
2024-11-23T20:14:19.162Z - [LOG] Payload:  Buffer(1609) [Uint8Array] [  254, 183, 203, 249, 192,  93, 104, 150,  93,  51,  150, 160,  80, 243,  87,   3,  63,  72, 164, 105,   38,  12, 195,  80,   4, 114, 242, 226, 211, 112,   45, 101,  67, 221,  81,  37, 133,  16,  95, 200,  126,  73, 150, 201, 152, 107, 119,  46, 115, 247,  ... 1559 more items]
2024-11-23T20:14:19.173Z - [LOG] Receive Counter: 100
2024-11-23T20:14:19.178Z - [LOG] Packet Length: 1600 Checksum Length: 8
2024-11-23T20:14:19.184Z - [LOG] <22:14:19>: <ERROR> Decryption error: Checksum mismatch 72d9fbfae820b7de != 0122901e51065fcf
2024-11-23T20:14:19.852Z - [LOG] Header  254
2024-11-23T20:14:19.863Z - [LOG] Payload:  Buffer(1516) [Uint8Array] [  254, 109, 140, 113, 148, 104,  94,  19, 222, 106,  242, 126,  82,  61, 141, 243,  73, 124, 248,  58,  175,  31, 248, 234,  61,  62,  38, 255, 224,  39,   15,  63, 242, 179, 207, 238, 110,  88,   5,  79,   75, 238, 185, 157,  21,  60, 207, 244, 251,  42,  ... 1466 more items]
2024-11-23T20:14:19.881Z - [LOG] Receive Counter: 101
2024-11-23T20:14:19.884Z - [LOG] Packet Length: 1507 Checksum Length: 8
2024-11-23T20:14:19.886Z - [LOG] <22:14:19>: <ERROR> Decryption error: Checksum mismatch 5628c379e3c78916 != fd98750b8dae3c93
2024-11-23T20:14:19.975Z - [LOG] Header  254
2024-11-23T20:14:19.985Z - [LOG] Payload:  Buffer(1718) [Uint8Array] [  254,  61,  54,  17, 141,  53, 232,  64, 239, 131,  181, 183,  82, 203, 236, 141, 121, 239,   0, 243,   86,  73,  18, 155, 172,  45, 171, 195, 170, 173,  144, 144, 110,  50, 236, 190, 227,  13, 214,  15,   40,  96, 161,  27,  11, 160, 250, 236, 227, 126,  ... 1668 more items]
2024-11-23T20:14:20.001Z - [LOG] Receive Counter: 102
2024-11-23T20:14:20.006Z - [LOG] Packet Length: 1709 Checksum Length: 8
2024-11-23T20:14:20.009Z - [LOG] <22:14:20>: <ERROR> Decryption error: Checksum mismatch 2c71919f0b65aa4e != bd58563f07084267
2024-11-23T20:14:20.677Z - [LOG] Header  254
2024-11-23T20:14:20.693Z - [LOG] Payload:  Buffer(1475) [Uint8Array] [  254,  92, 112, 154, 146, 205, 180,  55, 139,  10,   86,  43, 142, 133, 251, 118, 128,  37, 234, 244,   84, 168,  49, 168, 155, 180,  42,  26,   3,  28,   34, 135,  21, 202, 184, 135, 123, 154, 171,  54,  212, 214,  33,  56,  34, 185, 165, 230,   3,  35,  ... 1425 more items]
2024-11-23T20:14:20.809Z - [LOG] Receive Counter: 103
2024-11-23T20:14:20.818Z - [LOG] Packet Length: 1466 Checksum Length: 8
2024-11-23T20:14:20.841Z - [LOG] <22:14:20>: <ERROR> Decryption error: Checksum mismatch ee3465f6c450c4a5 != a835f2444685eaa9
2024-11-23T20:14:22.094Z - [LOG] Header  254
2024-11-23T20:14:22.103Z - [LOG] Payload:  Buffer(1516) [Uint8Array] [  254, 109, 140, 113, 148, 104,  94,  19, 222, 106,  242, 126,  82,  61, 141, 243,  73, 124, 248,  58,  175,  31, 248, 234,  61,  62,  38, 255, 224,  39,   15,  63, 242, 179, 207, 238, 110,  88,   5,  79,   75, 238, 185, 157,  21,  60, 207, 244, 251,  42,  ... 1466 more items]
2024-11-23T20:14:22.149Z - [LOG] Receive Counter: 104
2024-11-23T20:14:22.160Z - [LOG] Packet Length: 1507 Checksum Length: 8
2024-11-23T20:14:22.168Z - [LOG] <22:14:22>: <ERROR> Decryption error: Checksum mismatch e2692707fb14b42c != 9edb3158f7c90da8
2024-11-23T20:14:23.081Z - [LOG] Header  254
2024-11-23T20:14:23.091Z - [LOG] Payload:  Buffer(1475) [Uint8Array] [  254,  92, 112, 154, 146, 205, 180,  55, 139,  10,   86,  43, 142, 133, 251, 118, 128,  37, 234, 244,   84, 168,  49, 168, 155, 180,  42,  26,   3,  28,   34, 135,  21, 202, 184, 135, 123, 154, 171,  54,  212, 214,  33,  56,  34, 185, 165, 230,   3,  35,  ... 1425 more items]
2024-11-23T20:14:23.104Z - [LOG] Receive Counter: 105
2024-11-23T20:14:23.110Z - [LOG] Packet Length: 1466 Checksum Length: 8
2024-11-23T20:14:23.112Z - [LOG] <22:14:23>: <ERROR> Decryption error: Checksum mismatch d6414bd26be9695d != 8acd6842c3b33cc7
2024-11-23T20:14:24.202Z - [LOG] Header  254
2024-11-23T20:14:24.212Z - [LOG] Payload:  Buffer(1516) [Uint8Array] [  254, 109, 140, 113, 148, 104,  94,  19, 222, 106,  242, 126,  82,  61, 141, 243,  73, 124, 248,  58,  175,  31, 248, 234,  61,  62,  38, 255, 224,  39,   15,  63, 242, 179, 207, 238, 110,  88,   5,  79,   75, 238, 185, 157,  21,  60, 207, 244, 251,  42,  ... 1466 more items]
2024-11-23T20:14:24.224Z - [LOG] Receive Counter: 106
2024-11-23T20:14:24.229Z - [LOG] Packet Length: 1507 Checksum Length: 8
2024-11-23T20:14:24.231Z - [LOG] <22:14:24>: <ERROR> Decryption error: Checksum mismatch f53ed5c4f7f96e89 != fb42e45c89a9ee91
2024-11-23T20:14:30.965Z - [LOG] Header  254
2024-11-23T20:14:31.029Z - [LOG] Payload:  Buffer(1780) [Uint8Array] [  254, 198, 204, 237, 155, 250, 116, 196, 181,   27, 247, 220, 140,  86, 226, 241, 199, 130,  213, 238, 146, 146, 241, 167, 143, 213, 247,  117,   0,  47, 219, 148,  51,  22, 183,  77,   32, 167,  77, 224,  89, 129,   6, 188, 189,  243, 223, 181, 199,  83,  ... 1730 more items]
2024-11-23T20:14:31.051Z - [LOG] Receive Counter: 107
2024-11-23T20:14:31.057Z - [LOG] Packet Length: 1771 Checksum Length: 8
2024-11-23T20:14:31.062Z - [LOG] <22:14:31>: <ERROR> Decryption error: Checksum mismatch 602ca4dab09ee852 != 527caaf7ddf51e5f
2024-11-23T20:14:32.974Z - [LOG] Header  254
2024-11-23T20:14:32.984Z - [LOG] Payload:  Buffer(1725) [Uint8Array] [  254, 119, 108,  18, 217,  33, 121,  14, 191, 137,   93,  98, 187, 183, 235, 188, 144, 203, 142,  69,  135, 109,  72,  11,  48, 125,  63, 179, 101, 255,   25,  13,  89,  49,  69, 108, 212,  36, 146,  36,  143, 113, 124, 160, 237, 215, 239,   9, 218,  81,  ... 1675 more items]
2024-11-23T20:14:33.019Z - [LOG] Receive Counter: 108
2024-11-23T20:14:33.044Z - [LOG] Packet Length: 1716 Checksum Length: 8
2024-11-23T20:14:33.047Z - [LOG] <22:14:33>: <ERROR> Decryption error: Checksum mismatch 82725e9f26973058 != 2173c553a6d058e9
2024-11-23T20:14:33.276Z - [LOG] Header  254
2024-11-23T20:14:33.286Z - [LOG] Payload:  Buffer(1516) [Uint8Array] [  254, 109, 140, 113, 148, 104,  94,  19, 222, 106,  242, 126,  82,  61, 141, 243,  73, 124, 248,  58,  175,  31, 248, 234,  61,  62,  38, 255, 224,  39,   15,  63, 242, 179, 207, 238, 110,  88,   5,  79,   75, 238, 185, 157,  21,  60, 207, 244, 251,  42,  ... 1466 more items]
2024-11-23T20:14:33.309Z - [LOG] Receive Counter: 109
2024-11-23T20:14:33.314Z - [LOG] Packet Length: 1507 Checksum Length: 8
2024-11-23T20:14:33.324Z - [LOG] <22:14:33>: <ERROR> Decryption error: Checksum mismatch c6df1ae6a4bd290b != 1301d8ba1c686518
2024-11-23T20:14:33.615Z - [LOG] Header  254
2024-11-23T20:14:33.630Z - [LOG] Payload:  Buffer(1780) [Uint8Array] [  254, 198, 204, 237, 155, 250, 116, 196, 181,   27, 247, 220, 140,  86, 226, 241, 199, 130,  213, 238, 146, 146, 241, 167, 143, 213, 247,  117,   0,  47, 219, 148,  51,  22, 183,  77,   32, 167,  77, 224,  89, 129,   6, 188, 189,  243, 223, 181, 199,  83,  ... 1730 more items]
2024-11-23T20:14:33.661Z - [LOG] Receive Counter: 110
2024-11-23T20:14:33.674Z - [LOG] Packet Length: 1771 Checksum Length: 8
2024-11-23T20:14:33.681Z - [LOG] <22:14:33>: <ERROR> Decryption error: Checksum mismatch d846ad42978b51aa != 784ab639a3ebbb32
2024-11-23T20:14:34.097Z - [LOG] Header  254
2024-11-23T20:14:34.104Z - [LOG] Payload:  Buffer(1516) [Uint8Array] [  254, 109, 140, 113, 148, 104,  94,  19, 222, 106,  242, 126,  82,  61, 141, 243,  73, 124, 248,  58,  175,  31, 248, 234,  61,  62,  38, 255, 224,  39,   15,  63, 242, 179, 207, 238, 110,  88,   5,  79,   75, 238, 185, 157,  21,  60, 207, 244, 251,  42,  ... 1466 more items]
2024-11-23T20:14:34.127Z - [LOG] Receive Counter: 111
2024-11-23T20:14:34.130Z - [LOG] Packet Length: 1507 Checksum Length: 8
2024-11-23T20:14:34.136Z - [LOG] <22:14:34>: <ERROR> Decryption error: Checksum mismatch b6e8d9cf0f409832 != 1c915b073b045f20
