2024-11-24T08:57:43.206Z - [TIME START] Spawn
2024-11-24T08:57:43.208Z - Starting connection...
2024-11-24T08:57:43.252Z - [LOG] <10:57:43>: <DEBUG> setupClientProfile execution time: 0.12ms
2024-11-24T08:57:43.255Z - [LOG] <10:57:43>: <DEBUG> createOfflineSession execution time: 44.37ms
2024-11-24T08:57:43.256Z - [LOG] <10:57:43>: <DEBUG> initializeSession execution time: 45.75ms
2024-11-24T08:57:43.257Z - [LOG] <10:57:43>: <DEBUG> connect execution time: 46.42ms
2024-11-24T08:57:43.277Z - [LOG] <10:57:43>: <DEBUG> setupClientChains execution time: 19.76ms
2024-11-24T08:57:44.065Z - [LOG] <10:57:44>: <DEBUG> handleSessionStart execution time: 4.80ms
2024-11-24T08:57:44.411Z - [LOG] handle
2024-11-24T08:57:44.420Z - [LOG] <10:57:44>: <DEBUG> Sending Game PACKET --> 193 | 0xc1 2024-11-24T08:57:44.420Z
2024-11-24T08:57:44.434Z - [LOG] <10:57:44>: <DEBUG> sendPacket execution time: 13.16ms
2024-11-24T08:57:44.436Z - [TIME END] Spawn: 1230ms
2024-11-24T08:57:44.528Z - [LOG] {  type: 'MCPE',  message: 'PocketMine-MP Server',  protocol: 748,  version: '1.21.40',  playerCount: 0,  maxPlayers: 20,  serverGUID: 959315177832208500,  serverName: 'PocketMine-MP',  gamemode: 'Survival'}
2024-11-24T08:57:44.559Z - Connected successfully: {"type":"MCPE","message":"PocketMine-MP Server","protocol":748,"version":"1.21.40","playerCount":0,"maxPlayers":20,"serverGUID":959315177832208500,"serverName":"PocketMine-MP","gamemode":"Survival"}
2024-11-24T08:57:44.999Z - [LOG] Header  254
2024-11-24T08:57:45.020Z - [LOG] Payload:  Buffer(14) [Uint8Array] [  254, 12, 143, 1, 1, 0,    0,  0,   0, 0, 0, 0,    0,  0]
2024-11-24T08:57:45.024Z - [LOG] id  143
2024-11-24T08:57:45.026Z - [LOG] 143
2024-11-24T08:57:45.028Z - [LOG] <10:57:45>: <DEBUG> S -> C NetworkSettingsPacket
2024-11-24T08:57:45.033Z - [LOG] test
2024-11-24T08:57:45.035Z - [LOG] <10:57:45>: <DEBUG> Sending Game PACKET --> 1 | 0x01 2024-11-24T08:57:45.034Z
2024-11-24T08:57:45.166Z - [LOG] <10:57:45>: <DEBUG> sendPacket execution time: 131.03ms
2024-11-24T08:57:45.172Z - [LOG] <10:57:45>: <DEBUG> sendLoginPacket execution time: 142.55ms
2024-11-24T08:57:45.185Z - [LOG] <10:57:45>: <DEBUG> onNetworkSettings execution time: 156.79ms
2024-11-24T08:57:45.847Z - [LOG] Header  254
2024-11-24T08:57:45.856Z - [LOG] Payload:  Buffer(358) [Uint8Array] [  254,   0,  21, 207, 193,  82, 163,  48,   0, 128,  225,  67, 159, 103, 119,  66,  41,  93, 123,  52,   66, 104, 130,   4,  73,  73,  40,  92, 156,  64,  106,  19,  72,  41,  21,  86, 129,  39, 114, 198,  151, 180, 222, 255, 153, 127, 190, 239, 213, 234,  ... 308 more items]
2024-11-24T08:57:45.863Z - [LOG] id  3
2024-11-24T08:57:45.870Z - [LOG] 3
2024-11-24T08:57:45.886Z - [LOG] <10:57:45>: <DEBUG> validateKeys execution time: 0.16ms
2024-11-24T08:57:46.068Z - [LOG] <10:57:46>: <DEBUG> createSharedSecret execution time: 183.01ms
2024-11-24T08:57:46.080Z - [LOG] <10:57:46>: <DEBUG> setupEncryption execution time: 8.80ms
2024-11-24T08:57:46.084Z - [LOG] <10:57:46>: <DEBUG> Sending Game PACKET --> 4 | 0x04 2024-11-24T08:57:46.084Z
2024-11-24T08:57:46.089Z - [LOG] <10:57:46>: <DEBUG> sendPacket execution time: 5.14ms
2024-11-24T08:57:46.091Z - [LOG] <10:57:46>: <DEBUG> sendClientToServerHandshake execution time: 6.76ms
2024-11-24T08:57:46.094Z - [LOG] <10:57:46>: <DEBUG> onServerToClientHandshake execution time: 218.35ms
2024-11-24T08:57:46.162Z - [LOG] Header  254
2024-11-24T08:57:46.166Z - [LOG] Payload:  Buffer(23) [Uint8Array] [  254, 116,  10,  99, 141, 130, 207,   59,  15, 180, 230, 194,  73, 117,  187,  81,  16,  80, 233,  38, 129,  205,  99]
2024-11-24T08:57:46.168Z - [LOG] Receive Counter: 0
2024-11-24T08:57:46.170Z - [LOG] Packet Length: 14 Checksum Length: 8
2024-11-24T08:57:46.176Z - [LOG] <10:57:46>: <DEBUG> Checksum matched 287b3572307151b9 == 287b3572307151b9
2024-11-24T08:57:46.179Z - [LOG] id  2
2024-11-24T08:57:46.184Z - [LOG] 2
2024-11-24T08:57:46.186Z - [LOG] <10:57:46>: <DEBUG> onPlayStatus execution time: 0.18ms
2024-11-24T08:57:46.187Z - [LOG] id  6
2024-11-24T08:57:46.187Z - [LOG] 6
2024-11-24T08:57:46.188Z - [LOG] <10:57:46>: <DEBUG> Sending Game PACKET --> 8 | 0x08 2024-11-24T08:57:46.188Z
2024-11-24T08:57:46.193Z - [LOG] <10:57:46>: <DEBUG> sendPacket execution time: 4.23ms
2024-11-24T08:57:46.196Z - [LOG] <10:57:46>: <DEBUG> onResourcePack execution time: 7.77ms
2024-11-24T08:57:49.310Z - [LOG] Header  254
2024-11-24T08:57:49.527Z - [LOG] Payload:  Buffer(53356) [Uint8Array] [  254, 187, 127, 114, 144, 160,  28, 208, 119,  76,  144, 201, 127, 222,  48,  59, 237, 194, 127,  70,  121,  30,   1, 208, 150, 191, 203, 138, 235, 158,  146, 212,   9,  25, 117,  17,  80,  14, 191,  29,  249,  61, 159, 168, 250, 253, 240,  86,  16, 197,  ... 53306 more items]
2024-11-24T08:57:49.553Z - [LOG] Receive Counter: 1
2024-11-24T08:57:49.766Z - [LOG] Packet Length: 53347 Checksum Length: 8
2024-11-24T08:57:49.799Z - [LOG] <10:57:49>: <DEBUG> Checksum matched 2a3bd1e7729ec4bf == 2a3bd1e7729ec4bf
2024-11-24T08:57:49.812Z - [LOG] id  11
2024-11-24T08:57:49.828Z - [LOG] 11
2024-11-24T08:57:49.868Z - [LOG] <10:57:49>: <DEBUG> Sending Game PACKET --> 69 | 0x45 2024-11-24T08:57:49.868Z
2024-11-24T08:57:49.879Z - [LOG] <10:57:49>: <DEBUG> sendPacket execution time: 10.69ms
2024-11-24T08:57:49.885Z - [LOG] <10:57:49>: <DEBUG> onStartGame execution time: 21.75ms
2024-11-24T08:57:49.889Z - [LOG] id  119
2024-11-24T08:57:49.894Z - [LOG] 119
2024-11-24T08:57:49.959Z - [LOG] id  122
2024-11-24T08:57:49.968Z - [LOG] 122
2024-11-24T08:57:49.972Z - [LOG] id  29
2024-11-24T08:57:49.974Z - [LOG] 29
2024-11-24T08:57:49.978Z - [LOG] id  76
2024-11-24T08:57:49.984Z - [LOG] 76
2024-11-24T08:57:49.989Z - [LOG] id  187
2024-11-24T08:57:49.992Z - [LOG] 187
2024-11-24T08:57:49.994Z - [LOG] id  188
2024-11-24T08:57:50.000Z - [LOG] 188
2024-11-24T08:57:50.003Z - [LOG] id  39
2024-11-24T08:57:50.005Z - [LOG] 39
2024-11-24T08:57:50.008Z - [LOG] id  49
2024-11-24T08:57:50.011Z - [LOG] 49
2024-11-24T08:57:50.013Z - [LOG] id  49
2024-11-24T08:57:50.017Z - [LOG] 49
2024-11-24T08:57:50.019Z - [LOG] id  49
2024-11-24T08:57:50.021Z - [LOG] 49
2024-11-24T08:57:50.023Z - [LOG] id  49
2024-11-24T08:57:50.024Z - [LOG] 49
2024-11-24T08:57:50.025Z - [LOG] id  49
2024-11-24T08:57:50.025Z - [LOG] 49
2024-11-24T08:57:50.028Z - [LOG] id  49
2024-11-24T08:57:50.029Z - [LOG] 49
2024-11-24T08:57:50.033Z - [LOG] id  50
2024-11-24T08:57:50.035Z - [LOG] 50
2024-11-24T08:57:50.037Z - [LOG] id  50
2024-11-24T08:57:50.039Z - [LOG] 50
2024-11-24T08:57:50.040Z - [LOG] id  50
2024-11-24T08:57:50.042Z - [LOG] 50
2024-11-24T08:57:50.054Z - [LOG] id  50
2024-11-24T08:57:50.055Z - [LOG] 50
2024-11-24T08:57:50.057Z - [LOG] id  50
2024-11-24T08:57:50.058Z - [LOG] 50
2024-11-24T08:57:50.060Z - [LOG] id  31
2024-11-24T08:57:50.062Z - [LOG] 31
2024-11-24T08:57:50.066Z - [LOG] id  145
2024-11-24T08:57:50.069Z - [LOG] 145
2024-11-24T08:57:50.150Z - [LOG] id  52
2024-11-24T08:57:50.153Z - [LOG] 52
2024-11-24T08:57:50.423Z - [LOG] id  63
2024-11-24T08:57:50.427Z - [LOG] 63
2024-11-24T08:57:50.436Z - [LOG] id  29
2024-11-24T08:57:50.439Z - [LOG] 29
2024-11-24T08:57:55.935Z - [LOG] Header  254
2024-11-24T08:57:55.945Z - [LOG] Payload:  Buffer(1840) [Uint8Array] [  254, 213, 121,  41,  15, 177, 238, 107,  57, 140,   55, 106,  19, 190,  92, 108,  23,  92, 129, 253,  237,   8, 214, 218, 161,  11, 110, 138,  23,  66,   52,  61, 136, 153, 162, 115, 181,  41, 212,  90,  241,  75,   8,  59, 205,  21,  28, 118,  52, 146,  ... 1790 more items]
2024-11-24T08:57:55.957Z - [LOG] Receive Counter: 2
2024-11-24T08:57:55.967Z - [LOG] Packet Length: 1831 Checksum Length: 8
2024-11-24T08:57:55.969Z - [LOG] <10:57:55>: <ERROR> Decryption error: Checksum mismatch df08b4a08ac5b525 != 9d89bf032693cc1a
2024-11-24T08:57:56.057Z - [LOG] Header  254
2024-11-24T08:57:56.074Z - [LOG] Payload:  Buffer(1753) [Uint8Array] [  254,  56,  27,  14, 183,  88, 125, 105, 152, 100,   73, 105, 218, 138, 224, 152,  92,  29, 253, 174,   45, 155, 227,  49,  60,  21, 217, 141, 225,  61,  213,  88, 217,  84, 253, 191,   3,  20, 100,  91,  254, 229, 193,  62,  24, 142,  21,  12,  39, 152,  ... 1703 more items]
2024-11-24T08:57:56.092Z - [LOG] Receive Counter: 3
2024-11-24T08:57:56.096Z - [LOG] Packet Length: 1744 Checksum Length: 8
2024-11-24T08:57:56.101Z - [LOG] <10:57:56>: <ERROR> Decryption error: Checksum mismatch c05495d198928fd8 != 1f3e35f72fbd4b5f
2024-11-24T08:57:56.184Z - [LOG] Header  254
2024-11-24T08:57:56.192Z - [LOG] Payload:  Buffer(2012) [Uint8Array] [  254, 164, 127,  53, 119, 171, 205, 129,  74, 144,  250, 169,  60, 237,  38,   0,  63, 157, 129, 116,  165, 223, 106, 138,  50,  18, 210, 147,  44,  88,  109, 115,  29, 115, 192, 102,   1, 121,  78,  19,   35,  61, 216, 109, 166, 186,  64,  79, 237, 212,  ... 1962 more items]
2024-11-24T08:57:56.207Z - [LOG] Receive Counter: 4
2024-11-24T08:57:56.220Z - [LOG] Packet Length: 2003 Checksum Length: 8
2024-11-24T08:57:56.225Z - [LOG] <10:57:56>: <ERROR> Decryption error: Checksum mismatch 028f675abff111a0 != 076b2b9f0188c8b3
2024-11-24T08:57:56.312Z - [LOG] Header  254
2024-11-24T08:57:56.324Z - [LOG] Payload:  Buffer(2129) [Uint8Array] [  254, 107,  27, 241, 129, 140, 195,  31, 150, 123,  190, 115, 254, 254, 107,  31, 199, 203, 180, 136,  240,  83,  36, 102, 127,  57, 219,   6, 241, 131,  224,  62, 103, 222,  62,  75,  92, 242,  30,  59,  167, 220,  62,  28, 136, 159, 108,  97,  94, 155,  ... 2079 more items]
2024-11-24T08:57:56.345Z - [LOG] Receive Counter: 5
2024-11-24T08:57:56.352Z - [LOG] Packet Length: 2120 Checksum Length: 8
2024-11-24T08:57:56.353Z - [LOG] <10:57:56>: <ERROR> Decryption error: Checksum mismatch a5f14630ce69a734 != 3a7a66b6ce8a4ce8
2024-11-24T08:57:56.439Z - [LOG] Header  254
2024-11-24T08:57:56.446Z - [LOG] Payload:  Buffer(1750) [Uint8Array] [  254,  37, 221, 109,  80,  50, 218, 137, 104,  36,   62,  10,  17,  17, 246, 239, 193, 195, 186, 218,  230,  72, 149, 107,  11, 182, 225,  59,   6, 187,   54, 219, 201, 182, 100, 244, 210, 147,  95,  50,   51,  92,  80,  89,  79,  13, 241, 127, 181,  64,  ... 1700 more items]
2024-11-24T08:57:56.463Z - [LOG] Receive Counter: 6
2024-11-24T08:57:56.474Z - [LOG] Packet Length: 1741 Checksum Length: 8
2024-11-24T08:57:56.477Z - [LOG] <10:57:56>: <ERROR> Decryption error: Checksum mismatch b2761f1e9b1bb007 != 2d0b6f44a55ec3c2
