2024-11-24T09:02:10.619Z - [TIME START] Spawn
2024-11-24T09:02:10.623Z - Starting connection...
2024-11-24T09:02:10.631Z - [LOG] <11:2:10>: <DEBUG> setupClientProfile execution time: 0.06ms
2024-11-24T09:02:10.636Z - [LOG] <11:2:10>: <DEBUG> createOfflineSession execution time: 10.69ms
2024-11-24T09:02:10.638Z - [LOG] <11:2:10>: <DEBUG> initializeSession execution time: 13.37ms
2024-11-24T09:02:10.639Z - [LOG] <11:2:10>: <DEBUG> connect execution time: 14.84ms
2024-11-24T09:02:10.656Z - [LOG] <11:2:10>: <DEBUG> setupClientChains execution time: 13.79ms
2024-11-24T09:02:11.681Z - [LOG] <11:2:11>: <DEBUG> handleSessionStart execution time: 2.65ms
2024-11-24T09:02:12.064Z - [LOG] handle
2024-11-24T09:02:12.066Z - [LOG] <11:2:12>: <DEBUG> Sending Game PACKET --> 193 | 0xc1 2024-11-24T09:02:12.066Z
2024-11-24T09:02:12.068Z - [LOG] <11:2:12>: <DEBUG> sendPacket execution time: 2.09ms
2024-11-24T09:02:12.072Z - [TIME END] Spawn: 1454ms
2024-11-24T09:02:12.081Z - [LOG] {  type: 'MCPE',  message: 'PocketMine-MP Server',  protocol: 748,  version: '1.21.40',  playerCount: 0,  maxPlayers: 20,  serverGUID: 959315177832208500,  serverName: 'PocketMine-MP',  gamemode: 'Survival'}
2024-11-24T09:02:12.083Z - Connected successfully: {"type":"MCPE","message":"PocketMine-MP Server","protocol":748,"version":"1.21.40","playerCount":0,"maxPlayers":20,"serverGUID":959315177832208500,"serverName":"PocketMine-MP","gamemode":"Survival"}
2024-11-24T09:02:12.382Z - [LOG] Header  254
2024-11-24T09:02:12.386Z - [LOG] Payload:  Buffer(14) [Uint8Array] [  254, 12, 143, 1, 1, 0,    0,  0,   0, 0, 0, 0,    0,  0]
2024-11-24T09:02:12.399Z - [LOG] id  143
2024-11-24T09:02:12.402Z - [LOG] 143
2024-11-24T09:02:12.408Z - [LOG] <11:2:12>: <DEBUG> S -> C NetworkSettingsPacket
2024-11-24T09:02:12.415Z - [LOG] test
2024-11-24T09:02:12.418Z - [LOG] <11:2:12>: <DEBUG> Sending Game PACKET --> 1 | 0x01 2024-11-24T09:02:12.418Z
2024-11-24T09:02:12.501Z - [LOG] <11:2:12>: <DEBUG> sendPacket execution time: 82.66ms
2024-11-24T09:02:12.518Z - [LOG] <11:2:12>: <DEBUG> sendLoginPacket execution time: 103.48ms
2024-11-24T09:02:12.525Z - [LOG] <11:2:12>: <DEBUG> onNetworkSettings execution time: 116.68ms
2024-11-24T09:02:12.808Z - [LOG] Header  254
2024-11-24T09:02:12.816Z - [LOG] Payload:  Buffer(361) [Uint8Array] [  254,   0,  21, 207, 201, 110, 163,  48,   0, 128,  225,  67, 158,  39,  35,  67, 128, 118, 142,  33,   96, 150,  20,  39,  54, 216,   6,  95,  42, 150,  132, 205,  44, 106,  72,  99, 120, 162, 145, 230,   37, 167, 115, 255, 165,  95, 223, 223, 221, 238,  ... 311 more items]
2024-11-24T09:02:12.824Z - [LOG] id  3
2024-11-24T09:02:12.828Z - [LOG] 3
2024-11-24T09:02:12.836Z - [LOG] <11:2:12>: <DEBUG> validateKeys execution time: 0.12ms
2024-11-24T09:02:12.962Z - [LOG] <11:2:12>: <DEBUG> createSharedSecret execution time: 126.24ms
2024-11-24T09:02:12.981Z - [LOG] <11:2:12>: <DEBUG> setupEncryption execution time: 3.59ms
2024-11-24T09:02:12.985Z - [LOG] <11:2:12>: <DEBUG> Sending Game PACKET --> 4 | 0x04 2024-11-24T09:02:12.985Z
2024-11-24T09:02:12.996Z - [LOG] <11:2:12>: <DEBUG> sendPacket execution time: 11.51ms
2024-11-24T09:02:13.000Z - [LOG] <11:2:13>: <DEBUG> sendClientToServerHandshake execution time: 15.18ms
2024-11-24T09:02:13.006Z - [LOG] <11:2:13>: <DEBUG> onServerToClientHandshake execution time: 172.34ms
2024-11-24T09:02:13.101Z - [LOG] Header  254
2024-11-24T09:02:13.103Z - [LOG] Payload:  Buffer(23) [Uint8Array] [  254, 200, 148, 195, 253,   0,   17,  67, 149, 180, 197, 179,  147, 226, 129, 139,  38, 180,  235,   0, 146, 124, 228]
2024-11-24T09:02:13.106Z - [LOG] Receive Counter: 0
2024-11-24T09:02:13.108Z - [LOG] Packet Length: 14 Checksum Length: 8
2024-11-24T09:02:13.111Z - [LOG] <11:2:13>: <DEBUG> Checksum matched c78a18f28fc2e8e3 == c78a18f28fc2e8e3
2024-11-24T09:02:13.113Z - [LOG] id  2
2024-11-24T09:02:13.114Z - [LOG] 2
2024-11-24T09:02:13.116Z - [LOG] <11:2:13>: <DEBUG> onPlayStatus execution time: 0.17ms
2024-11-24T09:02:13.116Z - [LOG] id  6
2024-11-24T09:02:13.117Z - [LOG] 6
2024-11-24T09:02:13.118Z - [LOG] <11:2:13>: <DEBUG> Sending Game PACKET --> 8 | 0x08 2024-11-24T09:02:13.118Z
2024-11-24T09:02:13.121Z - [LOG] <11:2:13>: <DEBUG> sendPacket execution time: 3.16ms
2024-11-24T09:02:13.122Z - [LOG] <11:2:13>: <DEBUG> onResourcePack execution time: 4.33ms
