2024-11-23T11:21:21.181Z - [TIME START] Spawn
2024-11-23T11:21:21.183Z - Starting connection...
2024-11-23T11:21:21.238Z - [LOG] <13:21:21>: <DEBUG> setupClientProfile execution time: 0.06ms
2024-11-23T11:21:21.245Z - [LOG] <13:21:21>: <DEBUG> createOfflineSession execution time: 47.43ms
2024-11-23T11:21:21.247Z - [LOG] <13:21:21>: <DEBUG> initializeSession execution time: 49.04ms
2024-11-23T11:21:21.248Z - [LOG] <13:21:21>: <DEBUG> connect execution time: 50.25ms
2024-11-23T11:21:21.265Z - [LOG] <13:21:21>: <DEBUG> setupClientChains execution time: 15.55ms
2024-11-23T11:21:22.160Z - [LOG] <13:21:22>: <DEBUG> handleSessionStart execution time: 1.54ms
2024-11-23T11:21:22.666Z - [LOG] handle
2024-11-23T11:21:22.671Z - [LOG] <13:21:22>: <DEBUG> Sending Game PACKET --> 193 | 0xc1 2024-11-23T11:21:22.671Z
2024-11-23T11:21:22.681Z - [LOG] <13:21:22>: <DEBUG> sendPacket execution time: 10.10ms
2024-11-23T11:21:22.686Z - [TIME END] Spawn: 1506ms
2024-11-23T11:21:22.710Z - [LOG] {  type: 'MCPE',  message: 'PocketMine-MP Server',  protocol: 748,  version: '1.21.40',  playerCount: 0,  maxPlayers: 20,  serverGUID: 959315177832208500,  serverName: 'PocketMine-MP',  gamemode: 'Survival'}
2024-11-23T11:21:22.731Z - Connected successfully: {"type":"MCPE","message":"PocketMine-MP Server","protocol":748,"version":"1.21.40","playerCount":0,"maxPlayers":20,"serverGUID":959315177832208500,"serverName":"PocketMine-MP","gamemode":"Survival"}
2024-11-23T11:21:23.051Z - [LOG] Header  254
2024-11-23T11:21:23.058Z - [LOG] Payload:  Buffer(14) [Uint8Array] [  254, 12, 143, 1, 1, 0,    0,  0,   0, 0, 0, 0,    0,  0]
2024-11-23T11:21:23.067Z - [LOG] id  143
2024-11-23T11:21:23.068Z - [LOG] 143
2024-11-23T11:21:23.070Z - [LOG] <13:21:23>: <DEBUG> S -> C NetworkSettingsPacket
2024-11-23T11:21:23.072Z - [LOG] test
2024-11-23T11:21:23.073Z - [LOG] <13:21:23>: <DEBUG> Sending Game PACKET --> 1 | 0x01 2024-11-23T11:21:23.073Z
2024-11-23T11:21:23.167Z - [LOG] <13:21:23>: <DEBUG> sendPacket execution time: 93.67ms
2024-11-23T11:21:23.169Z - [LOG] <13:21:23>: <DEBUG> sendLoginPacket execution time: 97.56ms
2024-11-23T11:21:23.173Z - [LOG] <13:21:23>: <DEBUG> onNetworkSettings execution time: 102.19ms
2024-11-23T11:21:23.415Z - [LOG] Header  254
2024-11-23T11:21:23.422Z - [LOG] Payload:  Buffer(358) [Uint8Array] [  254,   0,  21, 207,  75, 142, 155,  64,  20,  64,  209, 129, 215, 227, 168,  48, 198, 180, 135,  16,   40,  12, 109,  30, 162, 160,  30, 166,  38,  17,  159,  14,   6, 202,  24,  53,  31,   3,  43, 138,  148,  77, 198, 153,  95, 233, 232, 254, 221, 237,  ... 308 more items]
2024-11-23T11:21:23.434Z - [LOG] id  3
2024-11-23T11:21:23.437Z - [LOG] 3
2024-11-23T11:21:23.447Z - [LOG] <13:21:23>: <DEBUG> validateKeys execution time: 0.62ms
2024-11-23T11:21:23.655Z - [LOG] <13:21:23>: <DEBUG> createSharedSecret execution time: 208.35ms
2024-11-23T11:21:23.667Z - [LOG] <13:21:23>: <DEBUG> setupEncryption execution time: 10.26ms
2024-11-23T11:21:23.686Z - [LOG] <13:21:23>: <DEBUG> Sending Game PACKET --> 4 | 0x04 2024-11-23T11:21:23.686Z
2024-11-23T11:21:23.697Z - [LOG] <13:21:23>: <DEBUG> sendPacket execution time: 10.93ms
2024-11-23T11:21:23.700Z - [LOG] <13:21:23>: <DEBUG> sendClientToServerHandshake execution time: 14.35ms
2024-11-23T11:21:23.705Z - [LOG] <13:21:23>: <DEBUG> onServerToClientHandshake execution time: 264.80ms
2024-11-23T11:21:23.856Z - [LOG] Header  254
2024-11-23T11:21:23.860Z - [LOG] Payload:  Buffer(23) [Uint8Array] [  254, 138, 234, 144,   5, 177,   26, 145, 113, 193, 248,  40,   72,   1, 192, 106, 189, 185,   65, 180, 253, 186,  34]
2024-11-23T11:21:23.867Z - [LOG] Receive Counter: 0
2024-11-23T11:21:23.870Z - [LOG] Packet Length: 14 Checksum Length: 8
2024-11-23T11:21:23.873Z - [LOG] <13:21:23>: <DEBUG> Checksum matched 328fe80bd0e9145e == 328fe80bd0e9145e
2024-11-23T11:21:23.876Z - [LOG] id  2
2024-11-23T11:21:23.881Z - [LOG] 2
2024-11-23T11:21:23.883Z - [LOG] <13:21:23>: <DEBUG> onPlayStatus execution time: 0.24ms
2024-11-23T11:21:23.885Z - [LOG] id  6
2024-11-23T11:21:23.886Z - [LOG] 6
2024-11-23T11:21:23.889Z - [LOG] <13:21:23>: <DEBUG> Sending Game PACKET --> 8 | 0x08 2024-11-23T11:21:23.889Z
2024-11-23T11:21:23.893Z - [LOG] <13:21:23>: <DEBUG> sendPacket execution time: 3.50ms
2024-11-23T11:21:23.897Z - [LOG] <13:21:23>: <DEBUG> onResourcePack execution time: 8.10ms
