2024-11-23T16:24:19.047Z - [TIME START] Spawn
2024-11-23T16:24:19.051Z - Starting connection...
2024-11-23T16:24:19.106Z - [LOG] <18:24:19>: <DEBUG> setupClientProfile execution time: 0.18ms
2024-11-23T16:24:19.115Z - [LOG] <18:24:19>: <DEBUG> createOfflineSession execution time: 60.43ms
2024-11-23T16:24:19.116Z - [LOG] <18:24:19>: <DEBUG> initializeSession execution time: 62.58ms
2024-11-23T16:24:19.117Z - [LOG] <18:24:19>: <DEBUG> connect execution time: 63.65ms
2024-11-23T16:24:19.143Z - [LOG] <18:24:19>: <DEBUG> setupClientChains execution time: 25.01ms
2024-11-23T16:24:20.334Z - [LOG] <18:24:20>: <DEBUG> handleSessionStart execution time: 2.80ms
2024-11-23T16:24:21.035Z - [LOG] handle
2024-11-23T16:24:21.075Z - [LOG] <18:24:21>: <DEBUG> Sending Game PACKET --> 193 | 0xc1 2024-11-23T16:24:21.075Z
2024-11-23T16:24:21.085Z - [LOG] <18:24:21>: <DEBUG> sendPacket execution time: 9.80ms
2024-11-23T16:24:21.086Z - [TIME END] Spawn: 2039ms
2024-11-23T16:24:21.116Z - [LOG] {  type: 'MCPE',  message: 'PocketMine-MP Server',  protocol: 748,  version: '1.21.40',  playerCount: 0,  maxPlayers: 20,  serverGUID: 959315177832208500,  serverName: 'PocketMine-MP',  gamemode: 'Survival'}
2024-11-23T16:24:21.187Z - Connected successfully: {"type":"MCPE","message":"PocketMine-MP Server","protocol":748,"version":"1.21.40","playerCount":0,"maxPlayers":20,"serverGUID":959315177832208500,"serverName":"PocketMine-MP","gamemode":"Survival"}
2024-11-23T16:24:21.628Z - [LOG] Header  254
2024-11-23T16:24:21.634Z - [LOG] Payload:  Buffer(14) [Uint8Array] [  254, 12, 143, 1, 1, 0,    0,  0,   0, 0, 0, 0,    0,  0]
2024-11-23T16:24:21.640Z - [LOG] id  143
2024-11-23T16:24:21.641Z - [LOG] 143
2024-11-23T16:24:21.645Z - [LOG] <18:24:21>: <DEBUG> S -> C NetworkSettingsPacket
2024-11-23T16:24:21.647Z - [LOG] test
2024-11-23T16:24:21.648Z - [LOG] <18:24:21>: <DEBUG> Sending Game PACKET --> 1 | 0x01 2024-11-23T16:24:21.648Z
2024-11-23T16:24:21.984Z - [LOG] <18:24:21>: <DEBUG> sendPacket execution time: 335.26ms
2024-11-23T16:24:21.987Z - [LOG] <18:24:21>: <DEBUG> sendLoginPacket execution time: 339.76ms
2024-11-23T16:24:21.991Z - [LOG] <18:24:21>: <DEBUG> onNetworkSettings execution time: 346.56ms
2024-11-23T16:24:22.896Z - [LOG] Header  254
2024-11-23T16:24:22.904Z - [LOG] Payload:  Buffer(361) [Uint8Array] [  254,   0,  21, 207, 203, 142, 155,  48,  24,  64,  225,  69, 158,  39, 149, 185, 165, 205, 114, 184,   56,  49,   4,  19,  12, 254,   9, 222, 140, 184,   76,   2, 196,  16, 166, 208,   4, 243,  68, 149,  250, 146, 157, 217,  31, 233, 232, 251, 183, 217,  ... 311 more items]
2024-11-23T16:24:22.929Z - [LOG] id  3
2024-11-23T16:24:23.013Z - [LOG] 3
2024-11-23T16:24:23.024Z - [LOG] <18:24:23>: <DEBUG> validateKeys execution time: 0.13ms
2024-11-23T16:24:23.166Z - [LOG] <18:24:23>: <DEBUG> createSharedSecret execution time: 142.51ms
2024-11-23T16:24:23.173Z - [LOG] <18:24:23>: <DEBUG> setupEncryption execution time: 5.02ms
2024-11-23T16:24:23.177Z - [LOG] <18:24:23>: <DEBUG> Sending Game PACKET --> 4 | 0x04 2024-11-23T16:24:23.177Z
2024-11-23T16:24:23.187Z - [LOG] <18:24:23>: <DEBUG> sendPacket execution time: 9.62ms
2024-11-23T16:24:23.189Z - [LOG] <18:24:23>: <DEBUG> sendClientToServerHandshake execution time: 12.39ms
2024-11-23T16:24:23.194Z - [LOG] <18:24:23>: <DEBUG> onServerToClientHandshake execution time: 175.49ms
2024-11-23T16:24:23.391Z - [LOG] Header  254
2024-11-23T16:24:23.484Z - [LOG] Payload:  Buffer(23) [Uint8Array] [  254, 225, 200, 191,  88,  95,  17,  178,  59,   9,  80, 170, 251, 170,   85,  73, 184, 248,  90,  39,   1,   22,  71]
2024-11-23T16:24:23.553Z - [LOG] Receive Counter: 0
2024-11-23T16:24:23.580Z - [LOG] Packet Length: 14 Checksum Length: 8
2024-11-23T16:24:23.587Z - [LOG] <18:24:23>: <DEBUG> Checksum matched 82fc2f41fff6ee8e == 82fc2f41fff6ee8e
2024-11-23T16:24:23.589Z - [LOG] id  2
2024-11-23T16:24:23.590Z - [LOG] 2
2024-11-23T16:24:23.591Z - [LOG] <18:24:23>: <DEBUG> onPlayStatus execution time: 0.14ms
2024-11-23T16:24:23.594Z - [LOG] id  6
2024-11-23T16:24:23.596Z - [LOG] 6
2024-11-23T16:24:23.598Z - [LOG] <18:24:23>: <DEBUG> Sending Game PACKET --> 8 | 0x08 2024-11-23T16:24:23.597Z
2024-11-23T16:24:23.603Z - [LOG] <18:24:23>: <DEBUG> sendPacket execution time: 5.44ms
2024-11-23T16:24:23.605Z - [LOG] <18:24:23>: <DEBUG> onResourcePack execution time: 7.89ms
2024-11-23T16:24:26.883Z - [LOG] Header  254
2024-11-23T16:24:27.169Z - [LOG] Payload:  Buffer(53358) [Uint8Array] [  254,  82, 153,  81,  97, 224, 194,  39, 216,  68,  197, 172, 194, 237,  78,  38, 109,  59,  34, 173,  136,  24, 181,   0, 149, 213, 255, 248,  16, 138,  154,  38, 144, 232, 233,  14,  25, 140,  65,  13,   84,  99, 217, 116, 161,  98, 219, 197, 200,  14,  ... 53308 more items]
2024-11-23T16:24:27.213Z - [LOG] Receive Counter: 1
2024-11-23T16:24:27.608Z - [LOG] Packet Length: 53349 Checksum Length: 8
2024-11-23T16:24:27.615Z - [LOG] <18:24:27>: <DEBUG> Checksum matched 15ac62dff6b92476 == 15ac62dff6b92476
2024-11-23T16:24:27.621Z - [LOG] id  11
2024-11-23T16:24:27.623Z - [LOG] 11
2024-11-23T16:24:27.680Z - [LOG] <18:24:27>: <DEBUG> Sending Game PACKET --> 69 | 0x45 2024-11-23T16:24:27.680Z
2024-11-23T16:24:27.685Z - [LOG] <18:24:27>: <DEBUG> sendPacket execution time: 4.55ms
2024-11-23T16:24:27.686Z - [LOG] <18:24:27>: <DEBUG> onStartGame execution time: 8.84ms
2024-11-23T16:24:27.687Z - [LOG] id  119
2024-11-23T16:24:27.688Z - [LOG] 119
2024-11-23T16:24:27.730Z - [LOG] id  122
2024-11-23T16:24:27.735Z - [LOG] 122
2024-11-23T16:24:27.738Z - [LOG] id  29
2024-11-23T16:24:27.746Z - [LOG] 29
2024-11-23T16:24:27.749Z - [LOG] id  76
2024-11-23T16:24:27.751Z - [LOG] 76
2024-11-23T16:24:27.755Z - [LOG] id  187
2024-11-23T16:24:27.756Z - [LOG] 187
2024-11-23T16:24:27.758Z - [LOG] id  188
2024-11-23T16:24:27.763Z - [LOG] 188
2024-11-23T16:24:27.765Z - [LOG] id  39
2024-11-23T16:24:27.773Z - [LOG] 39
2024-11-23T16:24:27.776Z - [LOG] id  49
2024-11-23T16:24:27.778Z - [LOG] 49
2024-11-23T16:24:27.782Z - [LOG] id  49
2024-11-23T16:24:27.785Z - [LOG] 49
2024-11-23T16:24:27.787Z - [LOG] id  49
2024-11-23T16:24:27.788Z - [LOG] 49
2024-11-23T16:24:27.789Z - [LOG] id  49
2024-11-23T16:24:27.790Z - [LOG] 49
2024-11-23T16:24:27.791Z - [LOG] id  49
2024-11-23T16:24:27.803Z - [LOG] 49
2024-11-23T16:24:27.808Z - [LOG] id  49
2024-11-23T16:24:27.811Z - [LOG] 49
2024-11-23T16:24:27.823Z - [LOG] id  50
2024-11-23T16:24:27.824Z - [LOG] 50
2024-11-23T16:24:27.826Z - [LOG] id  50
2024-11-23T16:24:27.828Z - [LOG] 50
2024-11-23T16:24:27.833Z - [LOG] id  50
2024-11-23T16:24:27.834Z - [LOG] 50
2024-11-23T16:24:27.835Z - [LOG] id  50
2024-11-23T16:24:27.836Z - [LOG] 50
2024-11-23T16:24:27.837Z - [LOG] id  50
2024-11-23T16:24:27.840Z - [LOG] 50
2024-11-23T16:24:27.842Z - [LOG] id  31
2024-11-23T16:24:27.844Z - [LOG] 31
2024-11-23T16:24:27.855Z - [LOG] id  145
2024-11-23T16:24:27.857Z - [LOG] 145
2024-11-23T16:24:27.920Z - [LOG] id  52
2024-11-23T16:24:27.997Z - [LOG] 52
2024-11-23T16:24:29.181Z - [LOG] id  63
2024-11-23T16:24:29.325Z - [LOG] 63
2024-11-23T16:24:29.444Z - [LOG] id  29
2024-11-23T16:24:29.546Z - [LOG] 29
2024-11-23T16:24:37.168Z - [LOG] Header  254
2024-11-23T16:24:37.419Z - [LOG] Payload:  Buffer(53358) [Uint8Array] [  254,  82, 153,  81,  97, 224, 194,  39, 216,  68,  197, 172, 194, 237,  78,  38, 109,  59,  34, 173,  136,  24, 181,   0, 149, 213, 255, 248,  16, 138,  154,  38, 144, 232, 233,  14,  25, 140,  65,  13,   84,  99, 217, 116, 161,  98, 219, 197, 200,  14,  ... 53308 more items]
2024-11-23T16:24:37.431Z - [LOG] Receive Counter: 2
2024-11-23T16:24:37.487Z - [LOG] Packet Length: 53349 Checksum Length: 8
2024-11-23T16:24:37.518Z - [LOG] <18:24:37>: <ERROR> Decryption error: Checksum mismatch 00188d0ba4f58533 != f4291ddecf626f55
