2024-11-23T11:42:42.681Z - [TIME START] Spawn
2024-11-23T11:42:42.683Z - Starting connection...
2024-11-23T11:42:42.691Z - [LOG] <13:42:42>: <DEBUG> setupClientProfile execution time: 0.06ms
2024-11-23T11:42:42.694Z - [LOG] <13:42:42>: <DEBUG> createOfflineSession execution time: 7.35ms
2024-11-23T11:42:42.694Z - [LOG] <13:42:42>: <DEBUG> initializeSession execution time: 10.46ms
2024-11-23T11:42:42.695Z - [LOG] <13:42:42>: <DEBUG> connect execution time: 11.10ms
2024-11-23T11:42:42.714Z - [LOG] <13:42:42>: <DEBUG> setupClientChains execution time: 18.04ms
2024-11-23T11:42:43.500Z - [LOG] <13:42:43>: <DEBUG> handleSessionStart execution time: 3.46ms
2024-11-23T11:42:44.654Z - [LOG] handle
2024-11-23T11:42:44.687Z - [LOG] <13:42:44>: <DEBUG> Sending Game PACKET --> 193 | 0xc1 2024-11-23T11:42:44.687Z
2024-11-23T11:42:44.693Z - [LOG] <13:42:44>: <DEBUG> sendPacket execution time: 5.23ms
2024-11-23T11:42:44.701Z - [TIME END] Spawn: 2021ms
2024-11-23T11:42:44.721Z - [LOG] {  type: 'MCPE',  message: 'PocketMine-MP Server',  protocol: 748,  version: '1.21.40',  playerCount: 1,  maxPlayers: 20,  serverGUID: 959315177832208500,  serverName: 'PocketMine-MP',  gamemode: 'Survival'}
2024-11-23T11:42:44.734Z - Connected successfully: {"type":"MCPE","message":"PocketMine-MP Server","protocol":748,"version":"1.21.40","playerCount":1,"maxPlayers":20,"serverGUID":959315177832208500,"serverName":"PocketMine-MP","gamemode":"Survival"}
2024-11-23T11:42:45.141Z - [LOG] Header  254
2024-11-23T11:42:45.153Z - [LOG] Payload:  Buffer(14) [Uint8Array] [  254, 12, 143, 1, 1, 0,    0,  0,   0, 0, 0, 0,    0,  0]
2024-11-23T11:42:45.160Z - [LOG] id  143
2024-11-23T11:42:45.161Z - [LOG] 143
2024-11-23T11:42:45.163Z - [LOG] <13:42:45>: <DEBUG> S -> C NetworkSettingsPacket
2024-11-23T11:42:45.171Z - [LOG] test
2024-11-23T11:42:45.175Z - [LOG] <13:42:45>: <DEBUG> Sending Game PACKET --> 1 | 0x01 2024-11-23T11:42:45.175Z
2024-11-23T11:42:45.279Z - [LOG] <13:42:45>: <DEBUG> sendPacket execution time: 104.41ms
2024-11-23T11:42:45.292Z - [LOG] <13:42:45>: <DEBUG> sendLoginPacket execution time: 122.97ms
2024-11-23T11:42:45.306Z - [LOG] <13:42:45>: <DEBUG> onNetworkSettings execution time: 142.78ms
2024-11-23T11:42:45.837Z - [LOG] Header  254
2024-11-23T11:42:45.910Z - [LOG] Payload:  Buffer(363) [Uint8Array] [  254,   0,  13, 207,  89, 114, 170,  64,  20,   0,  208,  15, 215,  99, 170,  25, 204, 147, 207,  71,  160,  25, 148,  75, 104, 186, 155, 225, 199,  98,   80,  25,  90,  64,  32,  10, 110,  41,  85,  89,   99, 178, 130,  83, 231, 103, 179, 249, 222, 156,  ... 313 more items]
2024-11-23T11:42:46.042Z - [LOG] id  3
2024-11-23T11:42:46.128Z - [LOG] 3
2024-11-23T11:42:46.148Z - [LOG] <13:42:46>: <DEBUG> validateKeys execution time: 0.11ms
2024-11-23T11:42:46.437Z - [LOG] <13:42:46>: <DEBUG> createSharedSecret execution time: 289.87ms
2024-11-23T11:42:46.451Z - [LOG] <13:42:46>: <DEBUG> setupEncryption execution time: 6.36ms
2024-11-23T11:42:46.461Z - [LOG] <13:42:46>: <DEBUG> Sending Game PACKET --> 4 | 0x04 2024-11-23T11:42:46.460Z
2024-11-23T11:42:46.471Z - [LOG] <13:42:46>: <DEBUG> sendPacket execution time: 10.29ms
2024-11-23T11:42:46.479Z - [LOG] <13:42:46>: <DEBUG> sendClientToServerHandshake execution time: 18.84ms
2024-11-23T11:42:46.485Z - [LOG] <13:42:46>: <DEBUG> onServerToClientHandshake execution time: 344.72ms
2024-11-23T11:42:46.579Z - [LOG] Header  254
2024-11-23T11:42:46.589Z - [LOG] Payload:  Buffer(23) [Uint8Array] [  254, 151, 209, 180,  53, 166,  175, 188, 159, 139, 101, 234,  182, 138, 111,  77,  63, 192,   10, 128, 247, 107, 100]
2024-11-23T11:42:46.592Z - [LOG] Receive Counter: 0
2024-11-23T11:42:46.595Z - [LOG] Packet Length: 14 Checksum Length: 8
2024-11-23T11:42:46.606Z - [LOG] <13:42:46>: <DEBUG> Checksum matched 5eebafc15a155482 == 5eebafc15a155482
2024-11-23T11:42:46.622Z - [LOG] id  2
2024-11-23T11:42:46.623Z - [LOG] 2
2024-11-23T11:42:46.625Z - [LOG] <13:42:46>: <DEBUG> onPlayStatus execution time: 0.20ms
2024-11-23T11:42:46.641Z - [LOG] id  6
2024-11-23T11:42:46.662Z - [LOG] 6
2024-11-23T11:42:46.664Z - [LOG] <13:42:46>: <DEBUG> Sending Game PACKET --> 8 | 0x08 2024-11-23T11:42:46.664Z
2024-11-23T11:42:46.675Z - [LOG] <13:42:46>: <DEBUG> sendPacket execution time: 11.12ms
2024-11-23T11:42:46.678Z - [LOG] <13:42:46>: <DEBUG> onResourcePack execution time: 14.27ms
2024-11-23T11:42:49.534Z - [LOG] Header  254
2024-11-23T11:42:49.872Z - [LOG] Payload:  Buffer(53355) [Uint8Array] [  254, 236, 211, 224, 241,  12,  26, 251, 108, 108,  185,  41, 168,  83, 213,  36,  10, 248,  76, 167,  209, 150,  88, 185,  23,  55,  46,   5, 185, 146,   19,  18, 251, 217,  36,  36, 196, 217, 236,  31,  148,  24, 245,  56, 214, 156, 153, 149, 132, 154,  ... 53305 more items]
2024-11-23T11:42:49.897Z - [LOG] Receive Counter: 1
2024-11-23T11:42:50.200Z - [LOG] Packet Length: 53346 Checksum Length: 8
2024-11-23T11:42:50.218Z - [LOG] <13:42:50>: <DEBUG> Checksum matched 62d4a8cf72a80edc == 62d4a8cf72a80edc
2024-11-23T11:42:50.239Z - [LOG] id  11
2024-11-23T11:42:50.251Z - [LOG] 11
2024-11-23T11:42:50.280Z - [LOG] <13:42:50>: <DEBUG> Sending Game PACKET --> 69 | 0x45 2024-11-23T11:42:50.280Z
2024-11-23T11:42:50.287Z - [LOG] <13:42:50>: <DEBUG> sendPacket execution time: 6.66ms
2024-11-23T11:42:50.291Z - [LOG] <13:42:50>: <DEBUG> onStartGame execution time: 13.44ms
2024-11-23T11:42:50.293Z - [LOG] id  119
2024-11-23T11:42:50.294Z - [LOG] 119
2024-11-23T11:42:50.335Z - [LOG] id  122
2024-11-23T11:42:50.355Z - [LOG] 122
2024-11-23T11:42:50.361Z - [LOG] id  29
2024-11-23T11:42:50.363Z - [LOG] 29
2024-11-23T11:42:50.369Z - [LOG] id  76
2024-11-23T11:42:50.372Z - [LOG] 76
2024-11-23T11:42:50.378Z - [LOG] id  187
2024-11-23T11:42:50.379Z - [LOG] 187
2024-11-23T11:42:50.387Z - [LOG] id  188
2024-11-23T11:42:50.390Z - [LOG] 188
2024-11-23T11:42:50.392Z - [LOG] id  39
2024-11-23T11:42:50.394Z - [LOG] 39
2024-11-23T11:42:50.397Z - [LOG] id  49
2024-11-23T11:42:50.402Z - [LOG] 49
2024-11-23T11:42:50.405Z - [LOG] id  49
2024-11-23T11:42:50.407Z - [LOG] 49
2024-11-23T11:42:50.409Z - [LOG] id  49
2024-11-23T11:42:50.410Z - [LOG] 49
2024-11-23T11:42:50.412Z - [LOG] id  49
2024-11-23T11:42:50.413Z - [LOG] 49
2024-11-23T11:42:50.414Z - [LOG] id  49
2024-11-23T11:42:50.420Z - [LOG] 49
2024-11-23T11:42:50.422Z - [LOG] id  49
2024-11-23T11:42:50.424Z - [LOG] 49
2024-11-23T11:42:50.425Z - [LOG] id  50
2024-11-23T11:42:50.431Z - [LOG] 50
2024-11-23T11:42:50.438Z - [LOG] id  50
2024-11-23T11:42:50.440Z - [LOG] 50
2024-11-23T11:42:50.443Z - [LOG] id  50
2024-11-23T11:42:50.445Z - [LOG] 50
2024-11-23T11:42:50.446Z - [LOG] id  50
2024-11-23T11:42:50.451Z - [LOG] 50
2024-11-23T11:42:50.453Z - [LOG] id  50
2024-11-23T11:42:50.455Z - [LOG] 50
2024-11-23T11:42:50.463Z - [LOG] id  31
2024-11-23T11:42:50.588Z - [LOG] 31
2024-11-23T11:42:50.600Z - [LOG] id  145
2024-11-23T11:42:50.607Z - [LOG] 145
2024-11-23T11:42:51.060Z - [LOG] id  52
2024-11-23T11:42:51.085Z - [LOG] 52
2024-11-23T11:42:51.534Z - [LOG] id  63
2024-11-23T11:42:51.674Z - [LOG] 63
2024-11-23T11:42:51.789Z - [LOG] id  29
2024-11-23T11:42:51.895Z - [LOG] 29
2024-11-23T11:42:57.294Z - [LOG] Header  254
2024-11-23T11:42:57.564Z - [LOG] Payload:  Buffer(53355) [Uint8Array] [  254, 236, 211, 224, 241,  12,  26, 251, 108, 108,  185,  41, 168,  83, 213,  36,  10, 248,  76, 167,  209, 150,  88, 185,  23,  55,  46,   5, 185, 146,   19,  18, 251, 217,  36,  36, 196, 217, 236,  31,  148,  24, 245,  56, 214, 156, 153, 149, 132, 154,  ... 53305 more items]
2024-11-23T11:42:57.573Z - [LOG] Receive Counter: 2
2024-11-23T11:42:57.663Z - [LOG] Packet Length: 53346 Checksum Length: 8
2024-11-23T11:42:57.668Z - [LOG] <13:42:57>: <ERROR> Decryption error: Checksum mismatch ca53621ab7aa4e47 != ad00d255b52bcc4a
