2024-11-24T19:10:59.072Z - [TIME START] Spawn
2024-11-24T19:10:59.073Z - Starting connection...
2024-11-24T19:10:59.077Z - [LOG] <21:10:59>: <DEBUG> setupClientProfile execution time: 0.04ms
2024-11-24T19:10:59.078Z - [LOG] <21:10:59>: <DEBUG> createOfflineSession execution time: 4.33ms
2024-11-24T19:10:59.078Z - [LOG] <21:10:59>: <DEBUG> initializeSession execution time: 5.08ms
2024-11-24T19:10:59.079Z - [LOG] <21:10:59>: <DEBUG> connect execution time: 5.67ms
2024-11-24T19:10:59.090Z - [LOG] <21:10:59>: <DEBUG> setupClientChains execution time: 10.80ms
2024-11-24T19:10:59.498Z - [LOG] <21:10:59>: <DEBUG> handleSessionStart execution time: 0.84ms
2024-11-24T19:10:59.870Z - [LOG] handle
2024-11-24T19:10:59.874Z - [LOG] <21:10:59>: <DEBUG> Sending Game PACKET --> 193 | 0xc1 2024-11-24T19:10:59.874Z
2024-11-24T19:10:59.876Z - [LOG] <21:10:59>: <DEBUG> sendPacket execution time: 2.45ms
2024-11-24T19:10:59.877Z - [TIME END] Spawn: 805ms
2024-11-24T19:10:59.881Z - [LOG] {  type: 'MCPE',  message: 'PocketMine-MP Server',  protocol: 748,  version: '1.21.40',  playerCount: 1,  maxPlayers: 20,  serverGUID: 2446291095431307000,  serverName: 'PocketMine-MP',  gamemode: 'Survival'}
2024-11-24T19:10:59.881Z - Connected successfully: {"type":"MCPE","message":"PocketMine-MP Server","protocol":748,"version":"1.21.40","playerCount":1,"maxPlayers":20,"serverGUID":2446291095431307000,"serverName":"PocketMine-MP","gamemode":"Survival"}
2024-11-24T19:11:00.192Z - [LOG] Header  254
2024-11-24T19:11:00.194Z - [LOG] Payload:  Buffer(14) [Uint8Array] [  254, 12, 143, 1, 1, 0,    0,  0,   0, 0, 0, 0,    0,  0]
2024-11-24T19:11:00.196Z - [LOG] id  143
2024-11-24T19:11:00.197Z - [LOG] 143
2024-11-24T19:11:00.197Z - [LOG] <21:11:0>: <DEBUG> S -> C NetworkSettingsPacket
2024-11-24T19:11:00.198Z - [LOG] test
2024-11-24T19:11:00.199Z - [LOG] <21:11:0>: <DEBUG> Sending Game PACKET --> 1 | 0x01 2024-11-24T19:11:00.199Z
2024-11-24T19:11:00.232Z - [LOG] <21:11:0>: <DEBUG> sendPacket execution time: 33.64ms
2024-11-24T19:11:00.244Z - [LOG] <21:11:0>: <DEBUG> sendLoginPacket execution time: 45.86ms
2024-11-24T19:11:00.247Z - [LOG] <21:11:0>: <DEBUG> onNetworkSettings execution time: 49.45ms
2024-11-24T19:11:00.394Z - [LOG] Header  254
2024-11-24T19:11:00.396Z - [LOG] Payload:  Buffer(359) [Uint8Array] [  254,   0,  21, 207,  93, 114, 162,  48,   0,   0,  224,   7, 207, 211,  78,  80, 106, 229, 149, 132,    0,  41,   4,   9,  36,   4,  94,  28,  32,  42,   63,   1, 221, 202,  10, 114, 163, 157, 217,  67,  238, 246, 187, 193, 247, 119, 179, 249, 179,  57,  ... 309 more items]
2024-11-24T19:11:00.405Z - [LOG] id  3
2024-11-24T19:11:00.406Z - [LOG] 3
2024-11-24T19:11:00.409Z - [LOG] <21:11:0>: <DEBUG> validateKeys execution time: 0.08ms
2024-11-24T19:11:00.499Z - [LOG] <21:11:0>: <DEBUG> createSharedSecret execution time: 90.45ms
2024-11-24T19:11:00.505Z - [LOG] <21:11:0>: <DEBUG> setupEncryption execution time: 4.05ms
2024-11-24T19:11:00.506Z - [LOG] <21:11:0>: <DEBUG> Sending Game PACKET --> 4 | 0x04 2024-11-24T19:11:00.505Z
2024-11-24T19:11:00.509Z - [LOG] <21:11:0>: <DEBUG> sendPacket execution time: 3.31ms
2024-11-24T19:11:00.511Z - [LOG] <21:11:0>: <DEBUG> sendClientToServerHandshake execution time: 5.55ms
2024-11-24T19:11:00.515Z - [LOG] <21:11:0>: <DEBUG> onServerToClientHandshake execution time: 106.63ms
2024-11-24T19:11:00.578Z - [LOG] Header  254
2024-11-24T19:11:00.583Z - [LOG] Payload:  Buffer(23) [Uint8Array] [  254, 146,  10, 208, 188, 170,  200, 217,  87, 105, 144, 187,  142, 215,  43,  19,  26, 160,  172, 102, 139, 157,  85]
2024-11-24T19:11:00.591Z - [LOG] Receive Counter: 0
2024-11-24T19:11:00.593Z - [LOG] Packet Length: 14 Checksum Length: 8
2024-11-24T19:11:00.594Z - [LOG] <21:11:0>: <DEBUG> Checksum matched 7bcf4a7c4bc5eb02 == 7bcf4a7c4bc5eb02
2024-11-24T19:11:00.595Z - [LOG] id  2
2024-11-24T19:11:00.595Z - [LOG] 2
2024-11-24T19:11:00.596Z - [LOG] <21:11:0>: <DEBUG> onPlayStatus execution time: 0.12ms
2024-11-24T19:11:00.596Z - [LOG] id  6
2024-11-24T19:11:00.596Z - [LOG] 6
2024-11-24T19:11:00.597Z - [LOG] <21:11:0>: <DEBUG> Sending Game PACKET --> 8 | 0x08 2024-11-24T19:11:00.597Z
2024-11-24T19:11:00.600Z - [LOG] <21:11:0>: <DEBUG> sendPacket execution time: 2.80ms
2024-11-24T19:11:00.601Z - [LOG] <21:11:0>: <DEBUG> onResourcePack execution time: 3.70ms
2024-11-24T19:11:03.069Z - [LOG] Header  254
2024-11-24T19:11:03.222Z - [LOG] Payload:  Buffer(53355) [Uint8Array] [  254, 186,  62, 192, 114,  24, 126, 119,  16, 176,  109, 105, 185, 188, 104, 171, 196, 203, 245, 150,  175, 201,  64, 102, 114,  59, 134, 219, 143, 188,   96,   3, 154,  10,  75, 116, 203, 157,  71, 155,  131, 111, 158,  68,  80, 148,  56, 234,  99,  71,  ... 53305 more items]
2024-11-24T19:11:03.226Z - [LOG] Receive Counter: 1
2024-11-24T19:11:03.371Z - [LOG] Packet Length: 53346 Checksum Length: 8
2024-11-24T19:11:03.372Z - [LOG] <21:11:3>: <DEBUG> Checksum matched d4f277837222005f == d4f277837222005f
2024-11-24T19:11:03.375Z - [LOG] id  11
2024-11-24T19:11:03.376Z - [LOG] 11
2024-11-24T19:11:03.396Z - [LOG] <21:11:3>: <DEBUG> Sending Game PACKET --> 69 | 0x45 2024-11-24T19:11:03.396Z
2024-11-24T19:11:03.400Z - [LOG] <21:11:3>: <DEBUG> sendPacket execution time: 3.86ms
2024-11-24T19:11:03.401Z - [LOG] <21:11:3>: <DEBUG> onStartGame execution time: 6.12ms
2024-11-24T19:11:03.401Z - [LOG] id  119
2024-11-24T19:11:03.401Z - [LOG] 119
2024-11-24T19:11:03.416Z - [LOG] id  122
2024-11-24T19:11:03.420Z - [LOG] 122
2024-11-24T19:11:03.421Z - [LOG] id  29
2024-11-24T19:11:03.421Z - [LOG] 29
2024-11-24T19:11:03.423Z - [LOG] id  76
2024-11-24T19:11:03.423Z - [LOG] 76
2024-11-24T19:11:03.426Z - [LOG] id  187
2024-11-24T19:11:03.426Z - [LOG] 187
2024-11-24T19:11:03.428Z - [LOG] id  188
2024-11-24T19:11:03.428Z - [LOG] 188
2024-11-24T19:11:03.429Z - [LOG] id  39
2024-11-24T19:11:03.429Z - [LOG] 39
2024-11-24T19:11:03.431Z - [LOG] id  49
2024-11-24T19:11:03.431Z - [LOG] 49
2024-11-24T19:11:03.432Z - [LOG] id  49
2024-11-24T19:11:03.433Z - [LOG] 49
2024-11-24T19:11:03.433Z - [LOG] id  49
2024-11-24T19:11:03.434Z - [LOG] 49
2024-11-24T19:11:03.434Z - [LOG] id  49
2024-11-24T19:11:03.434Z - [LOG] 49
2024-11-24T19:11:03.434Z - [LOG] id  49
2024-11-24T19:11:03.435Z - [LOG] 49
2024-11-24T19:11:03.435Z - [LOG] id  49
2024-11-24T19:11:03.435Z - [LOG] 49
2024-11-24T19:11:03.437Z - [LOG] id  50
2024-11-24T19:11:03.438Z - [LOG] 50
2024-11-24T19:11:03.439Z - [LOG] id  50
2024-11-24T19:11:03.439Z - [LOG] 50
2024-11-24T19:11:03.440Z - [LOG] id  50
2024-11-24T19:11:03.441Z - [LOG] 50
2024-11-24T19:11:03.441Z - [LOG] id  50
2024-11-24T19:11:03.442Z - [LOG] 50
2024-11-24T19:11:03.442Z - [LOG] id  50
2024-11-24T19:11:03.442Z - [LOG] 50
2024-11-24T19:11:03.442Z - [LOG] id  31
2024-11-24T19:11:03.443Z - [LOG] 31
2024-11-24T19:11:03.443Z - [LOG] id  145
2024-11-24T19:11:03.443Z - [LOG] 145
2024-11-24T19:11:03.466Z - [LOG] id  52
2024-11-24T19:11:03.467Z - [LOG] 52
2024-11-24T19:11:03.575Z - [LOG] id  63
2024-11-24T19:11:03.576Z - [LOG] 63
2024-11-24T19:11:03.579Z - [LOG] id  29
2024-11-24T19:11:03.580Z - [LOG] 29
2024-11-24T19:11:04.211Z - [LOG] Header  254
2024-11-24T19:11:04.215Z - [LOG] Payload:  Buffer(1840) [Uint8Array] [  254, 152, 234, 240,  61, 101, 174, 152, 175, 186,  198, 210, 105,  15, 177,  58, 117, 228, 166,  94,   45, 237, 220,  59,  22,   4,  87,  47,  24, 189,  163,  14,  22,  82,  67, 154,  80,   1, 114, 130,  110, 142, 132,  37, 128,  84, 230, 115, 238,  28,  ... 1790 more items]
2024-11-24T19:11:04.218Z - [LOG] Receive Counter: 2
2024-11-24T19:11:04.221Z - [LOG] Packet Length: 1831 Checksum Length: 8
2024-11-24T19:11:04.222Z - [LOG] <21:11:4>: <ERROR> Decryption error: Checksum mismatch de5c6a18f4003522 != 8dfe7a2b7729db12
2024-11-24T19:11:04.347Z - [LOG] Header  254
2024-11-24T19:11:04.351Z - [LOG] Payload:  Buffer(1753) [Uint8Array] [  254, 250,  50, 183, 226,  57, 84, 255, 227, 184,   17,  47, 165, 235, 223,  71, 37, 251, 195, 115,  100, 209,  39,  94, 155, 172, 94, 143, 126, 141,  172, 131,  99, 205,   3, 209, 84, 213, 184,  44,  156, 165, 169, 101,  80, 192, 52,  86, 123, 159,  ... 1703 more items]
2024-11-24T19:11:04.355Z - [LOG] Receive Counter: 3
2024-11-24T19:11:04.357Z - [LOG] Packet Length: 1744 Checksum Length: 8
2024-11-24T19:11:04.358Z - [LOG] <21:11:4>: <ERROR> Decryption error: Checksum mismatch 79e7335d7708fd6f != 1fd52d89ac3705ce
2024-11-24T19:11:04.473Z - [LOG] Header  254
2024-11-24T19:11:04.476Z - [LOG] Payload:  Buffer(2012) [Uint8Array] [  254,  91, 140,  91, 217,  10, 240,  18, 230, 244,  250, 128, 170, 161, 226, 237,  57,  99, 192, 133,    6,  10, 220, 188,  19,  83,  32, 148,  76, 235,  118,   7, 113, 236, 251,  59,  65, 184, 253,  10,   90, 152, 235, 195, 101, 184, 116, 125,  66,  63,  ... 1962 more items]
2024-11-24T19:11:04.480Z - [LOG] Receive Counter: 4
2024-11-24T19:11:04.481Z - [LOG] Packet Length: 2003 Checksum Length: 8
2024-11-24T19:11:04.481Z - [LOG] <21:11:4>: <ERROR> Decryption error: Checksum mismatch 9611a8bce994eccb != 8e470446f0ab9bbe
2024-11-24T19:11:04.588Z - [LOG] Header  254
2024-11-24T19:11:04.592Z - [LOG] Payload:  Buffer(2129) [Uint8Array] [  254, 194, 107, 251, 159,  77, 215, 190, 217, 248,  167, 243, 135,  21,   5, 103, 152, 193, 144,  80,   62, 252,  40,  29, 160, 127,   0,  87,  70, 128,  124, 254, 189, 167,  90,   8, 233, 114,  16,  45,  132, 156, 241, 249, 178, 168, 251, 245, 176, 239,  ... 2079 more items]
2024-11-24T19:11:04.596Z - [LOG] Receive Counter: 5
2024-11-24T19:11:04.598Z - [LOG] Packet Length: 2120 Checksum Length: 8
2024-11-24T19:11:04.599Z - [LOG] <21:11:4>: <ERROR> Decryption error: Checksum mismatch 67b1a4a3c95964ba != a455f2f2702b7415
2024-11-24T19:11:04.711Z - [LOG] Header  254
2024-11-24T19:11:04.714Z - [LOG] Payload:  Buffer(1750) [Uint8Array] [  254, 150, 156, 244, 182, 215, 113, 145, 178, 147,  211,  28,  45, 158,  50,  87, 153, 190, 177, 221,   12,  52, 105, 227, 220,  97, 131, 118, 133,  24,   94, 120,  38, 230, 233,  76,  13, 171, 212, 108,  225,  23,  10,  66,  72,  83, 111,  39, 132,  59,  ... 1700 more items]
2024-11-24T19:11:04.717Z - [LOG] Receive Counter: 6
2024-11-24T19:11:04.719Z - [LOG] Packet Length: 1741 Checksum Length: 8
2024-11-24T19:11:04.720Z - [LOG] <21:11:4>: <ERROR> Decryption error: Checksum mismatch d94d7aaf0f57219b != 39ce457043e236fb
2024-11-24T19:11:04.848Z - [LOG] Header  254
2024-11-24T19:11:04.851Z - [LOG] Payload:  Buffer(1757) [Uint8Array] [  254,  85,  22,   6, 178, 106, 134,  57, 213, 135,    3, 208, 238,  45,  75, 206, 184, 150, 224,  86,  183, 249,  21, 118, 245,  59,  40,  53, 176,  71,   12,   4,  56, 126, 163,  37, 211, 241, 209,  88,    0, 109, 248,   3, 164, 150, 185, 199, 137, 201,  ... 1707 more items]
2024-11-24T19:11:04.855Z - [LOG] Receive Counter: 7
2024-11-24T19:11:04.856Z - [LOG] Packet Length: 1748 Checksum Length: 8
2024-11-24T19:11:04.857Z - [LOG] <21:11:4>: <ERROR> Decryption error: Checksum mismatch 0c598a4a2745973c != d36597f79b921571
2024-11-24T19:11:04.973Z - [LOG] Header  254
2024-11-24T19:11:04.976Z - [LOG] Payload:  Buffer(1609) [Uint8Array] [  254, 48,  37, 223,  86,  28, 215, 147,   9, 171,  228, 77, 242, 187,  16, 180,  76,  50, 157, 252,  184, 22,  44,  42,  36, 189, 117,  37, 140, 227,  199,  5, 228, 174, 159,  96, 103,   5,   3, 149,   65, 37,  66, 151, 110, 123, 252,  17, 197, 232,  ... 1559 more items]
2024-11-24T19:11:04.979Z - [LOG] Receive Counter: 8
2024-11-24T19:11:04.981Z - [LOG] Packet Length: 1600 Checksum Length: 8
2024-11-24T19:11:04.981Z - [LOG] <21:11:4>: <ERROR> Decryption error: Checksum mismatch 8e1eb622f916ec26 != b7cabed0e10048c9
2024-11-24T19:11:05.098Z - [LOG] Header  254
2024-11-24T19:11:05.101Z - [LOG] Payload:  Buffer(1902) [Uint8Array] [  254, 201,   7, 121,  37,  13, 254, 254,  75, 115,  151,  93,  68, 116, 103, 254,  99,  27, 189, 152,   35, 184, 140,  39, 187,  83,  30,  12, 211,  93,   47, 158, 207, 240,   2, 130, 166, 159,  72, 169,   82, 135, 210, 185,   0, 183, 106, 201, 131, 159,  ... 1852 more items]
2024-11-24T19:11:05.105Z - [LOG] Receive Counter: 9
2024-11-24T19:11:05.107Z - [LOG] Packet Length: 1893 Checksum Length: 8
2024-11-24T19:11:05.108Z - [LOG] <21:11:5>: <ERROR> Decryption error: Checksum mismatch 18db64b6666ad70d != 5e64fe6c0c7257cf
2024-11-24T19:11:05.215Z - [LOG] Header  254
2024-11-24T19:11:05.218Z - [LOG] Payload:  Buffer(1742) [Uint8Array] [  254,  78, 230,  64,  73, 165, 203,  58,  12, 226,  137, 126, 230, 147,  93, 208,  67, 149, 208, 182,  136, 243, 236, 235,   7, 172, 193, 130,  82, 105,   97,  52, 104,  84, 250, 169, 214,   7,  99,   8,  102, 144, 252,  87, 220,  87, 192,  55,   0, 217,  ... 1692 more items]
2024-11-24T19:11:05.224Z - [LOG] Receive Counter: 10
2024-11-24T19:11:05.226Z - [LOG] Packet Length: 1733 Checksum Length: 8
2024-11-24T19:11:05.227Z - [LOG] <21:11:5>: <ERROR> Decryption error: Checksum mismatch 61dd2baf3d677362 != 60313ab2fa4e360e
2024-11-24T19:11:05.346Z - [LOG] Header  254
2024-11-24T19:11:05.351Z - [LOG] Payload:  Buffer(1661) [Uint8Array] [  254,  83, 187, 82, 110, 139, 208,  92, 225, 214,   60, 130,  90, 19,  16, 250, 166, 183, 255, 211,  189,  85, 137, 69,  19,   8, 163,  52, 103, 226,  235, 112,  30, 62, 102, 113, 184, 161, 253, 104,  240, 229,  62, 63, 195, 139, 173, 249, 134,  48,  ... 1611 more items]
2024-11-24T19:11:05.359Z - [LOG] Receive Counter: 11
2024-11-24T19:11:05.361Z - [LOG] Packet Length: 1652 Checksum Length: 8
2024-11-24T19:11:05.361Z - [LOG] <21:11:5>: <ERROR> Decryption error: Checksum mismatch a863d08626fd60b7 != 5e14d4f1752c9a2f
