2024-11-22T18:54:33.745Z - [TIME START] Spawn
2024-11-22T18:54:33.749Z - Starting connection...
2024-11-22T18:54:33.791Z - [LOG] <20:54:33>: <DEBUG> setupClientProfile execution time: 0.09ms
2024-11-22T18:54:33.794Z - [LOG] <20:54:33>: <DEBUG> createOfflineSession execution time: 42.64ms
2024-11-22T18:54:33.795Z - [LOG] <20:54:33>: <DEBUG> initializeSession execution time: 44.39ms
2024-11-22T18:54:33.795Z - [LOG] <20:54:33>: <DEBUG> connect execution time: 45.02ms
2024-11-22T18:54:33.816Z - [LOG] <20:54:33>: <DEBUG> setupClientChains execution time: 19.13ms
2024-11-22T18:54:34.580Z - [LOG] <20:54:34>: <DEBUG> handleSessionStart execution time: 3.29ms
2024-11-22T18:54:34.960Z - [LOG] handle
2024-11-22T18:54:34.965Z - [LOG] <20:54:34>: <DEBUG> Sending Game PACKET --> 193 | 0xc1 2024-11-22T18:54:34.965Z
2024-11-22T18:54:34.968Z - [LOG] <20:54:34>: <DEBUG> sendPacket execution time: 3.08ms
2024-11-22T18:54:34.970Z - [TIME END] Spawn: 1226ms
2024-11-22T18:54:34.983Z - [LOG] {  type: 'MCPE',  message: 'PocketMine-MP Server',  protocol: 748,  version: '1.21.40',  playerCount: 0,  maxPlayers: 20,  serverGUID: 959315177832208500,  serverName: 'PocketMine-MP',  gamemode: 'Survival'}
2024-11-22T18:54:34.998Z - Connected successfully: {"type":"MCPE","message":"PocketMine-MP Server","protocol":748,"version":"1.21.40","playerCount":0,"maxPlayers":20,"serverGUID":959315177832208500,"serverName":"PocketMine-MP","gamemode":"Survival"}
2024-11-22T18:54:35.384Z - [LOG] Header  254
2024-11-22T18:54:35.395Z - [LOG] Payload:  Buffer(14) [Uint8Array] [  254, 12, 143, 1, 1, 0,    0,  0,   0, 0, 0, 0,    0,  0]
2024-11-22T18:54:35.411Z - [LOG] id  143
2024-11-22T18:54:35.413Z - [LOG] 143
2024-11-22T18:54:35.415Z - [LOG] <20:54:35>: <DEBUG> S -> C NetworkSettingsPacket
2024-11-22T18:54:35.416Z - [LOG] test
2024-11-22T18:54:35.416Z - [LOG] <20:54:35>: <DEBUG> Sending Game PACKET --> 1 | 0x01 2024-11-22T18:54:35.416Z
2024-11-22T18:54:35.561Z - [LOG] <20:54:35>: <DEBUG> sendPacket execution time: 144.00ms
2024-11-22T18:54:35.563Z - [LOG] <20:54:35>: <DEBUG> sendLoginPacket execution time: 147.51ms
2024-11-22T18:54:35.565Z - [LOG] <20:54:35>: <DEBUG> onNetworkSettings execution time: 150.49ms
2024-11-22T18:54:35.898Z - [LOG] Header  254
2024-11-22T18:54:35.903Z - [LOG] Payload:  Buffer(360) [Uint8Array] [  254,   0,  21, 207,  77, 110, 163,  48,   0,  64,  225,  69, 206,  51,  35,   3, 129,  81, 151, 229,  199, 196, 208, 152, 218,  96,  19, 188, 169,   0,   51,   4,  98, 192,   9,  36,  13, 156, 104, 164,  185, 100, 219, 253, 147, 158, 190, 255, 187, 221,  ... 310 more items]
2024-11-22T18:54:35.917Z - [LOG] id  3
2024-11-22T18:54:35.923Z - [LOG] 3
2024-11-22T18:54:35.933Z - [LOG] <20:54:35>: <DEBUG> validateKeys execution time: 0.17ms
2024-11-22T18:54:36.068Z - [LOG] <20:54:36>: <DEBUG> createSharedSecret execution time: 135.61ms
2024-11-22T18:54:36.075Z - [LOG] <20:54:36>: <DEBUG> setupEncryption execution time: 5.35ms
2024-11-22T18:54:36.082Z - [LOG] <20:54:36>: <DEBUG> Sending Game PACKET --> 4 | 0x04 2024-11-22T18:54:36.081Z
2024-11-22T18:54:36.086Z - [LOG] <20:54:36>: <DEBUG> sendPacket execution time: 4.81ms
2024-11-22T18:54:36.089Z - [LOG] <20:54:36>: <DEBUG> sendClientToServerHandshake execution time: 8.00ms
2024-11-22T18:54:36.092Z - [LOG] <20:54:36>: <DEBUG> onServerToClientHandshake execution time: 164.04ms
2024-11-22T18:54:36.162Z - [LOG] Header  254
2024-11-22T18:54:36.163Z - [LOG] Payload:  Buffer(23) [Uint8Array] [  254,  69, 205, 163, 186, 154,   10, 119, 219, 116, 100,  49,   40,  78, 222, 232, 197,  13,  232,  73,  92, 139, 211]
2024-11-22T18:54:36.164Z - [LOG] Receive Counter: 0
2024-11-22T18:54:36.166Z - [LOG] Packet Length: 14 Checksum Length: 8
2024-11-22T18:54:36.167Z - [LOG] <20:54:36>: <DEBUG> Checksum matched 3644f6214183e35e == 3644f6214183e35e
2024-11-22T18:54:36.169Z - [LOG] id  2
2024-11-22T18:54:36.170Z - [LOG] 2
2024-11-22T18:54:36.174Z - [LOG] <20:54:36>: <DEBUG> onPlayStatus execution time: 0.22ms
2024-11-22T18:54:36.174Z - [LOG] id  6
2024-11-22T18:54:36.175Z - [LOG] 6
2024-11-22T18:54:36.176Z - [LOG] <20:54:36>: <DEBUG> Sending Game PACKET --> 8 | 0x08 2024-11-22T18:54:36.176Z
2024-11-22T18:54:36.179Z - [LOG] <20:54:36>: <DEBUG> sendPacket execution time: 2.69ms
2024-11-22T18:54:36.179Z - [LOG] <20:54:36>: <DEBUG> onResourcePack execution time: 3.83ms
2024-11-22T18:54:36.355Z - [LOG] Header  254
2024-11-22T18:54:36.360Z - [LOG] Payload:  Buffer(1432) [Uint8Array] [  254,  21, 193, 246,  83, 112, 212,  25,  44,  11,   86, 119, 227, 113, 232,  89, 242, 158,  15, 220,   84,  43,  61,  43, 132,  97, 216,  31, 213, 198,  116,  11, 149,  12, 129,  52, 219, 195, 183, 219,  236, 177, 127, 229, 217, 189, 169,  83, 136, 145,  ... 1382 more items]
2024-11-22T18:54:36.365Z - [LOG] Receive Counter: 1
2024-11-22T18:54:36.385Z - [LOG] Packet Length: 1423 Checksum Length: 8
2024-11-22T18:54:36.386Z - [LOG] <20:54:36>: <ERROR> Decryption error: Checksum mismatch 8b314387f2d34e24 != e93271dc8bde5c78
