2024-11-22T17:53:21.482Z - [TIME START] Spawn
2024-11-22T17:53:21.484Z - Starting connection...
2024-11-22T17:53:21.530Z - [LOG] <19:53:21>: <DEBUG> setupClientProfile execution time: 0.08ms
2024-11-22T17:53:21.536Z - [LOG] <19:53:21>: <DEBUG> createOfflineSession execution time: 47.06ms
2024-11-22T17:53:21.549Z - [LOG] <19:53:21>: <DEBUG> initializeSession execution time: 60.89ms
2024-11-22T17:53:21.558Z - [LOG] <19:53:21>: <DEBUG> connect execution time: 71.49ms
2024-11-22T17:53:21.581Z - [LOG] <19:53:21>: <DEBUG> setupClientChains execution time: 20.04ms
2024-11-22T17:53:22.334Z - [LOG] <19:53:22>: <DEBUG> handleSessionStart execution time: 1.25ms
2024-11-22T17:53:22.714Z - [LOG] handle
2024-11-22T17:53:22.730Z - [LOG] <19:53:22>: <DEBUG> Sending Game PACKET --> 193 | 0xc1 2024-11-22T17:53:22.730Z
2024-11-22T17:53:22.744Z - [LOG] <19:53:22>: <DEBUG> sendPacket execution time: 11.12ms
2024-11-22T17:53:22.748Z - [TIME END] Spawn: 1266ms
2024-11-22T17:53:22.761Z - [LOG] {  type: 'MCPE',  message: 'PocketMine-MP Server',  protocol: 748,  version: '1.21.40',  playerCount: 0,  maxPlayers: 20,  serverGUID: 959315177832208500,  serverName: 'PocketMine-MP',  gamemode: 'Survival'}
2024-11-22T17:53:22.776Z - Connected successfully: {"type":"MCPE","message":"PocketMine-MP Server","protocol":748,"version":"1.21.40","playerCount":0,"maxPlayers":20,"serverGUID":959315177832208500,"serverName":"PocketMine-MP","gamemode":"Survival"}
2024-11-22T17:53:23.276Z - [LOG] Header  254
2024-11-22T17:53:23.284Z - [LOG] Payload:  Buffer(14) [Uint8Array] [  254, 12, 143, 1, 1, 0,    0,  0,   0, 0, 0, 0,    0,  0]
2024-11-22T17:53:23.291Z - [LOG] id  143
2024-11-22T17:53:23.292Z - [LOG] 143
2024-11-22T17:53:23.293Z - [LOG] <19:53:23>: <DEBUG> S -> C NetworkSettingsPacket
2024-11-22T17:53:23.294Z - [LOG] test
2024-11-22T17:53:23.299Z - [LOG] <19:53:23>: <DEBUG> Sending Game PACKET --> 1 | 0x01 2024-11-22T17:53:23.298Z
2024-11-22T17:53:24.052Z - [LOG] <19:53:24>: <DEBUG> sendPacket execution time: 753.97ms
2024-11-22T17:53:24.076Z - [LOG] <19:53:24>: <DEBUG> sendLoginPacket execution time: 781.51ms
2024-11-22T17:53:24.083Z - [LOG] <19:53:24>: <DEBUG> onNetworkSettings execution time: 788.73ms
2024-11-22T17:53:25.294Z - [LOG] Header  254
2024-11-22T17:53:25.308Z - [LOG] Payload:  Buffer(358) [Uint8Array] [  254,   0,  21, 143, 205, 146, 162,  48,  24,   0,   15,  62, 143,  91,  65, 197, 114, 142,  34,   4,  147, 145,  80,   4, 242,   1, 185,  88, 252, 184,   10, 132,  31,   5,  21, 120, 162, 173, 218, 151,   28, 231, 222,  85, 221, 253, 127, 177, 248, 183,  ... 308 more items]
2024-11-22T17:53:25.329Z - [LOG] id  3
2024-11-22T17:53:25.331Z - [LOG] 3
2024-11-22T17:53:25.346Z - [LOG] <19:53:25>: <DEBUG> validateKeys execution time: 0.17ms
2024-11-22T17:53:25.533Z - [LOG] <19:53:25>: <DEBUG> createSharedSecret execution time: 187.06ms
2024-11-22T17:53:25.550Z - [LOG] <19:53:25>: <DEBUG> setupEncryption execution time: 9.22ms
2024-11-22T17:53:25.554Z - [LOG] <19:53:25>: <DEBUG> Sending Game PACKET --> 4 | 0x04 2024-11-22T17:53:25.554Z
2024-11-22T17:53:25.563Z - [LOG] <19:53:25>: <DEBUG> sendPacket execution time: 9.00ms
2024-11-22T17:53:25.566Z - [LOG] <19:53:25>: <DEBUG> sendClientToServerHandshake execution time: 12.51ms
2024-11-22T17:53:25.569Z - [LOG] <19:53:25>: <DEBUG> onServerToClientHandshake execution time: 236.37ms
2024-11-22T17:53:25.839Z - [LOG] Header  254
2024-11-22T17:53:25.842Z - [LOG] Payload:  Buffer(23) [Uint8Array] [  254, 174,  14,  61,  21, 20, 155,   63, 147,  13,  78,  53, 22,   2,    3, 117, 106, 140, 109, 24,  18,  141, 176]
2024-11-22T17:53:25.845Z - [LOG] Receive Counter: 0
2024-11-22T17:53:25.848Z - [LOG] Packet Length: 14 Checksum Length: 8
2024-11-22T17:53:25.853Z - [LOG] <19:53:25>: <DEBUG> Checksum matched 4b8cbd3877d05cb2 == 4b8cbd3877d05cb2
2024-11-22T17:53:25.856Z - [LOG] id  2
2024-11-22T17:53:25.859Z - [LOG] 2
2024-11-22T17:53:25.862Z - [LOG] <19:53:25>: <DEBUG> onPlayStatus execution time: 0.26ms
2024-11-22T17:53:25.877Z - [LOG] id  6
2024-11-22T17:53:25.880Z - [LOG] 6
2024-11-22T17:53:25.885Z - [LOG] <19:53:25>: <DEBUG> Sending Game PACKET --> 8 | 0x08 2024-11-22T17:53:25.885Z
2024-11-22T17:53:25.890Z - [LOG] <19:53:25>: <DEBUG> sendPacket execution time: 5.23ms
2024-11-22T17:53:25.893Z - [LOG] <19:53:25>: <DEBUG> onResourcePack execution time: 8.15ms
2024-11-22T17:53:26.219Z - [LOG] Header  254
2024-11-22T17:53:26.229Z - [LOG] Payload:  Buffer(1432) [Uint8Array] [  254,  5,  32, 219,  23,  27, 108, 249, 130, 144,  151, 86, 116, 119,  40, 116, 105, 122,  90, 105,  231, 83, 179, 182, 243, 102,  66, 177, 192,  65,    3, 56,  66, 143, 123,  68, 228,  89, 189, 167,  167, 71, 129, 187, 175,  30, 157,  67,   9,   2,  ... 1382 more items]
2024-11-22T17:53:26.282Z - [LOG] Receive Counter: 1
2024-11-22T17:53:26.347Z - [LOG] Packet Length: 1423 Checksum Length: 8
2024-11-22T17:53:26.359Z - [LOG] <19:53:26>: <ERROR> Decryption error: Checksum mismatch cfc698a143f96927 != 009b4e64719d9c83
