2024-11-22T19:24:22.928Z - [TIME START] Spawn
2024-11-22T19:24:22.941Z - Starting connection...
2024-11-22T19:24:22.986Z - [LOG] <21:24:22>: <DEBUG> setupClientProfile execution time: 0.08ms
2024-11-22T19:24:23.028Z - [LOG] <21:24:23>: <DEBUG> createOfflineSession execution time: 80.22ms
2024-11-22T19:24:23.030Z - [LOG] <21:24:23>: <DEBUG> initializeSession execution time: 84.73ms
2024-11-22T19:24:23.031Z - [LOG] <21:24:23>: <DEBUG> connect execution time: 86.34ms
2024-11-22T19:24:23.049Z - [LOG] <21:24:23>: <DEBUG> setupClientChains execution time: 16.25ms
2024-11-22T19:24:23.819Z - [LOG] <21:24:23>: <DEBUG> handleSessionStart execution time: 0.95ms
2024-11-22T19:24:24.198Z - [LOG] handle
2024-11-22T19:24:24.200Z - [LOG] <21:24:24>: <DEBUG> Sending Game PACKET --> 193 | 0xc1 2024-11-22T19:24:24.200Z
2024-11-22T19:24:24.204Z - [LOG] <21:24:24>: <DEBUG> sendPacket execution time: 4.05ms
2024-11-22T19:24:24.206Z - [TIME END] Spawn: 1279ms
2024-11-22T19:24:24.215Z - [LOG] {  type: 'MCPE',  message: 'PocketMine-MP Server',  protocol: 748,  version: '1.21.40',  playerCount: 0,  maxPlayers: 20,  serverGUID: 959315177832208500,  serverName: 'PocketMine-MP',  gamemode: 'Survival'}
2024-11-22T19:24:24.220Z - Connected successfully: {"type":"MCPE","message":"PocketMine-MP Server","protocol":748,"version":"1.21.40","playerCount":0,"maxPlayers":20,"serverGUID":959315177832208500,"serverName":"PocketMine-MP","gamemode":"Survival"}
2024-11-22T19:24:24.513Z - [LOG] Header  254
2024-11-22T19:24:24.518Z - [LOG] Payload:  Buffer(14) [Uint8Array] [  254, 12, 143, 1, 1, 0,    0,  0,   0, 0, 0, 0,    0,  0]
2024-11-22T19:24:24.522Z - [LOG] id  143
2024-11-22T19:24:24.525Z - [LOG] 143
2024-11-22T19:24:24.529Z - [LOG] <21:24:24>: <DEBUG> S -> C NetworkSettingsPacket
2024-11-22T19:24:24.531Z - [LOG] test
2024-11-22T19:24:24.532Z - [LOG] <21:24:24>: <DEBUG> Sending Game PACKET --> 1 | 0x01 2024-11-22T19:24:24.532Z
2024-11-22T19:24:24.598Z - [LOG] <21:24:24>: <DEBUG> sendPacket execution time: 65.71ms
2024-11-22T19:24:24.607Z - [LOG] <21:24:24>: <DEBUG> sendLoginPacket execution time: 75.91ms
2024-11-22T19:24:24.624Z - [LOG] <21:24:24>: <DEBUG> onNetworkSettings execution time: 94.90ms
2024-11-22T19:24:24.923Z - [LOG] Header  254
2024-11-22T19:24:24.929Z - [LOG] Payload:  Buffer(362) [Uint8Array] [  254,   0,  13, 207,  75, 146, 162,  48,   0,   0,  208, 133, 231, 233,  46,  36, 162, 178, 108, 132,   64,  34,  68,   9,  73, 144, 108, 166, 248, 168,  124, 194, 167,  27,  81, 225,  70,  83,  53, 135,  156,  62, 193, 171, 247, 111, 181, 250, 187, 186,  ... 312 more items]
2024-11-22T19:24:24.948Z - [LOG] id  3
2024-11-22T19:24:24.950Z - [LOG] 3
2024-11-22T19:24:24.960Z - [LOG] <21:24:24>: <DEBUG> validateKeys execution time: 0.11ms
2024-11-22T19:24:25.105Z - [LOG] <21:24:25>: <DEBUG> createSharedSecret execution time: 146.08ms
2024-11-22T19:24:25.118Z - [LOG] <21:24:25>: <DEBUG> setupEncryption execution time: 7.09ms
2024-11-22T19:24:25.122Z - [LOG] <21:24:25>: <DEBUG> Sending Game PACKET --> 4 | 0x04 2024-11-22T19:24:25.122Z
2024-11-22T19:24:25.126Z - [LOG] <21:24:25>: <DEBUG> sendPacket execution time: 4.58ms
2024-11-22T19:24:25.128Z - [LOG] <21:24:25>: <DEBUG> sendClientToServerHandshake execution time: 6.22ms
2024-11-22T19:24:25.130Z - [LOG] <21:24:25>: <DEBUG> onServerToClientHandshake execution time: 174.10ms
2024-11-22T19:24:25.257Z - [LOG] Header  254
2024-11-22T19:24:25.261Z - [LOG] Payload:  Buffer(23) [Uint8Array] [  254,  14, 107, 176,  44,  8,   72, 139, 212, 236, 157, 32,  197, 202, 155, 131,  12,  4,  206, 176, 139, 136, 102]
2024-11-22T19:24:25.264Z - [LOG] Receive Counter: 0
2024-11-22T19:24:25.266Z - [LOG] Packet Length: 14 Checksum Length: 8
2024-11-22T19:24:25.273Z - [LOG] <21:24:25>: <DEBUG> Checksum matched f754837cf888ed1f == f754837cf888ed1f
2024-11-22T19:24:25.281Z - [LOG] id  2
2024-11-22T19:24:25.283Z - [LOG] 2
2024-11-22T19:24:25.291Z - [LOG] <21:24:25>: <DEBUG> onPlayStatus execution time: 0.18ms
2024-11-22T19:24:25.293Z - [LOG] id  6
2024-11-22T19:24:25.295Z - [LOG] 6
2024-11-22T19:24:25.296Z - [LOG] <21:24:25>: <DEBUG> Sending Game PACKET --> 8 | 0x08 2024-11-22T19:24:25.296Z
2024-11-22T19:24:25.299Z - [LOG] <21:24:25>: <DEBUG> sendPacket execution time: 2.32ms
2024-11-22T19:24:25.299Z - [LOG] <21:24:25>: <DEBUG> onResourcePack execution time: 3.53ms
