2024-11-24T19:33:55.643Z - [TIME START] Connection
2024-11-24T19:33:55.645Z - Starting connection...
2024-11-24T19:33:56.481Z - [LOG] handle
2024-11-24T19:33:56.483Z - [TIME END] Connection: 841ms
2024-11-24T19:33:56.484Z - Connected successfully: {"type":"MCPE","message":"PocketMine-MP Server","protocol":748,"version":"1.21.40","playerCount":1,"maxPlayers":20,"serverGUID":2446291095431307000,"serverName":"PocketMine-MP","gamemode":"Survival"}
2024-11-24T19:33:56.796Z - [LOG] <21:33:56>: <DEBUG> Processing packet 143
2024-11-24T19:33:56.798Z - [LOG] test
2024-11-24T19:33:56.980Z - [LOG] <21:33:56>: <DEBUG> Processing packet 3
2024-11-24T19:33:57.143Z - [LOG] <21:33:57>: <DEBUG> Processing packet 2
2024-11-24T19:33:57.149Z - [LOG] <21:33:57>: <DEBUG> Processing packet 6
2024-11-24T19:33:59.627Z - [LOG] <21:33:59>: <DEBUG> Processing packet 11
2024-11-24T19:33:59.649Z - [LOG] <21:33:59>: <DEBUG> Processing packet 119
2024-11-24T19:33:59.667Z - [LOG] <21:33:59>: <DEBUG> Processing packet 122
2024-11-24T19:33:59.668Z - [LOG] <21:33:59>: <DEBUG> Processing packet 29
2024-11-24T19:33:59.673Z - [LOG] <21:33:59>: <DEBUG> Processing packet 76
2024-11-24T19:33:59.675Z - [LOG] <21:33:59>: <DEBUG> Processing packet 187
2024-11-24T19:33:59.678Z - [LOG] <21:33:59>: <DEBUG> Processing packet 188
2024-11-24T19:33:59.678Z - [LOG] <21:33:59>: <DEBUG> Processing packet 39
2024-11-24T19:33:59.680Z - [LOG] <21:33:59>: <DEBUG> Processing packet 49
2024-11-24T19:33:59.681Z - [LOG] <21:33:59>: <DEBUG> Processing packet 49
2024-11-24T19:33:59.683Z - [LOG] <21:33:59>: <DEBUG> Processing packet 49
2024-11-24T19:33:59.684Z - [LOG] <21:33:59>: <DEBUG> Processing packet 49
2024-11-24T19:33:59.684Z - [LOG] <21:33:59>: <DEBUG> Processing packet 49
2024-11-24T19:33:59.685Z - [LOG] <21:33:59>: <DEBUG> Processing packet 49
2024-11-24T19:33:59.686Z - [LOG] <21:33:59>: <DEBUG> Processing packet 50
2024-11-24T19:33:59.690Z - [LOG] <21:33:59>: <DEBUG> Processing packet 50
2024-11-24T19:33:59.691Z - [LOG] <21:33:59>: <DEBUG> Processing packet 50
2024-11-24T19:33:59.693Z - [LOG] <21:33:59>: <DEBUG> Processing packet 50
2024-11-24T19:33:59.693Z - [LOG] <21:33:59>: <DEBUG> Processing packet 50
2024-11-24T19:33:59.694Z - [LOG] <21:33:59>: <DEBUG> Processing packet 31
2024-11-24T19:33:59.695Z - [LOG] <21:33:59>: <DEBUG> Processing packet 145
2024-11-24T19:33:59.716Z - [LOG] <21:33:59>: <DEBUG> Processing packet 52
2024-11-24T19:33:59.814Z - [LOG] <21:33:59>: <DEBUG> Processing packet 63
2024-11-24T19:33:59.820Z - [LOG] <21:33:59>: <DEBUG> Processing packet 29
2024-11-24T19:33:59.825Z - [LOG] <21:33:59>: <DEBUG> Processing packet 10
2024-11-24T19:34:00.327Z - [LOG] <21:34:0>: <DEBUG> Processing packet 70
2024-11-24T19:34:00.328Z - [LOG] <21:34:0>: <DEBUG> Processing packet 121
2024-11-24T19:34:00.449Z - [LOG] <21:34:0>: <DEBUG> Processing packet 58
2024-11-24T19:34:00.574Z - [LOG] <21:34:0>: <DEBUG> Processing packet 58
2024-11-24T19:34:00.700Z - [LOG] <21:34:0>: <DEBUG> Processing packet 58
2024-11-24T19:34:00.824Z - [LOG] <21:34:0>: <DEBUG> Processing packet 58
2024-11-24T19:34:00.949Z - [LOG] <21:34:0>: <DEBUG> Processing packet 58
2024-11-24T19:34:01.074Z - [LOG] <21:34:1>: <DEBUG> Processing packet 58
2024-11-24T19:34:01.199Z - [LOG] <21:34:1>: <DEBUG> Processing packet 58
2024-11-24T19:34:01.328Z - [LOG] <21:34:1>: <DEBUG> Processing packet 58
2024-11-24T19:34:01.450Z - [LOG] <21:34:1>: <DEBUG> Processing packet 58
2024-11-24T19:34:01.574Z - [LOG] <21:34:1>: <DEBUG> Processing packet 58
2024-11-24T19:34:01.636Z - [LOG] <21:34:1>: <DEBUG> Processing packet 58
2024-11-24T19:34:01.761Z - [LOG] <21:34:1>: <DEBUG> Processing packet 58
2024-11-24T19:34:01.886Z - [LOG] <21:34:1>: <DEBUG> Processing packet 58
2024-11-24T19:34:01.947Z - [LOG] <21:34:1>: <DEBUG> Processing packet 2
2024-11-24T19:34:02.073Z - [LOG] <21:34:2>: <DEBUG> Processing packet 58
2024-11-24T19:34:02.198Z - [LOG] <21:34:2>: <DEBUG> Processing packet 58
2024-11-24T19:34:02.324Z - [LOG] <21:34:2>: <DEBUG> Processing packet 58
2024-11-24T19:34:03.197Z - [LOG] <21:34:3>: <DEBUG> Processing packet 9
2024-11-24T19:34:03.200Z - [LOG] <21:34:3>: <DEBUG> Processing packet 39
2024-11-24T19:34:06.525Z - [LOG] <21:34:6>: <DEBUG> Processing packet 9
2024-11-24T19:34:08.465Z - [LOG] <21:34:8>: <DEBUG> Processing packet 10
2024-11-24T19:34:11.335Z - [LOG] <21:34:11>: <DEBUG> Processing packet 9
2024-11-24T19:34:11.523Z - [LOG] <21:34:11>: <DEBUG> Processing packet 9
2024-11-24T19:34:12.085Z - [LOG] <21:34:12>: <DEBUG> Processing packet 9
2024-11-24T19:34:12.272Z - [LOG] <21:34:12>: <DEBUG> Processing packet 9
2024-11-24T19:34:12.475Z - [LOG] <21:34:12>: <DEBUG> Processing packet 9
2024-11-24T19:34:12.679Z - [LOG] <21:34:12>: <DEBUG> Processing packet 9
2024-11-24T19:34:18.479Z - [LOG] <21:34:18>: <DEBUG> Processing packet 10
2024-11-24T19:34:28.490Z - [LOG] <21:34:28>: <DEBUG> Processing packet 10
2024-11-24T19:34:38.542Z - [LOG] <21:34:38>: <DEBUG> Processing packet 10
2024-11-24T19:34:48.488Z - [LOG] <21:34:48>: <DEBUG> Processing packet 10
2024-11-24T19:34:58.470Z - [LOG] <21:34:58>: <DEBUG> Processing packet 10
2024-11-24T19:35:08.476Z - [LOG] <21:35:8>: <DEBUG> Processing packet 10
