2024-11-24T19:16:06.782Z - [TIME START] Spawn
2024-11-24T19:16:06.783Z - Starting connection...
2024-11-24T19:16:06.788Z - [LOG] <21:16:6>: <DEBUG> setupClientProfile execution time: 0.05ms
2024-11-24T19:16:06.788Z - [LOG] <21:16:6>: <DEBUG> createOfflineSession execution time: 4.53ms
2024-11-24T19:16:06.789Z - [LOG] <21:16:6>: <DEBUG> initializeSession execution time: 5.51ms
2024-11-24T19:16:06.789Z - [LOG] <21:16:6>: <DEBUG> connect execution time: 5.99ms
2024-11-24T19:16:06.802Z - [LOG] <21:16:6>: <DEBUG> setupClientChains execution time: 11.37ms
2024-11-24T19:16:07.210Z - [LOG] <21:16:7>: <DEBUG> handleSessionStart execution time: 0.89ms
2024-11-24T19:16:07.599Z - [LOG] handle
2024-11-24T19:16:07.602Z - [LOG] <21:16:7>: <DEBUG> Sending Game PACKET --> 193 | 0xc1 2024-11-24T19:16:07.602Z
2024-11-24T19:16:07.603Z - [LOG] <21:16:7>: <DEBUG> sendPacket execution time: 1.98ms
2024-11-24T19:16:07.604Z - [TIME END] Spawn: 822ms
2024-11-24T19:16:07.609Z - [LOG] {  type: 'MCPE',  message: 'PocketMine-MP Server',  protocol: 748,  version: '1.21.40',  playerCount: 0,  maxPlayers: 20,  serverGUID: 2446291095431307000,  serverName: 'PocketMine-MP',  gamemode: 'Survival'}
2024-11-24T19:16:07.610Z - Connected successfully: {"type":"MCPE","message":"PocketMine-MP Server","protocol":748,"version":"1.21.40","playerCount":0,"maxPlayers":20,"serverGUID":2446291095431307000,"serverName":"PocketMine-MP","gamemode":"Survival"}
2024-11-24T19:16:07.906Z - [LOG] Header  254
2024-11-24T19:16:07.909Z - [LOG] Payload:  Buffer(14) [Uint8Array] [  254, 12, 143, 1, 1, 0,    0,  0,   0, 0, 0, 0,    0,  0]
2024-11-24T19:16:07.911Z - [LOG] id  143
2024-11-24T19:16:07.911Z - [LOG] 143
2024-11-24T19:16:07.912Z - [LOG] <21:16:7>: <DEBUG> S -> C NetworkSettingsPacket
2024-11-24T19:16:07.913Z - [LOG] test
2024-11-24T19:16:07.913Z - [LOG] <21:16:7>: <DEBUG> Sending Game PACKET --> 1 | 0x01 2024-11-24T19:16:07.913Z
2024-11-24T19:16:07.940Z - [LOG] <21:16:7>: <DEBUG> sendPacket execution time: 27.09ms
2024-11-24T19:16:07.949Z - [LOG] <21:16:7>: <DEBUG> sendLoginPacket execution time: 35.91ms
2024-11-24T19:16:07.950Z - [LOG] <21:16:7>: <DEBUG> onNetworkSettings execution time: 37.49ms
2024-11-24T19:16:08.093Z - [LOG] Header  254
2024-11-24T19:16:08.095Z - [LOG] Payload:  Buffer(360) [Uint8Array] [  254,   0,  21, 207,  75, 114, 155,  48,   0,   0,  208, 133, 207,  67,  70, 138, 177,  83, 150,   1,   33, 140,  98,  65, 144, 145, 132, 181, 201,   0,  114,  45, 190, 118,  12, 197, 192, 141,  58, 211,   67, 182, 125,  55, 120, 127,  54, 155, 223, 155,  ... 310 more items]
2024-11-24T19:16:08.098Z - [LOG] id  3
2024-11-24T19:16:08.098Z - [LOG] 3
2024-11-24T19:16:08.100Z - [LOG] <21:16:8>: <DEBUG> validateKeys execution time: 0.08ms
2024-11-24T19:16:08.171Z - [LOG] <21:16:8>: <DEBUG> createSharedSecret execution time: 70.77ms
2024-11-24T19:16:08.177Z - [LOG] <21:16:8>: <DEBUG> setupEncryption execution time: 3.45ms
2024-11-24T19:16:08.178Z - [LOG] <21:16:8>: <DEBUG> Sending Game PACKET --> 4 | 0x04 2024-11-24T19:16:08.178Z
2024-11-24T19:16:08.181Z - [LOG] <21:16:8>: <DEBUG> sendPacket execution time: 2.90ms
2024-11-24T19:16:08.182Z - [LOG] <21:16:8>: <DEBUG> sendClientToServerHandshake execution time: 3.76ms
2024-11-24T19:16:08.182Z - [LOG] <21:16:8>: <DEBUG> onServerToClientHandshake execution time: 83.12ms
2024-11-24T19:16:08.256Z - [LOG] Header  254
2024-11-24T19:16:08.260Z - [LOG] Payload:  Buffer(23) [Uint8Array] [  254,  30, 198, 131,  50,  11,   78,  93, 199, 137,  87, 120,  218, 149, 233, 229, 146,  43,  126, 167,  42, 189, 168]
2024-11-24T19:16:08.261Z - [LOG] Receive Counter: 0
2024-11-24T19:16:08.263Z - [LOG] Packet Length: 14 Checksum Length: 8
2024-11-24T19:16:08.264Z - [LOG] <21:16:8>: <DEBUG> Checksum matched 417af0b31b41a174 == 417af0b31b41a174
2024-11-24T19:16:08.265Z - [LOG] id  2
2024-11-24T19:16:08.265Z - [LOG] 2
2024-11-24T19:16:08.266Z - [LOG] <21:16:8>: <DEBUG> onPlayStatus execution time: 0.12ms
2024-11-24T19:16:08.266Z - [LOG] id  6
2024-11-24T19:16:08.266Z - [LOG] 6
2024-11-24T19:16:08.267Z - [LOG] <21:16:8>: <DEBUG> Sending Game PACKET --> 8 | 0x08 2024-11-24T19:16:08.267Z
2024-11-24T19:16:08.269Z - [LOG] <21:16:8>: <DEBUG> sendPacket execution time: 1.73ms
2024-11-24T19:16:08.270Z - [LOG] <21:16:8>: <DEBUG> onResourcePack execution time: 2.47ms
2024-11-24T19:16:10.689Z - [LOG] Header  254
2024-11-24T19:16:10.815Z - [LOG] Payload:  Buffer(53350) [Uint8Array] [  254, 184, 193, 253, 142,  67, 115,  89, 230,  99,  200, 189,  49, 132,  76,  54, 130, 237, 251, 109,   23,  77, 211, 244, 169, 104, 149, 201,  35, 163,  180,  70,  53, 204, 131,  49, 129, 133,  23, 135,   21,  17, 151,  64, 182, 123, 236, 164, 163, 175,  ... 53300 more items]
2024-11-24T19:16:10.823Z - [LOG] Receive Counter: 1
2024-11-24T19:16:10.936Z - [LOG] Packet Length: 53341 Checksum Length: 8
2024-11-24T19:16:10.943Z - [LOG] <21:16:10>: <DEBUG> Checksum matched 8345024e3f1005f1 == 8345024e3f1005f1
2024-11-24T19:16:10.947Z - [LOG] id  11
2024-11-24T19:16:10.948Z - [LOG] 11
2024-11-24T19:16:10.971Z - [LOG] <21:16:10>: <DEBUG> Sending Game PACKET --> 69 | 0x45 2024-11-24T19:16:10.970Z
2024-11-24T19:16:10.981Z - [LOG] <21:16:10>: <DEBUG> sendPacket execution time: 10.31ms
2024-11-24T19:16:10.984Z - [LOG] <21:16:10>: <DEBUG> onStartGame execution time: 15.34ms
2024-11-24T19:16:10.985Z - [LOG] id  119
2024-11-24T19:16:10.985Z - [LOG] 119
2024-11-24T19:16:11.029Z - [LOG] id  122
2024-11-24T19:16:11.055Z - [LOG] 122
2024-11-24T19:16:11.066Z - [LOG] id  29
2024-11-24T19:16:11.067Z - [LOG] 29
2024-11-24T19:16:11.068Z - [LOG] id  76
2024-11-24T19:16:11.068Z - [LOG] 76
2024-11-24T19:16:11.070Z - [LOG] id  187
2024-11-24T19:16:11.071Z - [LOG] 187
2024-11-24T19:16:11.072Z - [LOG] id  188
2024-11-24T19:16:11.072Z - [LOG] 188
2024-11-24T19:16:11.073Z - [LOG] id  39
2024-11-24T19:16:11.073Z - [LOG] 39
2024-11-24T19:16:11.075Z - [LOG] id  49
2024-11-24T19:16:11.076Z - [LOG] 49
2024-11-24T19:16:11.077Z - [LOG] id  49
2024-11-24T19:16:11.078Z - [LOG] 49
2024-11-24T19:16:11.078Z - [LOG] id  49
2024-11-24T19:16:11.079Z - [LOG] 49
2024-11-24T19:16:11.079Z - [LOG] id  49
2024-11-24T19:16:11.080Z - [LOG] 49
2024-11-24T19:16:11.080Z - [LOG] id  49
2024-11-24T19:16:11.080Z - [LOG] 49
2024-11-24T19:16:11.081Z - [LOG] id  49
2024-11-24T19:16:11.081Z - [LOG] 49
2024-11-24T19:16:11.082Z - [LOG] id  50
2024-11-24T19:16:11.082Z - [LOG] 50
2024-11-24T19:16:11.083Z - [LOG] id  50
2024-11-24T19:16:11.083Z - [LOG] 50
2024-11-24T19:16:11.083Z - [LOG] id  50
2024-11-24T19:16:11.083Z - [LOG] 50
2024-11-24T19:16:11.084Z - [LOG] id  50
2024-11-24T19:16:11.084Z - [LOG] 50
2024-11-24T19:16:11.084Z - [LOG] id  50
2024-11-24T19:16:11.084Z - [LOG] 50
2024-11-24T19:16:11.085Z - [LOG] id  31
2024-11-24T19:16:11.085Z - [LOG] 31
2024-11-24T19:16:11.087Z - [LOG] id  145
2024-11-24T19:16:11.088Z - [LOG] 145
2024-11-24T19:16:11.123Z - [LOG] id  52
2024-11-24T19:16:11.123Z - [LOG] 52
2024-11-24T19:16:11.562Z - [LOG] id  63
2024-11-24T19:16:11.568Z - [LOG] 63
2024-11-24T19:16:11.572Z - [LOG] id  29
2024-11-24T19:16:11.572Z - [LOG] 29
2024-11-24T19:16:12.211Z - [LOG] Header  254
2024-11-24T19:16:12.215Z - [LOG] Payload:  Buffer(1840) [Uint8Array] [  254,  62, 221, 232, 244,  13, 217, 147,   5, 187,   40, 143, 122, 147, 243, 213,  52,  86, 131,  25,   17, 210,  64, 234, 149,  88,  14, 121, 207, 232,   78,  76, 213,  86,  76, 105, 101, 239, 239, 149,  210,  32,  91, 228, 169, 180,  41, 250, 172,  35,  ... 1790 more items]
2024-11-24T19:16:12.218Z - [LOG] Receive Counter: 2
2024-11-24T19:16:12.220Z - [LOG] Packet Length: 1831 Checksum Length: 8
2024-11-24T19:16:12.221Z - [LOG] <21:16:12>: <ERROR> Decryption error: Checksum mismatch 9543e8594d9a0d02 != 0ee5d2bccec9c73c
2024-11-24T19:16:12.342Z - [LOG] Header  254
2024-11-24T19:16:12.346Z - [LOG] Payload:  Buffer(1753) [Uint8Array] [  254, 246, 228,   6,  99, 206,  84, 144, 157, 148,  250, 133,   7,  12, 123, 220, 120, 204,  89,  52,  141, 231, 225, 163,  19, 120,  13, 128,  28, 202,   69,   4, 136, 131,  32, 124,  21,  86,  22, 245,  142,  64, 135, 214,   3, 249, 113, 125, 195, 161,  ... 1703 more items]
2024-11-24T19:16:12.353Z - [LOG] Receive Counter: 3
2024-11-24T19:16:12.357Z - [LOG] Packet Length: 1744 Checksum Length: 8
2024-11-24T19:16:12.357Z - [LOG] <21:16:12>: <ERROR> Decryption error: Checksum mismatch 6a06df1e024c5c00 != ff18660edb3effe6
2024-11-24T19:16:12.463Z - [LOG] Header  254
2024-11-24T19:16:12.467Z - [LOG] Payload:  Buffer(2012) [Uint8Array] [  254, 20,  92, 245, 213, 117,  76, 108, 125, 112,   25, 13, 110, 139, 241, 159,  82,  73, 104,   9,   89, 44,  71, 148,   3, 163,  67,  47, 232,  99,  254, 84, 229, 175,  42, 149, 228, 241,  21, 186,   62, 69, 153,  19, 167, 255, 123, 164,  72, 134,  ... 1962 more items]
2024-11-24T19:16:12.470Z - [LOG] Receive Counter: 4
2024-11-24T19:16:12.471Z - [LOG] Packet Length: 2003 Checksum Length: 8
2024-11-24T19:16:12.472Z - [LOG] <21:16:12>: <ERROR> Decryption error: Checksum mismatch c16e5eac3c5634e5 != a6d2e01356ae3656
2024-11-24T19:16:12.597Z - [LOG] Header  254
2024-11-24T19:16:12.602Z - [LOG] Payload:  Buffer(2129) [Uint8Array] [  254, 192, 204,  91, 252, 159, 206,  35,   5, 181,  102,  39, 144, 104, 103,  37, 100, 172, 225,  99,   50,  24,  99, 218, 254,  55, 223,  96,  40, 243,  221,  98,  48,  20, 160,  30, 112,  43, 255,   5,   95, 198,  61,  75,  17, 110,  45, 209, 190,  25,  ... 2079 more items]
2024-11-24T19:16:12.606Z - [LOG] Receive Counter: 5
2024-11-24T19:16:12.611Z - [LOG] Packet Length: 2120 Checksum Length: 8
2024-11-24T19:16:12.612Z - [LOG] <21:16:12>: <ERROR> Decryption error: Checksum mismatch 5261a7aa5109d051 != 00a639e3e767d0f9
