2024-11-24T19:23:37.812Z - [TIME START] Spawn
2024-11-24T19:23:37.814Z - Starting connection...
2024-11-24T19:23:37.855Z - [LOG] <21:23:37>: <DEBUG> setupClientProfile execution time: 0.05ms
2024-11-24T19:23:37.857Z - [LOG] <21:23:37>: <DEBUG> createOfflineSession execution time: 41.50ms
2024-11-24T19:23:37.858Z - [LOG] <21:23:37>: <DEBUG> initializeSession execution time: 42.25ms
2024-11-24T19:23:37.858Z - [LOG] <21:23:37>: <DEBUG> connect execution time: 42.97ms
2024-11-24T19:23:37.871Z - [LOG] <21:23:37>: <DEBUG> setupClientChains execution time: 12.31ms
2024-11-24T19:23:38.283Z - [LOG] <21:23:38>: <DEBUG> handleSessionStart execution time: 0.92ms
2024-11-24T19:23:38.664Z - [LOG] handle
2024-11-24T19:23:38.668Z - [LOG] <21:23:38>: <DEBUG> Sending Game PACKET --> 193 | 0xc1 2024-11-24T19:23:38.668Z
2024-11-24T19:23:38.671Z - [LOG] <21:23:38>: <DEBUG> sendPacket execution time: 3.32ms
2024-11-24T19:23:38.672Z - [TIME END] Spawn: 861ms
2024-11-24T19:23:38.678Z - [LOG] {  type: 'MCPE',  message: 'PocketMine-MP Server',  protocol: 748,  version: '1.21.40',  playerCount: 0,  maxPlayers: 20,  serverGUID: 2446291095431307000,  serverName: 'PocketMine-MP',  gamemode: 'Survival'}
2024-11-24T19:23:38.682Z - Connected successfully: {"type":"MCPE","message":"PocketMine-MP Server","protocol":748,"version":"1.21.40","playerCount":0,"maxPlayers":20,"serverGUID":2446291095431307000,"serverName":"PocketMine-MP","gamemode":"Survival"}
2024-11-24T19:23:38.986Z - [LOG] Header  254
2024-11-24T19:23:38.990Z - [LOG] Payload:  Buffer(14) [Uint8Array] [  254, 12, 143, 1, 1, 0,    0,  0,   0, 0, 0, 0,    0,  0]
2024-11-24T19:23:38.993Z - [LOG] id  143
2024-11-24T19:23:38.994Z - [LOG] 143
2024-11-24T19:23:38.995Z - [LOG] <21:23:38>: <DEBUG> S -> C NetworkSettingsPacket
2024-11-24T19:23:38.996Z - [LOG] test
2024-11-24T19:23:38.996Z - [LOG] <21:23:38>: <DEBUG> Sending Game PACKET --> 1 | 0x01 2024-11-24T19:23:38.996Z
2024-11-24T19:23:39.035Z - [LOG] <21:23:39>: <DEBUG> sendPacket execution time: 38.62ms
2024-11-24T19:23:39.035Z - [LOG] <21:23:39>: <DEBUG> sendLoginPacket execution time: 39.87ms
2024-11-24T19:23:39.036Z - [LOG] <21:23:39>: <DEBUG> onNetworkSettings execution time: 41.08ms
2024-11-24T19:23:39.177Z - [LOG] Header  254
2024-11-24T19:23:39.179Z - [LOG] Payload:  Buffer(359) [Uint8Array] [  254,   0,  21, 207,  75, 114, 155,  48,   0,   0,  208, 133, 207, 147, 140,   4, 132, 137, 151,  17,  146,  32,  42, 159,  34, 144, 176, 217, 120,   0,   37,  21,  72,   6,  39, 216, 128, 125, 163, 206,  244, 144, 109, 223,  13, 222, 159, 221, 238, 247,  ... 309 more items]
2024-11-24T19:23:39.182Z - [LOG] id  3
2024-11-24T19:23:39.183Z - [LOG] 3
2024-11-24T19:23:39.186Z - [LOG] <21:23:39>: <DEBUG> validateKeys execution time: 0.08ms
2024-11-24T19:23:39.262Z - [LOG] <21:23:39>: <DEBUG> createSharedSecret execution time: 75.57ms
2024-11-24T19:23:39.266Z - [LOG] <21:23:39>: <DEBUG> setupEncryption execution time: 3.33ms
2024-11-24T19:23:39.268Z - [LOG] <21:23:39>: <DEBUG> Sending Game PACKET --> 4 | 0x04 2024-11-24T19:23:39.267Z
2024-11-24T19:23:39.271Z - [LOG] <21:23:39>: <DEBUG> sendPacket execution time: 2.98ms
2024-11-24T19:23:39.271Z - [LOG] <21:23:39>: <DEBUG> sendClientToServerHandshake execution time: 3.74ms
2024-11-24T19:23:39.271Z - [LOG] <21:23:39>: <DEBUG> onServerToClientHandshake execution time: 88.03ms
2024-11-24T19:23:39.346Z - [LOG] Header  254
2024-11-24T19:23:39.347Z - [LOG] Payload:  Buffer(23) [Uint8Array] [  254, 118, 155, 213, 225, 239,  203,   0,  79, 132, 165,  85,  160,  22,  30,  44, 119, 163,  206, 203, 156,  98,  38]
2024-11-24T19:23:39.348Z - [LOG] Receive Counter: 0
2024-11-24T19:23:39.349Z - [LOG] Packet Length: 14 Checksum Length: 8
2024-11-24T19:23:39.350Z - [LOG] <21:23:39>: <DEBUG> Checksum matched 882237cd26da25e2 == 882237cd26da25e2
2024-11-24T19:23:39.351Z - [LOG] id  2
2024-11-24T19:23:39.351Z - [LOG] 2
2024-11-24T19:23:39.352Z - [LOG] <21:23:39>: <DEBUG> onPlayStatus execution time: 0.17ms
2024-11-24T19:23:39.352Z - [LOG] id  6
2024-11-24T19:23:39.352Z - [LOG] 6
2024-11-24T19:23:39.353Z - [LOG] <21:23:39>: <DEBUG> Sending Game PACKET --> 8 | 0x08 2024-11-24T19:23:39.353Z
2024-11-24T19:23:39.355Z - [LOG] <21:23:39>: <DEBUG> sendPacket execution time: 1.34ms
2024-11-24T19:23:39.355Z - [LOG] <21:23:39>: <DEBUG> onResourcePack execution time: 1.91ms
2024-11-24T19:23:41.784Z - [LOG] Header  254
2024-11-24T19:23:41.919Z - [LOG] Payload:  Buffer(53351) [Uint8Array] [  254, 223,  99,  30,  70, 104, 159, 180,  69,   2,  117,  68,  54, 149, 169, 247,  42, 188, 180,  65,  189,  70, 104, 175,  59, 194, 173,   7, 142,  94,  191,  83,  84, 199, 248,  73, 226, 135, 181,  95,   19,  38,  62, 116, 126, 203,  93,  17, 150, 159,  ... 53301 more items]
2024-11-24T19:23:41.926Z - [LOG] Receive Counter: 1
2024-11-24T19:23:42.110Z - [LOG] Packet Length: 53342 Checksum Length: 8
2024-11-24T19:23:42.114Z - [LOG] <21:23:42>: <DEBUG> Checksum matched e2731030d57cc909 == e2731030d57cc909
2024-11-24T19:23:42.118Z - [LOG] id  11
2024-11-24T19:23:42.120Z - [LOG] 11
2024-11-24T19:23:42.140Z - [LOG] <21:23:42>: <DEBUG> Sending Game PACKET --> 69 | 0x45 2024-11-24T19:23:42.140Z
2024-11-24T19:23:42.142Z - [LOG] <21:23:42>: <DEBUG> sendPacket execution time: 1.65ms
2024-11-24T19:23:42.142Z - [LOG] <21:23:42>: <DEBUG> onStartGame execution time: 3.83ms
2024-11-24T19:23:42.142Z - [LOG] id  119
2024-11-24T19:23:42.143Z - [LOG] 119
2024-11-24T19:23:42.166Z - [LOG] id  122
2024-11-24T19:23:42.167Z - [LOG] 122
2024-11-24T19:23:42.168Z - [LOG] id  29
2024-11-24T19:23:42.168Z - [LOG] 29
2024-11-24T19:23:42.169Z - [LOG] id  76
2024-11-24T19:23:42.170Z - [LOG] 76
2024-11-24T19:23:42.172Z - [LOG] id  187
2024-11-24T19:23:42.172Z - [LOG] 187
2024-11-24T19:23:42.173Z - [LOG] id  188
2024-11-24T19:23:42.174Z - [LOG] 188
2024-11-24T19:23:42.174Z - [LOG] id  39
2024-11-24T19:23:42.174Z - [LOG] 39
2024-11-24T19:23:42.176Z - [LOG] id  49
2024-11-24T19:23:42.176Z - [LOG] 49
2024-11-24T19:23:42.180Z - [LOG] id  49
2024-11-24T19:23:42.181Z - [LOG] 49
2024-11-24T19:23:42.182Z - [LOG] id  49
2024-11-24T19:23:42.182Z - [LOG] 49
2024-11-24T19:23:42.183Z - [LOG] id  49
2024-11-24T19:23:42.183Z - [LOG] 49
2024-11-24T19:23:42.183Z - [LOG] id  49
2024-11-24T19:23:42.184Z - [LOG] 49
2024-11-24T19:23:42.184Z - [LOG] id  49
2024-11-24T19:23:42.184Z - [LOG] 49
2024-11-24T19:23:42.184Z - [LOG] id  50
2024-11-24T19:23:42.185Z - [LOG] 50
2024-11-24T19:23:42.185Z - [LOG] id  50
2024-11-24T19:23:42.186Z - [LOG] 50
2024-11-24T19:23:42.186Z - [LOG] id  50
2024-11-24T19:23:42.186Z - [LOG] 50
2024-11-24T19:23:42.187Z - [LOG] id  50
2024-11-24T19:23:42.187Z - [LOG] 50
2024-11-24T19:23:42.187Z - [LOG] id  50
2024-11-24T19:23:42.187Z - [LOG] 50
2024-11-24T19:23:42.188Z - [LOG] id  31
2024-11-24T19:23:42.188Z - [LOG] 31
2024-11-24T19:23:42.189Z - [LOG] id  145
2024-11-24T19:23:42.189Z - [LOG] 145
2024-11-24T19:23:42.218Z - [LOG] id  52
2024-11-24T19:23:42.220Z - [LOG] 52
2024-11-24T19:23:42.510Z - [LOG] id  63
2024-11-24T19:23:42.552Z - [LOG] 63
2024-11-24T19:23:42.591Z - [LOG] id  29
2024-11-24T19:23:42.591Z - [LOG] 29
2024-11-24T19:23:43.246Z - [LOG] Header  254
2024-11-24T19:23:43.250Z - [LOG] Payload:  Buffer(1840) [Uint8Array] [  254, 156,  18,  55,  85, 215,  32,  54, 195, 196,  111, 151, 103, 198,   8, 199, 106, 215,  43, 138,  235, 224, 134,  42,  68, 173,  25, 150, 148, 167,   21, 158,  39, 131, 127,   4,  87, 136, 101, 205,  190,  33, 194,  59, 222,  16,  42,  18, 214,  38,  ... 1790 more items]
2024-11-24T19:23:43.253Z - [LOG] Receive Counter: 2
2024-11-24T19:23:43.255Z - [LOG] Packet Length: 1831 Checksum Length: 8
2024-11-24T19:23:43.256Z - [LOG] <21:23:43>: <ERROR> Decryption error: Checksum mismatch 7afc8ab5705506e8 != 9bdd5b14fb8e96ff
2024-11-24T19:23:43.384Z - [LOG] Header  254
2024-11-24T19:23:43.388Z - [LOG] Payload:  Buffer(1753) [Uint8Array] [  254,  64, 213, 154,  71,  51, 246, 126,  81, 225,   45, 253,  23, 130,  53, 150, 113, 138, 163, 203,  154,   7, 241, 101, 112, 101,  63,  93, 240,   2,  180, 155, 234, 124,  83, 204, 220, 184, 173,  58,  146,  83, 157, 161, 253, 196,  81,  44,  38,  57,  ... 1703 more items]
2024-11-24T19:23:43.392Z - [LOG] Receive Counter: 3
2024-11-24T19:23:43.394Z - [LOG] Packet Length: 1744 Checksum Length: 8
2024-11-24T19:23:43.394Z - [LOG] <21:23:43>: <ERROR> Decryption error: Checksum mismatch e0e95800d1ed6787 != 54e5667dad2cac0c
2024-11-24T19:23:43.521Z - [LOG] Header  254
2024-11-24T19:23:43.526Z - [LOG] Payload:  Buffer(2012) [Uint8Array] [  254, 176, 183,  58,  25, 223, 151,  90, 208, 126,  248,  37,  57,  57, 200, 219,  58,  67, 173,  43,  160, 189,  43, 238,  98, 139,  24, 133, 207, 208,   24, 152,  43, 179,   7, 193, 151, 206,  36,  95,  169, 114, 198, 106,  82,  87, 242, 102, 211, 193,  ... 1962 more items]
2024-11-24T19:23:43.534Z - [LOG] Receive Counter: 4
2024-11-24T19:23:43.535Z - [LOG] Packet Length: 2003 Checksum Length: 8
2024-11-24T19:23:43.536Z - [LOG] <21:23:43>: <ERROR> Decryption error: Checksum mismatch f80d19fc7aea04ab != 150260d556aee5b7
2024-11-24T19:23:43.649Z - [LOG] Header  254
2024-11-24T19:23:43.653Z - [LOG] Payload:  Buffer(2129) [Uint8Array] [  254, 196,  34, 208, 157,  18,  86,  56, 233, 111,  178, 126,  17,   4,  61, 234, 228, 204,  43, 246,   58, 145, 105,  60,  51, 231, 110, 143, 142, 191,   62,   4,  90,  13,  82, 209,  44,  31,  37, 158,  186, 200,  89, 194, 217,  51, 159,  27, 226,  67,  ... 2079 more items]
2024-11-24T19:23:43.656Z - [LOG] Receive Counter: 5
2024-11-24T19:23:43.658Z - [LOG] Packet Length: 2120 Checksum Length: 8
2024-11-24T19:23:43.658Z - [LOG] <21:23:43>: <ERROR> Decryption error: Checksum mismatch 2d2143adb1c8b2ad != a8e43bd3d8b626e1
