2024-11-23T20:09:51.866Z - [TIME START] Spawn
2024-11-23T20:09:51.868Z - Starting connection...
2024-11-23T20:09:51.904Z - [LOG] <22:9:51>: <DEBUG> setupClientProfile execution time: 0.08ms
2024-11-23T20:09:51.907Z - [LOG] <22:9:51>: <DEBUG> createOfflineSession execution time: 36.05ms
2024-11-23T20:09:51.909Z - [LOG] <22:9:51>: <DEBUG> initializeSession execution time: 38.12ms
2024-11-23T20:09:51.910Z - [LOG] <22:9:51>: <DEBUG> connect execution time: 39.53ms
2024-11-23T20:09:51.930Z - [LOG] <22:9:51>: <DEBUG> setupClientChains execution time: 18.39ms
2024-11-23T20:09:52.979Z - [LOG] <22:9:52>: <DEBUG> handleSessionStart execution time: 7.45ms
2024-11-23T20:09:53.433Z - [LOG] handle
2024-11-23T20:09:53.438Z - [LOG] <22:9:53>: <DEBUG> Sending Game PACKET --> 193 | 0xc1 2024-11-23T20:09:53.438Z
2024-11-23T20:09:53.442Z - [LOG] <22:9:53>: <DEBUG> sendPacket execution time: 3.97ms
2024-11-23T20:09:53.444Z - [TIME END] Spawn: 1579ms
2024-11-23T20:09:53.459Z - [LOG] {  type: 'MCPE',  message: 'PocketMine-MP Server',  protocol: 748,  version: '1.21.40',  playerCount: 0,  maxPlayers: 20,  serverGUID: 959315177832208500,  serverName: 'PocketMine-MP',  gamemode: 'Survival'}
2024-11-23T20:09:53.475Z - Connected successfully: {"type":"MCPE","message":"PocketMine-MP Server","protocol":748,"version":"1.21.40","playerCount":0,"maxPlayers":20,"serverGUID":959315177832208500,"serverName":"PocketMine-MP","gamemode":"Survival"}
2024-11-23T20:09:53.838Z - [LOG] Header  254
2024-11-23T20:09:53.845Z - [LOG] Payload:  Buffer(14) [Uint8Array] [  254, 12, 143, 1, 1, 0,    0,  0,   0, 0, 0, 0,    0,  0]
2024-11-23T20:09:53.848Z - [LOG] id  143
2024-11-23T20:09:53.851Z - [LOG] 143
2024-11-23T20:09:53.855Z - [LOG] <22:9:53>: <DEBUG> S -> C NetworkSettingsPacket
2024-11-23T20:09:53.857Z - [LOG] test
2024-11-23T20:09:53.858Z - [LOG] <22:9:53>: <DEBUG> Sending Game PACKET --> 1 | 0x01 2024-11-23T20:09:53.858Z
2024-11-23T20:09:53.931Z - [LOG] <22:9:53>: <DEBUG> sendPacket execution time: 72.89ms
2024-11-23T20:09:53.939Z - [LOG] <22:9:53>: <DEBUG> sendLoginPacket execution time: 82.15ms
2024-11-23T20:09:53.943Z - [LOG] <22:9:53>: <DEBUG> onNetworkSettings execution time: 87.91ms
2024-11-23T20:09:54.154Z - [LOG] Header  254
2024-11-23T20:09:54.160Z - [LOG] Payload:  Buffer(361) [Uint8Array] [  254,   0,  21, 207, 201, 110, 171,  48,   0,  64,  209,  69, 190,  39,  79, 102,  74, 194,  50,   4,  204,  84,  76,  49, 216,   4, 111,  34, 134,  42,   12, 198, 144,  64,  83, 224, 139, 158, 212, 159,  108, 187, 191, 210, 213, 249, 222, 237, 254, 239,  ... 311 more items]
2024-11-23T20:09:54.172Z - [LOG] id  3
2024-11-23T20:09:54.174Z - [LOG] 3
2024-11-23T20:09:54.186Z - [LOG] <22:9:54>: <DEBUG> validateKeys execution time: 0.11ms
2024-11-23T20:09:54.337Z - [LOG] <22:9:54>: <DEBUG> createSharedSecret execution time: 150.83ms
2024-11-23T20:09:54.347Z - [LOG] <22:9:54>: <DEBUG> setupEncryption execution time: 6.20ms
2024-11-23T20:09:54.349Z - [LOG] <22:9:54>: <DEBUG> Sending Game PACKET --> 4 | 0x04 2024-11-23T20:09:54.348Z
2024-11-23T20:09:54.359Z - [LOG] <22:9:54>: <DEBUG> sendPacket execution time: 10.51ms
2024-11-23T20:09:54.362Z - [LOG] <22:9:54>: <DEBUG> sendClientToServerHandshake execution time: 12.69ms
2024-11-23T20:09:54.364Z - [LOG] <22:9:54>: <DEBUG> onServerToClientHandshake execution time: 184.09ms
2024-11-23T20:09:54.415Z - [LOG] Header  254
2024-11-23T20:09:54.416Z - [LOG] Payload:  Buffer(23) [Uint8Array] [  254, 210, 171,  97, 120,  2, 164,   31,  78, 135, 175, 135, 45,  52,   10, 136, 108, 145,  19, 46,  69,  138, 100]
2024-11-23T20:09:54.419Z - [LOG] Receive Counter: 0
2024-11-23T20:09:54.423Z - [LOG] Packet Length: 14 Checksum Length: 8
2024-11-23T20:09:54.426Z - [LOG] <22:9:54>: <DEBUG> Checksum matched a0ac892456a1f99b == a0ac892456a1f99b
2024-11-23T20:09:54.427Z - [LOG] id  2
2024-11-23T20:09:54.427Z - [LOG] 2
2024-11-23T20:09:54.428Z - [LOG] <22:9:54>: <DEBUG> onPlayStatus execution time: 0.16ms
2024-11-23T20:09:54.429Z - [LOG] id  6
2024-11-23T20:09:54.429Z - [LOG] 6
2024-11-23T20:09:54.431Z - [LOG] <22:9:54>: <DEBUG> Sending Game PACKET --> 8 | 0x08 2024-11-23T20:09:54.430Z
2024-11-23T20:09:54.436Z - [LOG] <22:9:54>: <DEBUG> sendPacket execution time: 5.46ms
2024-11-23T20:09:54.438Z - [LOG] <22:9:54>: <DEBUG> onResourcePack execution time: 7.95ms
2024-11-23T20:09:56.990Z - [LOG] Header  254
2024-11-23T20:09:57.243Z - [LOG] Payload:  Buffer(53359) [Uint8Array] [  254, 197, 140, 190,  63,   3, 106,  83, 174,  24,  176,  47,  21,  17, 221,  34, 133,   0, 106, 213,  250, 202,  97, 206, 113,  56, 192, 243, 140, 236,  162,  21, 161, 111, 126, 233, 205, 143, 112,  87,  201,  44, 129,  56, 184, 104,  49,   3, 117, 142,  ... 53309 more items]
2024-11-23T20:09:57.255Z - [LOG] Receive Counter: 1
2024-11-23T20:09:57.482Z - [LOG] Packet Length: 53350 Checksum Length: 8
2024-11-23T20:09:57.492Z - [LOG] <22:9:57>: <DEBUG> Checksum matched d018ec08a57dbbc8 == d018ec08a57dbbc8
2024-11-23T20:09:57.499Z - [LOG] id  11
2024-11-23T20:09:57.507Z - [LOG] 11
2024-11-23T20:09:57.556Z - [LOG] <22:9:57>: <DEBUG> Sending Game PACKET --> 69 | 0x45 2024-11-23T20:09:57.556Z
2024-11-23T20:09:57.565Z - [LOG] <22:9:57>: <DEBUG> sendPacket execution time: 8.88ms
2024-11-23T20:09:57.572Z - [LOG] <22:9:57>: <DEBUG> onStartGame execution time: 19.05ms
2024-11-23T20:09:57.579Z - [LOG] id  119
2024-11-23T20:09:57.583Z - [LOG] 119
2024-11-23T20:09:57.629Z - [LOG] id  122
2024-11-23T20:09:57.637Z - [LOG] 122
2024-11-23T20:09:57.640Z - [LOG] id  29
2024-11-23T20:09:57.642Z - [LOG] 29
2024-11-23T20:09:57.645Z - [LOG] id  76
2024-11-23T20:09:57.646Z - [LOG] 76
2024-11-23T20:09:57.654Z - [LOG] id  187
2024-11-23T20:09:57.657Z - [LOG] 187
2024-11-23T20:09:57.660Z - [LOG] id  188
2024-11-23T20:09:57.664Z - [LOG] 188
2024-11-23T20:09:57.666Z - [LOG] id  39
2024-11-23T20:09:57.668Z - [LOG] 39
2024-11-23T20:09:57.673Z - [LOG] id  49
2024-11-23T20:09:57.674Z - [LOG] 49
2024-11-23T20:09:57.676Z - [LOG] id  49
2024-11-23T20:09:57.677Z - [LOG] 49
2024-11-23T20:09:57.678Z - [LOG] id  49
2024-11-23T20:09:57.678Z - [LOG] 49
2024-11-23T20:09:57.679Z - [LOG] id  49
2024-11-23T20:09:57.679Z - [LOG] 49
2024-11-23T20:09:57.679Z - [LOG] id  49
2024-11-23T20:09:57.679Z - [LOG] 49
2024-11-23T20:09:57.680Z - [LOG] id  49
2024-11-23T20:09:57.680Z - [LOG] 49
2024-11-23T20:09:57.681Z - [LOG] id  50
2024-11-23T20:09:57.682Z - [LOG] 50
2024-11-23T20:09:57.686Z - [LOG] id  50
2024-11-23T20:09:57.697Z - [LOG] 50
2024-11-23T20:09:57.705Z - [LOG] id  50
2024-11-23T20:09:57.707Z - [LOG] 50
2024-11-23T20:09:57.709Z - [LOG] id  50
2024-11-23T20:09:57.711Z - [LOG] 50
2024-11-23T20:09:57.714Z - [LOG] id  50
2024-11-23T20:09:57.722Z - [LOG] 50
2024-11-23T20:09:57.725Z - [LOG] id  31
2024-11-23T20:09:57.728Z - [LOG] 31
2024-11-23T20:09:57.730Z - [LOG] id  145
2024-11-23T20:09:57.730Z - [LOG] 145
2024-11-23T20:09:57.855Z - [LOG] id  52
2024-11-23T20:09:57.873Z - [LOG] 52
2024-11-23T20:09:58.479Z - [LOG] id  63
2024-11-23T20:09:58.525Z - [LOG] 63
2024-11-23T20:09:58.535Z - [LOG] id  29
2024-11-23T20:09:58.543Z - [LOG] 29
