2024-11-22T19:03:06.013Z - [TIME START] Spawn
2024-11-22T19:03:06.018Z - Starting connection...
2024-11-22T19:03:06.096Z - [LOG] <21:3:6>: <DEBUG> setupClientProfile execution time: 0.09ms
2024-11-22T19:03:06.119Z - [LOG] <21:3:6>: <DEBUG> createOfflineSession execution time: 97.43ms
2024-11-22T19:03:06.133Z - [LOG] <21:3:6>: <DEBUG> initializeSession execution time: 112.16ms
2024-11-22T19:03:06.136Z - [LOG] <21:3:6>: <DEBUG> connect execution time: 115.60ms
2024-11-22T19:03:06.171Z - [LOG] <21:3:6>: <DEBUG> setupClientChains execution time: 26.89ms
2024-11-22T19:03:07.286Z - [LOG] <21:3:7>: <DEBUG> handleSessionStart execution time: 5.85ms
2024-11-22T19:03:07.665Z - [LOG] handle
2024-11-22T19:03:07.672Z - [LOG] <21:3:7>: <DEBUG> Sending Game PACKET --> 193 | 0xc1 2024-11-22T19:03:07.671Z
2024-11-22T19:03:07.678Z - [LOG] <21:3:7>: <DEBUG> sendPacket execution time: 6.62ms
2024-11-22T19:03:07.679Z - [TIME END] Spawn: 1666ms
2024-11-22T19:03:07.691Z - [LOG] {  type: 'MCPE',  message: 'PocketMine-MP Server',  protocol: 748,  version: '1.21.40',  playerCount: 0,  maxPlayers: 20,  serverGUID: 959315177832208500,  serverName: 'PocketMine-MP',  gamemode: 'Survival'}
2024-11-22T19:03:07.701Z - Connected successfully: {"type":"MCPE","message":"PocketMine-MP Server","protocol":748,"version":"1.21.40","playerCount":0,"maxPlayers":20,"serverGUID":959315177832208500,"serverName":"PocketMine-MP","gamemode":"Survival"}
2024-11-22T19:03:07.970Z - [LOG] Header  254
2024-11-22T19:03:07.976Z - [LOG] Payload:  Buffer(14) [Uint8Array] [  254, 12, 143, 1, 1, 0,    0,  0,   0, 0, 0, 0,    0,  0]
2024-11-22T19:03:07.982Z - [LOG] id  143
2024-11-22T19:03:07.984Z - [LOG] 143
2024-11-22T19:03:07.985Z - [LOG] <21:3:7>: <DEBUG> S -> C NetworkSettingsPacket
2024-11-22T19:03:07.991Z - [LOG] test
2024-11-22T19:03:07.993Z - [LOG] <21:3:7>: <DEBUG> Sending Game PACKET --> 1 | 0x01 2024-11-22T19:03:07.993Z
2024-11-22T19:03:08.078Z - [LOG] <21:3:8>: <DEBUG> sendPacket execution time: 85.19ms
2024-11-22T19:03:08.079Z - [LOG] <21:3:8>: <DEBUG> sendLoginPacket execution time: 90.83ms
2024-11-22T19:03:08.082Z - [LOG] <21:3:8>: <DEBUG> onNetworkSettings execution time: 96.54ms
2024-11-22T19:03:08.266Z - [LOG] Header  254
2024-11-22T19:03:08.271Z - [LOG] Payload:  Buffer(360) [Uint8Array] [  254,   0,  21, 207,  73, 142, 163,  48,  24,  64,  225,  69, 206, 147, 150,  73,  24, 148, 101, 209,   76, 118, 130, 137,  13, 254,  29, 216, 180,  24,  170, 195, 224,  80,  84, 160,  19, 224,  68,  45,  213,  37,  43, 181, 127, 210, 211, 247, 181, 217,  ... 310 more items]
2024-11-22T19:03:08.286Z - [LOG] id  3
2024-11-22T19:03:08.292Z - [LOG] 3
2024-11-22T19:03:08.313Z - [LOG] <21:3:8>: <DEBUG> validateKeys execution time: 0.12ms
2024-11-22T19:03:08.447Z - [LOG] <21:3:8>: <DEBUG> createSharedSecret execution time: 135.12ms
2024-11-22T19:03:08.459Z - [LOG] <21:3:8>: <DEBUG> setupEncryption execution time: 9.61ms
2024-11-22T19:03:08.464Z - [LOG] <21:3:8>: <DEBUG> Sending Game PACKET --> 4 | 0x04 2024-11-22T19:03:08.464Z
2024-11-22T19:03:08.471Z - [LOG] <21:3:8>: <DEBUG> sendPacket execution time: 6.76ms
2024-11-22T19:03:08.475Z - [LOG] <21:3:8>: <DEBUG> sendClientToServerHandshake execution time: 11.15ms
2024-11-22T19:03:08.477Z - [LOG] <21:3:8>: <DEBUG> onServerToClientHandshake execution time: 171.08ms
2024-11-22T19:03:08.626Z - [LOG] Header  254
2024-11-22T19:03:08.629Z - [LOG] Payload:  Buffer(23) [Uint8Array] [  254, 224, 248, 101, 102,  60,  236,  67,  68,  74,  14, 144,  231, 176, 249,  94, 152,  16,  177, 244, 118,  78,  33]
2024-11-22T19:03:08.632Z - [LOG] Receive Counter: 0
2024-11-22T19:03:08.634Z - [LOG] Packet Length: 14 Checksum Length: 8
2024-11-22T19:03:08.646Z - [LOG] <21:3:8>: <DEBUG> Checksum matched b7cf3ee944f5632c == b7cf3ee944f5632c
2024-11-22T19:03:08.672Z - [LOG] id  2
2024-11-22T19:03:08.682Z - [LOG] 2
2024-11-22T19:03:08.685Z - [LOG] <21:3:8>: <DEBUG> onPlayStatus execution time: 0.15ms
2024-11-22T19:03:08.686Z - [LOG] id  6
2024-11-22T19:03:08.689Z - [LOG] 6
2024-11-22T19:03:08.703Z - [LOG] <21:3:8>: <DEBUG> Sending Game PACKET --> 8 | 0x08 2024-11-22T19:03:08.703Z
2024-11-22T19:03:08.713Z - [LOG] <21:3:8>: <DEBUG> sendPacket execution time: 9.06ms
2024-11-22T19:03:08.714Z - [LOG] <21:3:8>: <DEBUG> onResourcePack execution time: 13.44ms
2024-11-22T19:03:08.926Z - [LOG] Header  254
2024-11-22T19:03:08.936Z - [LOG] Payload:  Buffer(1432) [Uint8Array] [  254, 168, 144, 132,  76,  43, 212,  16,  47, 116,  133,  71, 135,  63,  24, 117, 110, 251,  81, 236,  204, 159, 205, 168,  87, 219, 167,  40, 175, 222,  221, 230, 143,  34, 215, 242,  20, 130, 163,  11,   14, 251,  54, 153, 206, 116, 109, 168, 116,  27,  ... 1382 more items]
2024-11-22T19:03:08.975Z - [LOG] Receive Counter: 1
2024-11-22T19:03:09.005Z - [LOG] Packet Length: 1423 Checksum Length: 8
2024-11-22T19:03:09.012Z - [LOG] <21:3:9>: <ERROR> Decryption error: Checksum mismatch 83314387f2d34e24 != 6988c52eeafb2d35
