2024-11-23T11:13:22.542Z - [TIME START] Spawn
2024-11-23T11:13:22.545Z - Starting connection...
2024-11-23T11:13:22.599Z - [LOG] <13:13:22>: <DEBUG> setupClientProfile execution time: 0.08ms
2024-11-23T11:13:22.603Z - [LOG] <13:13:22>: <DEBUG> createOfflineSession execution time: 52.89ms
2024-11-23T11:13:22.604Z - [LOG] <13:13:22>: <DEBUG> initializeSession execution time: 55.42ms
2024-11-23T11:13:22.610Z - [LOG] <13:13:22>: <DEBUG> connect execution time: 60.95ms
2024-11-23T11:13:22.628Z - [LOG] <13:13:22>: <DEBUG> setupClientChains execution time: 15.58ms
2024-11-23T11:13:23.394Z - [LOG] <13:13:23>: <DEBUG> handleSessionStart execution time: 0.96ms
2024-11-23T11:13:23.820Z - [LOG] handle
2024-11-23T11:13:23.823Z - [LOG] <13:13:23>: <DEBUG> Sending Game PACKET --> 193 | 0xc1 2024-11-23T11:13:23.823Z
2024-11-23T11:13:23.831Z - [LOG] <13:13:23>: <DEBUG> sendPacket execution time: 8.42ms
2024-11-23T11:13:23.834Z - [TIME END] Spawn: 1292ms
2024-11-23T11:13:23.843Z - [LOG] {  type: 'MCPE',  message: 'PocketMine-MP Server',  protocol: 748,  version: '1.21.40',  playerCount: 0,  maxPlayers: 20,  serverGUID: 959315177832208500,  serverName: 'PocketMine-MP',  gamemode: 'Survival'}
2024-11-23T11:13:23.856Z - Connected successfully: {"type":"MCPE","message":"PocketMine-MP Server","protocol":748,"version":"1.21.40","playerCount":0,"maxPlayers":20,"serverGUID":959315177832208500,"serverName":"PocketMine-MP","gamemode":"Survival"}
2024-11-23T11:13:24.194Z - [LOG] Header  254
2024-11-23T11:13:24.201Z - [LOG] Payload:  Buffer(14) [Uint8Array] [  254, 12, 143, 1, 1, 0,    0,  0,   0, 0, 0, 0,    0,  0]
2024-11-23T11:13:24.206Z - [LOG] id  143
2024-11-23T11:13:24.207Z - [LOG] 143
2024-11-23T11:13:24.211Z - [LOG] <13:13:24>: <DEBUG> S -> C NetworkSettingsPacket
2024-11-23T11:13:24.212Z - [LOG] test
2024-11-23T11:13:24.214Z - [LOG] <13:13:24>: <DEBUG> Sending Game PACKET --> 1 | 0x01 2024-11-23T11:13:24.214Z
2024-11-23T11:13:24.268Z - [LOG] <13:13:24>: <DEBUG> sendPacket execution time: 54.60ms
2024-11-23T11:13:24.279Z - [LOG] <13:13:24>: <DEBUG> sendLoginPacket execution time: 67.17ms
2024-11-23T11:13:24.282Z - [LOG] <13:13:24>: <DEBUG> onNetworkSettings execution time: 70.98ms
2024-11-23T11:13:24.537Z - [LOG] Header  254
2024-11-23T11:13:24.541Z - [LOG] Payload:  Buffer(360) [Uint8Array] [  254,   0,  21, 144,  75, 114, 163,  48,  20,   0,   23,  62, 207,  76,   9,  48,  25, 103, 105,  12,  194, 252, 100,  75, 160,   7, 104, 147, 226, 227,  240,  19, 152,   4,  38,  24,  78,  52,  85, 115,  201,  56, 251, 174, 234, 234, 254, 191, 219, 253,  ... 310 more items]
2024-11-23T11:13:24.551Z - [LOG] id  3
2024-11-23T11:13:24.555Z - [LOG] 3
2024-11-23T11:13:24.562Z - [LOG] <13:13:24>: <DEBUG> validateKeys execution time: 0.16ms
2024-11-23T11:13:24.680Z - [LOG] <13:13:24>: <DEBUG> createSharedSecret execution time: 118.57ms
2024-11-23T11:13:24.688Z - [LOG] <13:13:24>: <DEBUG> setupEncryption execution time: 5.67ms
2024-11-23T11:13:24.689Z - [LOG] <13:13:24>: <DEBUG> Sending Game PACKET --> 4 | 0x04 2024-11-23T11:13:24.689Z
2024-11-23T11:13:24.695Z - [LOG] <13:13:24>: <DEBUG> sendPacket execution time: 5.32ms
2024-11-23T11:13:24.697Z - [LOG] <13:13:24>: <DEBUG> sendClientToServerHandshake execution time: 7.58ms
2024-11-23T11:13:24.705Z - [LOG] <13:13:24>: <DEBUG> onServerToClientHandshake execution time: 145.52ms
2024-11-23T11:13:24.850Z - [LOG] Header  254
2024-11-23T11:13:24.852Z - [LOG] Payload:  Buffer(23) [Uint8Array] [  254, 181, 212, 191,  75, 209, 185,  223,   6, 140,  16, 147, 119, 235,   45,  32,  64,  84,  14, 106,  36,   52,  77]
2024-11-23T11:13:24.854Z - [LOG] Receive Counter: 0
2024-11-23T11:13:24.857Z - [LOG] Packet Length: 14 Checksum Length: 8
2024-11-23T11:13:24.866Z - [LOG] <13:13:24>: <DEBUG> Checksum matched 1588c33657d8756b == 1588c33657d8756b
2024-11-23T11:13:24.868Z - [LOG] id  2
2024-11-23T11:13:24.869Z - [LOG] 2
2024-11-23T11:13:24.870Z - [LOG] <13:13:24>: <DEBUG> onPlayStatus execution time: 0.14ms
2024-11-23T11:13:24.871Z - [LOG] id  6
2024-11-23T11:13:24.872Z - [LOG] 6
2024-11-23T11:13:24.878Z - [LOG] <13:13:24>: <DEBUG> Sending Game PACKET --> 8 | 0x08 2024-11-23T11:13:24.878Z
2024-11-23T11:13:24.883Z - [LOG] <13:13:24>: <DEBUG> sendPacket execution time: 4.66ms
2024-11-23T11:13:24.885Z - [LOG] <13:13:24>: <DEBUG> onResourcePack execution time: 9.73ms
