2024-11-22T18:49:27.354Z - [TIME START] Spawn
2024-11-22T18:49:27.355Z - Starting connection...
2024-11-22T18:49:27.363Z - [LOG] <20:49:27>: <DEBUG> setupClientProfile execution time: 0.06ms
2024-11-22T18:49:27.365Z - [LOG] <20:49:27>: <DEBUG> createOfflineSession execution time: 8.27ms
2024-11-22T18:49:27.366Z - [LOG] <20:49:27>: <DEBUG> initializeSession execution time: 9.43ms
2024-11-22T18:49:27.367Z - [LOG] <20:49:27>: <DEBUG> connect execution time: 9.96ms
2024-11-22T18:49:27.389Z - [LOG] <20:49:27>: <DEBUG> setupClientChains execution time: 21.32ms
2024-11-22T18:49:28.161Z - [LOG] <20:49:28>: <DEBUG> handleSessionStart execution time: 0.94ms
2024-11-22T18:49:28.586Z - [LOG] handle
2024-11-22T18:49:28.594Z - [LOG] <20:49:28>: <DEBUG> Sending Game PACKET --> 193 | 0xc1 2024-11-22T18:49:28.594Z
2024-11-22T18:49:28.598Z - [LOG] <20:49:28>: <DEBUG> sendPacket execution time: 4.21ms
2024-11-22T18:49:28.600Z - [TIME END] Spawn: 1246ms
2024-11-22T18:49:28.610Z - [LOG] {  type: 'MCPE',  message: 'PocketMine-MP Server',  protocol: 748,  version: '1.21.40',  playerCount: 0,  maxPlayers: 20,  serverGUID: 959315177832208500,  serverName: 'PocketMine-MP',  gamemode: 'Survival'}
2024-11-22T18:49:28.612Z - Connected successfully: {"type":"MCPE","message":"PocketMine-MP Server","protocol":748,"version":"1.21.40","playerCount":0,"maxPlayers":20,"serverGUID":959315177832208500,"serverName":"PocketMine-MP","gamemode":"Survival"}
2024-11-22T18:49:28.982Z - [LOG] Header  254
2024-11-22T18:49:28.993Z - [LOG] Payload:  Buffer(14) [Uint8Array] [  254, 12, 143, 1, 1, 0,    0,  0,   0, 0, 0, 0,    0,  0]
2024-11-22T18:49:29.006Z - [LOG] id  143
2024-11-22T18:49:29.010Z - [LOG] 143
2024-11-22T18:49:29.023Z - [LOG] <20:49:29>: <DEBUG> S -> C NetworkSettingsPacket
2024-11-22T18:49:29.027Z - [LOG] test
2024-11-22T18:49:29.028Z - [LOG] <20:49:29>: <DEBUG> Sending Game PACKET --> 1 | 0x01 2024-11-22T18:49:29.028Z
2024-11-22T18:49:29.128Z - [LOG] <20:49:29>: <DEBUG> sendPacket execution time: 99.40ms
2024-11-22T18:49:29.132Z - [LOG] <20:49:29>: <DEBUG> sendLoginPacket execution time: 105.65ms
2024-11-22T18:49:29.140Z - [LOG] <20:49:29>: <DEBUG> onNetworkSettings execution time: 116.89ms
2024-11-22T18:49:29.531Z - [LOG] Header  254
2024-11-22T18:49:29.541Z - [LOG] Payload:  Buffer(360) [Uint8Array] [  254,   0,  21, 207, 203, 110, 163,  48,   0,  64,  209,  69, 190, 167,  35, 155,  71,  58,  44,  67,  193,   9,   4,  12,  24, 108,   7, 111,  70,  60,   50, 188,  12, 161, 129, 182,  49,  95,  84, 169,   63, 217, 118, 127, 165, 171, 243, 181, 219, 125,  ... 310 more items]
2024-11-22T18:49:29.556Z - [LOG] id  3
2024-11-22T18:49:29.558Z - [LOG] 3
2024-11-22T18:49:29.564Z - [LOG] <20:49:29>: <DEBUG> validateKeys execution time: 0.18ms
2024-11-22T18:49:29.827Z - [LOG] <20:49:29>: <DEBUG> createSharedSecret execution time: 263.98ms
2024-11-22T18:49:29.841Z - [LOG] <20:49:29>: <DEBUG> setupEncryption execution time: 9.38ms
2024-11-22T18:49:29.847Z - [LOG] <20:49:29>: <DEBUG> Sending Game PACKET --> 4 | 0x04 2024-11-22T18:49:29.846Z
2024-11-22T18:49:29.892Z - [LOG] <20:49:29>: <DEBUG> sendPacket execution time: 45.72ms
2024-11-22T18:49:29.896Z - [LOG] <20:49:29>: <DEBUG> sendClientToServerHandshake execution time: 50.29ms
2024-11-22T18:49:29.906Z - [LOG] <20:49:29>: <DEBUG> onServerToClientHandshake execution time: 344.98ms
2024-11-22T18:49:30.165Z - [LOG] Header  254
2024-11-22T18:49:30.178Z - [LOG] Payload:  Buffer(23) [Uint8Array] [  254,   7,  54, 222, 235, 224, 173,  194, 130,  34, 241, 221, 254, 243,    4,  67, 127,  75, 177, 189,  76,  146,  29]
2024-11-22T18:49:30.181Z - [LOG] Receive Counter: 0
2024-11-22T18:49:30.197Z - [LOG] Packet Length: 14 Checksum Length: 8
2024-11-22T18:49:30.227Z - [LOG] <20:49:30>: <DEBUG> Checksum matched acd5bff1e58f7b44 == acd5bff1e58f7b44
2024-11-22T18:49:30.233Z - [LOG] id  2
2024-11-22T18:49:30.256Z - [LOG] 2
2024-11-22T18:49:30.263Z - [LOG] <20:49:30>: <DEBUG> onPlayStatus execution time: 0.65ms
2024-11-22T18:49:30.273Z - [LOG] id  6
2024-11-22T18:49:30.278Z - [LOG] 6
2024-11-22T18:49:30.281Z - [LOG] <20:49:30>: <DEBUG> Sending Game PACKET --> 8 | 0x08 2024-11-22T18:49:30.281Z
2024-11-22T18:49:30.293Z - [LOG] <20:49:30>: <DEBUG> sendPacket execution time: 11.90ms
2024-11-22T18:49:30.297Z - [LOG] <20:49:30>: <DEBUG> onResourcePack execution time: 16.23ms
2024-11-22T18:49:30.749Z - [LOG] Header  254
2024-11-22T18:49:30.765Z - [LOG] Payload:  Buffer(1432) [Uint8Array] [  254,  31, 236,   3, 248, 250, 251, 163,  91,  129, 254, 131, 240, 241, 153, 212, 185,  39,  181, 183, 234, 163, 241,  69,  55,  18, 130,  136, 182, 241, 212, 117, 200, 159, 105, 240,  142, 135, 166,  47, 227,  54,  71, 138, 147,  218,  14,  92, 104,  16,  ... 1382 more items]
2024-11-22T18:49:30.799Z - [LOG] Receive Counter: 1
2024-11-22T18:49:30.860Z - [LOG] Packet Length: 1423 Checksum Length: 8
2024-11-22T18:49:30.907Z - [LOG] <20:49:30>: <ERROR> Decryption error: Checksum mismatch 36c60c1dca4f3b91 != a19f9fe01a36138e
