2024-11-22T19:05:00.790Z - [TIME START] Spawn
2024-11-22T19:05:00.793Z - Starting connection...
2024-11-22T19:05:00.800Z - [LOG] <21:5:0>: <DEBUG> setupClientProfile execution time: 0.07ms
2024-11-22T19:05:00.802Z - [LOG] <21:5:0>: <DEBUG> createOfflineSession execution time: 6.71ms
2024-11-22T19:05:00.803Z - [LOG] <21:5:0>: <DEBUG> initializeSession execution time: 8.67ms
2024-11-22T19:05:00.804Z - [LOG] <21:5:0>: <DEBUG> connect execution time: 9.91ms
2024-11-22T19:05:00.819Z - [LOG] <21:5:0>: <DEBUG> setupClientChains execution time: 11.99ms
2024-11-22T19:05:01.657Z - [LOG] <21:5:1>: <DEBUG> handleSessionStart execution time: 1.02ms
2024-11-22T19:05:02.074Z - [LOG] handle
2024-11-22T19:05:02.080Z - [LOG] <21:5:2>: <DEBUG> Sending Game PACKET --> 193 | 0xc1 2024-11-22T19:05:02.080Z
2024-11-22T19:05:02.083Z - [LOG] <21:5:2>: <DEBUG> sendPacket execution time: 3.63ms
2024-11-22T19:05:02.085Z - [TIME END] Spawn: 1296ms
2024-11-22T19:05:02.097Z - [LOG] {  type: 'MCPE',  message: 'PocketMine-MP Server',  protocol: 748,  version: '1.21.40',  playerCount: 0,  maxPlayers: 20,  serverGUID: 959315177832208500,  serverName: 'PocketMine-MP',  gamemode: 'Survival'}
2024-11-22T19:05:02.099Z - Connected successfully: {"type":"MCPE","message":"PocketMine-MP Server","protocol":748,"version":"1.21.40","playerCount":0,"maxPlayers":20,"serverGUID":959315177832208500,"serverName":"PocketMine-MP","gamemode":"Survival"}
2024-11-22T19:05:02.374Z - [LOG] Header  254
2024-11-22T19:05:02.378Z - [LOG] Payload:  Buffer(14) [Uint8Array] [  254, 12, 143, 1, 1, 0,    0,  0,   0, 0, 0, 0,    0,  0]
2024-11-22T19:05:02.384Z - [LOG] id  143
2024-11-22T19:05:02.385Z - [LOG] 143
2024-11-22T19:05:02.387Z - [LOG] <21:5:2>: <DEBUG> S -> C NetworkSettingsPacket
2024-11-22T19:05:02.388Z - [LOG] test
2024-11-22T19:05:02.392Z - [LOG] <21:5:2>: <DEBUG> Sending Game PACKET --> 1 | 0x01 2024-11-22T19:05:02.392Z
2024-11-22T19:05:02.477Z - [LOG] <21:5:2>: <DEBUG> sendPacket execution time: 83.62ms
2024-11-22T19:05:02.480Z - [LOG] <21:5:2>: <DEBUG> sendLoginPacket execution time: 92.31ms
2024-11-22T19:05:02.483Z - [LOG] <21:5:2>: <DEBUG> onNetworkSettings execution time: 96.52ms
2024-11-22T19:05:02.678Z - [LOG] Header  254
2024-11-22T19:05:02.683Z - [LOG] Payload:  Buffer(362) [Uint8Array] [  254,   0,  21, 207, 203, 110, 163,  48,   0,  64,  209,  69, 190, 167,  35,  19, 160, 147,  46,  75,  192,  96,   8, 166, 118, 140, 121, 108,  34,  30,  153, 240, 112, 192,  20,  72, 128,  47,  26, 169,   63, 217, 118, 127, 165, 171, 243, 181, 219, 253,  ... 312 more items]
2024-11-22T19:05:02.692Z - [LOG] id  3
2024-11-22T19:05:02.695Z - [LOG] 3
2024-11-22T19:05:02.702Z - [LOG] <21:5:2>: <DEBUG> validateKeys execution time: 0.25ms
2024-11-22T19:05:02.841Z - [LOG] <21:5:2>: <DEBUG> createSharedSecret execution time: 139.29ms
2024-11-22T19:05:02.849Z - [LOG] <21:5:2>: <DEBUG> setupEncryption execution time: 6.65ms
2024-11-22T19:05:02.857Z - [LOG] <21:5:2>: <DEBUG> Sending Game PACKET --> 4 | 0x04 2024-11-22T19:05:02.857Z
2024-11-22T19:05:02.864Z - [LOG] <21:5:2>: <DEBUG> sendPacket execution time: 7.45ms
2024-11-22T19:05:02.874Z - [LOG] <21:5:2>: <DEBUG> sendClientToServerHandshake execution time: 17.76ms
2024-11-22T19:05:02.877Z - [LOG] <21:5:2>: <DEBUG> onServerToClientHandshake execution time: 177.45ms
2024-11-22T19:05:03.026Z - [LOG] Header  254
2024-11-22T19:05:03.032Z - [LOG] Payload:  Buffer(23) [Uint8Array] [  254, 111, 218, 110, 214,  7, 131,  164,  46, 100,  31, 111, 23, 196,  215, 216,  61, 237,  56, 90, 195,   72,  52]
2024-11-22T19:05:03.035Z - [LOG] Receive Counter: 0
2024-11-22T19:05:03.042Z - [LOG] Packet Length: 14 Checksum Length: 8
2024-11-22T19:05:03.043Z - [LOG] <21:5:3>: <DEBUG> Checksum matched 9083650f86caf4df == 9083650f86caf4df
2024-11-22T19:05:03.045Z - [LOG] id  2
2024-11-22T19:05:03.047Z - [LOG] 2
2024-11-22T19:05:03.050Z - [LOG] <21:5:3>: <DEBUG> onPlayStatus execution time: 0.58ms
2024-11-22T19:05:03.052Z - [LOG] id  6
2024-11-22T19:05:03.053Z - [LOG] 6
2024-11-22T19:05:03.059Z - [LOG] <21:5:3>: <DEBUG> Sending Game PACKET --> 8 | 0x08 2024-11-22T19:05:03.059Z
2024-11-22T19:05:03.068Z - [LOG] <21:5:3>: <DEBUG> sendPacket execution time: 8.12ms
2024-11-22T19:05:03.071Z - [LOG] <21:5:3>: <DEBUG> onResourcePack execution time: 11.12ms
2024-11-22T19:05:03.707Z - [LOG] Header  254
2024-11-22T19:05:03.720Z - [LOG] Payload:  Buffer(1432) [Uint8Array] [  254, 186,  72,  50, 162,   5,  43, 143,  83, 149,    9, 225, 153, 249,  94, 244, 110, 141,  54, 185,   77, 101,  21, 139, 183,  60, 203,  38,  66, 110,  100, 119,  47, 159,  96,  98, 123, 228, 153, 206,  134, 122, 227, 238, 149, 141, 103, 181, 192,  19,  ... 1382 more items]
2024-11-22T19:05:03.749Z - [LOG] Receive Counter: 1
2024-11-22T19:05:03.782Z - [LOG] Packet Length: 1423 Checksum Length: 8
2024-11-22T19:05:04.006Z - [LOG] <21:5:4>: <ERROR> Decryption error: Checksum mismatch 36c60c1dca4f3b91 != 701cd876a99d89da
