2024-11-22T18:12:18.113Z - [TIME START] Spawn
2024-11-22T18:12:18.119Z - Starting connection...
2024-11-22T18:12:18.169Z - [LOG] <20:12:18>: <DEBUG> setupClientProfile execution time: 0.13ms
2024-11-22T18:12:18.174Z - [LOG] <20:12:18>: <DEBUG> createOfflineSession execution time: 51.30ms
2024-11-22T18:12:18.175Z - [LOG] <20:12:18>: <DEBUG> initializeSession execution time: 53.63ms
2024-11-22T18:12:18.175Z - [LOG] <20:12:18>: <DEBUG> connect execution time: 54.50ms
2024-11-22T18:12:18.195Z - [LOG] <20:12:18>: <DEBUG> setupClientChains execution time: 19.30ms
2024-11-22T18:12:18.964Z - [LOG] <20:12:18>: <DEBUG> handleSessionStart execution time: 6.11ms
2024-11-22T18:12:19.356Z - [LOG] handle
2024-11-22T18:12:19.364Z - [LOG] <20:12:19>: <DEBUG> Sending Game PACKET --> 193 | 0xc1 2024-11-22T18:12:19.360Z
2024-11-22T18:12:19.370Z - [LOG] <20:12:19>: <DEBUG> sendPacket execution time: 9.91ms
2024-11-22T18:12:19.373Z - [TIME END] Spawn: 1259ms
2024-11-22T18:12:19.389Z - [LOG] {  type: 'MCPE',  message: 'PocketMine-MP Server',  protocol: 748,  version: '1.21.40',  playerCount: 0,  maxPlayers: 20,  serverGUID: 959315177832208500,  serverName: 'PocketMine-MP',  gamemode: 'Survival'}
2024-11-22T18:12:19.406Z - Connected successfully: {"type":"MCPE","message":"PocketMine-MP Server","protocol":748,"version":"1.21.40","playerCount":0,"maxPlayers":20,"serverGUID":959315177832208500,"serverName":"PocketMine-MP","gamemode":"Survival"}
2024-11-22T18:12:19.760Z - [LOG] Header  254
2024-11-22T18:12:19.774Z - [LOG] Payload:  Buffer(14) [Uint8Array] [  254, 12, 143, 1, 1, 0,    0,  0,   0, 0, 0, 0,    0,  0]
2024-11-22T18:12:19.784Z - [LOG] id  143
2024-11-22T18:12:19.785Z - [LOG] 143
2024-11-22T18:12:19.787Z - [LOG] <20:12:19>: <DEBUG> S -> C NetworkSettingsPacket
2024-11-22T18:12:19.789Z - [LOG] test
2024-11-22T18:12:19.790Z - [LOG] <20:12:19>: <DEBUG> Sending Game PACKET --> 1 | 0x01 2024-11-22T18:12:19.790Z
2024-11-22T18:12:19.875Z - [LOG] <20:12:19>: <DEBUG> sendPacket execution time: 84.58ms
2024-11-22T18:12:19.884Z - [LOG] <20:12:19>: <DEBUG> sendLoginPacket execution time: 95.31ms
2024-11-22T18:12:19.891Z - [LOG] <20:12:19>: <DEBUG> onNetworkSettings execution time: 104.25ms
2024-11-22T18:12:20.603Z - [LOG] Header  254
2024-11-22T18:12:20.609Z - [LOG] Payload:  Buffer(361) [Uint8Array] [  254,   0,  21, 207, 203, 110, 163,  48,   0,  64,  209,  69, 190, 103,  70, 230, 153, 102,  25,   2,  230, 145, 196,   4,  27, 219, 197, 155,  17, 134,   78, 120,  56, 148,   2,  73, 129,  47, 170, 212,  159, 108, 186, 191, 210, 213, 249, 222, 108, 190,  ... 311 more items]
2024-11-22T18:12:20.624Z - [LOG] id  3
2024-11-22T18:12:20.625Z - [LOG] 3
2024-11-22T18:12:20.634Z - [LOG] <20:12:20>: <DEBUG> validateKeys execution time: 0.10ms
2024-11-22T18:12:20.770Z - [LOG] <20:12:20>: <DEBUG> createSharedSecret execution time: 136.03ms
2024-11-22T18:12:20.779Z - [LOG] <20:12:20>: <DEBUG> setupEncryption execution time: 7.16ms
2024-11-22T18:12:20.784Z - [LOG] <20:12:20>: <DEBUG> Sending Game PACKET --> 4 | 0x04 2024-11-22T18:12:20.784Z
2024-11-22T18:12:20.789Z - [LOG] <20:12:20>: <DEBUG> sendPacket execution time: 5.33ms
2024-11-22T18:12:20.790Z - [LOG] <20:12:20>: <DEBUG> sendClientToServerHandshake execution time: 7.00ms
2024-11-22T18:12:20.793Z - [LOG] <20:12:20>: <DEBUG> onServerToClientHandshake execution time: 162.60ms
2024-11-22T18:12:20.869Z - [LOG] Header  254
2024-11-22T18:12:20.871Z - [LOG] Payload:  Buffer(23) [Uint8Array] [  254, 115, 242,  40, 126,  65,   73, 166, 229, 151, 175, 195,  255, 135,  57,   1, 162, 104,  226,  24, 215,  74, 151]
2024-11-22T18:12:20.874Z - [LOG] Receive Counter: 0
2024-11-22T18:12:20.881Z - [LOG] Packet Length: 14 Checksum Length: 8
2024-11-22T18:12:20.886Z - [LOG] <20:12:20>: <DEBUG> Checksum matched d8017f12e277f62b == d8017f12e277f62b
2024-11-22T18:12:20.888Z - [LOG] id  2
2024-11-22T18:12:20.889Z - [LOG] 2
2024-11-22T18:12:20.890Z - [LOG] <20:12:20>: <DEBUG> onPlayStatus execution time: 0.20ms
2024-11-22T18:12:20.891Z - [LOG] id  6
2024-11-22T18:12:20.891Z - [LOG] 6
2024-11-22T18:12:20.892Z - [LOG] <20:12:20>: <DEBUG> Sending Game PACKET --> 8 | 0x08 2024-11-22T18:12:20.892Z
2024-11-22T18:12:20.897Z - [LOG] <20:12:20>: <DEBUG> sendPacket execution time: 4.75ms
2024-11-22T18:12:20.900Z - [LOG] <20:12:20>: <DEBUG> onResourcePack execution time: 8.12ms
2024-11-22T18:12:21.138Z - [LOG] Header  254
2024-11-22T18:12:21.145Z - [LOG] Payload:  Buffer(1432) [Uint8Array] [  254, 203, 184, 164,  67,  49, 243, 116, 180,  243, 130, 206, 158, 231,   4, 170, 255, 152,  173, 203, 141, 210, 111, 136, 134,  79, 200,   10, 237, 197,   1, 134,   3,  35, 101, 169,  248, 201,  16, 140, 119, 238, 184, 177,  73,   69, 244, 225, 121, 162,  ... 1382 more items]
2024-11-22T18:12:21.153Z - [LOG] Receive Counter: 1
2024-11-22T18:12:21.184Z - [LOG] Packet Length: 1423 Checksum Length: 8
2024-11-22T18:12:21.188Z - [LOG] <20:12:21>: <ERROR> Decryption error: Checksum mismatch 733066e8507eda89 != d311df5e1f7ba94a
2024-11-22T18:12:24.491Z - [LOG] Header  254
2024-11-22T18:12:24.498Z - [LOG] Payload:  Buffer(16) [Uint8Array] [  254, 199, 135,   5, 11, 177,   54, 133, 115, 149, 17, 235,  102,  30,  14,  18]
2024-11-22T18:12:24.500Z - [LOG] Receive Counter: 2
2024-11-22T18:12:24.503Z - [LOG] Packet Length: 7 Checksum Length: 8
2024-11-22T18:12:24.505Z - [LOG] <20:12:24>: <ERROR> Decryption error: Checksum mismatch c1746e8ae7eaf283 != 1faccd9b2655ab76
2024-11-22T18:12:38.811Z - [LOG] Header  254
2024-11-22T18:12:38.814Z - [LOG] Payload:  Buffer(16) [Uint8Array] [  254, 241,  96, 225, 164,  113,  95,   5,  83,  36,  160, 250, 243, 248, 244,  159]
2024-11-22T18:12:38.815Z - [LOG] Receive Counter: 3
2024-11-22T18:12:38.818Z - [LOG] Packet Length: 7 Checksum Length: 8
2024-11-22T18:12:38.820Z - [LOG] <20:12:38>: <ERROR> Decryption error: Checksum mismatch ce7cbb0abf00cde2 != 8a06fa46ad9a496e
2024-11-22T18:12:51.864Z - [LOG] Header  254
2024-11-22T18:12:51.866Z - [LOG] Payload:  Buffer(16) [Uint8Array] [  254, 187,   8,   6,  70, 33,   96, 254,  25,  30, 102, 48,  233,   0, 183, 150]
2024-11-22T18:12:51.870Z - [LOG] Receive Counter: 4
2024-11-22T18:12:51.873Z - [LOG] Packet Length: 7 Checksum Length: 8
2024-11-22T18:12:51.878Z - [LOG] <20:12:51>: <ERROR> Decryption error: Checksum mismatch 8e9cb4db356a3624 != 87e1e85d8bf61a79
2024-11-22T18:13:04.942Z - [LOG] Header  254
2024-11-22T18:13:04.946Z - [LOG] Payload:  Buffer(16) [Uint8Array] [  254,  51,  71,  18, 166,   95,  61, 225, 180, 121,  183, 191,  63, 140, 115,   57]
2024-11-22T18:13:04.948Z - [LOG] Receive Counter: 5
2024-11-22T18:13:04.950Z - [LOG] Packet Length: 7 Checksum Length: 8
2024-11-22T18:13:04.954Z - [LOG] <20:13:4>: <ERROR> Decryption error: Checksum mismatch 7339a71e95c0c4b0 != f3e6c905a4ab92b9
2024-11-22T18:13:16.196Z - [LOG] Header  254
2024-11-22T18:13:16.200Z - [LOG] Payload:  Buffer(16) [Uint8Array] [  254, 140, 222, 142, 242,  255,  37, 209, 132, 202,  178,  61, 110, 145, 244,  253]
2024-11-22T18:13:16.201Z - [LOG] Receive Counter: 6
2024-11-22T18:13:16.203Z - [LOG] Packet Length: 7 Checksum Length: 8
2024-11-22T18:13:16.205Z - [LOG] <20:13:16>: <ERROR> Decryption error: Checksum mismatch 729af27500d2a764 != 24c8759120de534d
2024-11-22T18:13:24.816Z - [LOG] Header  254
2024-11-22T18:13:24.820Z - [LOG] Payload:  Buffer(16) [Uint8Array] [  254,   1, 146, 171, 131,  165, 118, 243,  14, 146,  221,  41, 152, 210, 185,   59]
2024-11-22T18:13:24.824Z - [LOG] Receive Counter: 7
2024-11-22T18:13:24.830Z - [LOG] Packet Length: 7 Checksum Length: 8
2024-11-22T18:13:24.834Z - [LOG] <20:13:24>: <ERROR> Decryption error: Checksum mismatch 80e82bfaacfb2c15 != f356fa86e201c86f
2024-11-22T18:13:37.331Z - [LOG] Header  254
2024-11-22T18:13:37.333Z - [LOG] Payload:  Buffer(16) [Uint8Array] [  254, 216, 209, 153, 78, 146,  116,  17, 214,  51, 51,  47,   24,  14, 231,  29]
2024-11-22T18:13:37.338Z - [LOG] Receive Counter: 8
2024-11-22T18:13:37.343Z - [LOG] Packet Length: 7 Checksum Length: 8
2024-11-22T18:13:37.345Z - [LOG] <20:13:37>: <ERROR> Decryption error: Checksum mismatch 92a2dc58d49aad04 != fbadbbc087462f9e
2024-11-22T18:13:44.316Z - [LOG] Header  254
2024-11-22T18:13:44.320Z - [LOG] Payload:  Buffer(16) [Uint8Array] [  254, 186,  92, 181,  40,  183,  48, 100,  67,  55,   86, 195, 220, 145, 200,  201]
2024-11-22T18:13:44.321Z - [LOG] Receive Counter: 9
2024-11-22T18:13:44.322Z - [LOG] Packet Length: 7 Checksum Length: 8
2024-11-22T18:13:44.337Z - [LOG] <20:13:44>: <ERROR> Decryption error: Checksum mismatch 2ac75e9363a1830c != 4c03f964659da9c0
2024-11-22T18:13:55.769Z - [LOG] Header  254
2024-11-22T18:13:55.772Z - [LOG] Payload:  Buffer(16) [Uint8Array] [  254, 102,  27,  80, 110,  137, 208, 228,  24, 149,   53,  63, 246, 231,  71,   90]
2024-11-22T18:13:55.773Z - [LOG] Receive Counter: 10
2024-11-22T18:13:55.776Z - [LOG] Packet Length: 7 Checksum Length: 8
2024-11-22T18:13:55.779Z - [LOG] <20:13:55>: <ERROR> Decryption error: Checksum mismatch 33db42f7beeaafa9 != 0461a2b0b746bab5
2024-11-22T18:14:06.168Z - [LOG] Header  254
2024-11-22T18:14:06.174Z - [LOG] Payload:  Buffer(16) [Uint8Array] [  254, 214, 207,  98, 230,  200, 162,  98, 240,  36,   58,  66, 134,  87, 196,  125]
2024-11-22T18:14:06.178Z - [LOG] Receive Counter: 11
2024-11-22T18:14:06.179Z - [LOG] Packet Length: 7 Checksum Length: 8
2024-11-22T18:14:06.181Z - [LOG] <20:14:6>: <ERROR> Decryption error: Checksum mismatch e5127b1b99d8f529 != 39eda58281de3d9b
2024-11-22T18:14:22.972Z - [LOG] Header  254
2024-11-22T18:14:22.977Z - [LOG] Payload:  Buffer(16) [Uint8Array] [  254, 21, 179, 151, 119,  206, 21,  50, 174, 218,  175, 71,  22, 250,   6,  239]
2024-11-22T18:14:22.992Z - [LOG] Receive Counter: 12
2024-11-22T18:14:23.002Z - [LOG] Packet Length: 7 Checksum Length: 8
2024-11-22T18:14:23.010Z - [LOG] <20:14:23>: <ERROR> Decryption error: Checksum mismatch d8ffe6725c8250da != 132b5946bcbc2b00
2024-11-22T18:14:25.093Z - [LOG] Header  254
2024-11-22T18:14:25.096Z - [LOG] Payload:  Buffer(16) [Uint8Array] [  254, 113,  33, 234, 153,  132, 175, 158,   4, 249,  255, 133, 202, 155,  19,  143]
2024-11-22T18:14:25.099Z - [LOG] Receive Counter: 13
2024-11-22T18:14:25.102Z - [LOG] Packet Length: 7 Checksum Length: 8
2024-11-22T18:14:25.109Z - [LOG] <20:14:25>: <ERROR> Decryption error: Checksum mismatch de7c38a6b9694ecd != 4c0e0d36bb41a0fb
