2024-11-23T19:29:41.072Z - [TIME START] Spawn
2024-11-23T19:29:41.076Z - Starting connection...
2024-11-23T19:29:41.140Z - [LOG] <21:29:41>: <DEBUG> setupClientProfile execution time: 0.13ms
2024-11-23T19:29:41.144Z - [LOG] <21:29:41>: <DEBUG> createOfflineSession execution time: 64.11ms
2024-11-23T19:29:41.146Z - [LOG] <21:29:41>: <DEBUG> initializeSession execution time: 66.74ms
2024-11-23T19:29:41.147Z - [LOG] <21:29:41>: <DEBUG> connect execution time: 68.40ms
2024-11-23T19:29:41.194Z - [LOG] <21:29:41>: <DEBUG> setupClientChains execution time: 43.90ms
2024-11-23T19:29:42.352Z - [LOG] <21:29:42>: <DEBUG> handleSessionStart execution time: 3.78ms
2024-11-23T19:29:42.931Z - [LOG] handle
2024-11-23T19:29:42.942Z - [LOG] <21:29:42>: <DEBUG> Sending Game PACKET --> 193 | 0xc1 2024-11-23T19:29:42.941Z
2024-11-23T19:29:42.970Z - [LOG] <21:29:42>: <DEBUG> sendPacket execution time: 26.21ms
2024-11-23T19:29:42.983Z - [TIME END] Spawn: 1911ms
2024-11-23T19:29:43.031Z - [LOG] {  type: 'MCPE',  message: 'PocketMine-MP Server',  protocol: 748,  version: '1.21.40',  playerCount: 0,  maxPlayers: 20,  serverGUID: 959315177832208500,  serverName: 'PocketMine-MP',  gamemode: 'Survival'}
2024-11-23T19:29:43.054Z - Connected successfully: {"type":"MCPE","message":"PocketMine-MP Server","protocol":748,"version":"1.21.40","playerCount":0,"maxPlayers":20,"serverGUID":959315177832208500,"serverName":"PocketMine-MP","gamemode":"Survival"}
2024-11-23T19:29:43.374Z - [LOG] Header  254
2024-11-23T19:29:43.381Z - [LOG] Payload:  Buffer(14) [Uint8Array] [  254, 12, 143, 1, 1, 0,    0,  0,   0, 0, 0, 0,    0,  0]
2024-11-23T19:29:43.392Z - [LOG] id  143
2024-11-23T19:29:43.394Z - [LOG] 143
2024-11-23T19:29:43.398Z - [LOG] <21:29:43>: <DEBUG> S -> C NetworkSettingsPacket
2024-11-23T19:29:43.405Z - [LOG] test
2024-11-23T19:29:43.410Z - [LOG] <21:29:43>: <DEBUG> Sending Game PACKET --> 1 | 0x01 2024-11-23T19:29:43.410Z
2024-11-23T19:29:44.000Z - [LOG] <21:29:44>: <DEBUG> sendPacket execution time: 590.70ms
2024-11-23T19:29:44.007Z - [LOG] <21:29:44>: <DEBUG> sendLoginPacket execution time: 606.43ms
2024-11-23T19:29:44.012Z - [LOG] <21:29:44>: <DEBUG> onNetworkSettings execution time: 614.61ms
2024-11-23T19:29:45.726Z - [LOG] Header  254
2024-11-23T19:29:45.729Z - [LOG] Payload:  Buffer(358) [Uint8Array] [  254,   0,  21, 207, 203, 146, 162,  48, 24,  64,  225, 133, 207, 227,  84,  16, 241, 178,  4,  33,   18, 186,   9,  69,  36, 127,  36, 187,  0, 142,   92,   2,  98, 131, 180, 240,  68,  83, 53,  47,   57,  61, 251,  83, 117, 234, 251, 187, 90, 253,  ... 308 more items]
2024-11-23T19:29:45.743Z - [LOG] id  3
2024-11-23T19:29:45.745Z - [LOG] 3
2024-11-23T19:29:45.750Z - [LOG] <21:29:45>: <DEBUG> validateKeys execution time: 0.12ms
2024-11-23T19:29:45.892Z - [LOG] <21:29:45>: <DEBUG> createSharedSecret execution time: 142.78ms
2024-11-23T19:29:45.899Z - [LOG] <21:29:45>: <DEBUG> setupEncryption execution time: 4.94ms
2024-11-23T19:29:45.903Z - [LOG] <21:29:45>: <DEBUG> Sending Game PACKET --> 4 | 0x04 2024-11-23T19:29:45.903Z
2024-11-23T19:29:45.920Z - [LOG] <21:29:45>: <DEBUG> sendPacket execution time: 16.97ms
2024-11-23T19:29:45.922Z - [LOG] <21:29:45>: <DEBUG> sendClientToServerHandshake execution time: 18.89ms
2024-11-23T19:29:45.925Z - [LOG] <21:29:45>: <DEBUG> onServerToClientHandshake execution time: 178.76ms
2024-11-23T19:29:45.995Z - [LOG] Header  254
2024-11-23T19:29:45.997Z - [LOG] Payload:  Buffer(23) [Uint8Array] [  254, 254, 227, 245,  29, 222,   90,  38, 173, 163, 154, 255,  158,  41, 230, 172, 135, 227,  201,  61, 215, 100, 131]
2024-11-23T19:29:45.999Z - [LOG] Receive Counter: 0
2024-11-23T19:29:46.000Z - [LOG] Packet Length: 14 Checksum Length: 8
2024-11-23T19:29:46.011Z - [LOG] <21:29:46>: <DEBUG> Checksum matched 9d73148058aa1a88 == 9d73148058aa1a88
2024-11-23T19:29:46.013Z - [LOG] id  2
2024-11-23T19:29:46.014Z - [LOG] 2
2024-11-23T19:29:46.017Z - [LOG] <21:29:46>: <DEBUG> onPlayStatus execution time: 0.24ms
2024-11-23T19:29:46.026Z - [LOG] id  6
2024-11-23T19:29:46.027Z - [LOG] 6
2024-11-23T19:29:46.029Z - [LOG] <21:29:46>: <DEBUG> Sending Game PACKET --> 8 | 0x08 2024-11-23T19:29:46.029Z
2024-11-23T19:29:46.033Z - [LOG] <21:29:46>: <DEBUG> sendPacket execution time: 3.86ms
2024-11-23T19:29:46.038Z - [LOG] <21:29:46>: <DEBUG> onResourcePack execution time: 8.34ms
2024-11-23T19:29:49.277Z - [LOG] Header  254
