2024-11-22T18:33:01.826Z - [TIME START] Spawn
2024-11-22T18:33:01.830Z - Starting connection...
2024-11-22T18:33:01.877Z - [LOG] <20:33:1>: <DEBUG> setupClientProfile execution time: 0.08ms
2024-11-22T18:33:01.881Z - [LOG] <20:33:1>: <DEBUG> createOfflineSession execution time: 46.30ms
2024-11-22T18:33:01.883Z - [LOG] <20:33:1>: <DEBUG> initializeSession execution time: 49.08ms
2024-11-22T18:33:01.884Z - [LOG] <20:33:1>: <DEBUG> connect execution time: 50.27ms
2024-11-22T18:33:01.905Z - [LOG] <20:33:1>: <DEBUG> setupClientChains execution time: 20.03ms
2024-11-22T18:33:02.728Z - [LOG] <20:33:2>: <DEBUG> handleSessionStart execution time: 3.32ms
2024-11-22T18:33:03.122Z - [LOG] handle
2024-11-22T18:33:03.127Z - [LOG] <20:33:3>: <DEBUG> Sending Game PACKET --> 193 | 0xc1 2024-11-22T18:33:03.127Z
2024-11-22T18:33:03.138Z - [LOG] <20:33:3>: <DEBUG> sendPacket execution time: 9.23ms
2024-11-22T18:33:03.139Z - [TIME END] Spawn: 1313ms
2024-11-22T18:33:03.153Z - [LOG] {  type: 'MCPE',  message: 'PocketMine-MP Server',  protocol: 748,  version: '1.21.40',  playerCount: 0,  maxPlayers: 20,  serverGUID: 959315177832208500,  serverName: 'PocketMine-MP',  gamemode: 'Survival'}
2024-11-22T18:33:03.175Z - Connected successfully: {"type":"MCPE","message":"PocketMine-MP Server","protocol":748,"version":"1.21.40","playerCount":0,"maxPlayers":20,"serverGUID":959315177832208500,"serverName":"PocketMine-MP","gamemode":"Survival"}
2024-11-22T18:33:03.724Z - [LOG] Header  254
2024-11-22T18:33:03.736Z - [LOG] Payload:  Buffer(14) [Uint8Array] [  254, 12, 143, 1, 1, 0,    0,  0,   0, 0, 0, 0,    0,  0]
2024-11-22T18:33:03.741Z - [LOG] id  143
2024-11-22T18:33:03.747Z - [LOG] 143
2024-11-22T18:33:03.755Z - [LOG] <20:33:3>: <DEBUG> S -> C NetworkSettingsPacket
2024-11-22T18:33:03.759Z - [LOG] test
2024-11-22T18:33:03.760Z - [LOG] <20:33:3>: <DEBUG> Sending Game PACKET --> 1 | 0x01 2024-11-22T18:33:03.760Z
2024-11-22T18:33:03.868Z - [LOG] <20:33:3>: <DEBUG> sendPacket execution time: 107.63ms
2024-11-22T18:33:03.873Z - [LOG] <20:33:3>: <DEBUG> sendLoginPacket execution time: 114.93ms
2024-11-22T18:33:03.877Z - [LOG] <20:33:3>: <DEBUG> onNetworkSettings execution time: 121.14ms
2024-11-22T18:33:04.089Z - [LOG] Header  254
2024-11-22T18:33:04.092Z - [LOG] Payload:  Buffer(360) [Uint8Array] [  254,   0,  21, 207, 203, 146, 162,  48,  24,  64,  225, 133, 207, 227,  84, 184, 216, 213,  46,  27,   33, 220,  52,  64,  72, 126,  36, 155,  46, 110,  162, 144,  70,   6,  80, 129,  39, 154, 170, 121,  201, 113, 246, 167, 234, 212, 247, 119, 179, 249,  ... 310 more items]
2024-11-22T18:33:04.097Z - [LOG] id  3
2024-11-22T18:33:04.100Z - [LOG] 3
2024-11-22T18:33:04.108Z - [LOG] <20:33:4>: <DEBUG> validateKeys execution time: 0.10ms
2024-11-22T18:33:04.313Z - [LOG] <20:33:4>: <DEBUG> createSharedSecret execution time: 205.16ms
2024-11-22T18:33:04.330Z - [LOG] <20:33:4>: <DEBUG> setupEncryption execution time: 5.90ms
2024-11-22T18:33:04.333Z - [LOG] <20:33:4>: <DEBUG> Sending Game PACKET --> 4 | 0x04 2024-11-22T18:33:04.333Z
2024-11-22T18:33:04.345Z - [LOG] <20:33:4>: <DEBUG> sendPacket execution time: 11.85ms
2024-11-22T18:33:04.350Z - [LOG] <20:33:4>: <DEBUG> sendClientToServerHandshake execution time: 16.69ms
2024-11-22T18:33:04.364Z - [LOG] <20:33:4>: <DEBUG> onServerToClientHandshake execution time: 261.02ms
2024-11-22T18:33:04.793Z - [LOG] Header  254
2024-11-22T18:33:04.797Z - [LOG] Payload:  Buffer(23) [Uint8Array] [  254, 115,   7, 163,  66,  11, 141,   20, 139, 106, 195, 195,  95,  36,    2,  93,  89, 233,  13, 185, 104,   66, 127]
2024-11-22T18:33:04.800Z - [LOG] Receive Counter: 0
2024-11-22T18:33:04.807Z - [LOG] Packet Length: 14 Checksum Length: 8
2024-11-22T18:33:04.811Z - [LOG] <20:33:4>: <DEBUG> Checksum matched d58353971c8d5db6 == d58353971c8d5db6
2024-11-22T18:33:04.813Z - [LOG] id  2
2024-11-22T18:33:04.814Z - [LOG] 2
2024-11-22T18:33:04.818Z - [LOG] <20:33:4>: <DEBUG> onPlayStatus execution time: 1.37ms
2024-11-22T18:33:04.819Z - [LOG] id  6
2024-11-22T18:33:04.820Z - [LOG] 6
2024-11-22T18:33:04.821Z - [LOG] <20:33:4>: <DEBUG> Sending Game PACKET --> 8 | 0x08 2024-11-22T18:33:04.821Z
2024-11-22T18:33:04.823Z - [LOG] <20:33:4>: <DEBUG> sendPacket execution time: 2.16ms
2024-11-22T18:33:04.824Z - [LOG] <20:33:4>: <DEBUG> onResourcePack execution time: 3.46ms
2024-11-22T18:33:04.994Z - [LOG] Header  254
2024-11-22T18:33:05.008Z - [LOG] Payload:  Buffer(1432) [Uint8Array] [  254, 238, 199,  31, 115,  86,  28,  69,  94, 197,  182,  36,  56, 183, 197,  78,  71, 172,  68, 132,    9,  88, 227, 122,  21,  40,  50,  27, 101,  36,  255, 247,  59, 114, 149, 230, 160, 105,  25,  76,   29, 126, 101, 123, 215, 193, 233, 132, 167,  35,  ... 1382 more items]
2024-11-22T18:33:05.020Z - [LOG] Receive Counter: 1
2024-11-22T18:33:05.043Z - [LOG] Packet Length: 1423 Checksum Length: 8
2024-11-22T18:33:05.044Z - [LOG] <20:33:5>: <ERROR> Decryption error: Checksum mismatch 1c8c193a949f7622 != 0ba8454c446eea08
