2024-11-24T13:29:55.497Z - [TIME START] Spawn
2024-11-24T13:29:55.503Z - Starting connection...
2024-11-24T13:29:55.558Z - [LOG] <15:29:55>: <DEBUG> setupClientProfile execution time: 0.21ms
2024-11-24T13:29:55.563Z - [LOG] <15:29:55>: <DEBUG> createOfflineSession execution time: 56.43ms
2024-11-24T13:29:55.564Z - [LOG] <15:29:55>: <DEBUG> initializeSession execution time: 57.79ms
2024-11-24T13:29:55.565Z - [LOG] <15:29:55>: <DEBUG> connect execution time: 58.57ms
2024-11-24T13:29:55.595Z - [LOG] <15:29:55>: <DEBUG> setupClientChains execution time: 29.98ms
2024-11-24T13:29:56.429Z - [LOG] <15:29:56>: <DEBUG> handleSessionStart execution time: 6.52ms
2024-11-24T13:29:56.986Z - [LOG] handle
2024-11-24T13:29:56.992Z - [LOG] <15:29:56>: <DEBUG> Sending Game PACKET --> 193 | 0xc1 2024-11-24T13:29:56.992Z
2024-11-24T13:29:56.998Z - [LOG] <15:29:56>: <DEBUG> sendPacket execution time: 5.30ms
2024-11-24T13:29:57.003Z - [TIME END] Spawn: 1507ms
2024-11-24T13:29:57.014Z - [LOG] {  type: 'MCPE',  message: 'PocketMine-MP Server',  protocol: 748,  version: '1.21.40',  playerCount: 0,  maxPlayers: 20,  serverGUID: 4427475791328971300,  serverName: 'PocketMine-MP',  gamemode: 'Survival'}
2024-11-24T13:29:57.024Z - Connected successfully: {"type":"MCPE","message":"PocketMine-MP Server","protocol":748,"version":"1.21.40","playerCount":0,"maxPlayers":20,"serverGUID":4427475791328971300,"serverName":"PocketMine-MP","gamemode":"Survival"}
2024-11-24T13:29:57.458Z - [LOG] Header  254
2024-11-24T13:29:57.473Z - [LOG] Payload:  Buffer(14) [Uint8Array] [  254, 12, 143, 1, 1, 0,    0,  0,   0, 0, 0, 0,    0,  0]
2024-11-24T13:29:57.476Z - [LOG] id  143
2024-11-24T13:29:57.479Z - [LOG] 143
2024-11-24T13:29:57.483Z - [LOG] <15:29:57>: <DEBUG> S -> C NetworkSettingsPacket
2024-11-24T13:29:57.487Z - [LOG] test
2024-11-24T13:29:57.488Z - [LOG] <15:29:57>: <DEBUG> Sending Game PACKET --> 1 | 0x01 2024-11-24T13:29:57.488Z
2024-11-24T13:29:57.536Z - [LOG] <15:29:57>: <DEBUG> sendPacket execution time: 47.54ms
2024-11-24T13:29:57.539Z - [LOG] <15:29:57>: <DEBUG> sendLoginPacket execution time: 52.54ms
2024-11-24T13:29:57.540Z - [LOG] <15:29:57>: <DEBUG> onNetworkSettings execution time: 57.50ms
2024-11-24T13:29:58.044Z - [LOG] Header  254
2024-11-24T13:29:58.051Z - [LOG] Payload:  Buffer(357) [Uint8Array] [  254,   0,  21, 207,  75, 114, 155,  48,   0,   0,  208, 133, 207, 211, 140, 248,  57, 245, 178,  20,    4, 200,  32,  34,   9,  73, 192, 166, 227,   8,   99,  62,   2,  51,  99, 199,  96,  93, 168,  51,   57, 101, 146, 237, 219, 189, 207, 221, 238, 255,  ... 307 more items]
2024-11-24T13:29:58.076Z - [LOG] id  3
2024-11-24T13:29:58.082Z - [LOG] 3
2024-11-24T13:29:58.094Z - [LOG] <15:29:58>: <DEBUG> validateKeys execution time: 0.11ms
2024-11-24T13:29:58.263Z - [LOG] <15:29:58>: <DEBUG> createSharedSecret execution time: 169.62ms
2024-11-24T13:29:58.270Z - [LOG] <15:29:58>: <DEBUG> setupEncryption execution time: 4.99ms
2024-11-24T13:29:58.272Z - [LOG] <15:29:58>: <DEBUG> Sending Game PACKET --> 4 | 0x04 2024-11-24T13:29:58.272Z
2024-11-24T13:29:58.278Z - [LOG] <15:29:58>: <DEBUG> sendPacket execution time: 5.56ms
2024-11-24T13:29:58.280Z - [LOG] <15:29:58>: <DEBUG> sendClientToServerHandshake execution time: 8.17ms
2024-11-24T13:29:58.286Z - [LOG] <15:29:58>: <DEBUG> onServerToClientHandshake execution time: 196.52ms
2024-11-24T13:29:58.360Z - [LOG] Header  254
2024-11-24T13:29:58.363Z - [LOG] Payload:  Buffer(23) [Uint8Array] [  254, 146, 249,  12,  53, 177, 219,  248,  94,  24,  99,  21,  78, 177,  254, 239,  84, 219, 253, 175,   8,  148,  96]
2024-11-24T13:29:58.366Z - [LOG] Receive Counter: 0
2024-11-24T13:29:58.370Z - [LOG] Packet Length: 14 Checksum Length: 8
2024-11-24T13:29:58.373Z - [LOG] <15:29:58>: <DEBUG> Checksum matched a470e59ff36242f1 == a470e59ff36242f1
2024-11-24T13:29:58.376Z - [LOG] id  2
2024-11-24T13:29:58.377Z - [LOG] 2
2024-11-24T13:29:58.378Z - [LOG] <15:29:58>: <DEBUG> onPlayStatus execution time: 0.16ms
2024-11-24T13:29:58.380Z - [LOG] id  6
2024-11-24T13:29:58.382Z - [LOG] 6
2024-11-24T13:29:58.385Z - [LOG] <15:29:58>: <DEBUG> Sending Game PACKET --> 8 | 0x08 2024-11-24T13:29:58.385Z
2024-11-24T13:29:58.388Z - [LOG] <15:29:58>: <DEBUG> sendPacket execution time: 2.95ms
2024-11-24T13:29:58.392Z - [LOG] <15:29:58>: <DEBUG> onResourcePack execution time: 7.45ms
2024-11-24T13:30:01.222Z - [LOG] Header  254
2024-11-24T13:30:01.447Z - [LOG] Payload:  Buffer(53350) [Uint8Array] [  254,  32, 198, 212,  21,  28,  29, 140, 122,  65,   10, 162,  66,  92,  63, 185, 144, 169,  98, 154,   51,  33, 184, 142, 189, 167, 188,  93,  85,  55,   23,  27,  86,   8, 177,   6, 176, 201, 129,  67,   81,  46, 245, 194,  75,   4, 186,  31, 126,  88,  ... 53300 more items]
2024-11-24T13:30:01.462Z - [LOG] Receive Counter: 1
2024-11-24T13:30:01.740Z - [LOG] Packet Length: 53341 Checksum Length: 8
2024-11-24T13:30:01.805Z - [LOG] <15:30:1>: <DEBUG> Checksum matched bf8c90c1a75e3b25 == bf8c90c1a75e3b25
2024-11-24T13:30:01.825Z - [LOG] id  11
2024-11-24T13:30:01.829Z - [LOG] 11
2024-11-24T13:30:01.874Z - [LOG] <15:30:1>: <DEBUG> Sending Game PACKET --> 69 | 0x45 2024-11-24T13:30:01.874Z
2024-11-24T13:30:01.882Z - [LOG] <15:30:1>: <DEBUG> sendPacket execution time: 7.48ms
2024-11-24T13:30:01.888Z - [LOG] <15:30:1>: <DEBUG> onStartGame execution time: 17.19ms
2024-11-24T13:30:01.892Z - [LOG] id  119
2024-11-24T13:30:01.896Z - [LOG] 119
2024-11-24T13:30:01.946Z - [LOG] id  122
2024-11-24T13:30:01.949Z - [LOG] 122
2024-11-24T13:30:01.956Z - [LOG] id  29
2024-11-24T13:30:01.957Z - [LOG] 29
2024-11-24T13:30:01.963Z - [LOG] id  76
2024-11-24T13:30:01.968Z - [LOG] 76
2024-11-24T13:30:01.974Z - [LOG] id  187
2024-11-24T13:30:01.975Z - [LOG] 187
2024-11-24T13:30:01.982Z - [LOG] id  188
2024-11-24T13:30:01.987Z - [LOG] 188
2024-11-24T13:30:01.993Z - [LOG] id  39
2024-11-24T13:30:01.996Z - [LOG] 39
2024-11-24T13:30:02.004Z - [LOG] id  49
2024-11-24T13:30:02.008Z - [LOG] 49
2024-11-24T13:30:02.016Z - [LOG] id  49
2024-11-24T13:30:02.020Z - [LOG] 49
2024-11-24T13:30:02.033Z - [LOG] id  49
2024-11-24T13:30:02.040Z - [LOG] 49
2024-11-24T13:30:02.045Z - [LOG] id  49
2024-11-24T13:30:02.047Z - [LOG] 49
2024-11-24T13:30:02.048Z - [LOG] id  49
2024-11-24T13:30:02.050Z - [LOG] 49
2024-11-24T13:30:02.055Z - [LOG] id  49
2024-11-24T13:30:02.059Z - [LOG] 49
2024-11-24T13:30:02.064Z - [LOG] id  50
2024-11-24T13:30:02.065Z - [LOG] 50
2024-11-24T13:30:02.074Z - [LOG] id  50
2024-11-24T13:30:02.080Z - [LOG] 50
2024-11-24T13:30:02.083Z - [LOG] id  50
2024-11-24T13:30:02.089Z - [LOG] 50
2024-11-24T13:30:02.093Z - [LOG] id  50
2024-11-24T13:30:02.096Z - [LOG] 50
2024-11-24T13:30:02.098Z - [LOG] id  50
2024-11-24T13:30:02.103Z - [LOG] 50
2024-11-24T13:30:02.106Z - [LOG] id  31
2024-11-24T13:30:02.108Z - [LOG] 31
2024-11-24T13:30:02.110Z - [LOG] id  145
2024-11-24T13:30:02.114Z - [LOG] 145
2024-11-24T13:30:02.206Z - [LOG] id  52
2024-11-24T13:30:02.215Z - [LOG] 52
2024-11-24T13:30:02.568Z - [LOG] id  63
2024-11-24T13:30:02.635Z - [LOG] 63
2024-11-24T13:30:02.697Z - [LOG] id  29
2024-11-24T13:30:02.757Z - [LOG] 29
2024-11-24T13:30:03.504Z - [LOG] Header  254
2024-11-24T13:30:03.514Z - [LOG] Payload:  Buffer(1840) [Uint8Array] [  254, 215, 217, 196, 235, 151, 186, 122,  96,  16,   88,   6,  76,  10, 158,  42,  28, 166, 165, 127,  230, 133,  14, 233,  54,   4, 100, 129, 172, 175,  179, 100, 151, 101,  64,  66, 162, 102, 126,  38,  252,  34, 232, 122,  50, 146, 206,  64, 129, 217,  ... 1790 more items]
2024-11-24T13:30:03.543Z - [LOG] Receive Counter: 2
2024-11-24T13:30:03.551Z - [LOG] Packet Length: 1831 Checksum Length: 8
2024-11-24T13:30:03.553Z - [LOG] <15:30:3>: <ERROR> Decryption error: Checksum mismatch b8e2b5a9fd1f094f != b49b5eb2a75acd6d
2024-11-24T13:30:03.628Z - [LOG] Header  254
2024-11-24T13:30:03.637Z - [LOG] Payload:  Buffer(1753) [Uint8Array] [  254,   5, 112,  62,  13, 196,  85, 101,   5, 184,   22, 213, 115,  94,  14, 108, 149,  88, 129,  20,  246,   1, 131, 225,  12, 232, 198, 132, 216,  78,  120,  81,   3, 180,  92, 143, 104, 156,  64,  57,  170, 102, 236,  22, 105, 165, 123, 176, 113,  68,  ... 1703 more items]
2024-11-24T13:30:03.650Z - [LOG] Receive Counter: 3
2024-11-24T13:30:03.659Z - [LOG] Packet Length: 1744 Checksum Length: 8
2024-11-24T13:30:03.662Z - [LOG] <15:30:3>: <ERROR> Decryption error: Checksum mismatch 663bf4901f503466 != 12f4b4f005fe9b5d
2024-11-24T13:30:03.752Z - [LOG] Header  254
2024-11-24T13:30:03.764Z - [LOG] Payload:  Buffer(2012) [Uint8Array] [  254, 149,  47, 140, 235,  38, 104, 229, 218,  97,  113, 234, 236, 203, 223, 165,  42, 163,  19, 253,   99, 218, 146, 142, 200,  94,  75, 152,   5, 254,  114, 163, 104, 254, 182, 117,  70,  15,  41, 158,   92, 178, 230, 192,  81,  53, 247,   1,  10, 143,  ... 1962 more items]
2024-11-24T13:30:03.791Z - [LOG] Receive Counter: 4
2024-11-24T13:30:03.795Z - [LOG] Packet Length: 2003 Checksum Length: 8
2024-11-24T13:30:03.810Z - [LOG] <15:30:3>: <ERROR> Decryption error: Checksum mismatch 94a44dff06430bdf != 0de0ba654fbe9589
2024-11-24T13:30:03.904Z - [LOG] Header  254
2024-11-24T13:30:03.913Z - [LOG] Payload:  Buffer(2129) [Uint8Array] [  254, 211, 141,  20,  43, 108, 176,  75, 177, 253,  179, 104,  14,  54,  42,  69,  63, 229,   2, 160,   74, 144, 102, 163,   6, 233, 161,  72, 189,  72,   20, 232,  29, 176, 180, 182,  99, 104,  38,   7,  129,  18, 198,  93, 213,  19, 242, 158, 250,  73,  ... 2079 more items]
2024-11-24T13:30:03.966Z - [LOG] Receive Counter: 5
2024-11-24T13:30:03.975Z - [LOG] Packet Length: 2120 Checksum Length: 8
2024-11-24T13:30:03.977Z - [LOG] <15:30:3>: <ERROR> Decryption error: Checksum mismatch e3da199b2a4de28c != fee680be76a31fe1
2024-11-24T13:30:04.077Z - [LOG] Header  254
2024-11-24T13:30:04.087Z - [LOG] Payload:  Buffer(1750) [Uint8Array] [  254, 159, 198, 180,  58, 212,  14,   0, 236, 212,  140,  63,   6, 129, 142, 183, 177, 214,   8, 231,  131,  87, 144, 153, 232, 149, 110, 186, 153,  38,  248,  22,  34, 143,  74,  35,  31, 174,  82,  66,  133,  91, 145,  14, 103,   9,  81, 248, 197,  10,  ... 1700 more items]
2024-11-24T13:30:04.108Z - [LOG] Receive Counter: 6
2024-11-24T13:30:04.111Z - [LOG] Packet Length: 1741 Checksum Length: 8
2024-11-24T13:30:04.112Z - [LOG] <15:30:4>: <ERROR> Decryption error: Checksum mismatch 89e0bf118cd2c2b8 != 905e1faa29c76538
2024-11-24T13:30:04.202Z - [LOG] Header  254
2024-11-24T13:30:04.211Z - [LOG] Payload:  Buffer(1609) [Uint8Array] [  254,  47, 191, 193, 192,  93, 164,  96, 128,  213, 231, 142, 220, 121, 170,  32, 164, 156,   10,  68, 191, 190, 201,  34, 169, 109, 149,   37,  21, 209, 188, 162, 212, 204, 124, 197,  135, 178, 181, 234, 216,  46,  18, 121, 175,  121,  84, 238,  47, 233,  ... 1559 more items]
2024-11-24T13:30:04.220Z - [LOG] Receive Counter: 7
2024-11-24T13:30:04.227Z - [LOG] Packet Length: 1600 Checksum Length: 8
2024-11-24T13:30:04.240Z - [LOG] <15:30:4>: <ERROR> Decryption error: Checksum mismatch 6bbd5f710bb41ac9 != 5271b04d2b690736
2024-11-24T13:30:04.328Z - [LOG] Header  254
2024-11-24T13:30:04.347Z - [LOG] Payload:  Buffer(1742) [Uint8Array] [  254,  19, 221,  57,  88, 235,  69, 152, 128,   0,   80, 236,  33, 167,  16, 183, 191,  42,  21,  15,  240, 131, 117,  81, 128, 247,  56, 195,  81, 128,  243, 189, 162,  68,   4, 184, 113, 250,  96,  19,  200, 132, 137,  86,  42,  47,  61, 226, 166,  12,  ... 1692 more items]
2024-11-24T13:30:04.357Z - [LOG] Receive Counter: 8
2024-11-24T13:30:04.361Z - [LOG] Packet Length: 1733 Checksum Length: 8
2024-11-24T13:30:04.365Z - [LOG] <15:30:4>: <ERROR> Decryption error: Checksum mismatch 36aff3bc59bc7cca != 116d114eb46c610b
2024-11-24T13:30:04.478Z - [LOG] Header  254
2024-11-24T13:30:04.490Z - [LOG] Payload:  Buffer(1661) [Uint8Array] [  254, 196,  57, 201, 190, 125, 123,  82, 168,  23,  225, 247, 196,   1, 190, 233, 243, 234, 147,   5,  128,  59, 133,  37,  98,  31,  81, 123, 173, 227,  121, 233,  54,  25, 219, 250,  76, 159,   8, 194,  128,  41, 135,  35, 156, 104, 170, 249,  17,  34,  ... 1611 more items]
2024-11-24T13:30:04.510Z - [LOG] Receive Counter: 9
2024-11-24T13:30:04.515Z - [LOG] Packet Length: 1652 Checksum Length: 8
2024-11-24T13:30:04.524Z - [LOG] <15:30:4>: <ERROR> Decryption error: Checksum mismatch cd9de7a9f0716c40 != 691752c4c91d7167
