2024-11-24T13:26:33.668Z - [TIME START] Spawn
2024-11-24T13:26:33.671Z - Starting connection...
2024-11-24T13:26:33.715Z - [LOG] <15:26:33>: <DEBUG> setupClientProfile execution time: 0.23ms
2024-11-24T13:26:33.718Z - [LOG] <15:26:33>: <DEBUG> createOfflineSession execution time: 44.61ms
2024-11-24T13:26:33.719Z - [LOG] <15:26:33>: <DEBUG> initializeSession execution time: 46.67ms
2024-11-24T13:26:33.721Z - [LOG] <15:26:33>: <DEBUG> connect execution time: 48.69ms
2024-11-24T13:26:33.741Z - [LOG] <15:26:33>: <DEBUG> setupClientChains execution time: 15.49ms
2024-11-24T13:26:34.577Z - [LOG] <15:26:34>: <DEBUG> handleSessionStart execution time: 3.00ms
2024-11-24T13:26:34.953Z - [LOG] handle
2024-11-24T13:26:34.965Z - [LOG] <15:26:34>: <DEBUG> Sending Game PACKET --> 193 | 0xc1 2024-11-24T13:26:34.965Z
2024-11-24T13:26:34.969Z - [LOG] <15:26:34>: <DEBUG> sendPacket execution time: 4.56ms
2024-11-24T13:26:34.972Z - [TIME END] Spawn: 1304ms
2024-11-24T13:26:34.985Z - [LOG] {  type: 'MCPE',  message: 'PocketMine-MP Server',  protocol: 748,  version: '1.21.40',  playerCount: 0,  maxPlayers: 20,  serverGUID: 4427475791328971300,  serverName: 'PocketMine-MP',  gamemode: 'Survival'}
2024-11-24T13:26:34.992Z - Connected successfully: {"type":"MCPE","message":"PocketMine-MP Server","protocol":748,"version":"1.21.40","playerCount":0,"maxPlayers":20,"serverGUID":4427475791328971300,"serverName":"PocketMine-MP","gamemode":"Survival"}
2024-11-24T13:26:35.346Z - [LOG] Header  254
2024-11-24T13:26:35.355Z - [LOG] Payload:  Buffer(14) [Uint8Array] [  254, 12, 143, 1, 1, 0,    0,  0,   0, 0, 0, 0,    0,  0]
2024-11-24T13:26:35.366Z - [LOG] id  143
2024-11-24T13:26:35.368Z - [LOG] 143
2024-11-24T13:26:35.370Z - [LOG] <15:26:35>: <DEBUG> S -> C NetworkSettingsPacket
2024-11-24T13:26:35.375Z - [LOG] test
2024-11-24T13:26:35.377Z - [LOG] <15:26:35>: <DEBUG> Sending Game PACKET --> 1 | 0x01 2024-11-24T13:26:35.377Z
2024-11-24T13:26:35.458Z - [LOG] <15:26:35>: <DEBUG> sendPacket execution time: 80.56ms
2024-11-24T13:26:35.471Z - [LOG] <15:26:35>: <DEBUG> sendLoginPacket execution time: 95.50ms
2024-11-24T13:26:35.480Z - [LOG] <15:26:35>: <DEBUG> onNetworkSettings execution time: 109.66ms
2024-11-24T13:26:35.964Z - [LOG] Header  254
2024-11-24T13:26:35.969Z - [LOG] Payload:  Buffer(354) [Uint8Array] [  254,   0,  21, 207,  75, 114, 155,  48,   0,   0,  208, 133, 207, 211,  12, 225, 147,  38,  91, 204,  207, 178,  37, 144,  64,  18, 210,  38, 131,   5,   49,  32,   1, 158, 150,  49, 159,  11, 117, 166,  167, 140, 179, 125, 187, 247, 255, 112, 248, 119,  ... 304 more items]
2024-11-24T13:26:35.978Z - [LOG] id  3
2024-11-24T13:26:35.979Z - [LOG] 3
2024-11-24T13:26:35.983Z - [LOG] <15:26:35>: <DEBUG> validateKeys execution time: 0.11ms
2024-11-24T13:26:36.098Z - [LOG] <15:26:36>: <DEBUG> createSharedSecret execution time: 116.41ms
2024-11-24T13:26:36.108Z - [LOG] <15:26:36>: <DEBUG> setupEncryption execution time: 8.14ms
2024-11-24T13:26:36.111Z - [LOG] <15:26:36>: <DEBUG> Sending Game PACKET --> 4 | 0x04 2024-11-24T13:26:36.111Z
2024-11-24T13:26:36.120Z - [LOG] <15:26:36>: <DEBUG> sendPacket execution time: 9.45ms
2024-11-24T13:26:36.122Z - [LOG] <15:26:36>: <DEBUG> sendClientToServerHandshake execution time: 11.18ms
2024-11-24T13:26:36.125Z - [LOG] <15:26:36>: <DEBUG> onServerToClientHandshake execution time: 145.53ms
2024-11-24T13:26:36.217Z - [LOG] Header  254
2024-11-24T13:26:36.220Z - [LOG] Payload:  Buffer(23) [Uint8Array] [  254,  95,  12,  18,  92,  87,  159, 175, 163,  76, 161, 145,  166, 163,  87,  17, 218, 169,  146,  34, 209, 147, 121]
2024-11-24T13:26:36.228Z - [LOG] Receive Counter: 0
2024-11-24T13:26:36.232Z - [LOG] Packet Length: 14 Checksum Length: 8
2024-11-24T13:26:36.237Z - [LOG] <15:26:36>: <DEBUG> Checksum matched 5e3901b3178ecd7d == 5e3901b3178ecd7d
2024-11-24T13:26:36.241Z - [LOG] id  2
2024-11-24T13:26:36.244Z - [LOG] 2
2024-11-24T13:26:36.246Z - [LOG] <15:26:36>: <DEBUG> onPlayStatus execution time: 0.17ms
2024-11-24T13:26:36.247Z - [LOG] id  6
2024-11-24T13:26:36.248Z - [LOG] 6
2024-11-24T13:26:36.250Z - [LOG] <15:26:36>: <DEBUG> Sending Game PACKET --> 8 | 0x08 2024-11-24T13:26:36.250Z
2024-11-24T13:26:36.255Z - [LOG] <15:26:36>: <DEBUG> sendPacket execution time: 4.72ms
2024-11-24T13:26:36.260Z - [LOG] <15:26:36>: <DEBUG> onResourcePack execution time: 10.44ms
2024-11-24T13:26:39.526Z - [LOG] Header  254
2024-11-24T13:26:39.826Z - [LOG] Payload:  Buffer(53346) [Uint8Array] [  254, 174,  90,  80,  82, 184,   6,  23,  33, 165,   39, 192, 185, 181, 110,   0,  55, 171, 211, 138,   81, 151, 171, 150,   3,  52,  39, 108,  39,  49,  205, 223, 155,  62, 228, 119,  94, 235, 127,   0,  103, 157, 126,  34, 150,  21, 154, 162, 231, 150,  ... 53296 more items]
2024-11-24T13:26:39.845Z - [LOG] Receive Counter: 1
2024-11-24T13:26:40.097Z - [LOG] Packet Length: 53337 Checksum Length: 8
2024-11-24T13:26:40.121Z - [LOG] <15:26:40>: <DEBUG> Checksum matched 5eee0cfb28ce6d7b == 5eee0cfb28ce6d7b
2024-11-24T13:26:40.138Z - [LOG] id  11
2024-11-24T13:26:40.146Z - [LOG] 11
2024-11-24T13:26:40.186Z - [LOG] <15:26:40>: <DEBUG> Sending Game PACKET --> 69 | 0x45 2024-11-24T13:26:40.186Z
2024-11-24T13:26:40.200Z - [LOG] <15:26:40>: <DEBUG> sendPacket execution time: 13.71ms
2024-11-24T13:26:40.205Z - [LOG] <15:26:40>: <DEBUG> onStartGame execution time: 21.04ms
2024-11-24T13:26:40.210Z - [LOG] id  119
2024-11-24T13:26:40.214Z - [LOG] 119
2024-11-24T13:26:40.267Z - [LOG] id  122
2024-11-24T13:26:40.270Z - [LOG] 122
2024-11-24T13:26:40.275Z - [LOG] id  29
2024-11-24T13:26:40.277Z - [LOG] 29
2024-11-24T13:26:40.292Z - [LOG] id  76
2024-11-24T13:26:40.299Z - [LOG] 76
2024-11-24T13:26:40.357Z - [LOG] id  187
2024-11-24T13:26:40.403Z - [LOG] 187
2024-11-24T13:26:40.447Z - [LOG] id  188
2024-11-24T13:26:40.511Z - [LOG] 188
2024-11-24T13:26:40.516Z - [LOG] id  39
2024-11-24T13:26:40.517Z - [LOG] 39
2024-11-24T13:26:40.520Z - [LOG] id  49
2024-11-24T13:26:40.522Z - [LOG] 49
2024-11-24T13:26:40.628Z - [LOG] id  49
2024-11-24T13:26:40.754Z - [LOG] 49
2024-11-24T13:26:40.965Z - [LOG] id  49
2024-11-24T13:26:41.088Z - [LOG] 49
2024-11-24T13:26:41.272Z - [LOG] id  49
2024-11-24T13:26:41.362Z - [LOG] 49
2024-11-24T13:26:41.473Z - [LOG] id  49
2024-11-24T13:26:41.512Z - [LOG] 49
2024-11-24T13:26:41.576Z - [LOG] id  49
2024-11-24T13:26:41.586Z - [LOG] 49
2024-11-24T13:26:41.619Z - [LOG] id  50
2024-11-24T13:26:41.629Z - [LOG] 50
2024-11-24T13:26:41.673Z - [LOG] id  50
2024-11-24T13:26:41.697Z - [LOG] 50
2024-11-24T13:26:41.748Z - [LOG] id  50
2024-11-24T13:26:41.838Z - [LOG] 50
2024-11-24T13:26:41.892Z - [LOG] id  50
2024-11-24T13:26:41.978Z - [LOG] 50
2024-11-24T13:26:42.067Z - [LOG] id  50
2024-11-24T13:26:42.070Z - [LOG] 50
2024-11-24T13:26:42.071Z - [LOG] id  31
2024-11-24T13:26:42.170Z - [LOG] 31
2024-11-24T13:26:42.274Z - [LOG] id  145
2024-11-24T13:26:42.303Z - [LOG] 145
2024-11-24T13:26:42.448Z - [LOG] id  52
2024-11-24T13:26:42.611Z - [LOG] 52
2024-11-24T13:26:43.131Z - [LOG] id  63
2024-11-24T13:26:43.147Z - [LOG] 63
2024-11-24T13:26:43.197Z - [LOG] id  29
2024-11-24T13:26:43.241Z - [LOG] 29
2024-11-24T13:26:46.151Z - [LOG] Header  254
2024-11-24T13:26:46.157Z - [LOG] Payload:  Buffer(1840) [Uint8Array] [  254, 238, 153,  92, 208, 119,  37,  21, 240, 223,  213,  62, 102,  66,  87, 244, 212, 139, 137,  85,  219,  41, 196,  59, 197,  32,  33, 196, 122,  76,  101, 162, 223,  90, 197,   7,  86, 138, 156, 108,  203, 246, 211, 174, 176, 192, 206, 209, 249, 211,  ... 1790 more items]
2024-11-24T13:26:46.161Z - [LOG] Receive Counter: 2
2024-11-24T13:26:46.163Z - [LOG] Packet Length: 1831 Checksum Length: 8
2024-11-24T13:26:46.164Z - [LOG] <15:26:46>: <ERROR> Decryption error: Checksum mismatch 672bbc3481a9bff0 != 0050e95da6b6b634
2024-11-24T13:26:46.292Z - [LOG] Header  254
2024-11-24T13:26:46.296Z - [LOG] Payload:  Buffer(2012) [Uint8Array] [  254, 250, 228, 114, 147, 242, 142, 251, 22, 180,  123, 100, 106, 174, 164, 166, 133, 213, 63, 140,  228,  38,  95, 145, 121,  49, 241,  85, 13,  82,  187,  59,  38, 140, 114, 113,  16, 139, 68,  39,   41,  62,  46, 137,  38,  46,  89, 145, 90,  34,  ... 1962 more items]
2024-11-24T13:26:46.299Z - [LOG] Receive Counter: 3
2024-11-24T13:26:46.301Z - [LOG] Packet Length: 2003 Checksum Length: 8
2024-11-24T13:26:46.302Z - [LOG] <15:26:46>: <ERROR> Decryption error: Checksum mismatch 3bc2a9d7140e8401 != bbfeb6104c4a78a0
2024-11-24T13:26:46.432Z - [LOG] Header  254
2024-11-24T13:26:46.435Z - [LOG] Payload:  Buffer(1757) [Uint8Array] [  254, 164,  69, 241, 231,  83, 211, 120,  40, 249,  111,  17, 255, 121,  52, 166, 214,  98, 137, 166,  250,  86, 110, 252,  57,   2, 195, 183,  34,  14,    4,  59,  24, 113,  41,   0,  97, 206, 239, 115,  208,  28,  51, 251, 202, 148, 166, 207,  42, 107,  ... 1707 more items]
2024-11-24T13:26:46.438Z - [LOG] Receive Counter: 4
2024-11-24T13:26:46.440Z - [LOG] Packet Length: 1748 Checksum Length: 8
2024-11-24T13:26:46.441Z - [LOG] <15:26:46>: <ERROR> Decryption error: Checksum mismatch 24237f6b234339a4 != bf220951013c0b86
2024-11-24T13:26:46.621Z - [LOG] Header  254
2024-11-24T13:26:46.626Z - [LOG] Payload:  Buffer(1902) [Uint8Array] [  254, 195, 195, 246, 142,  80, 165, 129,   5, 233,   68, 211,  55,  42, 168, 139, 143, 164, 146, 173,  178, 213,  56,  64,  65,  33,  49, 102, 113,  92,   52, 159, 213, 207, 206, 225, 247, 152,  70, 203,  169,   6, 171, 179, 235, 253, 141, 154,  52, 198,  ... 1852 more items]
2024-11-24T13:26:46.629Z - [LOG] Receive Counter: 5
2024-11-24T13:26:46.631Z - [LOG] Packet Length: 1893 Checksum Length: 8
2024-11-24T13:26:46.632Z - [LOG] <15:26:46>: <ERROR> Decryption error: Checksum mismatch d10db8575c6168f2 != d8da5076578fc7e1
2024-11-24T13:26:46.762Z - [LOG] Header  254
2024-11-24T13:26:46.765Z - [LOG] Payload:  Buffer(1661) [Uint8Array] [  254, 89, 218, 135, 233, 220,   4,   3, 136, 234,  126, 82, 159, 162,  37, 183, 110, 145,  55,  72,  212, 53, 221, 215,  33,  45,  92, 218, 212, 155,   68, 41, 198, 237, 136, 114,  28, 126, 195, 122,  205, 24,  14, 207, 203, 173,  67, 183, 245, 177,  ... 1611 more items]
2024-11-24T13:26:46.769Z - [LOG] Receive Counter: 6
2024-11-24T13:26:46.770Z - [LOG] Packet Length: 1652 Checksum Length: 8
2024-11-24T13:26:46.771Z - [LOG] <15:26:46>: <ERROR> Decryption error: Checksum mismatch d77aabe6fbb1514b != db3a251cf00445e4
