2024-11-24T09:07:29.366Z - [TIME START] Spawn
2024-11-24T09:07:29.369Z - Starting connection...
2024-11-24T09:07:29.418Z - [LOG] <11:7:29>: <DEBUG> setupClientProfile execution time: 0.08ms
2024-11-24T09:07:29.422Z - [LOG] <11:7:29>: <DEBUG> createOfflineSession execution time: 49.58ms
2024-11-24T09:07:29.424Z - [LOG] <11:7:29>: <DEBUG> initializeSession execution time: 51.45ms
2024-11-24T09:07:29.426Z - [LOG] <11:7:29>: <DEBUG> connect execution time: 53.87ms
2024-11-24T09:07:29.455Z - [LOG] <11:7:29>: <DEBUG> setupClientChains execution time: 27.99ms
2024-11-24T09:07:30.231Z - [LOG] <11:7:30>: <DEBUG> handleSessionStart execution time: 4.49ms
2024-11-24T09:07:30.708Z - [LOG] handle
2024-11-24T09:07:30.724Z - [LOG] <11:7:30>: <DEBUG> Sending Game PACKET --> 193 | 0xc1 2024-11-24T09:07:30.724Z
2024-11-24T09:07:30.731Z - [LOG] <11:7:30>: <DEBUG> sendPacket execution time: 9.02ms
2024-11-24T09:07:30.746Z - [TIME END] Spawn: 1380ms
2024-11-24T09:07:30.762Z - [LOG] {  type: 'MCPE',  message: 'PocketMine-MP Server',  protocol: 748,  version: '1.21.40',  playerCount: 0,  maxPlayers: 20,  serverGUID: 959315177832208500,  serverName: 'PocketMine-MP',  gamemode: 'Survival'}
2024-11-24T09:07:30.779Z - Connected successfully: {"type":"MCPE","message":"PocketMine-MP Server","protocol":748,"version":"1.21.40","playerCount":0,"maxPlayers":20,"serverGUID":959315177832208500,"serverName":"PocketMine-MP","gamemode":"Survival"}
2024-11-24T09:07:31.279Z - [LOG] Header  254
2024-11-24T09:07:31.291Z - [LOG] Payload:  Buffer(14) [Uint8Array] [  254, 12, 143, 1, 1, 0,    0,  0,   0, 0, 0, 0,    0,  0]
2024-11-24T09:07:31.297Z - [LOG] id  143
2024-11-24T09:07:31.301Z - [LOG] 143
2024-11-24T09:07:31.304Z - [LOG] <11:7:31>: <DEBUG> S -> C NetworkSettingsPacket
2024-11-24T09:07:31.306Z - [LOG] test
2024-11-24T09:07:31.308Z - [LOG] <11:7:31>: <DEBUG> Sending Game PACKET --> 1 | 0x01 2024-11-24T09:07:31.307Z
2024-11-24T09:07:31.413Z - [LOG] <11:7:31>: <DEBUG> sendPacket execution time: 106.35ms
2024-11-24T09:07:31.423Z - [LOG] <11:7:31>: <DEBUG> sendLoginPacket execution time: 117.03ms
2024-11-24T09:07:31.425Z - [LOG] <11:7:31>: <DEBUG> onNetworkSettings execution time: 121.46ms
2024-11-24T09:07:32.032Z - [LOG] Header  254
2024-11-24T09:07:32.041Z - [LOG] Payload:  Buffer(359) [Uint8Array] [  254,  0,  13, 207,  81, 114, 162,  48,   0,  0,  208, 15, 207, 211,  78, 132,  66, 235, 167, 44,    9, 38, 154,  80,   2,   9, 154, 159,  14, 16,   20, 33,  69, 138, 200,   2,  55, 218, 153, 61,  100, 61, 193, 155, 247, 127, 181, 250, 183, 42,  ... 309 more items]
2024-11-24T09:07:32.061Z - [LOG] id  3
2024-11-24T09:07:32.062Z - [LOG] 3
2024-11-24T09:07:32.071Z - [LOG] <11:7:32>: <DEBUG> validateKeys execution time: 0.11ms
2024-11-24T09:07:32.191Z - [LOG] <11:7:32>: <DEBUG> createSharedSecret execution time: 121.18ms
2024-11-24T09:07:32.199Z - [LOG] <11:7:32>: <DEBUG> setupEncryption execution time: 5.44ms
2024-11-24T09:07:32.201Z - [LOG] <11:7:32>: <DEBUG> Sending Game PACKET --> 4 | 0x04 2024-11-24T09:07:32.200Z
2024-11-24T09:07:32.206Z - [LOG] <11:7:32>: <DEBUG> sendPacket execution time: 5.17ms
2024-11-24T09:07:32.208Z - [LOG] <11:7:32>: <DEBUG> sendClientToServerHandshake execution time: 7.46ms
2024-11-24T09:07:32.222Z - [LOG] <11:7:32>: <DEBUG> onServerToClientHandshake execution time: 153.73ms
2024-11-24T09:07:32.295Z - [LOG] Header  254
2024-11-24T09:07:32.303Z - [LOG] Payload:  Buffer(23) [Uint8Array] [  254, 167, 144,   1, 180, 160,  197,  53, 224, 237, 244,   1,  187, 235,  19, 108,  41, 165,  228, 237, 166, 162,  19]
2024-11-24T09:07:32.309Z - [LOG] Receive Counter: 0
2024-11-24T09:07:32.319Z - [LOG] Packet Length: 14 Checksum Length: 8
2024-11-24T09:07:32.324Z - [LOG] <11:7:32>: <DEBUG> Checksum matched 2b1699096bbec52e == 2b1699096bbec52e
2024-11-24T09:07:32.335Z - [LOG] id  2
2024-11-24T09:07:32.341Z - [LOG] 2
2024-11-24T09:07:32.344Z - [LOG] <11:7:32>: <DEBUG> onPlayStatus execution time: 0.14ms
2024-11-24T09:07:32.357Z - [LOG] id  6
2024-11-24T09:07:32.363Z - [LOG] 6
2024-11-24T09:07:32.374Z - [LOG] <11:7:32>: <DEBUG> Sending Game PACKET --> 8 | 0x08 2024-11-24T09:07:32.374Z
2024-11-24T09:07:32.385Z - [LOG] <11:7:32>: <DEBUG> sendPacket execution time: 10.70ms
2024-11-24T09:07:32.397Z - [LOG] <11:7:32>: <DEBUG> onResourcePack execution time: 23.28ms
2024-11-24T09:07:35.641Z - [LOG] Header  254
2024-11-24T09:07:35.921Z - [LOG] Payload:  Buffer(53359) [Uint8Array] [  254,  87,  46, 222,  44,  60, 242,  91, 131, 175,   30,  62,  52, 140,  12, 147, 181, 160,   5,  63,  152,   1,  59, 143, 164,   0, 148, 166,   6,  69,   69,  66, 207, 128, 242, 148,  58,  63, 251, 255,  173, 125,  33,  89, 145, 156,  51, 196,  55, 190,  ... 53309 more items]
2024-11-24T09:07:35.951Z - [LOG] Receive Counter: 1
2024-11-24T09:07:36.181Z - [LOG] Packet Length: 53350 Checksum Length: 8
2024-11-24T09:07:36.187Z - [LOG] <11:7:36>: <DEBUG> Checksum matched e82606a5c511c64c == e82606a5c511c64c
2024-11-24T09:07:36.194Z - [LOG] id  11
2024-11-24T09:07:36.199Z - [LOG] 11
2024-11-24T09:07:36.240Z - [LOG] <11:7:36>: <DEBUG> Sending Game PACKET --> 69 | 0x45 2024-11-24T09:07:36.239Z
2024-11-24T09:07:36.261Z - [LOG] <11:7:36>: <DEBUG> sendPacket execution time: 21.82ms
2024-11-24T09:07:36.269Z - [LOG] <11:7:36>: <DEBUG> onStartGame execution time: 31.85ms
2024-11-24T09:07:36.270Z - [LOG] id  119
2024-11-24T09:07:36.273Z - [LOG] 119
2024-11-24T09:07:36.321Z - [LOG] id  122
2024-11-24T09:07:36.325Z - [LOG] 122
2024-11-24T09:07:36.327Z - [LOG] id  29
2024-11-24T09:07:36.328Z - [LOG] 29
2024-11-24T09:07:36.329Z - [LOG] id  76
2024-11-24T09:07:36.330Z - [LOG] 76
2024-11-24T09:07:36.336Z - [LOG] id  187
2024-11-24T09:07:36.339Z - [LOG] 187
2024-11-24T09:07:36.343Z - [LOG] id  188
2024-11-24T09:07:36.344Z - [LOG] 188
2024-11-24T09:07:36.345Z - [LOG] id  39
2024-11-24T09:07:36.345Z - [LOG] 39
2024-11-24T09:07:36.347Z - [LOG] id  49
2024-11-24T09:07:36.351Z - [LOG] 49
2024-11-24T09:07:36.354Z - [LOG] id  49
2024-11-24T09:07:36.356Z - [LOG] 49
2024-11-24T09:07:36.357Z - [LOG] id  49
2024-11-24T09:07:36.358Z - [LOG] 49
2024-11-24T09:07:36.360Z - [LOG] id  49
2024-11-24T09:07:36.360Z - [LOG] 49
2024-11-24T09:07:36.360Z - [LOG] id  49
2024-11-24T09:07:36.361Z - [LOG] 49
2024-11-24T09:07:36.361Z - [LOG] id  49
2024-11-24T09:07:36.362Z - [LOG] 49
2024-11-24T09:07:36.362Z - [LOG] id  50
2024-11-24T09:07:36.363Z - [LOG] 50
2024-11-24T09:07:36.364Z - [LOG] id  50
2024-11-24T09:07:36.364Z - [LOG] 50
2024-11-24T09:07:36.369Z - [LOG] id  50
2024-11-24T09:07:36.370Z - [LOG] 50
2024-11-24T09:07:36.371Z - [LOG] id  50
2024-11-24T09:07:36.371Z - [LOG] 50
2024-11-24T09:07:36.372Z - [LOG] id  50
2024-11-24T09:07:36.372Z - [LOG] 50
2024-11-24T09:07:36.373Z - [LOG] id  31
2024-11-24T09:07:36.373Z - [LOG] 31
2024-11-24T09:07:36.374Z - [LOG] id  145
2024-11-24T09:07:36.375Z - [LOG] 145
2024-11-24T09:07:36.424Z - [LOG] id  52
2024-11-24T09:07:36.435Z - [LOG] 52
2024-11-24T09:07:36.806Z - [LOG] id  63
2024-11-24T09:07:36.887Z - [LOG] 63
2024-11-24T09:07:36.965Z - [LOG] id  29
2024-11-24T09:07:37.022Z - [LOG] 29
2024-11-24T09:07:42.709Z - [LOG] Header  254
2024-11-24T09:07:42.724Z - [LOG] Payload:  Buffer(1840) [Uint8Array] [  254, 185,  55, 139, 138, 145, 129,  15,  93, 176,   93, 215, 199, 219,  84, 110, 237, 113, 201, 154,  215, 146,  44,  30,  61,  73,  41, 133, 163,  72,  107,  32, 162, 251, 159, 153,  42,  25, 162, 221,  149,  18,  80, 173,  33, 207,  86, 188, 226, 203,  ... 1790 more items]
2024-11-24T09:07:42.743Z - [LOG] Receive Counter: 2
2024-11-24T09:07:42.751Z - [LOG] Packet Length: 1831 Checksum Length: 8
2024-11-24T09:07:42.756Z - [LOG] <11:7:42>: <ERROR> Decryption error: Checksum mismatch d5c3c9e4a5f2271c != df841d50ae1a4a7e
2024-11-24T09:07:42.835Z - [LOG] Header  254
2024-11-24T09:07:42.844Z - [LOG] Payload:  Buffer(1753) [Uint8Array] [  254, 205, 135, 196, 106,  35,  15, 110, 244,  56,  165, 137,   1, 128, 120, 207,  84, 158, 183, 167,  207, 201, 103, 102,  35, 244, 173,   0,  32, 185,   95,  89, 187,  48, 120, 102,  22,  34, 207, 232,  163, 114,  77, 222,  40,  57, 214, 204,  34,  40,  ... 1703 more items]
2024-11-24T09:07:42.861Z - [LOG] Receive Counter: 3
2024-11-24T09:07:42.864Z - [LOG] Packet Length: 1744 Checksum Length: 8
2024-11-24T09:07:42.871Z - [LOG] <11:7:42>: <ERROR> Decryption error: Checksum mismatch bc5852dfe09ed50c != edf842959f86a5ad
2024-11-24T09:07:42.960Z - [LOG] Header  254
2024-11-24T09:07:42.967Z - [LOG] Payload:  Buffer(2012) [Uint8Array] [  254, 175, 180,  74, 224, 66, 245,  22, 133, 205,  210, 212,  66, 120,  61, 11,  89,  66,  99, 200,   27, 116, 218, 226, 243, 25, 154, 179, 173,  69,  118, 143,  58, 143, 181, 58, 133, 166, 232, 180,  119,  98,  55, 105,  19, 45,  34, 175,  55, 184,  ... 1962 more items]
2024-11-24T09:07:43.001Z - [LOG] Receive Counter: 4
2024-11-24T09:07:43.010Z - [LOG] Packet Length: 2003 Checksum Length: 8
2024-11-24T09:07:43.012Z - [LOG] <11:7:43>: <ERROR> Decryption error: Checksum mismatch fb7df93aeb4d1796 != d2f288c1dba9b653
2024-11-24T09:07:43.081Z - [LOG] Header  254
2024-11-24T09:07:43.092Z - [LOG] Payload:  Buffer(2129) [Uint8Array] [  254,  68, 119,  77, 227,  47,  12, 146, 174,   4,   79,   9,  20, 143, 214, 132, 132,  66, 224, 134,   30,  80,  25,  73, 166, 205,  34,  44, 145, 221,  163, 230,  35,  87,   9,  57,  65,  23,   5, 181,   73,  36, 145, 131,  71, 213, 221, 149,  14, 216,  ... 2079 more items]
2024-11-24T09:07:43.106Z - [LOG] Receive Counter: 5
2024-11-24T09:07:43.109Z - [LOG] Packet Length: 2120 Checksum Length: 8
2024-11-24T09:07:43.110Z - [LOG] <11:7:43>: <ERROR> Decryption error: Checksum mismatch 088b112f6a2e3513 != f3931fe7b095e4bf
2024-11-24T09:07:43.211Z - [LOG] Header  254
2024-11-24T09:07:43.233Z - [LOG] Payload:  Buffer(1750) [Uint8Array] [  254,  81, 124, 206,  11, 117,  59, 241,  17,  50,  228, 120, 147, 120, 223, 219,  79, 110, 193, 159,   67,  76,  45, 244, 178, 160,  24, 210, 241, 187,  196,   0,  69, 114,  80,  63, 129, 181, 147, 209,  167, 238, 186, 107, 141, 250, 184, 144, 183,  77,  ... 1700 more items]
2024-11-24T09:07:43.250Z - [LOG] Receive Counter: 6
2024-11-24T09:07:43.259Z - [LOG] Packet Length: 1741 Checksum Length: 8
2024-11-24T09:07:43.292Z - [LOG] <11:7:43>: <ERROR> Decryption error: Checksum mismatch fdb21883baa9bf3a != 39c999223be0f5af
