2024-11-24T19:29:53.864Z - [TIME START] Spawn
2024-11-24T19:29:53.915Z - Starting connection...
2024-11-24T19:29:55.937Z - [LOG] handle
2024-11-24T19:29:55.975Z - [TIME END] Spawn: 2112ms
2024-11-24T19:29:55.988Z - [LOG] {  type: 'MCPE',  message: 'PocketMine-MP Server',  protocol: 748,  version: '1.21.40',  playerCount: 0,  maxPlayers: 20,  serverGUID: 2446291095431307000,  serverName: 'PocketMine-MP',  gamemode: 'Survival'}
2024-11-24T19:29:56.006Z - Connected successfully: {"type":"MCPE","message":"PocketMine-MP Server","protocol":748,"version":"1.21.40","playerCount":0,"maxPlayers":20,"serverGUID":2446291095431307000,"serverName":"PocketMine-MP","gamemode":"Survival"}
2024-11-24T19:29:56.271Z - [LOG] Header  254
2024-11-24T19:29:56.282Z - [LOG] Payload:  Buffer(14) [Uint8Array] [  254, 12, 143, 1, 1, 0,    0,  0,   0, 0, 0, 0,    0,  0]
2024-11-24T19:29:56.307Z - [LOG] id  143
2024-11-24T19:29:56.370Z - [LOG] 143
2024-11-24T19:29:56.382Z - [LOG] test
2024-11-24T19:29:56.941Z - [LOG] Header  254
2024-11-24T19:29:56.951Z - [LOG] Payload:  Buffer(358) [Uint8Array] [  254,   0,  21, 207,  91, 118, 162,  48,   0,   0,  208,  15, 215,  99,  79, 240,  81, 235, 103, 201,   11,  98,   3,  37, 144, 160, 249,   3,  98,   7,   18, 160,  85,  81, 129,  29, 205,  57, 179, 200,  153, 185,  59, 184, 127,  22, 139, 223, 139, 243,  ... 308 more items]
2024-11-24T19:29:56.955Z - [LOG] id  3
2024-11-24T19:29:56.957Z - [LOG] 3
2024-11-24T19:29:57.135Z - [LOG] Header  254
2024-11-24T19:29:57.136Z - [LOG] Payload:  Buffer(23) [Uint8Array] [  254, 218,  40, 218,  66, 57, 206,  123, 127, 111, 206, 250, 43,  85,  131, 228,  37,  32,   1, 25, 165,   60,  25]
2024-11-24T19:29:57.138Z - [LOG] Receive Counter: 0
2024-11-24T19:29:57.139Z - [LOG] Packet Length: 14 Checksum Length: 8
2024-11-24T19:29:57.197Z - [LOG] <21:29:57>: <DEBUG> Checksum matched 83bab99616b75c75 == 83bab99616b75c75
2024-11-24T19:29:57.198Z - [LOG] id  2
2024-11-24T19:29:57.199Z - [LOG] 2
2024-11-24T19:29:57.201Z - [LOG] id  6
2024-11-24T19:29:57.201Z - [LOG] 6
2024-11-24T19:29:59.574Z - [LOG] Header  254
2024-11-24T19:29:59.694Z - [LOG] Payload:  Buffer(53352) [Uint8Array] [  254,  71,  99,  54,  30, 244,  59, 180, 210, 185,   61, 150,  67, 122, 217,  54,  32, 101, 177, 237,  223,  23,  63,  33, 232,  73, 116, 145, 248, 235,  121, 188,  68,  28,   6, 157,  10, 109, 149,  92,  201, 237, 110,  67, 249, 162,  44,  18,  39, 223,  ... 53302 more items]
2024-11-24T19:29:59.698Z - [LOG] Receive Counter: 1
2024-11-24T19:29:59.830Z - [LOG] Packet Length: 53343 Checksum Length: 8
2024-11-24T19:29:59.834Z - [LOG] <21:29:59>: <DEBUG> Checksum matched 93f5a06bd2cdbf60 == 93f5a06bd2cdbf60
2024-11-24T19:29:59.843Z - [LOG] id  11
2024-11-24T19:29:59.848Z - [LOG] 11
2024-11-24T19:29:59.872Z - [LOG] id  119
2024-11-24T19:29:59.873Z - [LOG] 119
2024-11-24T19:29:59.895Z - [LOG] id  122
2024-11-24T19:29:59.896Z - [LOG] 122
2024-11-24T19:29:59.897Z - [LOG] id  29
2024-11-24T19:29:59.897Z - [LOG] 29
2024-11-24T19:29:59.898Z - [LOG] id  76
2024-11-24T19:29:59.899Z - [LOG] 76
2024-11-24T19:29:59.901Z - [LOG] id  187
2024-11-24T19:29:59.902Z - [LOG] 187
2024-11-24T19:29:59.903Z - [LOG] id  188
2024-11-24T19:29:59.903Z - [LOG] 188
2024-11-24T19:29:59.904Z - [LOG] id  39
2024-11-24T19:29:59.904Z - [LOG] 39
2024-11-24T19:29:59.905Z - [LOG] id  49
2024-11-24T19:29:59.906Z - [LOG] 49
2024-11-24T19:29:59.907Z - [LOG] id  49
2024-11-24T19:29:59.907Z - [LOG] 49
2024-11-24T19:29:59.908Z - [LOG] id  49
2024-11-24T19:29:59.908Z - [LOG] 49
2024-11-24T19:29:59.908Z - [LOG] id  49
2024-11-24T19:29:59.909Z - [LOG] 49
2024-11-24T19:29:59.909Z - [LOG] id  49
2024-11-24T19:29:59.909Z - [LOG] 49
2024-11-24T19:29:59.909Z - [LOG] id  49
2024-11-24T19:29:59.910Z - [LOG] 49
2024-11-24T19:29:59.910Z - [LOG] id  50
2024-11-24T19:29:59.910Z - [LOG] 50
2024-11-24T19:29:59.913Z - [LOG] id  50
2024-11-24T19:29:59.914Z - [LOG] 50
2024-11-24T19:29:59.917Z - [LOG] id  50
2024-11-24T19:29:59.917Z - [LOG] 50
2024-11-24T19:29:59.919Z - [LOG] id  50
2024-11-24T19:29:59.919Z - [LOG] 50
2024-11-24T19:29:59.920Z - [LOG] id  50
2024-11-24T19:29:59.920Z - [LOG] 50
2024-11-24T19:29:59.920Z - [LOG] id  31
2024-11-24T19:29:59.921Z - [LOG] 31
2024-11-24T19:29:59.922Z - [LOG] id  145
2024-11-24T19:29:59.922Z - [LOG] 145
2024-11-24T19:29:59.943Z - [LOG] id  52
2024-11-24T19:29:59.944Z - [LOG] 52
2024-11-24T19:30:00.082Z - [LOG] id  63
2024-11-24T19:30:00.088Z - [LOG] 63
2024-11-24T19:30:00.092Z - [LOG] id  29
2024-11-24T19:30:00.093Z - [LOG] 29
2024-11-24T19:30:00.098Z - [LOG] Header  254
2024-11-24T19:30:00.100Z - [LOG] Payload:  Buffer(16) [Uint8Array] [  254, 244,  67, 141, 116,   79,  45, 110, 209, 135,  118, 175, 244, 238, 178,  129]
2024-11-24T19:30:00.100Z - [LOG] Receive Counter: 2
2024-11-24T19:30:00.101Z - [LOG] Packet Length: 7 Checksum Length: 8
2024-11-24T19:30:00.101Z - [LOG] <21:30:0>: <DEBUG> Checksum matched cc0a62ab79a2a6d4 == cc0a62ab79a2a6d4
2024-11-24T19:30:00.101Z - [LOG] id  10
2024-11-24T19:30:00.102Z - [LOG] 10
2024-11-24T19:30:00.603Z - [LOG] Header  254
2024-11-24T19:30:00.605Z - [LOG] Payload:  Buffer(27) [Uint8Array] [  254, 183,   6, 168, 109, 118, 207,   18,   8, 184, 233, 220,  32,  85,   84, 170, 141, 166, 212, 236, 137,  150, 230, 133, 150,  76, 136]
2024-11-24T19:30:00.608Z - [LOG] Receive Counter: 3
2024-11-24T19:30:00.609Z - [LOG] Packet Length: 18 Checksum Length: 8
2024-11-24T19:30:00.610Z - [LOG] <21:30:0>: <DEBUG> Checksum matched ebee201011b0cf97 == ebee201011b0cf97
2024-11-24T19:30:00.610Z - [LOG] id  70
2024-11-24T19:30:00.611Z - [LOG] 70
2024-11-24T19:30:00.613Z - [LOG] id  121
2024-11-24T19:30:00.613Z - [LOG] 121
2024-11-24T19:30:00.734Z - [LOG] Header  254
2024-11-24T19:30:00.741Z - [LOG] Payload:  Buffer(1840) [Uint8Array] [  254,  43,  36,  82, 172,  76, 246,  48, 109,  10,   54, 121, 189, 229, 114, 229, 112, 199, 229, 240,   83,  83, 241, 213,  73, 165, 216, 215,   7,  24,  192, 242, 250,  14, 160, 152, 163, 149,  91, 171,   52, 196, 237,  43, 172,  39,  40, 102, 172, 117,  ... 1790 more items]
2024-11-24T19:30:00.748Z - [LOG] Receive Counter: 4
2024-11-24T19:30:00.763Z - [LOG] Packet Length: 1831 Checksum Length: 8
2024-11-24T19:30:00.766Z - [LOG] <21:30:0>: <DEBUG> Checksum matched c8ec433779234afe == c8ec433779234afe
2024-11-24T19:30:00.767Z - [LOG] id  58
2024-11-24T19:30:00.768Z - [LOG] 58
2024-11-24T19:30:00.854Z - [LOG] Header  254
2024-11-24T19:30:00.861Z - [LOG] Payload:  Buffer(1753) [Uint8Array] [  254, 161, 177,   4,  64, 250, 220, 140, 219, 100,  106, 252, 135,   6,  83,  41, 196,  62,  80,  80,  123, 145, 218, 200, 199, 255,  62,  95,  97,  57,  168,  73, 155, 116,  93,  71, 137, 154, 101, 213,  207, 238, 102, 254, 161, 147, 136, 102,  45,  10,  ... 1703 more items]
2024-11-24T19:30:00.865Z - [LOG] Receive Counter: 5
2024-11-24T19:30:00.869Z - [LOG] Packet Length: 1744 Checksum Length: 8
2024-11-24T19:30:00.870Z - [LOG] <21:30:0>: <DEBUG> Checksum matched 3a63fc483274e50e == 3a63fc483274e50e
2024-11-24T19:30:00.871Z - [LOG] id  58
2024-11-24T19:30:00.872Z - [LOG] 58
2024-11-24T19:30:00.978Z - [LOG] Header  254
2024-11-24T19:30:00.982Z - [LOG] Payload:  Buffer(2012) [Uint8Array] [  254,  13, 139, 174,   8, 182, 205, 243,  72, 157,  130, 136,  63,  21, 133, 116,  15,  93, 129,  11,   46, 247, 158,  40, 209,   8, 146,  58, 242, 208,  213, 237,  86, 201, 134,  59, 117, 133,  78, 135,  248,  75, 119, 109, 139, 191,  57, 238, 108, 153,  ... 1962 more items]
2024-11-24T19:30:00.987Z - [LOG] Receive Counter: 6
2024-11-24T19:30:00.989Z - [LOG] Packet Length: 2003 Checksum Length: 8
2024-11-24T19:30:00.989Z - [LOG] <21:30:0>: <DEBUG> Checksum matched 4cadb10657d31a69 == 4cadb10657d31a69
2024-11-24T19:30:00.990Z - [LOG] id  58
2024-11-24T19:30:00.990Z - [LOG] 58
2024-11-24T19:30:01.108Z - [LOG] Header  254
2024-11-24T19:30:01.192Z - [LOG] Payload:  Buffer(2129) [Uint8Array] [  254,  13, 209,  53,  90, 226, 222,   3, 248, 148,   46, 250, 130,  43, 149, 114, 101, 142, 153,  29,  125, 235, 249, 201,  26,  10, 149,  10,  11,  10,  205,   3,  10,  31, 105, 224,  48, 224, 189,  84,  119,  68, 234, 210, 181,  18,  13, 140,  74, 134,  ... 2079 more items]
2024-11-24T19:30:01.454Z - [LOG] Receive Counter: 7
2024-11-24T19:30:01.456Z - [LOG] Packet Length: 2120 Checksum Length: 8
2024-11-24T19:30:01.457Z - [LOG] <21:30:1>: <DEBUG> Checksum matched af9da2eab9d2b5ac == af9da2eab9d2b5ac
2024-11-24T19:30:01.458Z - [LOG] id  58
2024-11-24T19:30:01.458Z - [LOG] 58
2024-11-24T19:30:01.509Z - [LOG] Header  254
2024-11-24T19:30:01.519Z - [LOG] Payload:  Buffer(1750) [Uint8Array] [  254, 198, 213, 202,  59,  74, 131,  95, 165, 252,   71, 175,  15,  65,  71, 177, 191, 255, 144,  88,  154, 197, 240,  62,   6,  49,  84, 104, 176, 138,  151, 246,  35,  15, 183,  63,  50,  20, 215, 240,  130, 159,  76,  34,  48,  36,   0, 127,  48, 150,  ... 1700 more items]
2024-11-24T19:30:01.525Z - [LOG] Receive Counter: 8
2024-11-24T19:30:01.526Z - [LOG] Packet Length: 1741 Checksum Length: 8
2024-11-24T19:30:01.527Z - [LOG] <21:30:1>: <DEBUG> Checksum matched ab5ff1d16cddab11 == ab5ff1d16cddab11
2024-11-24T19:30:01.528Z - [LOG] id  58
2024-11-24T19:30:01.529Z - [LOG] 58
2024-11-24T19:30:01.634Z - [LOG] Header  254
2024-11-24T19:30:01.637Z - [LOG] Payload:  Buffer(1609) [Uint8Array] [  254, 206, 195,  87,  10, 240, 224,  99,  16,  47,  166, 110, 182, 136, 194, 189,  20, 189, 145,  63,   67, 111, 100, 207,  52, 103, 203, 176, 214,   5,   18, 202,  67,  72, 245, 116, 255, 174,  26, 142,  166,  30, 218, 122, 214, 126, 250, 243, 115,  52,  ... 1559 more items]
2024-11-24T19:30:01.642Z - [LOG] Receive Counter: 9
2024-11-24T19:30:01.645Z - [LOG] Packet Length: 1600 Checksum Length: 8
2024-11-24T19:30:01.646Z - [LOG] <21:30:1>: <DEBUG> Checksum matched f84fe15769881e17 == f84fe15769881e17
2024-11-24T19:30:01.647Z - [LOG] id  58
2024-11-24T19:30:01.647Z - [LOG] 58
2024-11-24T19:30:01.775Z - [LOG] Header  254
2024-11-24T19:30:01.780Z - [LOG] Payload:  Buffer(1757) [Uint8Array] [  254,  32,  58, 113, 139, 140,  82,  27, 148, 242,   80, 122, 184, 246, 108, 202, 141,   2,  59, 114,    0, 121, 116, 184,  69, 138, 238, 191,  80, 242,  117, 253, 243,  13, 138, 145, 204, 227,  74, 192,  140, 142,  52, 179,  66, 244,  69, 142, 104, 143,  ... 1707 more items]
2024-11-24T19:30:01.784Z - [LOG] Receive Counter: 10
2024-11-24T19:30:01.787Z - [LOG] Packet Length: 1748 Checksum Length: 8
2024-11-24T19:30:01.788Z - [LOG] <21:30:1>: <DEBUG> Checksum matched 9d0875818f188aae == 9d0875818f188aae
2024-11-24T19:30:01.789Z - [LOG] id  58
2024-11-24T19:30:01.789Z - [LOG] 58
2024-11-24T19:30:01.916Z - [LOG] Header  254
2024-11-24T19:30:01.923Z - [LOG] Payload:  Buffer(1902) [Uint8Array] [  254,  53, 135, 218,  84,  58, 218, 214,  21,   5,  169,  93, 104, 211, 116, 239, 180,   1, 180, 120,  227,  54,  24,  37, 198, 223, 185,  66, 171, 152,  248, 254, 199, 105, 235,  40,  91,  11,  63, 165,   44,  24,  34,  95, 252,  54, 107, 130, 136, 174,  ... 1852 more items]
2024-11-24T19:30:01.934Z - [LOG] Receive Counter: 11
2024-11-24T19:30:01.936Z - [LOG] Packet Length: 1893 Checksum Length: 8
2024-11-24T19:30:01.936Z - [LOG] <21:30:1>: <DEBUG> Checksum matched 642a64fc47990ad5 == 642a64fc47990ad5
2024-11-24T19:30:01.937Z - [LOG] id  58
2024-11-24T19:30:01.938Z - [LOG] 58
2024-11-24T19:30:02.040Z - [LOG] Header  254
2024-11-24T19:30:02.045Z - [LOG] Payload:  Buffer(1742) [Uint8Array] [  254,  46,  77,  85, 104,  16,   8, 145, 171, 246,   97, 213, 223, 121, 176, 225,  26, 112, 175,  23,   21, 253,  39,  18, 105, 119, 202,  90, 241,  68,   88, 196,  35, 245, 208, 148, 106, 143, 236,  69,  245, 155,  16, 134, 133,  90,  71, 147, 110, 179,  ... 1692 more items]
2024-11-24T19:30:02.048Z - [LOG] Receive Counter: 12
2024-11-24T19:30:02.051Z - [LOG] Packet Length: 1733 Checksum Length: 8
2024-11-24T19:30:02.051Z - [LOG] <21:30:2>: <DEBUG> Checksum matched 11888a579c77cc93 == 11888a579c77cc93
2024-11-24T19:30:02.052Z - [LOG] id  58
2024-11-24T19:30:02.053Z - [LOG] 58
2024-11-24T19:30:02.285Z - [LOG] Header  254
2024-11-24T19:30:02.297Z - [LOG] Payload:  Buffer(1661) [Uint8Array] [  254, 188, 235, 239, 200,  12,  46, 220, 181, 255,   51,  81, 163, 201, 144, 192, 200, 156, 243, 107,   47, 163,  14,  17,  13, 216, 161, 133,  72, 249,  133, 146, 207, 213, 158, 216, 121,  92, 134, 207,  189, 172, 146,  57,  87, 231,  51,  99,  40, 254,  ... 1611 more items]
2024-11-24T19:30:02.301Z - [LOG] Receive Counter: 13
2024-11-24T19:30:02.303Z - [LOG] Packet Length: 1652 Checksum Length: 8
2024-11-24T19:30:02.304Z - [LOG] <21:30:2>: <DEBUG> Checksum matched 3f2a5d78a9c34ccb == 3f2a5d78a9c34ccb
2024-11-24T19:30:02.307Z - [LOG] id  58
2024-11-24T19:30:02.309Z - [LOG] 58
2024-11-24T19:30:02.337Z - [LOG] Header  254
2024-11-24T19:30:02.339Z - [LOG] Payload:  Buffer(1246) [Uint8Array] [  254, 141, 200, 176, 146,  57, 106, 168, 230, 169,  178,  20, 205,  26,  81, 220, 243,  51, 215, 140,   83, 224,  56,  51,  56, 224,  10, 115,  61, 109,   43,  50, 221, 156,  71, 218,  72, 108, 178, 178,  164, 156, 123, 251, 143, 102,  75,  25, 123, 179,  ... 1196 more items]
2024-11-24T19:30:02.342Z - [LOG] Receive Counter: 14
2024-11-24T19:30:02.344Z - [LOG] Packet Length: 1237 Checksum Length: 8
2024-11-24T19:30:02.346Z - [LOG] <21:30:2>: <DEBUG> Checksum matched 504501af7edb8bce == 504501af7edb8bce
2024-11-24T19:30:02.348Z - [LOG] id  58
2024-11-24T19:30:02.348Z - [LOG] 58
2024-11-24T19:30:02.462Z - [LOG] Header  254
2024-11-24T19:30:02.468Z - [LOG] Payload:  Buffer(1802) [Uint8Array] [  254, 130, 195,  32, 124, 219, 28, 114,   5, 193,  153,  97,   3, 129, 219,  74, 57,  95,  59, 117,  157, 158,  76, 222, 112, 245, 58,  79, 201,  36,  220, 196,  44, 191, 166,  51, 98,  59,  13, 174,  205, 212, 187,  25,  33,  96, 28, 221,  24, 206,  ... 1752 more items]
2024-11-24T19:30:02.487Z - [LOG] Receive Counter: 15
2024-11-24T19:30:02.489Z - [LOG] Packet Length: 1793 Checksum Length: 8
2024-11-24T19:30:02.489Z - [LOG] <21:30:2>: <DEBUG> Checksum matched ad71b239b2f672b3 == ad71b239b2f672b3
2024-11-24T19:30:02.490Z - [LOG] id  58
2024-11-24T19:30:02.490Z - [LOG] 58
2024-11-24T19:30:02.603Z - [LOG] Header  254
2024-11-24T19:30:02.608Z - [LOG] Payload:  Buffer(1511) [Uint8Array] [  254, 114,  80,  43, 116, 245,   0,  88, 131, 124,  253,  52,  88, 163,  24, 188,   2, 231, 191, 143,  142,  92, 236, 147, 225, 121, 251,  49,  81,  41,  145, 197,   9, 125, 242, 183,  92, 100,  27,  70,   28, 250, 163,  71, 181,  40, 106, 164, 226, 188,  ... 1461 more items]
2024-11-24T19:30:02.614Z - [LOG] Receive Counter: 16
2024-11-24T19:30:02.616Z - [LOG] Packet Length: 1502 Checksum Length: 8
2024-11-24T19:30:02.619Z - [LOG] <21:30:2>: <DEBUG> Checksum matched 38e1bd918c1806fe == 38e1bd918c1806fe
2024-11-24T19:30:02.622Z - [LOG] id  58
2024-11-24T19:30:02.623Z - [LOG] 58
2024-11-24T19:30:02.728Z - [LOG] Header  254
2024-11-24T19:30:02.737Z - [LOG] Payload:  Buffer(1560) [Uint8Array] [  254, 209, 101,   8,  10,  38,  60,  80, 185,  53,   15,  47, 149, 172,  97,  57, 171, 215, 188, 218,   54, 172,  50,  48, 167,  91,  25, 173,  77, 106,  120,  67,  91, 106, 172,   1, 158, 193,  48, 185,  244, 243,  54,  89,  62, 181, 215, 236, 214, 144,  ... 1510 more items]
2024-11-24T19:30:02.748Z - [LOG] Receive Counter: 17
2024-11-24T19:30:02.750Z - [LOG] Packet Length: 1551 Checksum Length: 8
2024-11-24T19:30:02.752Z - [LOG] <21:30:2>: <DEBUG> Checksum matched b7067dacef019d3b == b7067dacef019d3b
2024-11-24T19:30:02.753Z - [LOG] id  58
2024-11-24T19:30:02.754Z - [LOG] 58
2024-11-24T19:30:02.854Z - [LOG] Header  254
2024-11-24T19:30:02.862Z - [LOG] Payload:  Buffer(1494) [Uint8Array] [  254, 201, 143, 133,  30,  38, 128, 234,  66,  97,   82, 172, 197, 176,  67,  57, 148,  84, 114,  72,   46,  32,   3, 195, 162, 240, 247, 187,  34, 162,   87, 121, 152,   2, 167, 242, 225,  72,  16, 164,  158, 101,  23, 163,  58,  49, 238, 176,  30, 139,  ... 1444 more items]
2024-11-24T19:30:02.902Z - [LOG] Receive Counter: 18
2024-11-24T19:30:02.906Z - [LOG] Packet Length: 1485 Checksum Length: 8
2024-11-24T19:30:02.910Z - [LOG] <21:30:2>: <DEBUG> Checksum matched 6bfa2c72ed9f81a8 == 6bfa2c72ed9f81a8
2024-11-24T19:30:02.939Z - [LOG] id  58
2024-11-24T19:30:02.941Z - [LOG] 58
2024-11-24T19:30:03.011Z - [LOG] Header  254
2024-11-24T19:30:03.040Z - [LOG] Payload:  Buffer(1514) [Uint8Array] [  254,   0,  38, 250, 220, 177,  78,  35, 222, 250,  117, 149, 197,  22, 239,  95, 174, 138, 135, 110,   56, 232,  27, 128, 209,   8,  46,  55, 117,  14,   28, 154,  97,  48, 184,  28, 162, 140,  17, 194,    9, 174, 247, 168, 213,  81, 245,  16,  53,  39,  ... 1464 more items]
2024-11-24T19:30:03.051Z - [LOG] Receive Counter: 19
2024-11-24T19:30:03.053Z - [LOG] Packet Length: 1505 Checksum Length: 8
2024-11-24T19:30:03.078Z - [LOG] <21:30:3>: <DEBUG> Checksum matched 9512bf9bf308ea0b == 9512bf9bf308ea0b
2024-11-24T19:30:03.136Z - [LOG] id  58
