2024-11-22T18:47:14.415Z - [TIME START] Spawn
2024-11-22T18:47:14.420Z - Starting connection...
2024-11-22T18:47:14.464Z - [LOG] <20:47:14>: <DEBUG> setupClientProfile execution time: 0.84ms
2024-11-22T18:47:14.472Z - [LOG] <20:47:14>: <DEBUG> createOfflineSession execution time: 48.38ms
2024-11-22T18:47:14.473Z - [LOG] <20:47:14>: <DEBUG> initializeSession execution time: 50.46ms
2024-11-22T18:47:14.474Z - [LOG] <20:47:14>: <DEBUG> connect execution time: 52.24ms
2024-11-22T18:47:14.492Z - [LOG] <20:47:14>: <DEBUG> setupClientChains execution time: 16.42ms
2024-11-22T18:47:15.408Z - [LOG] <20:47:15>: <DEBUG> handleSessionStart execution time: 4.25ms
2024-11-22T18:47:15.808Z - [LOG] handle
2024-11-22T18:47:15.811Z - [LOG] <20:47:15>: <DEBUG> Sending Game PACKET --> 193 | 0xc1 2024-11-22T18:47:15.811Z
2024-11-22T18:47:15.815Z - [LOG] <20:47:15>: <DEBUG> sendPacket execution time: 5.07ms
2024-11-22T18:47:15.823Z - [TIME END] Spawn: 1408ms
2024-11-22T18:47:15.832Z - [LOG] {  type: 'MCPE',  message: 'PocketMine-MP Server',  protocol: 748,  version: '1.21.40',  playerCount: 0,  maxPlayers: 20,  serverGUID: 959315177832208500,  serverName: 'PocketMine-MP',  gamemode: 'Survival'}
2024-11-22T18:47:15.842Z - Connected successfully: {"type":"MCPE","message":"PocketMine-MP Server","protocol":748,"version":"1.21.40","playerCount":0,"maxPlayers":20,"serverGUID":959315177832208500,"serverName":"PocketMine-MP","gamemode":"Survival"}
2024-11-22T18:47:16.146Z - [LOG] Header  254
2024-11-22T18:47:16.157Z - [LOG] Payload:  Buffer(14) [Uint8Array] [  254, 12, 143, 1, 1, 0,    0,  0,   0, 0, 0, 0,    0,  0]
2024-11-22T18:47:16.161Z - [LOG] id  143
2024-11-22T18:47:16.162Z - [LOG] 143
2024-11-22T18:47:16.164Z - [LOG] <20:47:16>: <DEBUG> S -> C NetworkSettingsPacket
2024-11-22T18:47:16.166Z - [LOG] test
2024-11-22T18:47:16.174Z - [LOG] <20:47:16>: <DEBUG> Sending Game PACKET --> 1 | 0x01 2024-11-22T18:47:16.173Z
2024-11-22T18:47:16.266Z - [LOG] <20:47:16>: <DEBUG> sendPacket execution time: 92.59ms
2024-11-22T18:47:16.274Z - [LOG] <20:47:16>: <DEBUG> sendLoginPacket execution time: 108.04ms
2024-11-22T18:47:16.309Z - [LOG] <20:47:16>: <DEBUG> onNetworkSettings execution time: 145.18ms
2024-11-22T18:47:16.682Z - [LOG] Header  254
2024-11-22T18:47:16.693Z - [LOG] Payload:  Buffer(362) [Uint8Array] [  254,   0,  21, 207, 203, 110, 163,  48,   0,  64,  209,  69, 190,  39,  35,   3,  37,  45, 203, 130,   49, 224,   4,  83,  12,  54, 177,  55,  17, 143,   36,  60, 204, 163, 129, 153,   6, 190, 104, 164,  249, 201, 105, 247,  87, 186,  58, 255, 118, 187,  ... 312 more items]
2024-11-22T18:47:16.709Z - [LOG] id  3
2024-11-22T18:47:16.714Z - [LOG] 3
2024-11-22T18:47:16.724Z - [LOG] <20:47:16>: <DEBUG> validateKeys execution time: 0.10ms
2024-11-22T18:47:16.862Z - [LOG] <20:47:16>: <DEBUG> createSharedSecret execution time: 137.79ms
2024-11-22T18:47:16.870Z - [LOG] <20:47:16>: <DEBUG> setupEncryption execution time: 6.03ms
2024-11-22T18:47:16.872Z - [LOG] <20:47:16>: <DEBUG> Sending Game PACKET --> 4 | 0x04 2024-11-22T18:47:16.872Z
2024-11-22T18:47:16.877Z - [LOG] <20:47:16>: <DEBUG> sendPacket execution time: 4.84ms
2024-11-22T18:47:16.878Z - [LOG] <20:47:16>: <DEBUG> sendClientToServerHandshake execution time: 6.54ms
2024-11-22T18:47:16.881Z - [LOG] <20:47:16>: <DEBUG> onServerToClientHandshake execution time: 159.96ms
2024-11-22T18:47:16.952Z - [LOG] Header  254
2024-11-22T18:47:16.953Z - [LOG] Payload:  Buffer(23) [Uint8Array] [  254, 112,  63, 102, 249, 176,  202, 164,  15, 214,  81,  12,   30,  79, 116, 196, 208, 236,   73,  91, 227,  14, 172]
2024-11-22T18:47:16.955Z - [LOG] Receive Counter: 0
2024-11-22T18:47:16.956Z - [LOG] Packet Length: 14 Checksum Length: 8
2024-11-22T18:47:16.958Z - [LOG] <20:47:16>: <DEBUG> Checksum matched 54c374f96376cde2 == 54c374f96376cde2
2024-11-22T18:47:16.958Z - [LOG] id  2
2024-11-22T18:47:16.958Z - [LOG] 2
2024-11-22T18:47:16.959Z - [LOG] <20:47:16>: <DEBUG> onPlayStatus execution time: 0.16ms
2024-11-22T18:47:16.960Z - [LOG] id  6
2024-11-22T18:47:16.960Z - [LOG] 6
2024-11-22T18:47:16.961Z - [LOG] <20:47:16>: <DEBUG> Sending Game PACKET --> 8 | 0x08 2024-11-22T18:47:16.961Z
2024-11-22T18:47:16.963Z - [LOG] <20:47:16>: <DEBUG> sendPacket execution time: 1.97ms
2024-11-22T18:47:16.964Z - [LOG] <20:47:16>: <DEBUG> onResourcePack execution time: 2.84ms
2024-11-22T18:47:17.154Z - [LOG] Header  254
2024-11-22T18:47:17.159Z - [LOG] Payload:  Buffer(1432) [Uint8Array] [  254, 152, 108,  45, 201, 106, 235,  38,  33, 196,  250, 119, 155, 188, 188, 240, 192, 115, 212,  39,  203, 133, 244, 114,  78,  14,  27, 183,  59, 194,  224,  48, 143, 215,  45, 208, 183, 203, 195,  11,  198,  90,  40, 146,   0, 237, 112,  74,  16, 128,  ... 1382 more items]
2024-11-22T18:47:17.163Z - [LOG] Receive Counter: 1
2024-11-22T18:47:17.192Z - [LOG] Packet Length: 1423 Checksum Length: 8
2024-11-22T18:47:17.194Z - [LOG] <20:47:17>: <ERROR> Decryption error: Checksum mismatch e760ccd0a1fcb413 != 3480b0b5a7640a50
