2024-11-23T20:51:23.882Z - [TIME START] Spawn
2024-11-23T20:51:23.888Z - Starting connection...
2024-11-23T20:51:23.930Z - [LOG] <22:51:23>: <DEBUG> setupClientProfile execution time: 0.07ms
2024-11-23T20:51:23.933Z - [LOG] <22:51:23>: <DEBUG> createOfflineSession execution time: 41.05ms
2024-11-23T20:51:23.933Z - [LOG] <22:51:23>: <DEBUG> initializeSession execution time: 42.56ms
2024-11-23T20:51:23.934Z - [LOG] <22:51:23>: <DEBUG> connect execution time: 43.81ms
2024-11-23T20:51:23.959Z - [LOG] <22:51:23>: <DEBUG> setupClientChains execution time: 20.55ms
2024-11-23T20:51:24.690Z - [LOG] <22:51:24>: <DEBUG> handleSessionStart execution time: 0.97ms
2024-11-23T20:51:25.087Z - [LOG] handle
2024-11-23T20:51:25.090Z - [LOG] <22:51:25>: <DEBUG> Sending Game PACKET --> 193 | 0xc1 2024-11-23T20:51:25.090Z
2024-11-23T20:51:25.094Z - [LOG] <22:51:25>: <DEBUG> sendPacket execution time: 3.92ms
2024-11-23T20:51:25.096Z - [TIME END] Spawn: 1214ms
2024-11-23T20:51:25.106Z - [LOG] {  type: 'MCPE',  message: 'PocketMine-MP Server',  protocol: 748,  version: '1.21.40',  playerCount: 0,  maxPlayers: 20,  serverGUID: 959315177832208500,  serverName: 'PocketMine-MP',  gamemode: 'Survival'}
2024-11-23T20:51:25.110Z - Connected successfully: {"type":"MCPE","message":"PocketMine-MP Server","protocol":748,"version":"1.21.40","playerCount":0,"maxPlayers":20,"serverGUID":959315177832208500,"serverName":"PocketMine-MP","gamemode":"Survival"}
2024-11-23T20:51:25.398Z - [LOG] Header  254
2024-11-23T20:51:25.401Z - [LOG] Payload:  Buffer(14) [Uint8Array] [  254, 12, 143, 1, 1, 0,    0,  0,   0, 0, 0, 0,    0,  0]
2024-11-23T20:51:25.405Z - [LOG] id  143
2024-11-23T20:51:25.406Z - [LOG] 143
2024-11-23T20:51:25.407Z - [LOG] <22:51:25>: <DEBUG> S -> C NetworkSettingsPacket
2024-11-23T20:51:25.411Z - [LOG] test
2024-11-23T20:51:25.413Z - [LOG] <22:51:25>: <DEBUG> Sending Game PACKET --> 1 | 0x01 2024-11-23T20:51:25.413Z
2024-11-23T20:51:25.474Z - [LOG] <22:51:25>: <DEBUG> sendPacket execution time: 60.96ms
2024-11-23T20:51:25.490Z - [LOG] <22:51:25>: <DEBUG> sendLoginPacket execution time: 80.74ms
2024-11-23T20:51:25.492Z - [LOG] <22:51:25>: <DEBUG> onNetworkSettings execution time: 84.84ms
2024-11-23T20:51:25.793Z - [LOG] Header  254
2024-11-23T20:51:25.798Z - [LOG] Payload:  Buffer(360) [Uint8Array] [  254,   0,  21, 207, 203, 110, 163,  48,   0,  64,  209,  69, 190,  39,  35,  19,  32, 204,  44,  75,  192,  96,  30, 102, 108, 192,  60, 118, 128,  19,   94,  14, 177,  10,  77, 128,  47, 170, 212, 159,  108, 187, 191, 210, 213, 249,  58,  28,  62,  15,  ... 310 more items]
2024-11-23T20:51:25.812Z - [LOG] id  3
2024-11-23T20:51:25.814Z - [LOG] 3
2024-11-23T20:51:25.828Z - [LOG] <22:51:25>: <DEBUG> validateKeys execution time: 0.11ms
2024-11-23T20:51:25.981Z - [LOG] <22:51:25>: <DEBUG> createSharedSecret execution time: 154.13ms
2024-11-23T20:51:25.991Z - [LOG] <22:51:25>: <DEBUG> setupEncryption execution time: 6.28ms
2024-11-23T20:51:25.994Z - [LOG] <22:51:25>: <DEBUG> Sending Game PACKET --> 4 | 0x04 2024-11-23T20:51:25.994Z
2024-11-23T20:51:26.004Z - [LOG] <22:51:26>: <DEBUG> sendPacket execution time: 10.32ms
2024-11-23T20:51:26.008Z - [LOG] <22:51:26>: <DEBUG> sendClientToServerHandshake execution time: 13.96ms
2024-11-23T20:51:26.013Z - [LOG] <22:51:26>: <DEBUG> onServerToClientHandshake execution time: 189.43ms
2024-11-23T20:51:26.141Z - [LOG] Header  254
2024-11-23T20:51:26.147Z - [LOG] Payload:  Buffer(23) [Uint8Array] [  254,  34,   8, 232, 163,  54, 240,  201, 171, 160, 218, 105,  87, 216,  185, 176, 241,  58,  59, 110,  47,  104,   9]
2024-11-23T20:51:26.161Z - [LOG] Receive Counter: 0
2024-11-23T20:51:26.171Z - [LOG] Packet Length: 14 Checksum Length: 8
2024-11-23T20:51:26.175Z - [LOG] <22:51:26>: <DEBUG> Checksum matched b9cc26ec2e62ee4a == b9cc26ec2e62ee4a
2024-11-23T20:51:26.176Z - [LOG] id  2
2024-11-23T20:51:26.177Z - [LOG] 2
2024-11-23T20:51:26.177Z - [LOG] <22:51:26>: <DEBUG> onPlayStatus execution time: 0.16ms
2024-11-23T20:51:26.178Z - [LOG] id  6
2024-11-23T20:51:26.180Z - [LOG] 6
2024-11-23T20:51:26.182Z - [LOG] <22:51:26>: <DEBUG> Sending Game PACKET --> 8 | 0x08 2024-11-23T20:51:26.182Z
2024-11-23T20:51:26.185Z - [LOG] <22:51:26>: <DEBUG> sendPacket execution time: 2.60ms
2024-11-23T20:51:26.191Z - [LOG] <22:51:26>: <DEBUG> onResourcePack execution time: 9.44ms
2024-11-23T20:51:29.451Z - [LOG] Header  254
2024-11-23T20:51:29.730Z - [LOG] Payload:  Buffer(53358) [Uint8Array] [  254,  51, 117, 250, 114,  11,  10, 146, 213,  97,   23, 211,  42, 165,  51, 138, 144, 160, 227,  90,  193, 111, 106, 188, 189, 178, 188,  23, 236,  46,    5, 223, 166, 238, 104, 213, 187, 138, 119, 210,  161,  83, 254, 216, 182, 118, 206, 237,  29,  25,  ... 53308 more items]
2024-11-23T20:51:29.738Z - [LOG] Receive Counter: 1
2024-11-23T20:51:29.996Z - [LOG] Packet Length: 53349 Checksum Length: 8
2024-11-23T20:51:30.009Z - [LOG] <22:51:30>: <DEBUG> Checksum matched c635dfbec7014a63 == c635dfbec7014a63
2024-11-23T20:51:30.022Z - [LOG] id  11
2024-11-23T20:51:30.039Z - [LOG] 11
2024-11-23T20:51:30.084Z - [LOG] <22:51:30>: <DEBUG> Sending Game PACKET --> 69 | 0x45 2024-11-23T20:51:30.083Z
2024-11-23T20:51:30.089Z - [LOG] <22:51:30>: <DEBUG> sendPacket execution time: 5.47ms
2024-11-23T20:51:30.090Z - [LOG] <22:51:30>: <DEBUG> onStartGame execution time: 12.73ms
2024-11-23T20:51:30.091Z - [LOG] id  119
2024-11-23T20:51:30.093Z - [LOG] 119
2024-11-23T20:51:30.127Z - [LOG] id  122
2024-11-23T20:51:30.132Z - [LOG] 122
2024-11-23T20:51:30.134Z - [LOG] id  29
2024-11-23T20:51:30.140Z - [LOG] 29
2024-11-23T20:51:30.143Z - [LOG] id  76
2024-11-23T20:51:30.144Z - [LOG] 76
2024-11-23T20:51:30.147Z - [LOG] id  187
2024-11-23T20:51:30.148Z - [LOG] 187
2024-11-23T20:51:30.150Z - [LOG] id  188
2024-11-23T20:51:30.151Z - [LOG] 188
2024-11-23T20:51:30.152Z - [LOG] id  39
2024-11-23T20:51:30.155Z - [LOG] 39
2024-11-23T20:51:30.159Z - [LOG] id  49
2024-11-23T20:51:30.162Z - [LOG] 49
2024-11-23T20:51:30.166Z - [LOG] id  49
2024-11-23T20:51:30.167Z - [LOG] 49
2024-11-23T20:51:30.168Z - [LOG] id  49
2024-11-23T20:51:30.169Z - [LOG] 49
2024-11-23T20:51:30.174Z - [LOG] id  49
2024-11-23T20:51:30.176Z - [LOG] 49
2024-11-23T20:51:30.177Z - [LOG] id  49
2024-11-23T20:51:30.178Z - [LOG] 49
2024-11-23T20:51:30.178Z - [LOG] id  49
2024-11-23T20:51:30.179Z - [LOG] 49
2024-11-23T20:51:30.179Z - [LOG] id  50
2024-11-23T20:51:30.180Z - [LOG] 50
2024-11-23T20:51:30.181Z - [LOG] id  50
2024-11-23T20:51:30.181Z - [LOG] 50
2024-11-23T20:51:30.182Z - [LOG] id  50
2024-11-23T20:51:30.182Z - [LOG] 50
2024-11-23T20:51:30.183Z - [LOG] id  50
2024-11-23T20:51:30.184Z - [LOG] 50
2024-11-23T20:51:30.185Z - [LOG] id  50
2024-11-23T20:51:30.190Z - [LOG] 50
2024-11-23T20:51:30.192Z - [LOG] id  31
2024-11-23T20:51:30.192Z - [LOG] 31
2024-11-23T20:51:30.194Z - [LOG] id  145
2024-11-23T20:51:30.195Z - [LOG] 145
2024-11-23T20:51:30.258Z - [LOG] id  52
2024-11-23T20:51:30.261Z - [LOG] 52
2024-11-23T20:51:30.578Z - [LOG] id  63
2024-11-23T20:51:30.585Z - [LOG] 63
2024-11-23T20:51:30.613Z - [LOG] id  29
2024-11-23T20:51:30.632Z - [LOG] 29
2024-11-23T20:51:36.243Z - [LOG] Header  254
2024-11-23T20:51:36.409Z - [LOG] Payload:  Buffer(53358) [Uint8Array] [  254,  51, 117, 250, 114,  11,  10, 146, 213,  97,   23, 211,  42, 165,  51, 138, 144, 160, 227,  90,  193, 111, 106, 188, 189, 178, 188,  23, 236,  46,    5, 223, 166, 238, 104, 213, 187, 138, 119, 210,  161,  83, 254, 216, 182, 118, 206, 237,  29,  25,  ... 53308 more items]
2024-11-23T20:51:36.446Z - [LOG] Receive Counter: 2
2024-11-23T20:51:36.510Z - [LOG] Packet Length: 53349 Checksum Length: 8
2024-11-23T20:51:36.516Z - [LOG] <22:51:36>: <ERROR> Decryption error: Checksum mismatch 7f83c058f9e7cc15 != 9d6ed4491fd5fb5d
2024-11-23T20:51:37.271Z - [LOG] Header  254
2024-11-23T20:51:37.282Z - [LOG] Payload:  Buffer(1840) [Uint8Array] [  254, 206,  27, 161, 145, 133,  99, 113,  48,  18,  149, 161, 147, 123,  33,  47,  17,  52,  48, 192,  175,   1,  18, 215,  80,  37, 154, 168, 124,  13,   53, 141, 237, 238, 197, 220, 213, 152,  15, 186,   27,   7, 238,  63, 109, 241,  97, 140, 185,  78,  ... 1790 more items]
2024-11-23T20:51:37.298Z - [LOG] Receive Counter: 3
2024-11-23T20:51:37.309Z - [LOG] Packet Length: 1831 Checksum Length: 8
2024-11-23T20:51:37.315Z - [LOG] <22:51:37>: <ERROR> Decryption error: Checksum mismatch 9d4ba772ee0f7920 != 472aa8b7ec58ec44
2024-11-23T20:51:37.394Z - [LOG] Header  254
2024-11-23T20:51:37.404Z - [LOG] Payload:  Buffer(1753) [Uint8Array] [  254,  47, 232, 214,  61, 216, 144, 170,  21, 127,  191,  25, 150,  64,  68,  21,  22, 235,   3,   5,  194,  93, 180, 247, 213,  49,  57, 130,  92,  15,  120, 211,  14, 170, 232, 119, 235, 207, 130,  60,  222,  51,  53,  62,  27, 211, 205, 110, 189,  95,  ... 1703 more items]
2024-11-23T20:51:37.443Z - [LOG] Receive Counter: 4
2024-11-23T20:51:37.448Z - [LOG] Packet Length: 1744 Checksum Length: 8
2024-11-23T20:51:37.498Z - [LOG] <22:51:37>: <ERROR> Decryption error: Checksum mismatch a30299540e996311 != 595c20419af295a8
2024-11-23T20:51:37.565Z - [LOG] Header  254
2024-11-23T20:51:37.578Z - [LOG] Payload:  Buffer(2012) [Uint8Array] [  254, 107,  83,  82, 160,   9, 239,  81, 213,   4,  181,   1, 246, 110,   7,  50, 177, 216, 112,  31,  252, 174, 227, 165,  90, 192, 126,   0,  77, 162,  236,  17,   7,  68, 219, 107, 248,  83,  72,  15,  227, 205,  63,  64, 172, 133, 161, 113, 191, 126,  ... 1962 more items]
2024-11-23T20:51:37.593Z - [LOG] Receive Counter: 5
2024-11-23T20:51:37.597Z - [LOG] Packet Length: 2003 Checksum Length: 8
2024-11-23T20:51:37.599Z - [LOG] <22:51:37>: <ERROR> Decryption error: Checksum mismatch e9f77b9a753a336f != 3a00177b7ae271ce
2024-11-23T20:51:37.695Z - [LOG] Header  254
2024-11-23T20:51:37.710Z - [LOG] Payload:  Buffer(2129) [Uint8Array] [  254, 255, 155,  54, 151,  48,  95,  78, 208,  183, 122, 243,  34, 112, 101, 168, 246,  81,   46, 119, 110, 249,  38, 148, 197, 156, 229,  177, 130,  26, 224,  19, 122, 202, 253,  86,  160, 118, 131, 124, 248,  29,  97,  88, 172,  195, 242, 107, 222, 219,  ... 2079 more items]
2024-11-23T20:51:37.723Z - [LOG] Receive Counter: 6
2024-11-23T20:51:37.728Z - [LOG] Packet Length: 2120 Checksum Length: 8
2024-11-23T20:51:37.730Z - [LOG] <22:51:37>: <ERROR> Decryption error: Checksum mismatch d26d83597a621cfd != 4770122b111d0f5a
2024-11-23T20:51:37.827Z - [LOG] Header  254
2024-11-23T20:51:37.837Z - [LOG] Payload:  Buffer(1750) [Uint8Array] [  254, 248, 240,  13, 102, 167,   4,  79, 103, 217,  129,  36, 173,  21, 241,  78,  16, 201, 190, 231,  231, 195, 207, 193, 135,  80,  38, 182, 139,   4,   22, 109, 114,  60,  81, 152, 183,  72, 115,  32,  157, 250, 159,  26,  25,  93, 164,  99,  20,  30,  ... 1700 more items]
2024-11-23T20:51:37.851Z - [LOG] Receive Counter: 7
2024-11-23T20:51:37.862Z - [LOG] Packet Length: 1741 Checksum Length: 8
2024-11-23T20:51:37.864Z - [LOG] <22:51:37>: <ERROR> Decryption error: Checksum mismatch 275de70ae94ea1a0 != a3f8f8ef52a49036
2024-11-23T20:51:38.018Z - [LOG] Header  254
2024-11-23T20:51:38.025Z - [LOG] Payload:  Buffer(1757) [Uint8Array] [  254,  34, 110,  14,  60, 248, 195,  20, 161, 210,   51, 168,   3, 101, 231, 142,  93,  96,  38,  59,  145, 221, 184,  74, 226,  97, 237,  26,  40,  30,  132, 165,  40, 216, 249, 152,   9, 112, 162,  23,  210, 141, 190, 135,  93,  46, 144, 243, 108,   7,  ... 1707 more items]
2024-11-23T20:51:38.039Z - [LOG] Receive Counter: 8
2024-11-23T20:51:38.044Z - [LOG] Packet Length: 1748 Checksum Length: 8
2024-11-23T20:51:38.045Z - [LOG] <22:51:38>: <ERROR> Decryption error: Checksum mismatch 3bc9ebfd24efe1da != 94f551410eed84e7
2024-11-23T20:51:38.330Z - [LOG] Header  254
2024-11-23T20:51:38.337Z - [LOG] Payload:  Buffer(1802) [Uint8Array] [  254,  22, 202, 171, 123,  43, 147, 202, 153, 111,  194,  45, 131, 216, 215,  91, 175,  34,  72,  17,   10,  36,  83, 151, 191,  94,  57,  61, 218, 227,   29,  27, 229, 190, 200, 248, 147,   4,  60,  71,   71, 239, 173, 205, 121,  69, 230, 203, 112,  52,  ... 1752 more items]
2024-11-23T20:51:38.382Z - [LOG] Receive Counter: 9
2024-11-23T20:51:38.389Z - [LOG] Packet Length: 1793 Checksum Length: 8
2024-11-23T20:51:38.391Z - [LOG] <22:51:38>: <ERROR> Decryption error: Checksum mismatch d298d9f4f02bb2b1 != b4d049886adad6f8
2024-11-23T20:51:38.463Z - [LOG] Header  254
2024-11-23T20:51:38.473Z - [LOG] Payload:  Buffer(1560) [Uint8Array] [  254, 174,  83, 255,  98,   3, 100, 87, 208,  47,  124, 204, 109, 153,  23,  43, 171, 38, 171,   5,  180,  10, 199, 126, 239, 142, 236, 50,  65, 180,  201, 221,   9, 167, 148, 147,  56, 27, 107,  28,   23,  81, 185, 195,   1, 188,  72, 98,  49, 224,  ... 1510 more items]
2024-11-23T20:51:38.491Z - [LOG] Receive Counter: 10
2024-11-23T20:51:38.494Z - [LOG] Packet Length: 1551 Checksum Length: 8
2024-11-23T20:51:38.504Z - [LOG] <22:51:38>: <ERROR> Decryption error: Checksum mismatch 836c72d30bf95bf0 != ea6186a3414ea00d
2024-11-23T20:51:38.925Z - [LOG] Header  254
2024-11-23T20:51:38.934Z - [LOG] Payload:  Buffer(1840) [Uint8Array] [  254, 206,  27, 161, 145, 133,  99, 113,  48,  18,  149, 161, 147, 123,  33,  47,  17,  52,  48, 192,  175,   1,  18, 215,  80,  37, 154, 168, 124,  13,   53, 141, 237, 238, 197, 220, 213, 152,  15, 186,   27,   7, 238,  63, 109, 241,  97, 140, 185,  78,  ... 1790 more items]
2024-11-23T20:51:38.996Z - [LOG] Receive Counter: 11
2024-11-23T20:51:39.008Z - [LOG] Packet Length: 1831 Checksum Length: 8
2024-11-23T20:51:39.041Z - [LOG] <22:51:39>: <ERROR> Decryption error: Checksum mismatch b3b61793bedbd6d8 != 538d780b3a4e73ba
2024-11-23T20:51:39.278Z - [LOG] Header  254
2024-11-23T20:51:39.292Z - [LOG] Payload:  Buffer(1753) [Uint8Array] [  254,  47, 232, 214,  61, 216, 144, 170,  21, 127,  191,  25, 150,  64,  68,  21,  22, 235,   3,   5,  194,  93, 180, 247, 213,  49,  57, 130,  92,  15,  120, 211,  14, 170, 232, 119, 235, 207, 130,  60,  222,  51,  53,  62,  27, 211, 205, 110, 189,  95,  ... 1703 more items]
2024-11-23T20:51:39.333Z - [LOG] Receive Counter: 12
2024-11-23T20:51:39.349Z - [LOG] Packet Length: 1744 Checksum Length: 8
2024-11-23T20:51:39.358Z - [LOG] <22:51:39>: <ERROR> Decryption error: Checksum mismatch 3f7d8de63e16d4b3 != 5c9779425db053f4
2024-11-23T20:51:40.236Z - [LOG] Header  254
2024-11-23T20:51:40.263Z - [LOG] Payload:  Buffer(1691) [Uint8Array] [  254, 117,  59,  55,  11,   6, 175,  86, 126, 226,   50,  67,  64,   3,  26, 241,  24,  99,  93,  89,  132, 156, 208, 140, 230, 103,  55,  55,  20,  74,  186, 226, 130, 213,  93,  72,  40, 189, 204,  88,   80, 187, 121, 220,  79, 113,  54,  10,  33, 184,  ... 1641 more items]
2024-11-23T20:51:40.318Z - [LOG] Receive Counter: 13
2024-11-23T20:51:40.333Z - [LOG] Packet Length: 1682 Checksum Length: 8
2024-11-23T20:51:40.344Z - [LOG] <22:51:40>: <ERROR> Decryption error: Checksum mismatch 2e26c5f805abbb22 != 10b59df1df328ebc
2024-11-23T20:51:42.317Z - [LOG] Header  254
2024-11-23T20:51:42.328Z - [LOG] Payload:  Buffer(1757) [Uint8Array] [  254,  34, 110,  14,  60, 248, 195,  20, 161, 210,   51, 168,   3, 101, 231, 142,  93,  96,  38,  59,  145, 221, 184,  74, 226,  97, 237,  26,  40,  30,  132, 165,  40, 216, 249, 152,   9, 112, 162,  23,  210, 141, 190, 135,  93,  46, 144, 243, 108,   7,  ... 1707 more items]
2024-11-23T20:51:42.351Z - [LOG] Receive Counter: 14
2024-11-23T20:51:42.357Z - [LOG] Packet Length: 1748 Checksum Length: 8
2024-11-23T20:51:42.358Z - [LOG] <22:51:42>: <ERROR> Decryption error: Checksum mismatch 07f3462d3f06d00d != 93077ae4d93e1615
2024-11-23T20:51:42.726Z - [LOG] Header  254
2024-11-23T20:51:42.731Z - [LOG] Payload:  Buffer(1802) [Uint8Array] [  254,  22, 202, 171, 123,  43, 147, 202, 153, 111,  194,  45, 131, 216, 215,  91, 175,  34,  72,  17,   10,  36,  83, 151, 191,  94,  57,  61, 218, 227,   29,  27, 229, 190, 200, 248, 147,   4,  60,  71,   71, 239, 173, 205, 121,  69, 230, 203, 112,  52,  ... 1752 more items]
2024-11-23T20:51:42.754Z - [LOG] Receive Counter: 15
2024-11-23T20:51:42.759Z - [LOG] Packet Length: 1793 Checksum Length: 8
2024-11-23T20:51:42.761Z - [LOG] <22:51:42>: <ERROR> Decryption error: Checksum mismatch 5e707e5743b4880c != 63eedd74acac06b3
2024-11-23T20:51:42.861Z - [LOG] Header  254
2024-11-23T20:51:42.867Z - [LOG] Payload:  Buffer(1560) [Uint8Array] [  254, 174,  83, 255,  98,   3, 100, 87, 208,  47,  124, 204, 109, 153,  23,  43, 171, 38, 171,   5,  180,  10, 199, 126, 239, 142, 236, 50,  65, 180,  201, 221,   9, 167, 148, 147,  56, 27, 107,  28,   23,  81, 185, 195,   1, 188,  72, 98,  49, 224,  ... 1510 more items]
2024-11-23T20:51:42.885Z - [LOG] Receive Counter: 16
2024-11-23T20:51:42.891Z - [LOG] Packet Length: 1551 Checksum Length: 8
2024-11-23T20:51:42.893Z - [LOG] <22:51:42>: <ERROR> Decryption error: Checksum mismatch 7bad06efcfb8929c != b497e2e0caf754d9
2024-11-23T20:51:42.974Z - [LOG] Header  254
2024-11-23T20:51:42.986Z - [LOG] Payload:  Buffer(1494) [Uint8Array] [  254, 203, 153, 217, 230,  95, 107, 146,  85,  16,  143,  83,  56, 186, 164, 249, 144,  57, 162, 195,  136, 129, 180, 182,  72,  99,  74, 203,  71,  19,  250, 188,   2, 123, 157, 151,   0,  77, 121,  88,  246,  44, 127, 179, 159, 141, 250, 105, 245,  89,  ... 1444 more items]
2024-11-23T20:51:42.997Z - [LOG] Receive Counter: 17
2024-11-23T20:51:42.999Z - [LOG] Packet Length: 1485 Checksum Length: 8
2024-11-23T20:51:43.001Z - [LOG] <22:51:43>: <ERROR> Decryption error: Checksum mismatch b5e74012cc4a22e8 != 822f83159cec7a81
2024-11-23T20:51:43.105Z - [LOG] Header  254
2024-11-23T20:51:43.110Z - [LOG] Payload:  Buffer(1995) [Uint8Array] [  254, 108, 165, 204, 224,   2, 134, 181,  12, 58,   33, 129, 104, 101, 101, 106, 237,  98, 215, 46,   85, 120, 124, 142, 158,  47, 210,  93, 163, 21,   46,  83, 228,  68,  69,  14, 147,  57, 209, 83,   52,  28,  51, 251, 188, 144, 105,  27,  99, 89,  ... 1945 more items]
2024-11-23T20:51:43.132Z - [LOG] Receive Counter: 18
2024-11-23T20:51:43.141Z - [LOG] Packet Length: 1986 Checksum Length: 8
2024-11-23T20:51:43.143Z - [LOG] <22:51:43>: <ERROR> Decryption error: Checksum mismatch b6d9aa3a8d5ba446 != 196593e765596ecb
2024-11-23T20:51:43.623Z - [LOG] Header  254
2024-11-23T20:51:43.632Z - [LOG] Payload:  Buffer(1840) [Uint8Array] [  254, 206,  27, 161, 145, 133,  99, 113,  48,  18,  149, 161, 147, 123,  33,  47,  17,  52,  48, 192,  175,   1,  18, 215,  80,  37, 154, 168, 124,  13,   53, 141, 237, 238, 197, 220, 213, 152,  15, 186,   27,   7, 238,  63, 109, 241,  97, 140, 185,  78,  ... 1790 more items]
2024-11-23T20:51:43.664Z - [LOG] Receive Counter: 19
2024-11-23T20:51:43.673Z - [LOG] Packet Length: 1831 Checksum Length: 8
2024-11-23T20:51:43.678Z - [LOG] <22:51:43>: <ERROR> Decryption error: Checksum mismatch c3a00d222804c933 != b0d9077b217280d7
2024-11-23T20:51:43.750Z - [LOG] Header  254
2024-11-23T20:51:43.760Z - [LOG] Payload:  Buffer(1753) [Uint8Array] [  254,  47, 232, 214,  61, 216, 144, 170,  21, 127,  191,  25, 150,  64,  68,  21,  22, 235,   3,   5,  194,  93, 180, 247, 213,  49,  57, 130,  92,  15,  120, 211,  14, 170, 232, 119, 235, 207, 130,  60,  222,  51,  53,  62,  27, 211, 205, 110, 189,  95,  ... 1703 more items]
2024-11-23T20:51:43.809Z - [LOG] Receive Counter: 20
2024-11-23T20:51:43.816Z - [LOG] Packet Length: 1744 Checksum Length: 8
2024-11-23T20:51:43.822Z - [LOG] <22:51:43>: <ERROR> Decryption error: Checksum mismatch 79b3e90215d3b8cd != c7dcb9aa7414cc8e
2024-11-23T20:51:44.912Z - [LOG] Header  254
2024-11-23T20:51:44.926Z - [LOG] Payload:  Buffer(1757) [Uint8Array] [  254,  34, 110,  14,  60, 248, 195,  20, 161, 210,   51, 168,   3, 101, 231, 142,  93,  96,  38,  59,  145, 221, 184,  74, 226,  97, 237,  26,  40,  30,  132, 165,  40, 216, 249, 152,   9, 112, 162,  23,  210, 141, 190, 135,  93,  46, 144, 243, 108,   7,  ... 1707 more items]
2024-11-23T20:51:44.937Z - [LOG] Receive Counter: 21
2024-11-23T20:51:44.943Z - [LOG] Packet Length: 1748 Checksum Length: 8
2024-11-23T20:51:44.947Z - [LOG] <22:51:44>: <ERROR> Decryption error: Checksum mismatch 07f8b1ef40b5f7f4 != c6e545512759fb11
2024-11-23T20:51:45.244Z - [LOG] Header  254
2024-11-23T20:51:45.251Z - [LOG] Payload:  Buffer(1802) [Uint8Array] [  254,  22, 202, 171, 123,  43, 147, 202, 153, 111,  194,  45, 131, 216, 215,  91, 175,  34,  72,  17,   10,  36,  83, 151, 191,  94,  57,  61, 218, 227,   29,  27, 229, 190, 200, 248, 147,   4,  60,  71,   71, 239, 173, 205, 121,  69, 230, 203, 112,  52,  ... 1752 more items]
2024-11-23T20:51:45.272Z - [LOG] Receive Counter: 22
2024-11-23T20:51:45.278Z - [LOG] Packet Length: 1793 Checksum Length: 8
2024-11-23T20:51:45.281Z - [LOG] <22:51:45>: <ERROR> Decryption error: Checksum mismatch 7556a092a2ab5c57 != d096148ef57f572b
2024-11-23T20:51:45.381Z - [LOG] Header  254
2024-11-23T20:51:45.393Z - [LOG] Payload:  Buffer(1560) [Uint8Array] [  254, 174,  83, 255,  98,   3, 100, 87, 208,  47,  124, 204, 109, 153,  23,  43, 171, 38, 171,   5,  180,  10, 199, 126, 239, 142, 236, 50,  65, 180,  201, 221,   9, 167, 148, 147,  56, 27, 107,  28,   23,  81, 185, 195,   1, 188,  72, 98,  49, 224,  ... 1510 more items]
2024-11-23T20:51:45.413Z - [LOG] Receive Counter: 23
2024-11-23T20:51:45.420Z - [LOG] Packet Length: 1551 Checksum Length: 8
2024-11-23T20:51:45.421Z - [LOG] <22:51:45>: <ERROR> Decryption error: Checksum mismatch 00563b565a4f2f5d != a16c18b310b04f10
2024-11-23T20:51:47.966Z - [LOG] Header  254
2024-11-23T20:51:47.979Z - [LOG] Payload:  Buffer(1802) [Uint8Array] [  254,  22, 202, 171, 123,  43, 147, 202, 153, 111,  194,  45, 131, 216, 215,  91, 175,  34,  72,  17,   10,  36,  83, 151, 191,  94,  57,  61, 218, 227,   29,  27, 229, 190, 200, 248, 147,   4,  60,  71,   71, 239, 173, 205, 121,  69, 230, 203, 112,  52,  ... 1752 more items]
2024-11-23T20:51:47.996Z - [LOG] Receive Counter: 24
2024-11-23T20:51:48.000Z - [LOG] Packet Length: 1793 Checksum Length: 8
2024-11-23T20:51:48.003Z - [LOG] <22:51:48>: <ERROR> Decryption error: Checksum mismatch a5f8a2c087951d5f != 6b28d4deff517e45
2024-11-23T20:51:49.614Z - [LOG] Header  254
2024-11-23T20:51:49.624Z - [LOG] Payload:  Buffer(1757) [Uint8Array] [  254,  34, 110,  14,  60, 248, 195,  20, 161, 210,   51, 168,   3, 101, 231, 142,  93,  96,  38,  59,  145, 221, 184,  74, 226,  97, 237,  26,  40,  30,  132, 165,  40, 216, 249, 152,   9, 112, 162,  23,  210, 141, 190, 135,  93,  46, 144, 243, 108,   7,  ... 1707 more items]
2024-11-23T20:51:49.664Z - [LOG] Receive Counter: 25
2024-11-23T20:51:49.676Z - [LOG] Packet Length: 1748 Checksum Length: 8
2024-11-23T20:51:49.678Z - [LOG] <22:51:49>: <ERROR> Decryption error: Checksum mismatch 555005d5aa77570b != 83460c09f8324e0f
2024-11-23T20:51:52.262Z - [LOG] Header  254
2024-11-23T20:51:52.270Z - [LOG] Payload:  Buffer(1802) [Uint8Array] [  254,  22, 202, 171, 123,  43, 147, 202, 153, 111,  194,  45, 131, 216, 215,  91, 175,  34,  72,  17,   10,  36,  83, 151, 191,  94,  57,  61, 218, 227,   29,  27, 229, 190, 200, 248, 147,   4,  60,  71,   71, 239, 173, 205, 121,  69, 230, 203, 112,  52,  ... 1752 more items]
2024-11-23T20:51:52.324Z - [LOG] Receive Counter: 26
2024-11-23T20:51:52.328Z - [LOG] Packet Length: 1793 Checksum Length: 8
2024-11-23T20:51:52.332Z - [LOG] <22:51:52>: <ERROR> Decryption error: Checksum mismatch f524f54b53722fd0 != 2f06c820ee9b3f60
2024-11-23T20:51:54.334Z - [LOG] Header  254
2024-11-23T20:51:54.341Z - [LOG] Payload:  Buffer(1840) [Uint8Array] [  254, 206,  27, 161, 145, 133,  99, 113,  48,  18,  149, 161, 147, 123,  33,  47,  17,  52,  48, 192,  175,   1,  18, 215,  80,  37, 154, 168, 124,  13,   53, 141, 237, 238, 197, 220, 213, 152,  15, 186,   27,   7, 238,  63, 109, 241,  97, 140, 185,  78,  ... 1790 more items]
2024-11-23T20:51:54.358Z - [LOG] Receive Counter: 27
2024-11-23T20:51:54.371Z - [LOG] Packet Length: 1831 Checksum Length: 8
2024-11-23T20:51:54.373Z - [LOG] <22:51:54>: <ERROR> Decryption error: Checksum mismatch 10838c824a434b45 != f137cadd31759f29
2024-11-23T20:51:54.461Z - [LOG] Header  254
2024-11-23T20:51:54.472Z - [LOG] Payload:  Buffer(1753) [Uint8Array] [  254,  47, 232, 214,  61, 216, 144, 170,  21, 127,  191,  25, 150,  64,  68,  21,  22, 235,   3,   5,  194,  93, 180, 247, 213,  49,  57, 130,  92,  15,  120, 211,  14, 170, 232, 119, 235, 207, 130,  60,  222,  51,  53,  62,  27, 211, 205, 110, 189,  95,  ... 1703 more items]
2024-11-23T20:51:54.497Z - [LOG] Receive Counter: 28
2024-11-23T20:51:54.503Z - [LOG] Packet Length: 1744 Checksum Length: 8
2024-11-23T20:51:54.504Z - [LOG] <22:51:54>: <ERROR> Decryption error: Checksum mismatch b3f9213d3f4abf5d != 2e719efda2af2e3f
2024-11-23T20:51:58.473Z - [LOG] Header  254
2024-11-23T20:51:58.480Z - [LOG] Payload:  Buffer(1802) [Uint8Array] [  254,  22, 202, 171, 123,  43, 147, 202, 153, 111,  194,  45, 131, 216, 215,  91, 175,  34,  72,  17,   10,  36,  83, 151, 191,  94,  57,  61, 218, 227,   29,  27, 229, 190, 200, 248, 147,   4,  60,  71,   71, 239, 173, 205, 121,  69, 230, 203, 112,  52,  ... 1752 more items]
2024-11-23T20:51:58.504Z - [LOG] Receive Counter: 29
2024-11-23T20:51:58.508Z - [LOG] Packet Length: 1793 Checksum Length: 8
2024-11-23T20:51:58.510Z - [LOG] <22:51:58>: <ERROR> Decryption error: Checksum mismatch 4297ae381807878e != 46b206d8665ba3e7
2024-11-23T20:51:58.938Z - [LOG] Header  254
2024-11-23T20:51:58.949Z - [LOG] Payload:  Buffer(1840) [Uint8Array] [  254, 206,  27, 161, 145, 133,  99, 113,  48,  18,  149, 161, 147, 123,  33,  47,  17,  52,  48, 192,  175,   1,  18, 215,  80,  37, 154, 168, 124,  13,   53, 141, 237, 238, 197, 220, 213, 152,  15, 186,   27,   7, 238,  63, 109, 241,  97, 140, 185,  78,  ... 1790 more items]
2024-11-23T20:51:58.982Z - [LOG] Receive Counter: 30
2024-11-23T20:51:58.995Z - [LOG] Packet Length: 1831 Checksum Length: 8
2024-11-23T20:51:58.998Z - [LOG] <22:51:58>: <ERROR> Decryption error: Checksum mismatch deb772dcf7b8f851 != 6ecbe65d4fd8501f
2024-11-23T20:52:00.472Z - [LOG] Header  254
2024-11-23T20:52:00.491Z - [LOG] Payload:  Buffer(1840) [Uint8Array] [  254, 206,  27, 161, 145, 133,  99, 113,  48,  18,  149, 161, 147, 123,  33,  47,  17,  52,  48, 192,  175,   1,  18, 215,  80,  37, 154, 168, 124,  13,   53, 141, 237, 238, 197, 220, 213, 152,  15, 186,   27,   7, 238,  63, 109, 241,  97, 140, 185,  78,  ... 1790 more items]
2024-11-23T20:52:00.510Z - [LOG] Receive Counter: 31
2024-11-23T20:52:00.514Z - [LOG] Packet Length: 1831 Checksum Length: 8
2024-11-23T20:52:00.522Z - [LOG] <22:52:0>: <ERROR> Decryption error: Checksum mismatch 937fceb383a7ca0f != 69b66e8f1fffabcd
2024-11-23T20:52:01.177Z - [LOG] Header  254
2024-11-23T20:52:01.191Z - [LOG] Payload:  Buffer(1691) [Uint8Array] [  254, 117,  59,  55,  11,   6, 175,  86, 126, 226,   50,  67,  64,   3,  26, 241,  24,  99,  93,  89,  132, 156, 208, 140, 230, 103,  55,  55,  20,  74,  186, 226, 130, 213,  93,  72,  40, 189, 204,  88,   80, 187, 121, 220,  79, 113,  54,  10,  33, 184,  ... 1641 more items]
2024-11-23T20:52:01.233Z - [LOG] Receive Counter: 32
2024-11-23T20:52:01.246Z - [LOG] Packet Length: 1682 Checksum Length: 8
2024-11-23T20:52:01.249Z - [LOG] <22:52:1>: <ERROR> Decryption error: Checksum mismatch 46ecc94aae032b09 != 50dd63bd87346264
2024-11-23T20:52:05.901Z - [LOG] Header  254
2024-11-23T20:52:05.907Z - [LOG] Payload:  Buffer(1757) [Uint8Array] [  254,  34, 110,  14,  60, 248, 195,  20, 161, 210,   51, 168,   3, 101, 231, 142,  93,  96,  38,  59,  145, 221, 184,  74, 226,  97, 237,  26,  40,  30,  132, 165,  40, 216, 249, 152,   9, 112, 162,  23,  210, 141, 190, 135,  93,  46, 144, 243, 108,   7,  ... 1707 more items]
2024-11-23T20:52:05.927Z - [LOG] Receive Counter: 33
2024-11-23T20:52:05.937Z - [LOG] Packet Length: 1748 Checksum Length: 8
2024-11-23T20:52:05.939Z - [LOG] <22:52:5>: <ERROR> Decryption error: Checksum mismatch e935feebe0b5d736 != 606d54546426285f
2024-11-23T20:52:06.311Z - [LOG] Header  254
2024-11-23T20:52:06.327Z - [LOG] Payload:  Buffer(1802) [Uint8Array] [  254,  22, 202, 171, 123,  43, 147, 202, 153, 111,  194,  45, 131, 216, 215,  91, 175,  34,  72,  17,   10,  36,  83, 151, 191,  94,  57,  61, 218, 227,   29,  27, 229, 190, 200, 248, 147,   4,  60,  71,   71, 239, 173, 205, 121,  69, 230, 203, 112,  52,  ... 1752 more items]
2024-11-23T20:52:06.354Z - [LOG] Receive Counter: 34
2024-11-23T20:52:06.359Z - [LOG] Packet Length: 1793 Checksum Length: 8
2024-11-23T20:52:06.365Z - [LOG] <22:52:6>: <ERROR> Decryption error: Checksum mismatch 211002b20fae79bb != 82591fa3cb9238f8
2024-11-23T20:52:06.436Z - [LOG] Header  254
2024-11-23T20:52:06.477Z - [LOG] Payload:  Buffer(1560) [Uint8Array] [  254, 174,  83, 255,  98,   3, 100, 87, 208,  47,  124, 204, 109, 153,  23,  43, 171, 38, 171,   5,  180,  10, 199, 126, 239, 142, 236, 50,  65, 180,  201, 221,   9, 167, 148, 147,  56, 27, 107,  28,   23,  81, 185, 195,   1, 188,  72, 98,  49, 224,  ... 1510 more items]
2024-11-23T20:52:06.514Z - [LOG] Receive Counter: 35
2024-11-23T20:52:06.520Z - [LOG] Packet Length: 1551 Checksum Length: 8
2024-11-23T20:52:06.521Z - [LOG] <22:52:6>: <ERROR> Decryption error: Checksum mismatch c944bf55cbe125ac != 62ad5ae606b65f48
2024-11-23T20:52:12.000Z - [LOG] Header  254
2024-11-23T20:52:12.014Z - [LOG] Payload:  Buffer(1840) [Uint8Array] [  254, 206,  27, 161, 145, 133,  99, 113,  48,  18,  149, 161, 147, 123,  33,  47,  17,  52,  48, 192,  175,   1,  18, 215,  80,  37, 154, 168, 124,  13,   53, 141, 237, 238, 197, 220, 213, 152,  15, 186,   27,   7, 238,  63, 109, 241,  97, 140, 185,  78,  ... 1790 more items]
2024-11-23T20:52:12.056Z - [LOG] Receive Counter: 36
2024-11-23T20:52:12.061Z - [LOG] Packet Length: 1831 Checksum Length: 8
2024-11-23T20:52:12.063Z - [LOG] <22:52:12>: <ERROR> Decryption error: Checksum mismatch 341b5fc7958dfd4c != 9401499cee63c569
2024-11-23T20:52:12.160Z - [LOG] Header  254
2024-11-23T20:52:12.173Z - [LOG] Payload:  Buffer(1753) [Uint8Array] [  254,  47, 232, 214,  61, 216, 144, 170,  21, 127,  191,  25, 150,  64,  68,  21,  22, 235,   3,   5,  194,  93, 180, 247, 213,  49,  57, 130,  92,  15,  120, 211,  14, 170, 232, 119, 235, 207, 130,  60,  222,  51,  53,  62,  27, 211, 205, 110, 189,  95,  ... 1703 more items]
2024-11-23T20:52:12.208Z - [LOG] Receive Counter: 37
2024-11-23T20:52:12.213Z - [LOG] Packet Length: 1744 Checksum Length: 8
2024-11-23T20:52:12.215Z - [LOG] <22:52:12>: <ERROR> Decryption error: Checksum mismatch 3d494dcfb00f9dd4 != 265df66361e82e6f
2024-11-23T20:52:13.041Z - [LOG] Header  254
2024-11-23T20:52:13.049Z - [LOG] Payload:  Buffer(1802) [Uint8Array] [  254,  22, 202, 171, 123,  43, 147, 202, 153, 111,  194,  45, 131, 216, 215,  91, 175,  34,  72,  17,   10,  36,  83, 151, 191,  94,  57,  61, 218, 227,   29,  27, 229, 190, 200, 248, 147,   4,  60,  71,   71, 239, 173, 205, 121,  69, 230, 203, 112,  52,  ... 1752 more items]
2024-11-23T20:52:13.078Z - [LOG] Receive Counter: 38
2024-11-23T20:52:13.081Z - [LOG] Packet Length: 1793 Checksum Length: 8
2024-11-23T20:52:13.083Z - [LOG] <22:52:13>: <ERROR> Decryption error: Checksum mismatch 64800529b4753d25 != 03cf6f54f7cf4060
2024-11-23T20:52:13.611Z - [LOG] Header  254
2024-11-23T20:52:13.620Z - [LOG] Payload:  Buffer(1840) [Uint8Array] [  254, 206,  27, 161, 145, 133,  99, 113,  48,  18,  149, 161, 147, 123,  33,  47,  17,  52,  48, 192,  175,   1,  18, 215,  80,  37, 154, 168, 124,  13,   53, 141, 237, 238, 197, 220, 213, 152,  15, 186,   27,   7, 238,  63, 109, 241,  97, 140, 185,  78,  ... 1790 more items]
2024-11-23T20:52:13.647Z - [LOG] Receive Counter: 39
2024-11-23T20:52:13.663Z - [LOG] Packet Length: 1831 Checksum Length: 8
2024-11-23T20:52:13.673Z - [LOG] <22:52:13>: <ERROR> Decryption error: Checksum mismatch 568bb364ba6a0801 != 5bd7fab98665e357
2024-11-23T20:52:15.514Z - [LOG] Header  254
2024-11-23T20:52:15.522Z - [LOG] Payload:  Buffer(1840) [Uint8Array] [  254, 206,  27, 161, 145, 133,  99, 113,  48,  18,  149, 161, 147, 123,  33,  47,  17,  52,  48, 192,  175,   1,  18, 215,  80,  37, 154, 168, 124,  13,   53, 141, 237, 238, 197, 220, 213, 152,  15, 186,   27,   7, 238,  63, 109, 241,  97, 140, 185,  78,  ... 1790 more items]
2024-11-23T20:52:15.547Z - [LOG] Receive Counter: 40
2024-11-23T20:52:15.552Z - [LOG] Packet Length: 1831 Checksum Length: 8
2024-11-23T20:52:15.554Z - [LOG] <22:52:15>: <ERROR> Decryption error: Checksum mismatch 1fdd6542acef0b04 != 890ebcd36a3c8feb
2024-11-23T20:52:21.697Z - [LOG] Header  254
2024-11-23T20:52:21.757Z - [LOG] Payload:  Buffer(1840) [Uint8Array] [  254, 206,  27, 161, 145, 133,  99, 113,  48,  18,  149, 161, 147, 123,  33,  47,  17,  52,  48, 192,  175,   1,  18, 215,  80,  37, 154, 168, 124,  13,   53, 141, 237, 238, 197, 220, 213, 152,  15, 186,   27,   7, 238,  63, 109, 241,  97, 140, 185,  78,  ... 1790 more items]
2024-11-23T20:52:21.794Z - [LOG] Receive Counter: 41
2024-11-23T20:52:21.814Z - [LOG] Packet Length: 1831 Checksum Length: 8
2024-11-23T20:52:21.824Z - [LOG] <22:52:21>: <ERROR> Decryption error: Checksum mismatch ce1dd1631ed7e5ce != 8b9b0f83d1aaf6b3
2024-11-23T20:52:24.632Z - [LOG] Header  254
2024-11-23T20:52:24.655Z - [LOG] Payload:  Buffer(1719) [Uint8Array] [  254,  20, 149, 58,  78, 202, 242, 197, 105,  45,   85, 117, 167, 21,  41,  38, 234, 232,  11, 201,   45,  50,  59, 96,  87,  85, 183, 106, 136,   9,  215,  84,  73, 44, 185, 173,   4, 123, 243, 246,  196, 163, 111, 25, 205, 175, 140, 202,  15, 125,  ... 1669 more items]
2024-11-23T20:52:24.691Z - [LOG] Receive Counter: 42
2024-11-23T20:52:24.698Z - [LOG] Packet Length: 1710 Checksum Length: 8
2024-11-23T20:52:24.700Z - [LOG] <22:52:24>: <ERROR> Decryption error: Checksum mismatch ebcace6275e51482 != a3f541b3b8e1c50d
2024-11-23T20:52:28.338Z - [LOG] Header  254
2024-11-23T20:52:28.349Z - [LOG] Payload:  Buffer(1471) [Uint8Array] [  254, 241, 139, 204,  38, 190,  86,  64, 227, 191,   23, 164, 254,   6,  45,  14,  69, 211,  13,  89,   63,  56, 111, 212,  25, 201,  34,  43, 255, 118,  196, 229, 250, 203, 158,  16, 150, 246,   7,   2,   66, 219, 143,  61,  91, 179, 184, 244, 170, 212,  ... 1421 more items]
2024-11-23T20:52:28.375Z - [LOG] Receive Counter: 43
2024-11-23T20:52:28.379Z - [LOG] Packet Length: 1462 Checksum Length: 8
2024-11-23T20:52:28.391Z - [LOG] <22:52:28>: <ERROR> Decryption error: Checksum mismatch b5aa88f3e21172c4 != b5a70d7c2f1f47c1
2024-11-23T20:52:30.244Z - [LOG] Header  254
2024-11-23T20:52:30.254Z - [LOG] Payload:  Buffer(1609) [Uint8Array] [  254, 231, 242, 192, 174,  26,  10, 108,  37,  89,  117,  34, 178, 175,  35, 160,  74, 249, 225,  29,   21,   9, 149, 126, 127, 196,  33, 152,  64, 158,   61, 178, 189, 190,  40,  48,  87, 171, 189, 116,  202,  53, 233,  28, 204, 207, 150, 124, 159,  31,  ... 1559 more items]
2024-11-23T20:52:30.279Z - [LOG] Receive Counter: 44
2024-11-23T20:52:30.288Z - [LOG] Packet Length: 1600 Checksum Length: 8
2024-11-23T20:52:30.290Z - [LOG] <22:52:30>: <ERROR> Decryption error: Checksum mismatch 8e0d614123f7a7d2 != 9544b27a5e9bfa2f
2024-11-23T20:52:32.010Z - [LOG] Header  254
2024-11-23T20:52:32.027Z - [LOG] Payload:  Buffer(1802) [Uint8Array] [  254,  22, 202, 171, 123,  43, 147, 202, 153, 111,  194,  45, 131, 216, 215,  91, 175,  34,  72,  17,   10,  36,  83, 151, 191,  94,  57,  61, 218, 227,   29,  27, 229, 190, 200, 248, 147,   4,  60,  71,   71, 239, 173, 205, 121,  69, 230, 203, 112,  52,  ... 1752 more items]
2024-11-23T20:52:32.081Z - [LOG] Receive Counter: 45
2024-11-23T20:52:32.088Z - [LOG] Packet Length: 1793 Checksum Length: 8
2024-11-23T20:52:32.090Z - [LOG] <22:52:32>: <ERROR> Decryption error: Checksum mismatch 48dfb3fd511abacf != 61fe26600eb157b7
2024-11-23T20:52:33.988Z - [LOG] Header  254
2024-11-23T20:52:33.996Z - [LOG] Payload:  Buffer(1840) [Uint8Array] [  254, 206,  27, 161, 145, 133,  99, 113,  48,  18,  149, 161, 147, 123,  33,  47,  17,  52,  48, 192,  175,   1,  18, 215,  80,  37, 154, 168, 124,  13,   53, 141, 237, 238, 197, 220, 213, 152,  15, 186,   27,   7, 238,  63, 109, 241,  97, 140, 185,  78,  ... 1790 more items]
2024-11-23T20:52:34.022Z - [LOG] Receive Counter: 46
2024-11-23T20:52:34.027Z - [LOG] Packet Length: 1831 Checksum Length: 8
2024-11-23T20:52:34.031Z - [LOG] <22:52:34>: <ERROR> Decryption error: Checksum mismatch 1c6eb8f5cf677a23 != 1c79cf57d23f8e8f
2024-11-23T20:52:36.127Z - [LOG] Header  254
2024-11-23T20:52:36.136Z - [LOG] Payload:  Buffer(1840) [Uint8Array] [  254, 206,  27, 161, 145, 133,  99, 113,  48,  18,  149, 161, 147, 123,  33,  47,  17,  52,  48, 192,  175,   1,  18, 215,  80,  37, 154, 168, 124,  13,   53, 141, 237, 238, 197, 220, 213, 152,  15, 186,   27,   7, 238,  63, 109, 241,  97, 140, 185,  78,  ... 1790 more items]
2024-11-23T20:52:36.188Z - [LOG] Receive Counter: 47
2024-11-23T20:52:36.199Z - [LOG] Packet Length: 1831 Checksum Length: 8
2024-11-23T20:52:36.204Z - [LOG] <22:52:36>: <ERROR> Decryption error: Checksum mismatch bdbe0a2c1fbf76bd != 87df80170c985d51
2024-11-23T20:52:37.942Z - [LOG] Header  254
2024-11-23T20:52:37.952Z - [LOG] Payload:  Buffer(1840) [Uint8Array] [  254, 206,  27, 161, 145, 133,  99, 113,  48,  18,  149, 161, 147, 123,  33,  47,  17,  52,  48, 192,  175,   1,  18, 215,  80,  37, 154, 168, 124,  13,   53, 141, 237, 238, 197, 220, 213, 152,  15, 186,   27,   7, 238,  63, 109, 241,  97, 140, 185,  78,  ... 1790 more items]
2024-11-23T20:52:37.988Z - [LOG] Receive Counter: 48
2024-11-23T20:52:37.997Z - [LOG] Packet Length: 1831 Checksum Length: 8
2024-11-23T20:52:38.013Z - [LOG] <22:52:38>: <ERROR> Decryption error: Checksum mismatch 4300eded03ff8658 != c58bc79f8cced915
2024-11-23T20:52:39.813Z - [LOG] Header  254
2024-11-23T20:52:39.847Z - [LOG] Payload:  Buffer(1840) [Uint8Array] [  254, 206,  27, 161, 145, 133,  99, 113,  48,  18,  149, 161, 147, 123,  33,  47,  17,  52,  48, 192,  175,   1,  18, 215,  80,  37, 154, 168, 124,  13,   53, 141, 237, 238, 197, 220, 213, 152,  15, 186,   27,   7, 238,  63, 109, 241,  97, 140, 185,  78,  ... 1790 more items]
2024-11-23T20:52:39.892Z - [LOG] Receive Counter: 49
2024-11-23T20:52:39.905Z - [LOG] Packet Length: 1831 Checksum Length: 8
2024-11-23T20:52:39.913Z - [LOG] <22:52:39>: <ERROR> Decryption error: Checksum mismatch d0c7fd5ece4969b6 != 59eeba1b3a0ee6e9
