2024-11-22T16:53:09.964Z - [TIME START] Spawn
2024-11-22T16:53:09.964Z - Starting connection...
2024-11-22T16:53:09.973Z - [LOG] <18:53:9>: <DEBUG> setupClientProfile execution time: 0.08ms
2024-11-22T16:53:09.977Z - [LOG] <18:53:9>: <DEBUG> createOfflineSession execution time: 10.01ms
2024-11-22T16:53:09.978Z - [LOG] <18:53:9>: <DEBUG> initializeSession execution time: 13.10ms
2024-11-22T16:53:09.980Z - [LOG] <18:53:9>: <DEBUG> connect execution time: 14.72ms
2024-11-22T16:53:09.995Z - [LOG] <18:53:9>: <DEBUG> setupClientChains execution time: 13.92ms
2024-11-22T16:53:10.812Z - [LOG] <18:53:10>: <DEBUG> handleSessionStart execution time: 7.40ms
2024-11-22T16:53:11.228Z - [LOG] handle
2024-11-22T16:53:11.232Z - [LOG] <18:53:11>: <DEBUG> Sending Game PACKET --> 193 | 0xc1 2024-11-22T16:53:11.232Z
2024-11-22T16:53:11.236Z - [LOG] <18:53:11>: <DEBUG> sendPacket execution time: 3.95ms
2024-11-22T16:53:11.243Z - [TIME END] Spawn: 1280ms
2024-11-22T16:53:11.249Z - [LOG] {  type: 'MCPE',  message: 'PocketMine-MP Server',  protocol: 748,  version: '1.21.40',  playerCount: 0,  maxPlayers: 20,  serverGUID: 959315177832208500,  serverName: 'PocketMine-MP',  gamemode: 'Survival'}
2024-11-22T16:53:11.252Z - Connected successfully: {"type":"MCPE","message":"PocketMine-MP Server","protocol":748,"version":"1.21.40","playerCount":0,"maxPlayers":20,"serverGUID":959315177832208500,"serverName":"PocketMine-MP","gamemode":"Survival"}
2024-11-22T16:53:11.603Z - [LOG] Header  254
2024-11-22T16:53:11.627Z - [LOG] Payload:  Buffer(14) [Uint8Array] [  254, 12, 143, 1, 1, 0,    0,  0,   0, 0, 0, 0,    0,  0]
2024-11-22T16:53:11.635Z - [LOG] id  143
2024-11-22T16:53:11.644Z - [LOG] 143
2024-11-22T16:53:11.700Z - [LOG] <18:53:11>: <DEBUG> S -> C NetworkSettingsPacket
2024-11-22T16:53:11.717Z - [LOG] test
2024-11-22T16:53:11.730Z - [LOG] <18:53:11>: <DEBUG> Sending Game PACKET --> 1 | 0x01 2024-11-22T16:53:11.730Z
2024-11-22T16:53:11.890Z - [LOG] <18:53:11>: <DEBUG> sendPacket execution time: 160.05ms
2024-11-22T16:53:11.901Z - [LOG] <18:53:11>: <DEBUG> sendLoginPacket execution time: 189.19ms
2024-11-22T16:53:11.944Z - [LOG] <18:53:11>: <DEBUG> onNetworkSettings execution time: 244.06ms
2024-11-22T16:53:12.215Z - [LOG] Header  254
2024-11-22T16:53:12.219Z - [LOG] Payload:  Buffer(360) [Uint8Array] [  254,   0,  21, 207, 203, 146, 162,  48,  24,  64,  225, 133, 207,  51,  83,  65, 193, 233,  94, 202,   37, 220,  36,  20, 129, 252,  72,  54,  83,  96,  148,  91,  64, 108,  80, 129,  39, 154, 170, 121,  201, 182, 247, 167, 234, 212, 247, 127, 179, 249,  ... 310 more items]
2024-11-22T16:53:12.230Z - [LOG] id  3
2024-11-22T16:53:12.232Z - [LOG] 3
2024-11-22T16:53:12.236Z - [LOG] <18:53:12>: <DEBUG> validateKeys execution time: 0.11ms
2024-11-22T16:53:12.455Z - [LOG] <18:53:12>: <DEBUG> createSharedSecret execution time: 218.77ms
2024-11-22T16:53:12.475Z - [LOG] <18:53:12>: <DEBUG> setupEncryption execution time: 9.79ms
2024-11-22T16:53:12.484Z - [LOG] <18:53:12>: <DEBUG> Sending Game PACKET --> 4 | 0x04 2024-11-22T16:53:12.484Z
2024-11-22T16:53:12.502Z - [LOG] <18:53:12>: <DEBUG> sendPacket execution time: 17.91ms
2024-11-22T16:53:12.504Z - [LOG] <18:53:12>: <DEBUG> sendClientToServerHandshake execution time: 26.96ms
2024-11-22T16:53:12.514Z - [LOG] <18:53:12>: <DEBUG> onServerToClientHandshake execution time: 275.72ms
2024-11-22T16:53:12.641Z - [LOG] Header  254
2024-11-22T16:53:12.644Z - [LOG] Payload:  Buffer(23) [Uint8Array] [  254, 102, 229, 138, 209, 212,    1, 182, 213,  76,  34, 110,  236, 185,  25, 182,  30, 149,  143,  39, 218, 221,  85]
2024-11-22T16:53:12.648Z - [LOG] Receive Counter: 0
2024-11-22T16:53:12.653Z - [LOG] Packet Length: 14 Checksum Length: 8
2024-11-22T16:53:12.661Z - [LOG] <18:53:12>: <DEBUG> Checksum matched 72b8a50ea6342b91 == 72b8a50ea6342b91
2024-11-22T16:53:12.662Z - [LOG] id  2
2024-11-22T16:53:12.664Z - [LOG] 2
2024-11-22T16:53:12.678Z - [LOG] <18:53:12>: <DEBUG> onPlayStatus execution time: 0.16ms
2024-11-22T16:53:12.681Z - [LOG] id  6
2024-11-22T16:53:12.684Z - [LOG] 6
2024-11-22T16:53:12.687Z - [LOG] <18:53:12>: <DEBUG> Sending Game PACKET --> 8 | 0x08 2024-11-22T16:53:12.686Z
2024-11-22T16:53:12.692Z - [LOG] <18:53:12>: <DEBUG> sendPacket execution time: 5.63ms
2024-11-22T16:53:12.694Z - [LOG] <18:53:12>: <DEBUG> onResourcePack execution time: 7.89ms
2024-11-22T16:53:12.895Z - [LOG] Header  254
2024-11-22T16:53:12.910Z - [LOG] Payload:  Buffer(1432) [Uint8Array] [  254,  10,  16,  36, 119, 222, 222,  30,  63, 204,  251,  79,  92,   5, 102, 235,  95, 155,  57,  95,   43, 129, 173, 119,  41,  72, 222, 147, 101,  62,  239, 171,  94,  15,  12,  90, 239,  95, 221, 227,   96, 137, 200, 150, 202,  67, 118, 186, 216,  85,  ... 1382 more items]
2024-11-22T16:53:12.919Z - [LOG] Receive Counter: 1
2024-11-22T16:53:12.963Z - [LOG] Packet Length: 1423 Checksum Length: 8
2024-11-22T16:53:12.987Z - [LOG] <18:53:12>: <ERROR> Decryption error: Checksum mismatch f25c8c193a949f76 != 661b62c9119ca0d5
