2024-11-24T18:48:01.441Z - [TIME START] Spawn
2024-11-24T18:48:01.442Z - Starting connection...
2024-11-24T18:48:01.446Z - [LOG] <20:48:1>: <DEBUG> setupClientProfile execution time: 0.05ms
2024-11-24T18:48:01.447Z - [LOG] <20:48:1>: <DEBUG> createOfflineSession execution time: 4.28ms
2024-11-24T18:48:01.448Z - [LOG] <20:48:1>: <DEBUG> initializeSession execution time: 5.54ms
2024-11-24T18:48:01.449Z - [LOG] <20:48:1>: <DEBUG> connect execution time: 6.28ms
2024-11-24T18:48:01.459Z - [LOG] <20:48:1>: <DEBUG> setupClientChains execution time: 10.35ms
2024-11-24T18:48:01.880Z - [LOG] <20:48:1>: <DEBUG> handleSessionStart execution time: 0.89ms
2024-11-24T18:48:02.258Z - [LOG] handle
2024-11-24T18:48:02.262Z - [LOG] <20:48:2>: <DEBUG> Sending Game PACKET --> 193 | 0xc1 2024-11-24T18:48:02.261Z
2024-11-24T18:48:02.264Z - [LOG] <20:48:2>: <DEBUG> sendPacket execution time: 3.42ms
2024-11-24T18:48:02.265Z - [TIME END] Spawn: 824ms
2024-11-24T18:48:02.274Z - [LOG] {  type: 'MCPE',  message: 'PocketMine-MP Server',  protocol: 748,  version: '1.21.40',  playerCount: 0,  maxPlayers: 20,  serverGUID: 2446291095431307000,  serverName: 'PocketMine-MP',  gamemode: 'Survival'}
2024-11-24T18:48:02.289Z - Connected successfully: {"type":"MCPE","message":"PocketMine-MP Server","protocol":748,"version":"1.21.40","playerCount":0,"maxPlayers":20,"serverGUID":2446291095431307000,"serverName":"PocketMine-MP","gamemode":"Survival"}
2024-11-24T18:48:02.581Z - [LOG] Header  254
2024-11-24T18:48:02.591Z - [LOG] Payload:  Buffer(14) [Uint8Array] [  254, 12, 143, 1, 1, 0,    0,  0,   0, 0, 0, 0,    0,  0]
2024-11-24T18:48:02.597Z - [LOG] id  143
2024-11-24T18:48:02.598Z - [LOG] 143
2024-11-24T18:48:02.601Z - [LOG] <20:48:2>: <DEBUG> S -> C NetworkSettingsPacket
2024-11-24T18:48:02.603Z - [LOG] test
2024-11-24T18:48:02.605Z - [LOG] <20:48:2>: <DEBUG> Sending Game PACKET --> 1 | 0x01 2024-11-24T18:48:02.605Z
2024-11-24T18:48:02.663Z - [LOG] <20:48:2>: <DEBUG> sendPacket execution time: 57.82ms
2024-11-24T18:48:02.668Z - [LOG] <20:48:2>: <DEBUG> sendLoginPacket execution time: 65.20ms
2024-11-24T18:48:02.669Z - [LOG] <20:48:2>: <DEBUG> onNetworkSettings execution time: 68.68ms
2024-11-24T18:48:02.794Z - [LOG] Header  254
2024-11-24T18:48:02.796Z - [LOG] Payload:  Buffer(358) [Uint8Array] [  254,   0,  21, 207, 219, 114, 163,  32,   0,   0,  208, 135, 124,  79,  58, 104,  46, 171, 143,   5,  197, 148, 245,  82,  81,  32, 225, 165, 163, 193,   46,  10, 106, 167, 102, 141, 241, 143, 118, 102,   63, 178, 237,  23, 156,  57, 255,  55, 155, 127,  ... 308 more items]
2024-11-24T18:48:02.799Z - [LOG] id  3
2024-11-24T18:48:02.800Z - [LOG] 3
2024-11-24T18:48:02.807Z - [LOG] <20:48:2>: <DEBUG> validateKeys execution time: 0.11ms
2024-11-24T18:48:02.884Z - [LOG] <20:48:2>: <DEBUG> createSharedSecret execution time: 77.95ms
2024-11-24T18:48:02.892Z - [LOG] <20:48:2>: <DEBUG> setupEncryption execution time: 5.17ms
2024-11-24T18:48:02.893Z - [LOG] <20:48:2>: <DEBUG> Sending Game PACKET --> 4 | 0x04 2024-11-24T18:48:02.893Z
2024-11-24T18:48:02.897Z - [LOG] <20:48:2>: <DEBUG> sendPacket execution time: 4.22ms
2024-11-24T18:48:02.898Z - [LOG] <20:48:2>: <DEBUG> sendClientToServerHandshake execution time: 5.05ms
2024-11-24T18:48:02.898Z - [LOG] <20:48:2>: <DEBUG> onServerToClientHandshake execution time: 97.85ms
2024-11-24T18:48:02.961Z - [LOG] Header  254
2024-11-24T18:48:02.962Z - [LOG] Payload:  Buffer(23) [Uint8Array] [  254,  45, 122, 128, 242,  66,   51,  19, 129, 135, 134, 151,  207, 163, 116, 100,  37, 102,    4, 213, 130,  11,  35]
2024-11-24T18:48:02.963Z - [LOG] Receive Counter: 0
2024-11-24T18:48:02.964Z - [LOG] Packet Length: 14 Checksum Length: 8
2024-11-24T18:48:02.968Z - [LOG] <20:48:2>: <DEBUG> Checksum matched 4502124ba395b1a2 == 4502124ba395b1a2
2024-11-24T18:48:02.968Z - [LOG] id  2
2024-11-24T18:48:02.969Z - [LOG] 2
2024-11-24T18:48:02.969Z - [LOG] <20:48:2>: <DEBUG> onPlayStatus execution time: 0.12ms
2024-11-24T18:48:02.970Z - [LOG] id  6
2024-11-24T18:48:02.970Z - [LOG] 6
2024-11-24T18:48:02.974Z - [LOG] <20:48:2>: <DEBUG> Sending Game PACKET --> 8 | 0x08 2024-11-24T18:48:02.973Z
2024-11-24T18:48:02.976Z - [LOG] <20:48:2>: <DEBUG> sendPacket execution time: 2.23ms
2024-11-24T18:48:02.976Z - [LOG] <20:48:2>: <DEBUG> onResourcePack execution time: 3.50ms
2024-11-24T18:48:05.812Z - [LOG] Header  254
2024-11-24T18:48:05.944Z - [LOG] Payload:  Buffer(53347) [Uint8Array] [  254,  21, 212, 109,  56, 122, 179, 200,  85,  216, 105, 228, 227, 159, 204, 196, 172, 164,  198,  46, 170,  88, 130, 161,  64, 107, 179,  190,  15, 127, 252,  84, 225,  28, 174, 221,  245, 218, 183, 197, 201, 107,  46, 194, 116,  236,  69, 142,  99,  99,  ... 53297 more items]
2024-11-24T18:48:05.952Z - [LOG] Receive Counter: 1
2024-11-24T18:48:06.043Z - [LOG] Packet Length: 53338 Checksum Length: 8
2024-11-24T18:48:06.046Z - [LOG] <20:48:6>: <DEBUG> Checksum matched e637da82ee4042cc == e637da82ee4042cc
2024-11-24T18:48:06.050Z - [LOG] id  11
2024-11-24T18:48:06.052Z - [LOG] 11
2024-11-24T18:48:06.074Z - [LOG] <20:48:6>: <DEBUG> Sending Game PACKET --> 69 | 0x45 2024-11-24T18:48:06.074Z
2024-11-24T18:48:06.077Z - [LOG] <20:48:6>: <DEBUG> sendPacket execution time: 2.35ms
2024-11-24T18:48:06.078Z - [LOG] <20:48:6>: <DEBUG> onStartGame execution time: 4.72ms
2024-11-24T18:48:06.078Z - [LOG] id  119
2024-11-24T18:48:06.078Z - [LOG] 119
2024-11-24T18:48:06.098Z - [LOG] id  122
2024-11-24T18:48:06.112Z - [LOG] 122
2024-11-24T18:48:06.113Z - [LOG] id  29
2024-11-24T18:48:06.113Z - [LOG] 29
2024-11-24T18:48:06.114Z - [LOG] id  76
2024-11-24T18:48:06.114Z - [LOG] 76
2024-11-24T18:48:06.116Z - [LOG] id  187
2024-11-24T18:48:06.116Z - [LOG] 187
2024-11-24T18:48:06.117Z - [LOG] id  188
2024-11-24T18:48:06.118Z - [LOG] 188
2024-11-24T18:48:06.119Z - [LOG] id  39
2024-11-24T18:48:06.119Z - [LOG] 39
2024-11-24T18:48:06.122Z - [LOG] id  49
2024-11-24T18:48:06.123Z - [LOG] 49
2024-11-24T18:48:06.124Z - [LOG] id  49
2024-11-24T18:48:06.126Z - [LOG] 49
2024-11-24T18:48:06.126Z - [LOG] id  49
2024-11-24T18:48:06.127Z - [LOG] 49
2024-11-24T18:48:06.127Z - [LOG] id  49
2024-11-24T18:48:06.127Z - [LOG] 49
2024-11-24T18:48:06.127Z - [LOG] id  49
2024-11-24T18:48:06.128Z - [LOG] 49
2024-11-24T18:48:06.128Z - [LOG] id  49
2024-11-24T18:48:06.128Z - [LOG] 49
2024-11-24T18:48:06.128Z - [LOG] id  50
2024-11-24T18:48:06.129Z - [LOG] 50
2024-11-24T18:48:06.129Z - [LOG] id  50
2024-11-24T18:48:06.130Z - [LOG] 50
2024-11-24T18:48:06.130Z - [LOG] id  50
2024-11-24T18:48:06.130Z - [LOG] 50
2024-11-24T18:48:06.130Z - [LOG] id  50
2024-11-24T18:48:06.131Z - [LOG] 50
2024-11-24T18:48:06.131Z - [LOG] id  50
2024-11-24T18:48:06.131Z - [LOG] 50
2024-11-24T18:48:06.131Z - [LOG] id  31
2024-11-24T18:48:06.132Z - [LOG] 31
2024-11-24T18:48:06.132Z - [LOG] id  145
2024-11-24T18:48:06.132Z - [LOG] 145
2024-11-24T18:48:06.169Z - [LOG] id  52
2024-11-24T18:48:06.180Z - [LOG] 52
2024-11-24T18:48:06.347Z - [LOG] id  63
2024-11-24T18:48:06.421Z - [LOG] 63
2024-11-24T18:48:06.475Z - [LOG] id  29
2024-11-24T18:48:06.554Z - [LOG] 29
2024-11-24T18:48:08.976Z - [LOG] Header  254
2024-11-24T18:48:08.983Z - [LOG] Payload:  Buffer(1840) [Uint8Array] [  254,  90,  64,   9,  44,  32, 173, 170, 162, 201,   40,  70,  52,  61, 192, 206,  43, 217, 102, 138,  165, 219,  37,   9,  52, 149, 209,  95, 101, 206,  161,   9, 146,  54, 217, 203, 141,  78, 180, 154,   35,  68,  60, 187, 193,  13, 240, 143,  15, 108,  ... 1790 more items]
2024-11-24T18:48:08.989Z - [LOG] Receive Counter: 2
2024-11-24T18:48:08.996Z - [LOG] Packet Length: 1831 Checksum Length: 8
2024-11-24T18:48:09.008Z - [LOG] <20:48:9>: <ERROR> Decryption error: Checksum mismatch 8f27892924ffa2a0 != 7809db72da24c544
2024-11-24T18:48:09.088Z - [LOG] Header  254
2024-11-24T18:48:09.093Z - [LOG] Payload:  Buffer(2012) [Uint8Array] [  254, 154, 200, 221,  53, 183,  15, 191, 154,  88,   94, 157, 114,  11,  81, 178, 118,  70, 229, 203,  202,  51, 165, 108, 235, 198, 145,  63, 227,  13,  187, 167, 199, 209,  63,  43,  28,  78, 174, 157,  222, 194, 153, 249, 167,  71, 237,  75, 227,  49,  ... 1962 more items]
2024-11-24T18:48:09.100Z - [LOG] Receive Counter: 3
2024-11-24T18:48:09.101Z - [LOG] Packet Length: 2003 Checksum Length: 8
2024-11-24T18:48:09.102Z - [LOG] <20:48:9>: <ERROR> Decryption error: Checksum mismatch 0681b28eddab6f3a != 0d8e74ed71a0cd2a
2024-11-24T18:48:09.211Z - [LOG] Header  254
2024-11-24T18:48:09.215Z - [LOG] Payload:  Buffer(1757) [Uint8Array] [  254,  69, 168, 187,   7,  70,  55,   1,  75,  69,   44, 255, 137,  26,  51,  36,  99, 183,  52, 111,    2, 236,  62,  93, 217, 160, 128, 184, 170, 160,  114, 182, 251,  55, 232,  40, 116,  98, 142,  99,  123, 226, 109,  74, 161, 150,  14, 196, 140, 248,  ... 1707 more items]
2024-11-24T18:48:09.218Z - [LOG] Receive Counter: 4
2024-11-24T18:48:09.219Z - [LOG] Packet Length: 1748 Checksum Length: 8
2024-11-24T18:48:09.220Z - [LOG] <20:48:9>: <ERROR> Decryption error: Checksum mismatch f6dc13ba15ffc1a6 != a6a90fc0a3a9795e
2024-11-24T18:48:09.360Z - [LOG] Header  254
2024-11-24T18:48:09.366Z - [LOG] Payload:  Buffer(1902) [Uint8Array] [  254, 248,  74, 127, 183, 255, 161, 204, 150, 181,  134,  68,  37, 122,  28,  70,  81, 185,  79, 104,   99, 174, 221, 185,  20,  46, 162,  82, 167, 205,  114, 195,  47,  51, 202,  72,  74, 146,  57, 159,  120, 163, 212,  10,  55, 106, 144,  87,  83, 140,  ... 1852 more items]
2024-11-24T18:48:09.372Z - [LOG] Receive Counter: 5
2024-11-24T18:48:09.374Z - [LOG] Packet Length: 1893 Checksum Length: 8
2024-11-24T18:48:09.375Z - [LOG] <20:48:9>: <ERROR> Decryption error: Checksum mismatch a27e850b5be460b1 != 707b7fdb58fe3825
2024-11-24T18:48:09.469Z - [LOG] Header  254
2024-11-24T18:48:09.473Z - [LOG] Payload:  Buffer(1661) [Uint8Array] [  254, 241, 186, 238, 179, 228, 111, 218, 176, 156,  211, 127,   2, 199, 118, 100, 189, 122, 165, 154,   26,  19, 114, 155, 114,  96, 137, 194, 110, 128,   27,  28,  50,  36,  44,  32, 199,  34,  86, 118,  101, 103,  69,  21, 251,   9, 168, 232, 217, 128,  ... 1611 more items]
2024-11-24T18:48:09.477Z - [LOG] Receive Counter: 6
2024-11-24T18:48:09.479Z - [LOG] Packet Length: 1652 Checksum Length: 8
2024-11-24T18:48:09.479Z - [LOG] <20:48:9>: <ERROR> Decryption error: Checksum mismatch a9c31c5e830a9d9f != b77c79edc0d82d9d
2024-11-24T18:48:09.595Z - [LOG] Header  254
2024-11-24T18:48:09.599Z - [LOG] Payload:  Buffer(1802) [Uint8Array] [  254, 103, 140,  49, 107, 240, 37,   2, 101, 151,  222, 233,  39,  66, 187,  25, 40, 134, 132,  28,  125, 165,  57, 230, 210, 171,  6,  34, 222, 212,  107, 141, 107, 145, 111,  22, 39, 169, 208, 213,  174, 241, 133, 204, 109, 175, 55,  79, 213, 196,  ... 1752 more items]
2024-11-24T18:48:09.607Z - [LOG] Receive Counter: 7
2024-11-24T18:48:09.608Z - [LOG] Packet Length: 1793 Checksum Length: 8
2024-11-24T18:48:09.609Z - [LOG] <20:48:9>: <ERROR> Decryption error: Checksum mismatch b4486737076433c6 != 6b1289a1e778124a
2024-11-24T18:48:09.711Z - [LOG] Header  254
2024-11-24T18:48:09.713Z - [LOG] Payload:  Buffer(1560) [Uint8Array] [  254, 127, 222, 248,  77, 162, 136,  26,  77, 173,  167, 132, 105,  57,  13, 134, 246, 178, 185, 169,  152,  23,  43,  29, 252, 215, 191, 187, 190, 173,   66,  31,  56,  24, 145, 191,  41,  81,  63, 232,  241, 162,  98, 172,  70,   5, 174,  22,  61,  46,  ... 1510 more items]
2024-11-24T18:48:09.717Z - [LOG] Receive Counter: 8
2024-11-24T18:48:09.718Z - [LOG] Packet Length: 1551 Checksum Length: 8
2024-11-24T18:48:09.719Z - [LOG] <20:48:9>: <ERROR> Decryption error: Checksum mismatch 17e35933e6e13bb4 != 5c5b05be897e91bb
2024-11-24T18:48:09.877Z - [LOG] Header  254
2024-11-24T18:48:09.884Z - [LOG] Payload:  Buffer(1494) [Uint8Array] [  254, 193, 245, 252, 123, 153, 200, 233, 200, 123,   61,  35, 117,   3, 238,   0,  81, 135, 252, 251,   23,  44, 148, 231, 181,  76,  37, 112, 165, 120,  138,  76, 150, 219, 116, 230, 246,  55, 181, 198,  245,  83,  99, 105, 254, 119,  67, 169,  55, 236,  ... 1444 more items]
2024-11-24T18:48:09.915Z - [LOG] Receive Counter: 9
2024-11-24T18:48:09.917Z - [LOG] Packet Length: 1485 Checksum Length: 8
2024-11-24T18:48:09.917Z - [LOG] <20:48:9>: <ERROR> Decryption error: Checksum mismatch 98bd68652da4d8f7 != 2f3b2e0f1452aafe
2024-11-24T18:48:09.982Z - [LOG] Header  254
2024-11-24T18:48:09.985Z - [LOG] Payload:  Buffer(1889) [Uint8Array] [  254, 172, 249, 128, 239, 129, 192, 154, 179, 107,   25, 143, 249,  28,  52,  55, 239, 226, 195,  71,  119,  39, 184, 224, 219,  48, 173,  72,  63,  11,  228,  68, 209, 243,  24, 214, 247, 207,   4, 197,    6,  61, 103,  61,  84, 159, 201,  89, 146,  30,  ... 1839 more items]
2024-11-24T18:48:09.992Z - [LOG] Receive Counter: 10
