2024-11-23T19:36:34.095Z - [TIME START] Spawn
2024-11-23T19:36:34.098Z - Starting connection...
2024-11-23T19:36:34.137Z - [LOG] <21:36:34>: <DEBUG> setupClientProfile execution time: 0.07ms
2024-11-23T19:36:34.140Z - [LOG] <21:36:34>: <DEBUG> createOfflineSession execution time: 36.79ms
2024-11-23T19:36:34.144Z - [LOG] <21:36:34>: <DEBUG> initializeSession execution time: 41.81ms
2024-11-23T19:36:34.146Z - [LOG] <21:36:34>: <DEBUG> connect execution time: 44.24ms
2024-11-23T19:36:34.170Z - [LOG] <21:36:34>: <DEBUG> setupClientChains execution time: 22.62ms
2024-11-23T19:36:34.923Z - [LOG] <21:36:34>: <DEBUG> handleSessionStart execution time: 7.32ms
2024-11-23T19:36:35.323Z - [LOG] handle
2024-11-23T19:36:35.327Z - [LOG] <21:36:35>: <DEBUG> Sending Game PACKET --> 193 | 0xc1 2024-11-23T19:36:35.327Z
2024-11-23T19:36:35.333Z - [LOG] <21:36:35>: <DEBUG> sendPacket execution time: 6.54ms
2024-11-23T19:36:35.342Z - [TIME END] Spawn: 1247ms
2024-11-23T19:36:35.359Z - [LOG] {  type: 'MCPE',  message: 'PocketMine-MP Server',  protocol: 748,  version: '1.21.40',  playerCount: 0,  maxPlayers: 20,  serverGUID: 959315177832208500,  serverName: 'PocketMine-MP',  gamemode: 'Survival'}
2024-11-23T19:36:35.382Z - Connected successfully: {"type":"MCPE","message":"PocketMine-MP Server","protocol":748,"version":"1.21.40","playerCount":0,"maxPlayers":20,"serverGUID":959315177832208500,"serverName":"PocketMine-MP","gamemode":"Survival"}
2024-11-23T19:36:35.791Z - [LOG] Header  254
2024-11-23T19:36:35.806Z - [LOG] Payload:  Buffer(14) [Uint8Array] [  254, 12, 143, 1, 1, 0,    0,  0,   0, 0, 0, 0,    0,  0]
2024-11-23T19:36:35.810Z - [LOG] id  143
2024-11-23T19:36:35.814Z - [LOG] 143
2024-11-23T19:36:35.816Z - [LOG] <21:36:35>: <DEBUG> S -> C NetworkSettingsPacket
2024-11-23T19:36:35.820Z - [LOG] test
2024-11-23T19:36:35.824Z - [LOG] <21:36:35>: <DEBUG> Sending Game PACKET --> 1 | 0x01 2024-11-23T19:36:35.823Z
2024-11-23T19:36:35.889Z - [LOG] <21:36:35>: <DEBUG> sendPacket execution time: 65.01ms
2024-11-23T19:36:35.911Z - [LOG] <21:36:35>: <DEBUG> sendLoginPacket execution time: 93.99ms
2024-11-23T19:36:35.915Z - [LOG] <21:36:35>: <DEBUG> onNetworkSettings execution time: 98.75ms
2024-11-23T19:36:36.682Z - [LOG] Header  254
2024-11-23T19:36:36.695Z - [LOG] Payload:  Buffer(360) [Uint8Array] [  254,   0,  21, 207, 203, 110, 163,  48,   0,  64,  209,  69, 190, 167,  35, 243, 156, 201,  50,  20,   12,  38, 197, 212,   6,  27, 240, 166,   2, 156,  242,  50,  36,  45,  76,   2, 124, 209,  72, 243,  147, 109, 247,  87, 186,  58, 255,  15, 135, 127,  ... 310 more items]
2024-11-23T19:36:36.722Z - [LOG] id  3
2024-11-23T19:36:36.832Z - [LOG] 3
2024-11-23T19:36:36.841Z - [LOG] <21:36:36>: <DEBUG> validateKeys execution time: 0.12ms
2024-11-23T19:36:36.976Z - [LOG] <21:36:36>: <DEBUG> createSharedSecret execution time: 135.73ms
2024-11-23T19:36:36.983Z - [LOG] <21:36:36>: <DEBUG> setupEncryption execution time: 5.17ms
2024-11-23T19:36:36.988Z - [LOG] <21:36:36>: <DEBUG> Sending Game PACKET --> 4 | 0x04 2024-11-23T19:36:36.988Z
2024-11-23T19:36:36.994Z - [LOG] <21:36:36>: <DEBUG> sendPacket execution time: 5.70ms
2024-11-23T19:36:37.000Z - [LOG] <21:36:36>: <DEBUG> sendClientToServerHandshake execution time: 10.31ms
2024-11-23T19:36:37.014Z - [LOG] <21:36:37>: <DEBUG> onServerToClientHandshake execution time: 174.07ms
2024-11-23T19:36:37.146Z - [LOG] Header  254
2024-11-23T19:36:37.148Z - [LOG] Payload:  Buffer(23) [Uint8Array] [  254,  81, 109, 209, 199, 180,   60, 226, 243, 126, 200,  52,  140, 112, 158, 135, 179, 226,   74,  53, 144,   0,  53]
2024-11-23T19:36:37.149Z - [LOG] Receive Counter: 0
2024-11-23T19:36:37.150Z - [LOG] Packet Length: 14 Checksum Length: 8
2024-11-23T19:36:37.155Z - [LOG] <21:36:37>: <DEBUG> Checksum matched 0a08973ff37bb7d1 == 0a08973ff37bb7d1
2024-11-23T19:36:37.159Z - [LOG] id  2
2024-11-23T19:36:37.162Z - [LOG] 2
2024-11-23T19:36:37.164Z - [LOG] <21:36:37>: <DEBUG> onPlayStatus execution time: 0.14ms
2024-11-23T19:36:37.165Z - [LOG] id  6
2024-11-23T19:36:37.166Z - [LOG] 6
2024-11-23T19:36:37.172Z - [LOG] <21:36:37>: <DEBUG> Sending Game PACKET --> 8 | 0x08 2024-11-23T19:36:37.172Z
2024-11-23T19:36:37.176Z - [LOG] <21:36:37>: <DEBUG> sendPacket execution time: 4.12ms
2024-11-23T19:36:37.177Z - [LOG] <21:36:37>: <DEBUG> onResourcePack execution time: 5.39ms
2024-11-23T19:36:40.131Z - [LOG] Header  254
2024-11-23T19:36:40.392Z - [LOG] Payload:  Buffer(53358) [Uint8Array] [  254,  21, 157, 229, 228,  72,  98, 149, 220,  61,  111,  64, 125, 111,  67, 169, 200, 157, 117,  43,  208,   1,  99, 146, 109,  73, 213, 201, 140, 212,  142, 110,  44, 197, 152,  90, 127, 142,  60,   6,  235, 172,  38, 245, 133, 140,  43,  88,  25, 213,  ... 53308 more items]
2024-11-23T19:36:40.417Z - [LOG] Receive Counter: 1
2024-11-23T19:36:40.678Z - [LOG] Packet Length: 53349 Checksum Length: 8
2024-11-23T19:36:40.689Z - [LOG] <21:36:40>: <DEBUG> Checksum matched 167460847fcb6af7 == 167460847fcb6af7
2024-11-23T19:36:40.695Z - [LOG] id  11
2024-11-23T19:36:40.697Z - [LOG] 11
2024-11-23T19:36:40.730Z - [LOG] <21:36:40>: <DEBUG> Sending Game PACKET --> 69 | 0x45 2024-11-23T19:36:40.730Z
2024-11-23T19:36:40.755Z - [LOG] <21:36:40>: <DEBUG> sendPacket execution time: 24.26ms
2024-11-23T19:36:40.776Z - [LOG] <21:36:40>: <DEBUG> onStartGame execution time: 47.69ms
2024-11-23T19:36:40.782Z - [LOG] id  119
2024-11-23T19:36:40.794Z - [LOG] 119
2024-11-23T19:36:40.860Z - [LOG] id  122
2024-11-23T19:36:40.863Z - [LOG] 122
2024-11-23T19:36:40.866Z - [LOG] id  29
2024-11-23T19:36:40.870Z - [LOG] 29
2024-11-23T19:36:40.873Z - [LOG] id  76
2024-11-23T19:36:40.875Z - [LOG] 76
2024-11-23T19:36:40.878Z - [LOG] id  187
2024-11-23T19:36:40.880Z - [LOG] 187
2024-11-23T19:36:40.882Z - [LOG] id  188
2024-11-23T19:36:40.884Z - [LOG] 188
2024-11-23T19:36:40.888Z - [LOG] id  39
2024-11-23T19:36:40.892Z - [LOG] 39
2024-11-23T19:36:40.894Z - [LOG] id  49
2024-11-23T19:36:40.895Z - [LOG] 49
2024-11-23T19:36:40.900Z - [LOG] id  49
2024-11-23T19:36:40.904Z - [LOG] 49
2024-11-23T19:36:40.906Z - [LOG] id  49
2024-11-23T19:36:40.907Z - [LOG] 49
2024-11-23T19:36:40.908Z - [LOG] id  49
2024-11-23T19:36:40.910Z - [LOG] 49
2024-11-23T19:36:40.914Z - [LOG] id  49
2024-11-23T19:36:40.916Z - [LOG] 49
2024-11-23T19:36:40.919Z - [LOG] id  49
2024-11-23T19:36:40.923Z - [LOG] 49
2024-11-23T19:36:40.926Z - [LOG] id  50
2024-11-23T19:36:40.927Z - [LOG] 50
2024-11-23T19:36:40.932Z - [LOG] id  50
2024-11-23T19:36:40.933Z - [LOG] 50
2024-11-23T19:36:40.938Z - [LOG] id  50
2024-11-23T19:36:40.940Z - [LOG] 50
2024-11-23T19:36:40.945Z - [LOG] id  50
2024-11-23T19:36:40.946Z - [LOG] 50
2024-11-23T19:36:40.950Z - [LOG] id  50
2024-11-23T19:36:40.960Z - [LOG] 50
2024-11-23T19:36:40.963Z - [LOG] id  31
2024-11-23T19:36:40.967Z - [LOG] 31
2024-11-23T19:36:40.972Z - [LOG] id  145
2024-11-23T19:36:40.974Z - [LOG] 145
2024-11-23T19:36:41.047Z - [LOG] id  52
2024-11-23T19:36:41.066Z - [LOG] 52
2024-11-23T19:36:41.510Z - [LOG] id  63
2024-11-23T19:36:42.034Z - [LOG] 63
2024-11-23T19:36:42.442Z - [LOG] id  29
2024-11-23T19:36:42.680Z - [LOG] 29
