2024-11-23T21:25:13.926Z - [TIME START] Spawn
2024-11-23T21:25:13.929Z - Starting connection...
2024-11-23T21:25:13.970Z - [LOG] <23:25:13>: <DEBUG> setupClientProfile execution time: 0.13ms
2024-11-23T21:25:13.974Z - [LOG] <23:25:13>: <DEBUG> createOfflineSession execution time: 40.80ms
2024-11-23T21:25:13.976Z - [LOG] <23:25:13>: <DEBUG> initializeSession execution time: 42.95ms
2024-11-23T21:25:13.977Z - [LOG] <23:25:13>: <DEBUG> connect execution time: 44.12ms
2024-11-23T21:25:13.997Z - [LOG] <23:25:13>: <DEBUG> setupClientChains execution time: 19.71ms
2024-11-23T21:25:14.726Z - [LOG] <23:25:14>: <DEBUG> handleSessionStart execution time: 3.32ms
2024-11-23T21:25:15.109Z - [LOG] handle
2024-11-23T21:25:15.116Z - [LOG] <23:25:15>: <DEBUG> Sending Game PACKET --> 193 | 0xc1 2024-11-23T21:25:15.115Z
2024-11-23T21:25:15.119Z - [LOG] <23:25:15>: <DEBUG> sendPacket execution time: 5.29ms
2024-11-23T21:25:15.122Z - [TIME END] Spawn: 1196ms
2024-11-23T21:25:15.135Z - [LOG] {  type: 'MCPE',  message: 'PocketMine-MP Server',  protocol: 748,  version: '1.21.40',  playerCount: 0,  maxPlayers: 20,  serverGUID: 959315177832208500,  serverName: 'PocketMine-MP',  gamemode: 'Survival'}
2024-11-23T21:25:15.138Z - Connected successfully: {"type":"MCPE","message":"PocketMine-MP Server","protocol":748,"version":"1.21.40","playerCount":0,"maxPlayers":20,"serverGUID":959315177832208500,"serverName":"PocketMine-MP","gamemode":"Survival"}
2024-11-23T21:25:15.424Z - [LOG] Header  254
2024-11-23T21:25:15.428Z - [LOG] Payload:  Buffer(14) [Uint8Array] [  254, 12, 143, 1, 1, 0,    0,  0,   0, 0, 0, 0,    0,  0]
2024-11-23T21:25:15.433Z - [LOG] id  143
2024-11-23T21:25:15.434Z - [LOG] 143
2024-11-23T21:25:15.435Z - [LOG] <23:25:15>: <DEBUG> S -> C NetworkSettingsPacket
2024-11-23T21:25:15.436Z - [LOG] test
2024-11-23T21:25:15.437Z - [LOG] <23:25:15>: <DEBUG> Sending Game PACKET --> 1 | 0x01 2024-11-23T21:25:15.437Z
2024-11-23T21:25:15.507Z - [LOG] <23:25:15>: <DEBUG> sendPacket execution time: 69.82ms
2024-11-23T21:25:15.539Z - [LOG] <23:25:15>: <DEBUG> sendLoginPacket execution time: 102.26ms
2024-11-23T21:25:15.542Z - [LOG] <23:25:15>: <DEBUG> onNetworkSettings execution time: 106.29ms
2024-11-23T21:25:15.820Z - [LOG] Header  254
2024-11-23T21:25:15.829Z - [LOG] Payload:  Buffer(361) [Uint8Array] [  254,   0,  13, 207,  91, 114, 170,  48,   0,   0,  208,  15, 215, 211,  78,  80,  65, 252, 148,  11,   65, 162, 132,  75,  32,   1, 242, 227, 240,  80,   33,  68, 164, 130, 188, 118, 212, 153,  46, 178,   93, 193, 153, 243, 179,  90, 125, 175, 174,  51,  ... 311 more items]
2024-11-23T21:25:15.866Z - [LOG] id  3
2024-11-23T21:25:15.869Z - [LOG] 3
2024-11-23T21:25:15.888Z - [LOG] <23:25:15>: <DEBUG> validateKeys execution time: 0.14ms
2024-11-23T21:25:16.017Z - [LOG] <23:25:16>: <DEBUG> createSharedSecret execution time: 130.09ms
2024-11-23T21:25:16.058Z - [LOG] <23:25:16>: <DEBUG> setupEncryption execution time: 5.71ms
2024-11-23T21:25:16.070Z - [LOG] <23:25:16>: <DEBUG> Sending Game PACKET --> 4 | 0x04 2024-11-23T21:25:16.070Z
2024-11-23T21:25:16.076Z - [LOG] <23:25:16>: <DEBUG> sendPacket execution time: 6.54ms
2024-11-23T21:25:16.079Z - [LOG] <23:25:16>: <DEBUG> sendClientToServerHandshake execution time: 9.56ms
2024-11-23T21:25:16.085Z - [LOG] <23:25:16>: <DEBUG> onServerToClientHandshake execution time: 199.59ms
2024-11-23T21:25:16.151Z - [LOG] Header  254
2024-11-23T21:25:16.155Z - [LOG] Payload:  Buffer(23) [Uint8Array] [  254, 147,  53,  27, 236,  78,    1, 141, 133, 151,  27, 232,  222, 134, 159, 168, 147, 233,  210,  91,  16, 123,  15]
2024-11-23T21:25:16.160Z - [LOG] Receive Counter: 0
2024-11-23T21:25:16.169Z - [LOG] Packet Length: 14 Checksum Length: 8
2024-11-23T21:25:16.173Z - [LOG] <23:25:16>: <DEBUG> Checksum matched 6fcd1cda4baa5fc5 == 6fcd1cda4baa5fc5
2024-11-23T21:25:16.203Z - [LOG] id  2
2024-11-23T21:25:16.205Z - [LOG] 2
2024-11-23T21:25:16.208Z - [LOG] <23:25:16>: <DEBUG> onPlayStatus execution time: 0.22ms
2024-11-23T21:25:16.211Z - [LOG] id  6
2024-11-23T21:25:16.217Z - [LOG] 6
2024-11-23T21:25:16.221Z - [LOG] <23:25:16>: <DEBUG> Sending Game PACKET --> 8 | 0x08 2024-11-23T21:25:16.221Z
2024-11-23T21:25:16.237Z - [LOG] <23:25:16>: <DEBUG> sendPacket execution time: 16.12ms
2024-11-23T21:25:16.241Z - [LOG] <23:25:16>: <DEBUG> onResourcePack execution time: 20.93ms
2024-11-23T21:25:18.846Z - [LOG] Header  254
2024-11-23T21:25:19.270Z - [LOG] Payload:  Buffer(53357) [Uint8Array] [  254, 133, 130,  59,  41,  59,  65,   9, 110, 147,   22, 145,  19,  50, 233,  14, 198,  79, 111, 100,  215,  66,  54,  49, 183, 135, 232,  85, 215, 200,  180, 141, 168, 192, 225, 190, 144,  68,  37,  56,   40, 230,  70, 210, 100, 185,  15, 126, 140, 204,  ... 53307 more items]
2024-11-23T21:25:19.292Z - [LOG] Receive Counter: 1
2024-11-23T21:25:19.540Z - [LOG] Packet Length: 53348 Checksum Length: 8
2024-11-23T21:25:19.552Z - [LOG] <23:25:19>: <DEBUG> Checksum matched 4f676fff18a35b37 == 4f676fff18a35b37
2024-11-23T21:25:19.567Z - [LOG] id  11
2024-11-23T21:25:19.573Z - [LOG] 11
2024-11-23T21:25:19.635Z - [LOG] <23:25:19>: <DEBUG> Sending Game PACKET --> 69 | 0x45 2024-11-23T21:25:19.635Z
2024-11-23T21:25:19.645Z - [LOG] <23:25:19>: <DEBUG> sendPacket execution time: 9.46ms
2024-11-23T21:25:19.652Z - [LOG] <23:25:19>: <DEBUG> onStartGame execution time: 21.05ms
2024-11-23T21:25:19.668Z - [LOG] id  119
2024-11-23T21:25:19.674Z - [LOG] 119
2024-11-23T21:25:19.747Z - [LOG] id  122
2024-11-23T21:25:19.759Z - [LOG] 122
2024-11-23T21:25:19.796Z - [LOG] id  29
2024-11-23T21:25:19.800Z - [LOG] 29
2024-11-23T21:25:19.806Z - [LOG] id  76
2024-11-23T21:25:19.812Z - [LOG] 76
2024-11-23T21:25:19.825Z - [LOG] id  187
2024-11-23T21:25:20.001Z - [LOG] 187
2024-11-23T21:25:20.093Z - [LOG] id  188
2024-11-23T21:25:20.188Z - [LOG] 188
2024-11-23T21:25:20.252Z - [LOG] id  39
2024-11-23T21:25:20.318Z - [LOG] 39
2024-11-23T21:25:20.436Z - [LOG] id  49
2024-11-23T21:25:20.500Z - [LOG] 49
2024-11-23T21:25:20.577Z - [LOG] id  49
2024-11-23T21:25:20.783Z - [LOG] 49
2024-11-23T21:25:20.809Z - [LOG] id  49
2024-11-23T21:25:20.919Z - [LOG] 49
2024-11-23T21:25:20.946Z - [LOG] id  49
2024-11-23T21:25:21.043Z - [LOG] 49
2024-11-23T21:25:21.099Z - [LOG] id  49
2024-11-23T21:25:21.117Z - [LOG] 49
2024-11-23T21:25:21.140Z - [LOG] id  49
2024-11-23T21:25:21.236Z - [LOG] 49
2024-11-23T21:25:21.262Z - [LOG] id  50
2024-11-23T21:25:21.276Z - [LOG] 50
2024-11-23T21:25:21.313Z - [LOG] id  50
2024-11-23T21:25:21.344Z - [LOG] 50
2024-11-23T21:25:21.355Z - [LOG] id  50
2024-11-23T21:25:21.363Z - [LOG] 50
2024-11-23T21:25:21.379Z - [LOG] id  50
2024-11-23T21:25:21.395Z - [LOG] 50
2024-11-23T21:25:21.440Z - [LOG] id  50
2024-11-23T21:25:21.579Z - [LOG] 50
2024-11-23T21:25:21.711Z - [LOG] id  31
2024-11-23T21:25:21.743Z - [LOG] 31
2024-11-23T21:25:21.755Z - [LOG] id  145
2024-11-23T21:25:21.766Z - [LOG] 145
2024-11-23T21:25:21.967Z - [LOG] id  52
2024-11-23T21:25:22.063Z - [LOG] 52
2024-11-23T21:25:22.410Z - [LOG] id  63
2024-11-23T21:25:22.444Z - [LOG] 63
2024-11-23T21:25:22.792Z - [LOG] id  29
2024-11-23T21:25:22.818Z - [LOG] 29
2024-11-23T21:25:27.724Z - [LOG] Header  254
2024-11-23T21:25:27.923Z - [LOG] Payload:  Buffer(53357) [Uint8Array] [  254, 133, 130,  59,  41,  59,  65,   9, 110, 147,   22, 145,  19,  50, 233,  14, 198,  79, 111, 100,  215,  66,  54,  49, 183, 135, 232,  85, 215, 200,  180, 141, 168, 192, 225, 190, 144,  68,  37,  56,   40, 230,  70, 210, 100, 185,  15, 126, 140, 204,  ... 53307 more items]
2024-11-23T21:25:27.936Z - [LOG] Receive Counter: 2
2024-11-23T21:25:28.009Z - [LOG] Packet Length: 53348 Checksum Length: 8
2024-11-23T21:25:28.020Z - [LOG] <23:25:28>: <ERROR> Decryption error: Checksum mismatch fc2f7ed6d9bea01c != 985925af5d47a0ad
2024-11-23T21:25:28.713Z - [LOG] Header  254
2024-11-23T21:25:28.722Z - [LOG] Payload:  Buffer(1840) [Uint8Array] [  254, 186, 147,  85, 235, 195, 102,  92, 198,  91,   18, 184,  39,  42, 215, 198, 223,  88, 146,  53,   40, 157,   1,  16, 178,  39, 249, 221, 196, 152,   48,  29, 150, 255, 164, 122, 156, 150,  99, 139,  234, 212, 104, 168, 244,  72,  82,  62, 222, 102,  ... 1790 more items]
2024-11-23T21:25:28.738Z - [LOG] Receive Counter: 3
2024-11-23T21:25:28.742Z - [LOG] Packet Length: 1831 Checksum Length: 8
2024-11-23T21:25:28.746Z - [LOG] <23:25:28>: <ERROR> Decryption error: Checksum mismatch 4e3c2090ed495ca9 != 59d3af87c2cc7eab
2024-11-23T21:25:28.845Z - [LOG] Header  254
2024-11-23T21:25:28.853Z - [LOG] Payload:  Buffer(1753) [Uint8Array] [  254,  91, 226, 210, 128, 155, 130, 190, 167, 219,   93,  18,  93, 184, 190, 170, 182, 253, 143, 199,   79, 215, 247,  68,  38,  99, 193,  33, 123, 123,  124, 156,   8,  67,  91, 128, 129, 214,  55, 126,  160, 228, 178,  97,   2,  80, 130, 129, 154, 218,  ... 1703 more items]
2024-11-23T21:25:28.862Z - [LOG] Receive Counter: 4
2024-11-23T21:25:28.869Z - [LOG] Packet Length: 1744 Checksum Length: 8
2024-11-23T21:25:28.872Z - [LOG] <23:25:28>: <ERROR> Decryption error: Checksum mismatch 6e20e5763b5042f0 != 036b792876def002
2024-11-23T21:25:28.968Z - [LOG] Header  254
2024-11-23T21:25:28.984Z - [LOG] Payload:  Buffer(2012) [Uint8Array] [  254, 207, 199,  25, 222,  16, 191, 215, 136,  82,  132, 239, 113, 251, 219,   3, 201, 249, 223,  83,   23, 247,  29, 101,  90, 116,  98, 199,  77, 118,   43,  60, 124, 250,  83, 129, 154, 143,  84, 127,   17,  92, 133, 200,  74, 244,   2, 110, 196, 143,  ... 1962 more items]
2024-11-23T21:25:29.009Z - [LOG] Receive Counter: 5
2024-11-23T21:25:29.018Z - [LOG] Packet Length: 2003 Checksum Length: 8
2024-11-23T21:25:29.024Z - [LOG] <23:25:29>: <ERROR> Decryption error: Checksum mismatch 4c0147f4b3c80980 != 811cdc6b89588f7b
2024-11-23T21:25:29.103Z - [LOG] Header  254
2024-11-23T21:25:29.119Z - [LOG] Payload:  Buffer(2129) [Uint8Array] [  254, 121, 56,  21, 146,   3, 157,  56, 156, 216,   52, 249, 75,  13,  47, 157, 186,  29,  97, 232,  164, 217, 45, 254, 253,  52, 108,  29, 199,  44,   56,  75, 77,  61, 195,  18,  27, 185,  72, 213,  240,  70,  2, 109,  37, 121,  32, 158,  39,  73,  ... 2079 more items]
2024-11-23T21:25:29.135Z - [LOG] Receive Counter: 6
2024-11-23T21:25:29.138Z - [LOG] Packet Length: 2120 Checksum Length: 8
2024-11-23T21:25:29.139Z - [LOG] <23:25:29>: <ERROR> Decryption error: Checksum mismatch a0e6e70dc903e2f4 != 60822a9c8feccfb1
2024-11-23T21:25:29.276Z - [LOG] Header  254
2024-11-23T21:25:29.291Z - [LOG] Payload:  Buffer(1750) [Uint8Array] [  254, 102,  73, 170,  26,  15, 250, 223, 118, 185,  245,  63,  63, 140, 124, 250, 250, 247,  90,  25,  116,  77,  50,  35,  96, 148, 218, 124, 110, 186,  247,  63, 236,  11,  18,  84,  39, 144,  48, 209,  154, 160,  67,  21, 183, 164,   8,  15,  36,  53,  ... 1700 more items]
2024-11-23T21:25:29.307Z - [LOG] Receive Counter: 7
2024-11-23T21:25:29.310Z - [LOG] Packet Length: 1741 Checksum Length: 8
2024-11-23T21:25:29.313Z - [LOG] <23:25:29>: <ERROR> Decryption error: Checksum mismatch 4afbf817d42fa8df != 779e204542bcd10f
2024-11-23T21:25:29.982Z - [LOG] Header  254
2024-11-23T21:25:29.996Z - [LOG] Payload:  Buffer(1740) [Uint8Array] [  254, 111, 184,  38,  85,  81, 146, 149, 138, 151,  201, 153, 147,  18,  94, 241, 135,  39, 181, 227,   20,  79, 241,  55, 146, 247,  64, 231, 169, 168,  110,   9, 230, 191, 236,   8,  43, 201, 228,  37,  218, 103, 163,  29, 168, 220, 182,  80, 206,  35,  ... 1690 more items]
2024-11-23T21:25:30.019Z - [LOG] Receive Counter: 8
2024-11-23T21:25:30.023Z - [LOG] Packet Length: 1731 Checksum Length: 8
2024-11-23T21:25:30.026Z - [LOG] <23:25:30>: <ERROR> Decryption error: Checksum mismatch 1f9ba17536fa5ce2 != 465d706ac3cded1c
2024-11-23T21:25:30.233Z - [LOG] Header  254
2024-11-23T21:25:30.238Z - [LOG] Payload:  Buffer(1725) [Uint8Array] [  254, 138, 144,  15,  64,   0, 115, 127, 225,  67,  236,  56, 206, 202,  23,  77,  39, 221, 250,  33,    0, 130, 215,  45,  96, 236,  35, 108, 123, 142,   92,  55, 192, 215, 237, 192, 159, 234,  33,  41,   98, 126, 194, 132, 155, 164,   7, 143,   6, 249,  ... 1675 more items]
2024-11-23T21:25:30.250Z - [LOG] Receive Counter: 9
2024-11-23T21:25:30.254Z - [LOG] Packet Length: 1716 Checksum Length: 8
2024-11-23T21:25:30.256Z - [LOG] <23:25:30>: <ERROR> Decryption error: Checksum mismatch 2463fbc1f25a73ed != aa04f1ac51382219
2024-11-23T21:25:32.308Z - [LOG] Header  254
2024-11-23T21:25:32.318Z - [LOG] Payload:  Buffer(1719) [Uint8Array] [  254, 226,  16, 146, 143,  24, 194,   4, 191,  32,  108, 191,  10, 197, 139, 169, 227, 134, 107,  25,  252, 147, 177,  44, 116, 249,  46,  78, 122,   3,   86, 224, 143,  81,  80, 236, 139, 233,  23, 162,  105, 161,  93, 246,  18, 116,  61, 151,  35, 192,  ... 1669 more items]
2024-11-23T21:25:32.334Z - [LOG] Receive Counter: 10
2024-11-23T21:25:32.338Z - [LOG] Packet Length: 1710 Checksum Length: 8
2024-11-23T21:25:32.343Z - [LOG] <23:25:32>: <ERROR> Decryption error: Checksum mismatch a5dcc8e06ac5e129 != 2debbace9570564a
2024-11-23T21:25:32.621Z - [LOG] Header  254
2024-11-23T21:25:32.626Z - [LOG] Payload:  Buffer(1770) [Uint8Array] [  254,  44, 121,  63, 153, 238,  68,  93, 229, 148,  146, 233, 102, 153,  14, 121,  95, 212, 133, 137,   38, 213,  18, 188,  19,  91, 148, 174,  68,  78,   45, 196, 122,  49, 240, 207, 237, 102,  18, 103,  134,  12, 229, 168,  63, 244,  26, 201,  54,  51,  ... 1720 more items]
2024-11-23T21:25:32.645Z - [LOG] Receive Counter: 11
2024-11-23T21:25:32.650Z - [LOG] Packet Length: 1761 Checksum Length: 8
2024-11-23T21:25:32.658Z - [LOG] <23:25:32>: <ERROR> Decryption error: Checksum mismatch c1e5451d4a166f78 != 8d375c76328c28de
2024-11-23T21:25:34.028Z - [LOG] Header  254
2024-11-23T21:25:34.036Z - [LOG] Payload:  Buffer(1740) [Uint8Array] [  254, 111, 184,  38,  85,  81, 146, 149, 138, 151,  201, 153, 147,  18,  94, 241, 135,  39, 181, 227,   20,  79, 241,  55, 146, 247,  64, 231, 169, 168,  110,   9, 230, 191, 236,   8,  43, 201, 228,  37,  218, 103, 163,  29, 168, 220, 182,  80, 206,  35,  ... 1690 more items]
2024-11-23T21:25:34.067Z - [LOG] Receive Counter: 12
2024-11-23T21:25:34.076Z - [LOG] Packet Length: 1731 Checksum Length: 8
2024-11-23T21:25:34.108Z - [LOG] <23:25:34>: <ERROR> Decryption error: Checksum mismatch 994bdea762ebfa03 != cfe1ad5ce61a2fd5
2024-11-23T21:25:34.184Z - [LOG] Header  254
2024-11-23T21:25:34.191Z - [LOG] Payload:  Buffer(1624) [Uint8Array] [  254,  67,   8, 126, 204, 123, 211, 120,  89, 187,  170, 173, 231,   7, 128, 120,  50,  55, 192, 176,  134,  49,  46,  44, 141,  32,  37, 127,  39, 118,   87,  78, 236,  49,  63, 184, 193, 122, 131, 195,  115, 231,  53,  34, 149,  37, 204, 235, 136,  76,  ... 1574 more items]
2024-11-23T21:25:34.196Z - [LOG] Receive Counter: 13
2024-11-23T21:25:34.205Z - [LOG] Packet Length: 1615 Checksum Length: 8
2024-11-23T21:25:34.206Z - [LOG] <23:25:34>: <ERROR> Decryption error: Checksum mismatch 0a63098547bd9a64 != 69b4e99291575f31
2024-11-23T21:25:34.549Z - [LOG] Header  254
2024-11-23T21:25:34.555Z - [LOG] Payload:  Buffer(1756) [Uint8Array] [  254, 158, 137,  91, 243,  28, 205,  26, 109,   1,  237, 160,  40,  86,  89, 189, 235, 239, 222, 254,  171,  47,  73, 208, 238,   9, 170, 133, 196, 139,   10, 150,   2, 191, 134, 234, 211, 158, 184,  45,  215, 213, 210,  99,  35,  96,  76, 203,  66,  66,  ... 1706 more items]
2024-11-23T21:25:34.599Z - [LOG] Receive Counter: 14
2024-11-23T21:25:34.603Z - [LOG] Packet Length: 1747 Checksum Length: 8
2024-11-23T21:25:34.607Z - [LOG] <23:25:34>: <ERROR> Decryption error: Checksum mismatch 0a237c23c1dee506 != 7253f65d75d173a6
2024-11-23T21:25:34.939Z - [LOG] Header  254
2024-11-23T21:25:34.943Z - [LOG] Payload:  Buffer(1770) [Uint8Array] [  254,  44, 121,  63, 153, 238,  68,  93, 229, 148,  146, 233, 102, 153,  14, 121,  95, 212, 133, 137,   38, 213,  18, 188,  19,  91, 148, 174,  68,  78,   45, 196, 122,  49, 240, 207, 237, 102,  18, 103,  134,  12, 229, 168,  63, 244,  26, 201,  54,  51,  ... 1720 more items]
2024-11-23T21:25:34.955Z - [LOG] Receive Counter: 15
2024-11-23T21:25:34.957Z - [LOG] Packet Length: 1761 Checksum Length: 8
2024-11-23T21:25:34.960Z - [LOG] <23:25:34>: <ERROR> Decryption error: Checksum mismatch 9a0eed75398ae5fc != 89e014eae004eba7
