2024-11-22T17:44:55.641Z - [TIME START] Spawn
2024-11-22T17:44:55.656Z - Starting connection...
2024-11-22T17:44:55.674Z - [LOG] <19:44:55>: <DEBUG> setupClientProfile execution time: 0.09ms
2024-11-22T17:44:55.686Z - [LOG] <19:44:55>: <DEBUG> createOfflineSession execution time: 27.99ms
2024-11-22T17:44:55.686Z - [LOG] <19:44:55>: <DEBUG> initializeSession execution time: 29.17ms
2024-11-22T17:44:55.687Z - [LOG] <19:44:55>: <DEBUG> connect execution time: 29.75ms
2024-11-22T17:44:55.705Z - [LOG] <19:44:55>: <DEBUG> setupClientChains execution time: 17.54ms
2024-11-22T17:44:57.102Z - [LOG] <19:44:57>: <DEBUG> handleSessionStart execution time: 0.90ms
2024-11-22T17:44:57.737Z - [LOG] handle
2024-11-22T17:44:57.742Z - [LOG] <19:44:57>: <DEBUG> Sending Game PACKET --> 193 | 0xc1 2024-11-22T17:44:57.741Z
2024-11-22T17:44:57.750Z - [LOG] <19:44:57>: <DEBUG> sendPacket execution time: 8.68ms
2024-11-22T17:44:57.751Z - [TIME END] Spawn: 2110ms
2024-11-22T17:44:57.789Z - [LOG] {  type: 'MCPE',  message: 'PocketMine-MP Server',  protocol: 748,  version: '1.21.40',  playerCount: 0,  maxPlayers: 20,  serverGUID: 959315177832208500,  serverName: 'PocketMine-MP',  gamemode: 'Survival'}
2024-11-22T17:44:57.818Z - Connected successfully: {"type":"MCPE","message":"PocketMine-MP Server","protocol":748,"version":"1.21.40","playerCount":0,"maxPlayers":20,"serverGUID":959315177832208500,"serverName":"PocketMine-MP","gamemode":"Survival"}
2024-11-22T17:44:58.104Z - [LOG] Header  254
2024-11-22T17:44:58.116Z - [LOG] Payload:  Buffer(14) [Uint8Array] [  254, 12, 143, 1, 1, 0,    0,  0,   0, 0, 0, 0,    0,  0]
2024-11-22T17:44:58.120Z - [LOG] id  143
2024-11-22T17:44:58.121Z - [LOG] 143
2024-11-22T17:44:58.123Z - [LOG] <19:44:58>: <DEBUG> S -> C NetworkSettingsPacket
2024-11-22T17:44:58.125Z - [LOG] test
2024-11-22T17:44:58.129Z - [LOG] <19:44:58>: <DEBUG> Sending Game PACKET --> 1 | 0x01 2024-11-22T17:44:58.129Z
2024-11-22T17:44:58.361Z - [LOG] <19:44:58>: <DEBUG> sendPacket execution time: 231.57ms
2024-11-22T17:44:58.469Z - [LOG] <19:44:58>: <DEBUG> sendLoginPacket execution time: 237.83ms
2024-11-22T17:44:58.521Z - [LOG] <19:44:58>: <DEBUG> onNetworkSettings execution time: 398.43ms
2024-11-22T17:44:59.406Z - [LOG] Header  254
2024-11-22T17:44:59.420Z - [LOG] Payload:  Buffer(359) [Uint8Array] [  254,   0,  13, 208,  75, 178, 162,  48,  24,  64,  225, 129, 235, 225,  22,  47, 181,  24,  54,  66,   52,  81,  66, 243,  67, 130, 100,   6, 225, 138,   64,   0,  91, 188,   8, 236, 168, 171, 122, 145,  237,  10,  78, 157, 239, 223, 102, 243, 119, 243,  ... 309 more items]
2024-11-22T17:44:59.428Z - [LOG] id  3
2024-11-22T17:44:59.431Z - [LOG] 3
2024-11-22T17:44:59.440Z - [LOG] <19:44:59>: <DEBUG> validateKeys execution time: 0.10ms
2024-11-22T17:44:59.598Z - [LOG] <19:44:59>: <DEBUG> createSharedSecret execution time: 158.92ms
2024-11-22T17:44:59.608Z - [LOG] <19:44:59>: <DEBUG> setupEncryption execution time: 3.76ms
2024-11-22T17:44:59.617Z - [LOG] <19:44:59>: <DEBUG> Sending Game PACKET --> 4 | 0x04 2024-11-22T17:44:59.617Z
2024-11-22T17:44:59.628Z - [LOG] <19:44:59>: <DEBUG> sendPacket execution time: 11.36ms
2024-11-22T17:44:59.640Z - [LOG] <19:44:59>: <DEBUG> sendClientToServerHandshake execution time: 23.56ms
2024-11-22T17:44:59.647Z - [LOG] <19:44:59>: <DEBUG> onServerToClientHandshake execution time: 210.09ms
2024-11-22T17:44:59.821Z - [LOG] Header  254
2024-11-22T17:44:59.824Z - [LOG] Payload:  Buffer(23) [Uint8Array] [  254, 216,  33,  36, 117, 227,  114, 133, 110, 236, 211, 144,  128,  47,  99, 249, 236, 240,   42,  58,  13,  73, 200]
2024-11-22T17:44:59.829Z - [LOG] Receive Counter: 0
2024-11-22T17:44:59.835Z - [LOG] Packet Length: 14 Checksum Length: 8
2024-11-22T17:44:59.838Z - [LOG] <19:44:59>: <DEBUG> Checksum matched 572c7b12cbdf736d == 572c7b12cbdf736d
2024-11-22T17:44:59.840Z - [LOG] id  2
2024-11-22T17:44:59.841Z - [LOG] 2
2024-11-22T17:44:59.855Z - [LOG] <19:44:59>: <DEBUG> onPlayStatus execution time: 0.18ms
2024-11-22T17:44:59.862Z - [LOG] id  6
2024-11-22T17:44:59.868Z - [LOG] 6
2024-11-22T17:44:59.915Z - [LOG] <19:44:59>: <DEBUG> Sending Game PACKET --> 8 | 0x08 2024-11-22T17:44:59.915Z
2024-11-22T17:44:59.923Z - [LOG] <19:44:59>: <DEBUG> sendPacket execution time: 7.52ms
2024-11-22T17:44:59.952Z - [LOG] <19:44:59>: <DEBUG> onResourcePack execution time: 34.47ms
2024-11-22T17:45:00.285Z - [LOG] Header  254
2024-11-22T17:45:00.296Z - [LOG] Payload:  Buffer(1432) [Uint8Array] [  254,  20, 126, 228, 255, 250,   9, 120,  59,  38,  223,  79, 252, 166, 108,  14, 141,  78, 210,  93,   73,  85, 138,  87, 225, 135,  56,   0, 120,  97,   98,  25, 241, 140,  24, 221,  51, 184,   4, 133,  148, 173,  84, 162, 113, 141,  72, 148, 177,  90,  ... 1382 more items]
2024-11-22T17:45:00.308Z - [LOG] Receive Counter: 1
2024-11-22T17:45:00.339Z - [LOG] Packet Length: 1423 Checksum Length: 8
2024-11-22T17:45:00.352Z - [LOG] <19:45:0>: <ERROR> Decryption error: Checksum mismatch 8b314387f2d34e24 != 21b23ceaa65d9b0a
