2024-11-22T18:14:44.464Z - [TIME START] Spawn
2024-11-22T18:14:44.466Z - Starting connection...
2024-11-22T18:14:44.476Z - [LOG] <20:14:44>: <DEBUG> setupClientProfile execution time: 0.25ms
2024-11-22T18:14:44.477Z - [LOG] <20:14:44>: <DEBUG> createOfflineSession execution time: 8.28ms
2024-11-22T18:14:44.478Z - [LOG] <20:14:44>: <DEBUG> initializeSession execution time: 10.03ms
2024-11-22T18:14:44.478Z - [LOG] <20:14:44>: <DEBUG> connect execution time: 11.31ms
2024-11-22T18:14:44.495Z - [LOG] <20:14:44>: <DEBUG> setupClientChains execution time: 13.92ms
2024-11-22T18:14:45.154Z - [LOG] <20:14:45>: <DEBUG> handleSessionStart execution time: 0.87ms
2024-11-22T18:14:45.556Z - [LOG] handle
2024-11-22T18:14:45.560Z - [LOG] <20:14:45>: <DEBUG> Sending Game PACKET --> 193 | 0xc1 2024-11-22T18:14:45.560Z
2024-11-22T18:14:45.562Z - [LOG] <20:14:45>: <DEBUG> sendPacket execution time: 2.61ms
2024-11-22T18:14:45.566Z - [TIME END] Spawn: 1104ms
2024-11-22T18:14:45.572Z - [LOG] {  type: 'MCPE',  message: 'PocketMine-MP Server',  protocol: 748,  version: '1.21.40',  playerCount: 1,  maxPlayers: 20,  serverGUID: 959315177832208500,  serverName: 'PocketMine-MP',  gamemode: 'Survival'}
2024-11-22T18:14:45.575Z - Connected successfully: {"type":"MCPE","message":"PocketMine-MP Server","protocol":748,"version":"1.21.40","playerCount":1,"maxPlayers":20,"serverGUID":959315177832208500,"serverName":"PocketMine-MP","gamemode":"Survival"}
2024-11-22T18:14:45.900Z - [LOG] Header  254
2024-11-22T18:14:45.908Z - [LOG] Payload:  Buffer(14) [Uint8Array] [  254, 12, 143, 1, 1, 0,    0,  0,   0, 0, 0, 0,    0,  0]
2024-11-22T18:14:45.945Z - [LOG] id  143
2024-11-22T18:14:45.954Z - [LOG] 143
2024-11-22T18:14:45.957Z - [LOG] <20:14:45>: <DEBUG> S -> C NetworkSettingsPacket
2024-11-22T18:14:45.959Z - [LOG] test
2024-11-22T18:14:45.961Z - [LOG] <20:14:45>: <DEBUG> Sending Game PACKET --> 1 | 0x01 2024-11-22T18:14:45.961Z
2024-11-22T18:14:46.039Z - [LOG] <20:14:46>: <DEBUG> sendPacket execution time: 78.33ms
2024-11-22T18:14:46.054Z - [LOG] <20:14:46>: <DEBUG> sendLoginPacket execution time: 95.09ms
2024-11-22T18:14:46.057Z - [LOG] <20:14:46>: <DEBUG> onNetworkSettings execution time: 100.60ms
2024-11-22T18:14:46.372Z - [LOG] Header  254
2024-11-22T18:14:46.389Z - [LOG] Payload:  Buffer(361) [Uint8Array] [  254,   0,  21, 207,  65, 110, 163,  48,   0,  64,  209,  69, 206, 211, 145, 129, 132,  54, 203,  33,  224,  96,  72,  76,  49, 216,   4, 111,  16, 134,    6,  12, 134, 120,   6, 210,   6,  78,  84, 169,  151, 108, 187, 255, 210, 215, 251, 218, 108,  62,  ... 311 more items]
2024-11-22T18:14:46.405Z - [LOG] id  3
2024-11-22T18:14:46.408Z - [LOG] 3
2024-11-22T18:14:46.417Z - [LOG] <20:14:46>: <DEBUG> validateKeys execution time: 0.19ms
2024-11-22T18:14:46.567Z - [LOG] <20:14:46>: <DEBUG> createSharedSecret execution time: 151.11ms
2024-11-22T18:14:46.582Z - [LOG] <20:14:46>: <DEBUG> setupEncryption execution time: 10.18ms
2024-11-22T18:14:46.584Z - [LOG] <20:14:46>: <DEBUG> Sending Game PACKET --> 4 | 0x04 2024-11-22T18:14:46.584Z
2024-11-22T18:14:46.591Z - [LOG] <20:14:46>: <DEBUG> sendPacket execution time: 6.97ms
2024-11-22T18:14:46.603Z - [LOG] <20:14:46>: <DEBUG> sendClientToServerHandshake execution time: 17.61ms
2024-11-22T18:14:46.605Z - [LOG] <20:14:46>: <DEBUG> onServerToClientHandshake execution time: 192.74ms
2024-11-22T18:14:46.736Z - [LOG] Header  254
2024-11-22T18:14:46.739Z - [LOG] Payload:  Buffer(23) [Uint8Array] [  254,  67,   6,  59, 209,  72, 105,   85,  41, 195,   2, 181, 250, 232,  108, 231, 179, 141, 237,  48, 122,  138, 252]
2024-11-22T18:14:46.741Z - [LOG] Receive Counter: 0
2024-11-22T18:14:46.744Z - [LOG] Packet Length: 14 Checksum Length: 8
2024-11-22T18:14:46.748Z - [LOG] <20:14:46>: <DEBUG> Checksum matched b7871ca3facf59a3 == b7871ca3facf59a3
2024-11-22T18:14:46.750Z - [LOG] id  2
2024-11-22T18:14:46.752Z - [LOG] 2
2024-11-22T18:14:46.755Z - [LOG] <20:14:46>: <DEBUG> onPlayStatus execution time: 0.18ms
2024-11-22T18:14:46.756Z - [LOG] id  6
2024-11-22T18:14:46.756Z - [LOG] 6
2024-11-22T18:14:46.758Z - [LOG] <20:14:46>: <DEBUG> Sending Game PACKET --> 8 | 0x08 2024-11-22T18:14:46.758Z
2024-11-22T18:14:46.760Z - [LOG] <20:14:46>: <DEBUG> sendPacket execution time: 2.67ms
2024-11-22T18:14:46.765Z - [LOG] <20:14:46>: <DEBUG> onResourcePack execution time: 7.45ms
2024-11-22T18:14:46.964Z - [LOG] Header  254
2024-11-22T18:14:46.972Z - [LOG] Payload:  Buffer(1432) [Uint8Array] [  254,  18, 133, 178, 156,  66, 107, 229, 198, 169,  102,  16, 128,  26,  73, 255,  19,  42,  14, 248,  253, 242,  48, 227,  72, 181,  60, 164,  58, 252,  216, 252, 189, 225,  45, 211, 118, 116, 220,  58,  147,  68, 164, 167, 153,  10, 205,  62,  30,  21,  ... 1382 more items]
2024-11-22T18:14:46.990Z - [LOG] Receive Counter: 1
2024-11-22T18:14:47.007Z - [LOG] Packet Length: 1423 Checksum Length: 8
2024-11-22T18:14:47.026Z - [LOG] <20:14:47>: <ERROR> Decryption error: Checksum mismatch d761ccd0a1fcb413 != 3dd3f3c70e92d600
