2024-11-22T19:35:05.696Z - [TIME START] Spawn
2024-11-22T19:35:05.700Z - Starting connection...
2024-11-22T19:35:05.747Z - [LOG] <21:35:5>: <DEBUG> setupClientProfile execution time: 0.11ms
2024-11-22T19:35:05.750Z - [LOG] <21:35:5>: <DEBUG> createOfflineSession execution time: 45.76ms
2024-11-22T19:35:05.751Z - [LOG] <21:35:5>: <DEBUG> initializeSession execution time: 47.23ms
2024-11-22T19:35:05.751Z - [LOG] <21:35:5>: <DEBUG> connect execution time: 47.90ms
2024-11-22T19:35:05.773Z - [LOG] <21:35:5>: <DEBUG> setupClientChains execution time: 20.88ms
2024-11-22T19:35:06.736Z - [LOG] <21:35:6>: <DEBUG> handleSessionStart execution time: 2.91ms
2024-11-22T19:35:07.113Z - [LOG] handle
2024-11-22T19:35:07.120Z - [LOG] <21:35:7>: <DEBUG> Sending Game PACKET --> 193 | 0xc1 2024-11-22T19:35:07.119Z
2024-11-22T19:35:07.123Z - [LOG] <21:35:7>: <DEBUG> sendPacket execution time: 3.71ms
2024-11-22T19:35:07.125Z - [TIME END] Spawn: 1429ms
2024-11-22T19:35:07.140Z - [LOG] {  type: 'MCPE',  message: 'PocketMine-MP Server',  protocol: 748,  version: '1.21.40',  playerCount: 0,  maxPlayers: 20,  serverGUID: 959315177832208500,  serverName: 'PocketMine-MP',  gamemode: 'Survival'}
2024-11-22T19:35:07.148Z - Connected successfully: {"type":"MCPE","message":"PocketMine-MP Server","protocol":748,"version":"1.21.40","playerCount":0,"maxPlayers":20,"serverGUID":959315177832208500,"serverName":"PocketMine-MP","gamemode":"Survival"}
2024-11-22T19:35:07.522Z - [LOG] Header  254
2024-11-22T19:35:07.528Z - [LOG] Payload:  Buffer(14) [Uint8Array] [  254, 12, 143, 1, 1, 0,    0,  0,   0, 0, 0, 0,    0,  0]
2024-11-22T19:35:07.531Z - [LOG] id  143
2024-11-22T19:35:07.533Z - [LOG] 143
2024-11-22T19:35:07.535Z - [LOG] <21:35:7>: <DEBUG> S -> C NetworkSettingsPacket
2024-11-22T19:35:07.538Z - [LOG] test
2024-11-22T19:35:07.540Z - [LOG] <21:35:7>: <DEBUG> Sending Game PACKET --> 1 | 0x01 2024-11-22T19:35:07.540Z
2024-11-22T19:35:07.610Z - [LOG] <21:35:7>: <DEBUG> sendPacket execution time: 69.78ms
2024-11-22T19:35:07.619Z - [LOG] <21:35:7>: <DEBUG> sendLoginPacket execution time: 81.25ms
2024-11-22T19:35:07.655Z - [LOG] <21:35:7>: <DEBUG> onNetworkSettings execution time: 119.63ms
2024-11-22T19:35:07.911Z - [LOG] Header  254
2024-11-22T19:35:07.922Z - [LOG] Payload:  Buffer(358) [Uint8Array] [  254,   0,  21, 207,  73, 142, 163,  48,   0,  64,  209,  69, 206, 211,  45,  51,  69, 201,  50,  52,   24,  12, 133,  17, 198,  54, 193, 155, 136, 161,    1, 131,  67,  80,  32,   3, 156, 168, 164, 186,  100,  85, 237, 191, 244, 245, 190, 118, 187, 207,  ... 308 more items]
2024-11-22T19:35:07.940Z - [LOG] id  3
2024-11-22T19:35:07.943Z - [LOG] 3
2024-11-22T19:35:07.961Z - [LOG] <21:35:7>: <DEBUG> validateKeys execution time: 0.12ms
2024-11-22T19:35:08.106Z - [LOG] <21:35:8>: <DEBUG> createSharedSecret execution time: 146.47ms
2024-11-22T19:35:08.121Z - [LOG] <21:35:8>: <DEBUG> setupEncryption execution time: 7.04ms
2024-11-22T19:35:08.122Z - [LOG] <21:35:8>: <DEBUG> Sending Game PACKET --> 4 | 0x04 2024-11-22T19:35:08.122Z
2024-11-22T19:35:08.127Z - [LOG] <21:35:8>: <DEBUG> sendPacket execution time: 4.50ms
2024-11-22T19:35:08.128Z - [LOG] <21:35:8>: <DEBUG> sendClientToServerHandshake execution time: 5.96ms
2024-11-22T19:35:08.130Z - [LOG] <21:35:8>: <DEBUG> onServerToClientHandshake execution time: 181.80ms
2024-11-22T19:35:08.203Z - [LOG] Header  254
2024-11-22T19:35:08.204Z - [LOG] Payload:  Buffer(23) [Uint8Array] [  254, 151, 172, 231, 37, 137,  179, 153, 243, 145, 23,  72,  138,  91, 178, 240, 95,  30,   80,  87, 177, 226, 71]
2024-11-22T19:35:08.206Z - [LOG] Receive Counter: 0
2024-11-22T19:35:08.208Z - [LOG] Packet Length: 14 Checksum Length: 8
2024-11-22T19:35:08.209Z - [LOG] <21:35:8>: <DEBUG> Checksum matched d68ba0af8f88f83d == d68ba0af8f88f83d
2024-11-22T19:35:08.210Z - [LOG] id  2
2024-11-22T19:35:08.210Z - [LOG] 2
2024-11-22T19:35:08.211Z - [LOG] <21:35:8>: <DEBUG> onPlayStatus execution time: 0.16ms
2024-11-22T19:35:08.212Z - [LOG] id  6
2024-11-22T19:35:08.212Z - [LOG] 6
2024-11-22T19:35:08.213Z - [LOG] <21:35:8>: <DEBUG> Sending Game PACKET --> 8 | 0x08 2024-11-22T19:35:08.213Z
2024-11-22T19:35:08.219Z - [LOG] <21:35:8>: <DEBUG> sendPacket execution time: 6.29ms
2024-11-22T19:35:08.223Z - [LOG] <21:35:8>: <DEBUG> onResourcePack execution time: 10.37ms
2024-11-22T19:35:18.978Z - [LOG] Header  254
2024-11-22T19:35:18.988Z - [LOG] Payload:  Buffer(16) [Uint8Array] [  254, 134,  22,  45, 247,  162, 251, 131, 225, 216,    0, 219,  33, 181, 127,   84]
2024-11-22T19:35:18.990Z - [LOG] Receive Counter: 1
2024-11-22T19:35:18.995Z - [LOG] Packet Length: 7 Checksum Length: 8
2024-11-22T19:35:18.997Z - [LOG] <21:35:18>: <ERROR> Decryption error: Checksum mismatch c1e989a76e38f3c1 != aa06ec28e31419d4
2024-11-22T19:35:30.720Z - [LOG] Header  254
2024-11-22T19:35:30.723Z - [LOG] Payload:  Buffer(16) [Uint8Array] [  254, 226, 109, 165,  35,  227, 106,   3,  82,  49,  254,  57, 137, 135, 189,   50]
2024-11-22T19:35:30.725Z - [LOG] Receive Counter: 2
2024-11-22T19:35:30.728Z - [LOG] Packet Length: 7 Checksum Length: 8
2024-11-22T19:35:30.729Z - [LOG] <21:35:30>: <ERROR> Decryption error: Checksum mismatch aee87983d0c4dc13 != 218b30129086166d
